ARM GAS  C:\Users\Made\AppData\Local\Temp\ccVwJazY.s 			page 1


   1              		.cpu cortex-m7
   2              		.arch armv7e-m
   3              		.fpu fpv5-d16
   4              		.eabi_attribute 28, 1
   5              		.eabi_attribute 20, 1
   6              		.eabi_attribute 21, 1
   7              		.eabi_attribute 23, 3
   8              		.eabi_attribute 24, 1
   9              		.eabi_attribute 25, 1
  10              		.eabi_attribute 26, 1
  11              		.eabi_attribute 30, 1
  12              		.eabi_attribute 34, 1
  13              		.eabi_attribute 18, 4
  14              		.file	"sfs.c"
  15              		.text
  16              	.Ltext0:
  17              		.cfi_sections	.debug_frame
  18              		.file 1 "Core/Inc/sfs/sfs.c"
  19              		.section	.text.sfsInit,"ax",%progbits
  20              		.align	1
  21              		.global	sfsInit
  22              		.syntax unified
  23              		.thumb
  24              		.thumb_func
  26              	sfsInit:
  27              	.LFB0:
   1:Core/Inc/sfs/sfs.c **** //
   2:Core/Inc/sfs/sfs.c **** // Created by Made on 23/03/2025.
   3:Core/Inc/sfs/sfs.c **** //
   4:Core/Inc/sfs/sfs.c **** 
   5:Core/Inc/sfs/sfs.c **** #include "sfs/sfs.h"
   6:Core/Inc/sfs/sfs.c **** 
   7:Core/Inc/sfs/sfs.c **** #include <serrno.h>
   8:Core/Inc/sfs/sfs.c **** #include <stdlib.h>
   9:Core/Inc/sfs/sfs.c **** 
  10:Core/Inc/sfs/sfs.c **** u8 gSfsFirstBlockData[BLOCK_SIZE];
  11:Core/Inc/sfs/sfs.c **** 
  12:Core/Inc/sfs/sfs.c **** synthErrno sfsInit() {
  28              		.loc 1 12 22 view -0
  29              		.cfi_startproc
  30              		@ args = 0, pretend = 0, frame = 0
  31              		@ frame_needed = 0, uses_anonymous_args = 0
  32 0000 08B5     		push	{r3, lr}
  33              	.LCFI0:
  34              		.cfi_def_cfa_offset 8
  35              		.cfi_offset 3, -8
  36              		.cfi_offset 14, -4
  13:Core/Inc/sfs/sfs.c ****     synthErrno ret = sfsReadBlocks(gSfsFirstBlockData, 0, 1);
  37              		.loc 1 13 5 view .LVU1
  38              		.loc 1 13 22 is_stmt 0 view .LVU2
  39 0002 0122     		movs	r2, #1
  40 0004 0021     		movs	r1, #0
  41 0006 0248     		ldr	r0, .L3
  42 0008 FFF7FEFF 		bl	sfsReadBlocks
  43              	.LVL0:
  14:Core/Inc/sfs/sfs.c ****     if (ret != SERR_OK)
  44              		.loc 1 14 5 is_stmt 1 view .LVU3
ARM GAS  C:\Users\Made\AppData\Local\Temp\ccVwJazY.s 			page 2


  15:Core/Inc/sfs/sfs.c ****     {
  16:Core/Inc/sfs/sfs.c ****         return ret;
  17:Core/Inc/sfs/sfs.c ****     }
  18:Core/Inc/sfs/sfs.c **** 
  19:Core/Inc/sfs/sfs.c ****     return SERR_OK;
  20:Core/Inc/sfs/sfs.c **** }
  45              		.loc 1 20 1 is_stmt 0 view .LVU4
  46 000c 08BD     		pop	{r3, pc}
  47              	.L4:
  48 000e 00BF     		.align	2
  49              	.L3:
  50 0010 00000000 		.word	gSfsFirstBlockData
  51              		.cfi_endproc
  52              	.LFE0:
  54              		.section	.text.sfsDeinit,"ax",%progbits
  55              		.align	1
  56              		.global	sfsDeinit
  57              		.syntax unified
  58              		.thumb
  59              		.thumb_func
  61              	sfsDeinit:
  62              	.LFB1:
  21:Core/Inc/sfs/sfs.c **** 
  22:Core/Inc/sfs/sfs.c **** synthErrno sfsDeinit() {
  63              		.loc 1 22 24 is_stmt 1 view -0
  64              		.cfi_startproc
  65              		@ args = 0, pretend = 0, frame = 0
  66              		@ frame_needed = 0, uses_anonymous_args = 0
  67              		@ link register save eliminated.
  23:Core/Inc/sfs/sfs.c ****     return SERR_OK;
  68              		.loc 1 23 5 view .LVU6
  24:Core/Inc/sfs/sfs.c **** }
  69              		.loc 1 24 1 is_stmt 0 view .LVU7
  70 0000 0020     		movs	r0, #0
  71 0002 7047     		bx	lr
  72              		.cfi_endproc
  73              	.LFE1:
  75              		.global	gSfsFirstBlockData
  76              		.section	.bss.gSfsFirstBlockData,"aw",%nobits
  77              		.align	2
  80              	gSfsFirstBlockData:
  81 0000 00000000 		.space	512
  81      00000000 
  81      00000000 
  81      00000000 
  81      00000000 
  82              		.text
  83              	.Letext0:
  84              		.file 2 "C:/Program Files (x86)/Arm GNU Toolchain arm-none-eabi/13.3 rel1/arm-none-eabi/include/ma
  85              		.file 3 "C:/Program Files (x86)/Arm GNU Toolchain arm-none-eabi/13.3 rel1/arm-none-eabi/include/sy
  86              		.file 4 "Core/Inc/sinf/types.h"
  87              		.file 5 "Core/Inc/sinf/serrno.h"
  88              		.file 6 "Core/Inc/sfs/sfs.h"
ARM GAS  C:\Users\Made\AppData\Local\Temp\ccVwJazY.s 			page 3


DEFINED SYMBOLS
                            *ABS*:00000000 sfs.c
C:\Users\Made\AppData\Local\Temp\ccVwJazY.s:20     .text.sfsInit:00000000 $t
C:\Users\Made\AppData\Local\Temp\ccVwJazY.s:26     .text.sfsInit:00000000 sfsInit
C:\Users\Made\AppData\Local\Temp\ccVwJazY.s:50     .text.sfsInit:00000010 $d
C:\Users\Made\AppData\Local\Temp\ccVwJazY.s:80     .bss.gSfsFirstBlockData:00000000 gSfsFirstBlockData
C:\Users\Made\AppData\Local\Temp\ccVwJazY.s:55     .text.sfsDeinit:00000000 $t
C:\Users\Made\AppData\Local\Temp\ccVwJazY.s:61     .text.sfsDeinit:00000000 sfsDeinit
C:\Users\Made\AppData\Local\Temp\ccVwJazY.s:77     .bss.gSfsFirstBlockData:00000000 $d

UNDEFINED SYMBOLS
sfsReadBlocks
