ARM GAS  C:\Users\Made\AppData\Local\Temp\ccLZFbkO.s 			page 1


   1              		.cpu cortex-m7
   2              		.arch armv7e-m
   3              		.fpu fpv5-d16
   4              		.eabi_attribute 28, 1
   5              		.eabi_attribute 20, 1
   6              		.eabi_attribute 21, 1
   7              		.eabi_attribute 23, 3
   8              		.eabi_attribute 24, 1
   9              		.eabi_attribute 25, 1
  10              		.eabi_attribute 26, 1
  11              		.eabi_attribute 30, 1
  12              		.eabi_attribute 34, 1
  13              		.eabi_attribute 18, 4
  14              		.file	"solfege.c"
  15              		.text
  16              	.Ltext0:
  17              		.cfi_sections	.debug_frame
  18              		.file 1 "Core/Inc/solfege/solfege.c"
  19              		.section	.text.solfegeInit,"ax",%progbits
  20              		.align	1
  21              		.global	solfegeInit
  22              		.syntax unified
  23              		.thumb
  24              		.thumb_func
  26              	solfegeInit:
  27              	.LFB3:
   1:Core/Inc/solfege/solfege.c **** //
   2:Core/Inc/solfege/solfege.c **** // Created by Made on 29/01/2025.
   3:Core/Inc/solfege/solfege.c **** //
   4:Core/Inc/solfege/solfege.c **** 
   5:Core/Inc/solfege/solfege.c **** #include "solfege.h"
   6:Core/Inc/solfege/solfege.c **** 
   7:Core/Inc/solfege/solfege.c **** #include <stdio.h>
   8:Core/Inc/solfege/solfege.c **** 
   9:Core/Inc/solfege/solfege.c **** u8   gNoteNameToOffsetTable[] = {['C' - 'A'] = 0, ['D' - 'A'] = 2, ['E' - 'A'] = 4, ['F' - 'A'] = 5
  10:Core/Inc/solfege/solfege.c **** char gOffsetToNoteNameTable[] = {[0] = 'C', [2] = 'D', [4] = 'E', [5] = 'F', [7] = 'G', [9] = 'A', 
  11:Core/Inc/solfege/solfege.c **** 
  12:Core/Inc/solfege/solfege.c **** tone TONE_A3 = {};
  13:Core/Inc/solfege/solfege.c **** tone TONE_A4 = {};
  14:Core/Inc/solfege/solfege.c **** tone TONE_A5 = {};
  15:Core/Inc/solfege/solfege.c **** tone TONE_A6 = {};
  16:Core/Inc/solfege/solfege.c **** tone TONE_A7 = {};
  17:Core/Inc/solfege/solfege.c **** tone TONE_A8 = {};
  18:Core/Inc/solfege/solfege.c **** 
  19:Core/Inc/solfege/solfege.c **** void solfegeInit()
  20:Core/Inc/solfege/solfege.c **** {
  28              		.loc 1 20 1 view -0
  29              		.cfi_startproc
  30              		@ args = 0, pretend = 0, frame = 0
  31              		@ frame_needed = 0, uses_anonymous_args = 0
  32              		@ link register save eliminated.
  21:Core/Inc/solfege/solfege.c ****     TONE_A4 = (tone) {.frequency = (f32)(16.3515978313F * pow(2, 57 / 12.0)), .semitoneOffset = 57}
  33              		.loc 1 21 5 view .LVU1
  34              		.loc 1 21 13 is_stmt 0 view .LVU2
  35 0000 174A     		ldr	r2, .L2
  36 0002 0023     		movs	r3, #0
  37 0004 1360     		str	r3, [r2]
ARM GAS  C:\Users\Made\AppData\Local\Temp\ccLZFbkO.s 			page 2


  38 0006 5360     		str	r3, [r2, #4]
  39 0008 1648     		ldr	r0, .L2+4
  40 000a 1060     		str	r0, [r2]	@ float
  41 000c 3921     		movs	r1, #57
  42 000e 9180     		strh	r1, [r2, #4]	@ movhi
  22:Core/Inc/solfege/solfege.c ****     TONE_A4 = toneFromAbsoluteSemitoneOffset(57);
  43              		.loc 1 22 5 is_stmt 1 view .LVU3
  44              		.loc 1 22 13 is_stmt 0 view .LVU4
  45 0010 1360     		str	r3, [r2]
  46 0012 5360     		str	r3, [r2, #4]
  47 0014 1060     		str	r0, [r2]	@ float
  48 0016 9180     		strh	r1, [r2, #4]	@ movhi
  23:Core/Inc/solfege/solfege.c ****     TONE_A3 = toneOffset(TONE_A4, -12);
  49              		.loc 1 23 5 is_stmt 1 view .LVU5
  50              		.loc 1 23 13 is_stmt 0 view .LVU6
  51 0018 134A     		ldr	r2, .L2+8
  52 001a 1360     		str	r3, [r2]
  53 001c 5360     		str	r3, [r2, #4]
  54 001e 1349     		ldr	r1, .L2+12
  55 0020 1160     		str	r1, [r2]	@ float
  56 0022 2D21     		movs	r1, #45
  57 0024 9180     		strh	r1, [r2, #4]	@ movhi
  24:Core/Inc/solfege/solfege.c ****     TONE_A5 = toneOffset(TONE_A4, 12);
  58              		.loc 1 24 5 is_stmt 1 view .LVU7
  59              		.loc 1 24 13 is_stmt 0 view .LVU8
  60 0026 124A     		ldr	r2, .L2+16
  61 0028 1360     		str	r3, [r2]
  62 002a 5360     		str	r3, [r2, #4]
  63 002c 1149     		ldr	r1, .L2+20
  64 002e 1160     		str	r1, [r2]	@ float
  65 0030 4521     		movs	r1, #69
  66 0032 9180     		strh	r1, [r2, #4]	@ movhi
  25:Core/Inc/solfege/solfege.c ****     TONE_A6 = toneOffset(TONE_A5, 12);
  67              		.loc 1 25 5 is_stmt 1 view .LVU9
  68              		.loc 1 25 13 is_stmt 0 view .LVU10
  69 0034 104A     		ldr	r2, .L2+24
  70 0036 1360     		str	r3, [r2]
  71 0038 5360     		str	r3, [r2, #4]
  72 003a 1049     		ldr	r1, .L2+28
  73 003c 1160     		str	r1, [r2]	@ float
  74 003e 5121     		movs	r1, #81
  75 0040 9180     		strh	r1, [r2, #4]	@ movhi
  26:Core/Inc/solfege/solfege.c ****     TONE_A7 = toneOffset(TONE_A6, 12);
  76              		.loc 1 26 5 is_stmt 1 view .LVU11
  77              		.loc 1 26 13 is_stmt 0 view .LVU12
  78 0042 0F4A     		ldr	r2, .L2+32
  79 0044 1360     		str	r3, [r2]
  80 0046 5360     		str	r3, [r2, #4]
  81 0048 0E49     		ldr	r1, .L2+36
  82 004a 1160     		str	r1, [r2]	@ float
  83 004c 5D21     		movs	r1, #93
  84 004e 9180     		strh	r1, [r2, #4]	@ movhi
  27:Core/Inc/solfege/solfege.c ****     TONE_A8 = toneOffset(TONE_A7, 12);
  85              		.loc 1 27 5 is_stmt 1 view .LVU13
  86              		.loc 1 27 13 is_stmt 0 view .LVU14
  87 0050 0D4A     		ldr	r2, .L2+40
  88 0052 1360     		str	r3, [r2]
ARM GAS  C:\Users\Made\AppData\Local\Temp\ccLZFbkO.s 			page 3


  89 0054 5360     		str	r3, [r2, #4]
  90 0056 0D4B     		ldr	r3, .L2+44
  91 0058 1360     		str	r3, [r2]	@ float
  92 005a 6923     		movs	r3, #105
  93 005c 9380     		strh	r3, [r2, #4]	@ movhi
  28:Core/Inc/solfege/solfege.c **** }
  94              		.loc 1 28 1 view .LVU15
  95 005e 7047     		bx	lr
  96              	.L3:
  97              		.align	2
  98              	.L2:
  99 0060 00000000 		.word	TONE_A4
 100 0064 0100DC43 		.word	1138491393
 101 0068 00000000 		.word	TONE_A3
 102 006c 01005C43 		.word	1130102785
 103 0070 00000000 		.word	TONE_A5
 104 0074 01005C44 		.word	1146880001
 105 0078 00000000 		.word	TONE_A6
 106 007c 0100DC44 		.word	1155268609
 107 0080 00000000 		.word	TONE_A7
 108 0084 01005C45 		.word	1163657217
 109 0088 00000000 		.word	TONE_A8
 110 008c 0100DC45 		.word	1172045825
 111              		.cfi_endproc
 112              	.LFE3:
 114              		.section	.text.solfegeParseNote,"ax",%progbits
 115              		.align	1
 116              		.global	solfegeParseNote
 117              		.syntax unified
 118              		.thumb
 119              		.thumb_func
 121              	solfegeParseNote:
 122              	.LVL0:
 123              	.LFB4:
  29:Core/Inc/solfege/solfege.c **** 
  30:Core/Inc/solfege/solfege.c **** synthErrno solfegeParseNote(str pString, tone* pOutTone)
  31:Core/Inc/solfege/solfege.c **** {
 124              		.loc 1 31 1 is_stmt 1 view -0
 125              		.cfi_startproc
 126              		@ args = 0, pretend = 0, frame = 0
 127              		@ frame_needed = 0, uses_anonymous_args = 0
 128              		.loc 1 31 1 is_stmt 0 view .LVU17
 129 0000 F8B5     		push	{r3, r4, r5, r6, r7, lr}
 130              	.LCFI0:
 131              		.cfi_def_cfa_offset 24
 132              		.cfi_offset 3, -24
 133              		.cfi_offset 4, -20
 134              		.cfi_offset 5, -16
 135              		.cfi_offset 6, -12
 136              		.cfi_offset 7, -8
 137              		.cfi_offset 14, -4
 138 0002 0446     		mov	r4, r0
 139 0004 0D46     		mov	r5, r1
  32:Core/Inc/solfege/solfege.c ****     size_t len       = strlen(pString);
 140              		.loc 1 32 5 is_stmt 1 view .LVU18
 141              		.loc 1 32 24 is_stmt 0 view .LVU19
 142 0006 FFF7FEFF 		bl	strlen
ARM GAS  C:\Users\Made\AppData\Local\Temp\ccLZFbkO.s 			page 4


 143              	.LVL1:
  33:Core/Inc/solfege/solfege.c ****     bool   noteFound = false;
 144              		.loc 1 33 5 is_stmt 1 view .LVU20
  34:Core/Inc/solfege/solfege.c ****     u8     semitone  = 0;
 145              		.loc 1 34 5 view .LVU21
  35:Core/Inc/solfege/solfege.c **** 
  36:Core/Inc/solfege/solfege.c ****     for (int i = 0; i < len; ++i)
 146              		.loc 1 36 5 view .LVU22
 147              	.LBB2:
 148              		.loc 1 36 10 view .LVU23
 149              		.loc 1 36 14 is_stmt 0 view .LVU24
 150 000a 0021     		movs	r1, #0
 151              	.LBE2:
  34:Core/Inc/solfege/solfege.c ****     u8     semitone  = 0;
 152              		.loc 1 34 12 view .LVU25
 153 000c 0E46     		mov	r6, r1
  33:Core/Inc/solfege/solfege.c ****     u8     semitone  = 0;
 154              		.loc 1 33 12 view .LVU26
 155 000e 0F46     		mov	r7, r1
 156              	.LBB6:
 157              		.loc 1 36 5 view .LVU27
 158 0010 13E0     		b	.L5
 159              	.LVL2:
 160              	.L7:
 161              	.LBB3:
  37:Core/Inc/solfege/solfege.c ****     {
  38:Core/Inc/solfege/solfege.c ****         char c = pString[i];
  39:Core/Inc/solfege/solfege.c ****         if (c >= 'a' && c <= 'g')
  40:Core/Inc/solfege/solfege.c ****         {
  41:Core/Inc/solfege/solfege.c ****             c -= 'a' - 'A';
  42:Core/Inc/solfege/solfege.c ****         }
  43:Core/Inc/solfege/solfege.c **** 
  44:Core/Inc/solfege/solfege.c ****         if (c >= '0' && c <= '8')
  45:Core/Inc/solfege/solfege.c ****         {
  46:Core/Inc/solfege/solfege.c ****             semitone += (c - '0') * 12;
  47:Core/Inc/solfege/solfege.c ****         }
  48:Core/Inc/solfege/solfege.c ****         else
  49:Core/Inc/solfege/solfege.c ****         {
  50:Core/Inc/solfege/solfege.c ****             if (!noteFound)
 162              		.loc 1 50 13 is_stmt 1 view .LVU28
 163              		.loc 1 50 16 is_stmt 0 view .LVU29
 164 0012 3FBB     		cbnz	r7, .L9
  51:Core/Inc/solfege/solfege.c ****             {
  52:Core/Inc/solfege/solfege.c ****                 if (charIsNote(c))
 165              		.loc 1 52 17 is_stmt 1 view .LVU30
 166              		.loc 1 52 20 is_stmt 0 view .LVU31
 167 0014 482A     		cmp	r2, #72
 168 0016 18BF     		it	ne
 169 0018 682A     		cmpne	r2, #104
 170 001a 09D0     		beq	.L10
 171              		.loc 1 52 21 discriminator 1 view .LVU32
 172 001c A2F16103 		sub	r3, r2, #97
 173 0020 DBB2     		uxtb	r3, r3
 174 0022 062B     		cmp	r3, #6
 175 0024 04D9     		bls	.L10
 176              		.loc 1 52 21 discriminator 2 view .LVU33
 177 0026 A2F14103 		sub	r3, r2, #65
ARM GAS  C:\Users\Made\AppData\Local\Temp\ccLZFbkO.s 			page 5


 178 002a DBB2     		uxtb	r3, r3
 179 002c 062B     		cmp	r3, #6
 180 002e 3DD8     		bhi	.L14
 181              	.L10:
  53:Core/Inc/solfege/solfege.c ****                 {
  54:Core/Inc/solfege/solfege.c ****                     semitone  = gNoteNameToOffsetTable[c - 'A'];
 182              		.loc 1 54 21 is_stmt 1 view .LVU34
 183              		.loc 1 54 58 is_stmt 0 view .LVU35
 184 0030 413A     		subs	r2, r2, #65
 185              	.LVL3:
 186              		.loc 1 54 31 view .LVU36
 187 0032 234B     		ldr	r3, .L19+8
 188 0034 9E5C     		ldrb	r6, [r3, r2]	@ zero_extendqisi2
 189              	.LVL4:
  55:Core/Inc/solfege/solfege.c ****                     noteFound = true;
 190              		.loc 1 55 21 is_stmt 1 view .LVU37
 191              		.loc 1 55 31 is_stmt 0 view .LVU38
 192 0036 0127     		movs	r7, #1
 193              	.LVL5:
 194              	.L8:
 195              		.loc 1 55 31 view .LVU39
 196              	.LBE3:
  36:Core/Inc/solfege/solfege.c ****     {
 197              		.loc 1 36 30 is_stmt 1 discriminator 2 view .LVU40
 198 0038 0131     		adds	r1, r1, #1
 199              	.LVL6:
 200              	.L5:
  36:Core/Inc/solfege/solfege.c ****     {
 201              		.loc 1 36 23 discriminator 1 view .LVU41
 202 003a 8142     		cmp	r1, r0
 203 003c 1CD2     		bcs	.L17
 204              	.LBB4:
  38:Core/Inc/solfege/solfege.c ****         if (c >= 'a' && c <= 'g')
 205              		.loc 1 38 9 view .LVU42
  38:Core/Inc/solfege/solfege.c ****         if (c >= 'a' && c <= 'g')
 206              		.loc 1 38 14 is_stmt 0 view .LVU43
 207 003e 625C     		ldrb	r2, [r4, r1]	@ zero_extendqisi2
 208              	.LVL7:
  39:Core/Inc/solfege/solfege.c ****         {
 209              		.loc 1 39 9 is_stmt 1 view .LVU44
  39:Core/Inc/solfege/solfege.c ****         {
 210              		.loc 1 39 22 is_stmt 0 view .LVU45
 211 0040 A2F16103 		sub	r3, r2, #97
 212 0044 DBB2     		uxtb	r3, r3
  39:Core/Inc/solfege/solfege.c ****         {
 213              		.loc 1 39 12 view .LVU46
 214 0046 062B     		cmp	r3, #6
 215 0048 01D8     		bhi	.L6
  41:Core/Inc/solfege/solfege.c ****         }
 216              		.loc 1 41 13 is_stmt 1 view .LVU47
  41:Core/Inc/solfege/solfege.c ****         }
 217              		.loc 1 41 15 is_stmt 0 view .LVU48
 218 004a 203A     		subs	r2, r2, #32
 219              	.LVL8:
  41:Core/Inc/solfege/solfege.c ****         }
 220              		.loc 1 41 15 view .LVU49
 221 004c D2B2     		uxtb	r2, r2
ARM GAS  C:\Users\Made\AppData\Local\Temp\ccLZFbkO.s 			page 6


 222              	.LVL9:
 223              	.L6:
  44:Core/Inc/solfege/solfege.c ****         {
 224              		.loc 1 44 9 is_stmt 1 view .LVU50
  44:Core/Inc/solfege/solfege.c ****         {
 225              		.loc 1 44 22 is_stmt 0 view .LVU51
 226 004e A2F13003 		sub	r3, r2, #48
 227 0052 DBB2     		uxtb	r3, r3
  44:Core/Inc/solfege/solfege.c ****         {
 228              		.loc 1 44 12 view .LVU52
 229 0054 082B     		cmp	r3, #8
 230 0056 DCD8     		bhi	.L7
  46:Core/Inc/solfege/solfege.c ****         }
 231              		.loc 1 46 13 is_stmt 1 view .LVU53
  46:Core/Inc/solfege/solfege.c ****         }
 232              		.loc 1 46 22 is_stmt 0 view .LVU54
 233 0058 03EB4303 		add	r3, r3, r3, lsl #1
 234 005c 06EB8303 		add	r3, r6, r3, lsl #2
 235 0060 DEB2     		uxtb	r6, r3
 236              	.LVL10:
  46:Core/Inc/solfege/solfege.c ****         }
 237              		.loc 1 46 22 view .LVU55
 238 0062 E9E7     		b	.L8
 239              	.L9:
  56:Core/Inc/solfege/solfege.c ****                 }
  57:Core/Inc/solfege/solfege.c ****                 else
  58:Core/Inc/solfege/solfege.c ****                 {
  59:Core/Inc/solfege/solfege.c ****                     return SERR_SOLFEGE_INVALID_NOTE;
  60:Core/Inc/solfege/solfege.c ****                 }
  61:Core/Inc/solfege/solfege.c ****             }
  62:Core/Inc/solfege/solfege.c ****             else
  63:Core/Inc/solfege/solfege.c ****             {
  64:Core/Inc/solfege/solfege.c ****                 if (charIsSharp(c))
 240              		.loc 1 64 17 is_stmt 1 view .LVU56
 241              		.loc 1 64 20 is_stmt 0 view .LVU57
 242 0064 232A     		cmp	r2, #35
 243 0066 04D0     		beq	.L18
  65:Core/Inc/solfege/solfege.c ****                 {
  66:Core/Inc/solfege/solfege.c ****                     semitone++;
  67:Core/Inc/solfege/solfege.c ****                 }
  68:Core/Inc/solfege/solfege.c ****                 else if (charIsFlat(c))
 244              		.loc 1 68 22 is_stmt 1 view .LVU58
 245              		.loc 1 68 25 is_stmt 0 view .LVU59
 246 0068 622A     		cmp	r2, #98
 247 006a 21D1     		bne	.L15
  69:Core/Inc/solfege/solfege.c ****                 {
  70:Core/Inc/solfege/solfege.c ****                     semitone--;
 248              		.loc 1 70 21 is_stmt 1 view .LVU60
 249              		.loc 1 70 29 is_stmt 0 view .LVU61
 250 006c 013E     		subs	r6, r6, #1
 251              	.LVL11:
 252              		.loc 1 70 29 view .LVU62
 253 006e F6B2     		uxtb	r6, r6
 254              	.LVL12:
 255              		.loc 1 70 29 view .LVU63
 256 0070 E2E7     		b	.L8
 257              	.L18:
ARM GAS  C:\Users\Made\AppData\Local\Temp\ccLZFbkO.s 			page 7


  66:Core/Inc/solfege/solfege.c ****                 }
 258              		.loc 1 66 21 is_stmt 1 view .LVU64
  66:Core/Inc/solfege/solfege.c ****                 }
 259              		.loc 1 66 29 is_stmt 0 view .LVU65
 260 0072 0136     		adds	r6, r6, #1
 261              	.LVL13:
  66:Core/Inc/solfege/solfege.c ****                 }
 262              		.loc 1 66 29 view .LVU66
 263 0074 F6B2     		uxtb	r6, r6
 264              	.LVL14:
  66:Core/Inc/solfege/solfege.c ****                 }
 265              		.loc 1 66 29 view .LVU67
 266 0076 DFE7     		b	.L8
 267              	.LVL15:
 268              	.L17:
  66:Core/Inc/solfege/solfege.c ****                 }
 269              		.loc 1 66 29 view .LVU68
 270              	.LBE4:
 271              	.LBE6:
  71:Core/Inc/solfege/solfege.c ****                 }
  72:Core/Inc/solfege/solfege.c ****                 else
  73:Core/Inc/solfege/solfege.c ****                 {
  74:Core/Inc/solfege/solfege.c ****                     return SERR_SOLFEGE_BAD_ACCIDENTAL;
  75:Core/Inc/solfege/solfege.c ****                 }
  76:Core/Inc/solfege/solfege.c ****             }
  77:Core/Inc/solfege/solfege.c ****         }
  78:Core/Inc/solfege/solfege.c ****     }
  79:Core/Inc/solfege/solfege.c **** 
  80:Core/Inc/solfege/solfege.c ****     *pOutTone = toneFromAbsoluteSemitoneOffset(semitone);
 272              		.loc 1 80 5 is_stmt 1 view .LVU69
 273              		.loc 1 80 17 is_stmt 0 view .LVU70
 274 0078 07EE906A 		vmov	s15, r6	@ int
 275 007c B8EEE71B 		vcvt.f64.s32	d1, s15
 276 0080 B2EE087B 		vmov.f64	d7, #1.2e+1
 277 0084 81EE071B 		vdiv.f64	d1, d1, d7
 278 0088 B0EE000B 		vmov.f64	d0, #2.0e+0
 279 008c FFF7FEFF 		bl	pow
 280              	.LVL16:
 281              		.loc 1 80 17 discriminator 1 view .LVU71
 282 0090 9FED097B 		vldr.64	d7, .L19
 283 0094 20EE070B 		vmul.f64	d0, d0, d7
 284              		.loc 1 80 15 discriminator 1 view .LVU72
 285 0098 0020     		movs	r0, #0
 286 009a 2860     		str	r0, [r5]	@ unaligned
 287 009c 6860     		str	r0, [r5, #4]	@ unaligned
 288 009e B7EEC00B 		vcvt.f32.f64	s0, d0
 289 00a2 10EE103A 		vmov	r3, s0	@ int
 290 00a6 2B60     		str	r3, [r5]	@ unaligned
 291 00a8 AE80     		strh	r6, [r5, #4]	@ unaligned
  81:Core/Inc/solfege/solfege.c **** 
  82:Core/Inc/solfege/solfege.c ****     return SERR_OK;
 292              		.loc 1 82 5 is_stmt 1 view .LVU73
 293              	.L11:
  83:Core/Inc/solfege/solfege.c **** }
 294              		.loc 1 83 1 is_stmt 0 view .LVU74
 295 00aa F8BD     		pop	{r3, r4, r5, r6, r7, pc}
 296              	.LVL17:
ARM GAS  C:\Users\Made\AppData\Local\Temp\ccLZFbkO.s 			page 8


 297              	.L14:
 298              	.LBB7:
 299              	.LBB5:
  59:Core/Inc/solfege/solfege.c ****                 }
 300              		.loc 1 59 28 view .LVU75
 301 00ac 0120     		movs	r0, #1
 302              	.LVL18:
  59:Core/Inc/solfege/solfege.c ****                 }
 303              		.loc 1 59 28 view .LVU76
 304 00ae FCE7     		b	.L11
 305              	.LVL19:
 306              	.L15:
  74:Core/Inc/solfege/solfege.c ****                 }
 307              		.loc 1 74 28 view .LVU77
 308 00b0 0020     		movs	r0, #0
 309              	.LVL20:
  74:Core/Inc/solfege/solfege.c ****                 }
 310              		.loc 1 74 28 view .LVU78
 311 00b2 FAE7     		b	.L11
 312              	.L20:
 313 00b4 AFF30080 		.align	3
 314              	.L19:
 315 00b8 00000060 		.word	1610612736
 316 00bc 025A3040 		.word	1076910594
 317 00c0 00000000 		.word	gNoteNameToOffsetTable
 318              	.LBE5:
 319              	.LBE7:
 320              		.cfi_endproc
 321              	.LFE4:
 323              		.section	.text.solfegeToneIsNatural,"ax",%progbits
 324              		.align	1
 325              		.global	solfegeToneIsNatural
 326              		.syntax unified
 327              		.thumb
 328              		.thumb_func
 330              	solfegeToneIsNatural:
 331              	.LVL21:
 332              	.LFB7:
  84:Core/Inc/solfege/solfege.c **** 
  85:Core/Inc/solfege/solfege.c **** synthErrno solfegeToneToStr(str pString, tone* pInTone, bool pPreferFlats)
  86:Core/Inc/solfege/solfege.c **** {
  87:Core/Inc/solfege/solfege.c ****     u8 mod    = pInTone->semitoneOffset % 12;
  88:Core/Inc/solfege/solfege.c ****     u8 octave = pInTone->semitoneOffset / 12;
  89:Core/Inc/solfege/solfege.c **** 
  90:Core/Inc/solfege/solfege.c ****     char noteNameBuf[8];
  91:Core/Inc/solfege/solfege.c ****     bool isNatural = solfegeToneIsNatural(pInTone->semitoneOffset);
  92:Core/Inc/solfege/solfege.c ****     if (isNatural)
  93:Core/Inc/solfege/solfege.c ****     {
  94:Core/Inc/solfege/solfege.c ****         sprintf(noteNameBuf, "%c%d", gOffsetToNoteNameTable[mod], octave);
  95:Core/Inc/solfege/solfege.c ****     }
  96:Core/Inc/solfege/solfege.c ****     else
  97:Core/Inc/solfege/solfege.c ****     {
  98:Core/Inc/solfege/solfege.c ****         char suffix  = pPreferFlats ? 'b' : '#';
  99:Core/Inc/solfege/solfege.c ****         char note = pPreferFlats ? gOffsetToNoteNameTable[mod + 1] : gOffsetToNoteNameTable[mod - 1
 100:Core/Inc/solfege/solfege.c ****         sprintf(noteNameBuf, "%c%c%d", note, suffix, octave);
 101:Core/Inc/solfege/solfege.c ****     }
 102:Core/Inc/solfege/solfege.c **** 
ARM GAS  C:\Users\Made\AppData\Local\Temp\ccLZFbkO.s 			page 9


 103:Core/Inc/solfege/solfege.c ****     sprintf(pString, "%s", noteNameBuf);
 104:Core/Inc/solfege/solfege.c **** 
 105:Core/Inc/solfege/solfege.c ****     return SERR_OK;
 106:Core/Inc/solfege/solfege.c **** }
 107:Core/Inc/solfege/solfege.c **** 
 108:Core/Inc/solfege/solfege.c **** synthErrno solfegeToneWithVelocityToStr(str pString, tone* pInTone, u8 pVelocity, bool pPreferFlats
 109:Core/Inc/solfege/solfege.c **** {
 110:Core/Inc/solfege/solfege.c ****     char buf[8];
 111:Core/Inc/solfege/solfege.c ****     solfegeToneToStr(buf, pInTone, pPreferFlats);
 112:Core/Inc/solfege/solfege.c **** 
 113:Core/Inc/solfege/solfege.c ****     sprintf(pString, "%s_%d", buf, pVelocity);
 114:Core/Inc/solfege/solfege.c **** 
 115:Core/Inc/solfege/solfege.c ****     return SERR_OK;
 116:Core/Inc/solfege/solfege.c **** }
 117:Core/Inc/solfege/solfege.c **** 
 118:Core/Inc/solfege/solfege.c **** bool solfegeToneIsNatural(u8 pSemitoneOffset)
 119:Core/Inc/solfege/solfege.c **** {
 333              		.loc 1 119 1 is_stmt 1 view -0
 334              		.cfi_startproc
 335              		@ args = 0, pretend = 0, frame = 0
 336              		@ frame_needed = 0, uses_anonymous_args = 0
 337              		@ link register save eliminated.
 120:Core/Inc/solfege/solfege.c ****     u8 mod = pSemitoneOffset % 12;
 338              		.loc 1 120 5 view .LVU80
 339              		.loc 1 120 8 is_stmt 0 view .LVU81
 340 0000 0B4B     		ldr	r3, .L26
 341 0002 A3FB0023 		umull	r2, r3, r3, r0
 342 0006 DB08     		lsrs	r3, r3, #3
 343 0008 03EB4303 		add	r3, r3, r3, lsl #1
 344 000c A0EB8300 		sub	r0, r0, r3, lsl #2
 345              	.LVL22:
 346              		.loc 1 120 8 view .LVU82
 347 0010 C0B2     		uxtb	r0, r0
 348              	.LVL23:
 121:Core/Inc/solfege/solfege.c ****     return mod == 0 || mod == 2 || mod == 4|| mod == 5 || mod == 7 || mod == 9 || mod == 11;
 349              		.loc 1 121 5 is_stmt 1 view .LVU83
 350 0012 0B28     		cmp	r0, #11
 351 0014 07D8     		bhi	.L22
 352 0016 DFE800F0 		tbb	[pc, r0]
 353              	.L24:
 354 001a 08       		.byte	(.L25-.L24)/2
 355 001b 06       		.byte	(.L22-.L24)/2
 356 001c 08       		.byte	(.L25-.L24)/2
 357 001d 06       		.byte	(.L22-.L24)/2
 358 001e 08       		.byte	(.L25-.L24)/2
 359 001f 08       		.byte	(.L25-.L24)/2
 360 0020 06       		.byte	(.L22-.L24)/2
 361 0021 08       		.byte	(.L25-.L24)/2
 362 0022 06       		.byte	(.L22-.L24)/2
 363 0023 08       		.byte	(.L25-.L24)/2
 364 0024 06       		.byte	(.L22-.L24)/2
 365 0025 08       		.byte	(.L25-.L24)/2
 366              		.p2align 1
 367              	.L22:
 120:Core/Inc/solfege/solfege.c ****     u8 mod = pSemitoneOffset % 12;
 368              		.loc 1 120 8 is_stmt 0 view .LVU84
 369 0026 0020     		movs	r0, #0
ARM GAS  C:\Users\Made\AppData\Local\Temp\ccLZFbkO.s 			page 10


 370              	.LVL24:
 120:Core/Inc/solfege/solfege.c ****     u8 mod = pSemitoneOffset % 12;
 371              		.loc 1 120 8 view .LVU85
 372 0028 7047     		bx	lr
 373              	.LVL25:
 374              	.L25:
 120:Core/Inc/solfege/solfege.c ****     u8 mod = pSemitoneOffset % 12;
 375              		.loc 1 120 8 view .LVU86
 376 002a 0120     		movs	r0, #1
 377              	.LVL26:
 122:Core/Inc/solfege/solfege.c **** }
 378              		.loc 1 122 1 view .LVU87
 379 002c 7047     		bx	lr
 380              	.L27:
 381 002e 00BF     		.align	2
 382              	.L26:
 383 0030 ABAAAAAA 		.word	-1431655765
 384              		.cfi_endproc
 385              	.LFE7:
 387              		.section	.rodata.solfegeToneToStr.str1.4,"aMS",%progbits,1
 388              		.align	2
 389              	.LC0:
 390 0000 25632564 		.ascii	"%c%d\000"
 390      00
 391 0005 000000   		.align	2
 392              	.LC1:
 393 0008 25632563 		.ascii	"%c%c%d\000"
 393      256400
 394              		.section	.text.solfegeToneToStr,"ax",%progbits
 395              		.align	1
 396              		.global	solfegeToneToStr
 397              		.syntax unified
 398              		.thumb
 399              		.thumb_func
 401              	solfegeToneToStr:
 402              	.LVL27:
 403              	.LFB5:
  86:Core/Inc/solfege/solfege.c ****     u8 mod    = pInTone->semitoneOffset % 12;
 404              		.loc 1 86 1 is_stmt 1 view -0
 405              		.cfi_startproc
 406              		@ args = 0, pretend = 0, frame = 8
 407              		@ frame_needed = 0, uses_anonymous_args = 0
  86:Core/Inc/solfege/solfege.c ****     u8 mod    = pInTone->semitoneOffset % 12;
 408              		.loc 1 86 1 is_stmt 0 view .LVU89
 409 0000 F0B5     		push	{r4, r5, r6, r7, lr}
 410              	.LCFI1:
 411              		.cfi_def_cfa_offset 20
 412              		.cfi_offset 4, -20
 413              		.cfi_offset 5, -16
 414              		.cfi_offset 6, -12
 415              		.cfi_offset 7, -8
 416              		.cfi_offset 14, -4
 417 0002 85B0     		sub	sp, sp, #20
 418              	.LCFI2:
 419              		.cfi_def_cfa_offset 40
 420 0004 0646     		mov	r6, r0
 421 0006 1746     		mov	r7, r2
ARM GAS  C:\Users\Made\AppData\Local\Temp\ccLZFbkO.s 			page 11


  87:Core/Inc/solfege/solfege.c ****     u8 octave = pInTone->semitoneOffset / 12;
 422              		.loc 1 87 5 is_stmt 1 view .LVU90
  87:Core/Inc/solfege/solfege.c ****     u8 octave = pInTone->semitoneOffset / 12;
 423              		.loc 1 87 24 is_stmt 0 view .LVU91
 424 0008 8888     		ldrh	r0, [r1, #4]	@ unaligned
 425              	.LVL28:
  87:Core/Inc/solfege/solfege.c ****     u8 octave = pInTone->semitoneOffset / 12;
 426              		.loc 1 87 8 view .LVU92
 427 000a 164B     		ldr	r3, .L35
 428 000c A3FB0023 		umull	r2, r3, r3, r0
 429              	.LVL29:
  87:Core/Inc/solfege/solfege.c ****     u8 octave = pInTone->semitoneOffset / 12;
 430              		.loc 1 87 8 view .LVU93
 431 0010 DB08     		lsrs	r3, r3, #3
 432 0012 03EB4305 		add	r5, r3, r3, lsl #1
 433 0016 A0EB8505 		sub	r5, r0, r5, lsl #2
 434 001a EDB2     		uxtb	r5, r5
 435              	.LVL30:
  88:Core/Inc/solfege/solfege.c **** 
 436              		.loc 1 88 5 is_stmt 1 view .LVU94
  88:Core/Inc/solfege/solfege.c **** 
 437              		.loc 1 88 8 is_stmt 0 view .LVU95
 438 001c DCB2     		uxtb	r4, r3
 439              	.LVL31:
  90:Core/Inc/solfege/solfege.c ****     bool isNatural = solfegeToneIsNatural(pInTone->semitoneOffset);
 440              		.loc 1 90 5 is_stmt 1 view .LVU96
  91:Core/Inc/solfege/solfege.c ****     if (isNatural)
 441              		.loc 1 91 5 view .LVU97
  91:Core/Inc/solfege/solfege.c ****     if (isNatural)
 442              		.loc 1 91 22 is_stmt 0 view .LVU98
 443 001e C0B2     		uxtb	r0, r0
 444 0020 FFF7FEFF 		bl	solfegeToneIsNatural
 445              	.LVL32:
  92:Core/Inc/solfege/solfege.c ****     {
 446              		.loc 1 92 5 is_stmt 1 view .LVU99
  92:Core/Inc/solfege/solfege.c ****     {
 447              		.loc 1 92 8 is_stmt 0 view .LVU100
 448 0024 80B9     		cbnz	r0, .L34
 449              	.LBB8:
  98:Core/Inc/solfege/solfege.c ****         char note = pPreferFlats ? gOffsetToNoteNameTable[mod + 1] : gOffsetToNoteNameTable[mod - 1
 450              		.loc 1 98 9 is_stmt 1 view .LVU101
  98:Core/Inc/solfege/solfege.c ****         char note = pPreferFlats ? gOffsetToNoteNameTable[mod + 1] : gOffsetToNoteNameTable[mod - 1
 451              		.loc 1 98 14 is_stmt 0 view .LVU102
 452 0026 BFB1     		cbz	r7, .L31
 453              	.LVL33:
  99:Core/Inc/solfege/solfege.c ****         sprintf(noteNameBuf, "%c%c%d", note, suffix, octave);
 454              		.loc 1 99 9 is_stmt 1 view .LVU103
  99:Core/Inc/solfege/solfege.c ****         sprintf(noteNameBuf, "%c%c%d", note, suffix, octave);
 455              		.loc 1 99 63 is_stmt 0 discriminator 1 view .LVU104
 456 0028 0135     		adds	r5, r5, #1
 457              	.LVL34:
  99:Core/Inc/solfege/solfege.c ****         sprintf(noteNameBuf, "%c%c%d", note, suffix, octave);
 458              		.loc 1 99 14 discriminator 1 view .LVU105
 459 002a 0F4B     		ldr	r3, .L35+4
 460 002c 5A5D     		ldrb	r2, [r3, r5]	@ zero_extendqisi2
  98:Core/Inc/solfege/solfege.c ****         char note = pPreferFlats ? gOffsetToNoteNameTable[mod + 1] : gOffsetToNoteNameTable[mod - 1
 461              		.loc 1 98 14 discriminator 1 view .LVU106
ARM GAS  C:\Users\Made\AppData\Local\Temp\ccLZFbkO.s 			page 12


 462 002e 6223     		movs	r3, #98
 463              	.LVL35:
 464              	.L32:
 100:Core/Inc/solfege/solfege.c ****     }
 465              		.loc 1 100 9 is_stmt 1 view .LVU107
 466 0030 0094     		str	r4, [sp]
 467 0032 0E49     		ldr	r1, .L35+8
 468 0034 02A8     		add	r0, sp, #8
 469              	.LVL36:
 100:Core/Inc/solfege/solfege.c ****     }
 470              		.loc 1 100 9 is_stmt 0 view .LVU108
 471 0036 FFF7FEFF 		bl	sprintf
 472              	.LVL37:
 473              	.L30:
 100:Core/Inc/solfege/solfege.c ****     }
 474              		.loc 1 100 9 view .LVU109
 475              	.LBE8:
 103:Core/Inc/solfege/solfege.c **** 
 476              		.loc 1 103 5 is_stmt 1 view .LVU110
 477 003a 02A9     		add	r1, sp, #8
 478 003c 3046     		mov	r0, r6
 479 003e FFF7FEFF 		bl	strcpy
 480              	.LVL38:
 105:Core/Inc/solfege/solfege.c **** }
 481              		.loc 1 105 5 view .LVU111
 106:Core/Inc/solfege/solfege.c **** 
 482              		.loc 1 106 1 is_stmt 0 view .LVU112
 483 0042 0020     		movs	r0, #0
 484 0044 05B0     		add	sp, sp, #20
 485              	.LCFI3:
 486              		.cfi_remember_state
 487              		.cfi_def_cfa_offset 20
 488              		@ sp needed
 489 0046 F0BD     		pop	{r4, r5, r6, r7, pc}
 490              	.LVL39:
 491              	.L34:
 492              	.LCFI4:
 493              		.cfi_restore_state
  94:Core/Inc/solfege/solfege.c ****     }
 494              		.loc 1 94 9 is_stmt 1 view .LVU113
 495 0048 2346     		mov	r3, r4
 496 004a 074A     		ldr	r2, .L35+4
 497 004c 525D     		ldrb	r2, [r2, r5]	@ zero_extendqisi2
 498 004e 0849     		ldr	r1, .L35+12
 499 0050 02A8     		add	r0, sp, #8
 500              	.LVL40:
  94:Core/Inc/solfege/solfege.c ****     }
 501              		.loc 1 94 9 is_stmt 0 view .LVU114
 502 0052 FFF7FEFF 		bl	sprintf
 503              	.LVL41:
 504 0056 F0E7     		b	.L30
 505              	.LVL42:
 506              	.L31:
 507              	.LBB9:
  99:Core/Inc/solfege/solfege.c ****         sprintf(noteNameBuf, "%c%c%d", note, suffix, octave);
 508              		.loc 1 99 9 is_stmt 1 view .LVU115
  99:Core/Inc/solfege/solfege.c ****         sprintf(noteNameBuf, "%c%c%d", note, suffix, octave);
ARM GAS  C:\Users\Made\AppData\Local\Temp\ccLZFbkO.s 			page 13


 509              		.loc 1 99 97 is_stmt 0 discriminator 2 view .LVU116
 510 0058 013D     		subs	r5, r5, #1
 511              	.LVL43:
  99:Core/Inc/solfege/solfege.c ****         sprintf(noteNameBuf, "%c%c%d", note, suffix, octave);
 512              		.loc 1 99 14 discriminator 2 view .LVU117
 513 005a 034B     		ldr	r3, .L35+4
 514 005c 5A5D     		ldrb	r2, [r3, r5]	@ zero_extendqisi2
  98:Core/Inc/solfege/solfege.c ****         char note = pPreferFlats ? gOffsetToNoteNameTable[mod + 1] : gOffsetToNoteNameTable[mod - 1
 515              		.loc 1 98 14 discriminator 2 view .LVU118
 516 005e 2323     		movs	r3, #35
 517 0060 E6E7     		b	.L32
 518              	.L36:
 519 0062 00BF     		.align	2
 520              	.L35:
 521 0064 ABAAAAAA 		.word	-1431655765
 522 0068 00000000 		.word	gOffsetToNoteNameTable
 523 006c 08000000 		.word	.LC1
 524 0070 00000000 		.word	.LC0
 525              	.LBE9:
 526              		.cfi_endproc
 527              	.LFE5:
 529              		.section	.rodata.solfegeToneWithVelocityToStr.str1.4,"aMS",%progbits,1
 530              		.align	2
 531              	.LC2:
 532 0000 25735F25 		.ascii	"%s_%d\000"
 532      6400
 533              		.section	.text.solfegeToneWithVelocityToStr,"ax",%progbits
 534              		.align	1
 535              		.global	solfegeToneWithVelocityToStr
 536              		.syntax unified
 537              		.thumb
 538              		.thumb_func
 540              	solfegeToneWithVelocityToStr:
 541              	.LVL44:
 542              	.LFB6:
 109:Core/Inc/solfege/solfege.c ****     char buf[8];
 543              		.loc 1 109 1 is_stmt 1 view -0
 544              		.cfi_startproc
 545              		@ args = 0, pretend = 0, frame = 8
 546              		@ frame_needed = 0, uses_anonymous_args = 0
 109:Core/Inc/solfege/solfege.c ****     char buf[8];
 547              		.loc 1 109 1 is_stmt 0 view .LVU120
 548 0000 30B5     		push	{r4, r5, lr}
 549              	.LCFI5:
 550              		.cfi_def_cfa_offset 12
 551              		.cfi_offset 4, -12
 552              		.cfi_offset 5, -8
 553              		.cfi_offset 14, -4
 554 0002 83B0     		sub	sp, sp, #12
 555              	.LCFI6:
 556              		.cfi_def_cfa_offset 24
 557 0004 0446     		mov	r4, r0
 558 0006 1546     		mov	r5, r2
 110:Core/Inc/solfege/solfege.c ****     solfegeToneToStr(buf, pInTone, pPreferFlats);
 559              		.loc 1 110 5 is_stmt 1 view .LVU121
 111:Core/Inc/solfege/solfege.c **** 
 560              		.loc 1 111 5 view .LVU122
ARM GAS  C:\Users\Made\AppData\Local\Temp\ccLZFbkO.s 			page 14


 561 0008 1A46     		mov	r2, r3
 562              	.LVL45:
 111:Core/Inc/solfege/solfege.c **** 
 563              		.loc 1 111 5 is_stmt 0 view .LVU123
 564 000a 6846     		mov	r0, sp
 565              	.LVL46:
 111:Core/Inc/solfege/solfege.c **** 
 566              		.loc 1 111 5 view .LVU124
 567 000c FFF7FEFF 		bl	solfegeToneToStr
 568              	.LVL47:
 113:Core/Inc/solfege/solfege.c **** 
 569              		.loc 1 113 5 is_stmt 1 view .LVU125
 570 0010 2B46     		mov	r3, r5
 571 0012 6A46     		mov	r2, sp
 572 0014 0349     		ldr	r1, .L39
 573 0016 2046     		mov	r0, r4
 574 0018 FFF7FEFF 		bl	sprintf
 575              	.LVL48:
 115:Core/Inc/solfege/solfege.c **** }
 576              		.loc 1 115 5 view .LVU126
 116:Core/Inc/solfege/solfege.c **** 
 577              		.loc 1 116 1 is_stmt 0 view .LVU127
 578 001c 0020     		movs	r0, #0
 579 001e 03B0     		add	sp, sp, #12
 580              	.LCFI7:
 581              		.cfi_def_cfa_offset 12
 582              		@ sp needed
 583 0020 30BD     		pop	{r4, r5, pc}
 584              	.LVL49:
 585              	.L40:
 116:Core/Inc/solfege/solfege.c **** 
 586              		.loc 1 116 1 view .LVU128
 587 0022 00BF     		.align	2
 588              	.L39:
 589 0024 00000000 		.word	.LC2
 590              		.cfi_endproc
 591              	.LFE6:
 593              		.global	TONE_A8
 594              		.section	.bss.TONE_A8,"aw",%nobits
 595              		.align	2
 598              	TONE_A8:
 599 0000 00000000 		.space	8
 599      00000000 
 600              		.global	TONE_A7
 601              		.section	.bss.TONE_A7,"aw",%nobits
 602              		.align	2
 605              	TONE_A7:
 606 0000 00000000 		.space	8
 606      00000000 
 607              		.global	TONE_A6
 608              		.section	.bss.TONE_A6,"aw",%nobits
 609              		.align	2
 612              	TONE_A6:
 613 0000 00000000 		.space	8
 613      00000000 
 614              		.global	TONE_A5
 615              		.section	.bss.TONE_A5,"aw",%nobits
ARM GAS  C:\Users\Made\AppData\Local\Temp\ccLZFbkO.s 			page 15


 616              		.align	2
 619              	TONE_A5:
 620 0000 00000000 		.space	8
 620      00000000 
 621              		.global	TONE_A4
 622              		.section	.bss.TONE_A4,"aw",%nobits
 623              		.align	2
 626              	TONE_A4:
 627 0000 00000000 		.space	8
 627      00000000 
 628              		.global	TONE_A3
 629              		.section	.bss.TONE_A3,"aw",%nobits
 630              		.align	2
 633              	TONE_A3:
 634 0000 00000000 		.space	8
 634      00000000 
 635              		.global	gOffsetToNoteNameTable
 636              		.section	.data.gOffsetToNoteNameTable,"aw"
 637              		.align	2
 640              	gOffsetToNoteNameTable:
 641 0000 43004400 		.ascii	"C\000D\000EF\000G\000A\000B"
 641      45460047 
 641      00410042 
 642              		.global	gNoteNameToOffsetTable
 643              		.section	.data.gNoteNameToOffsetTable,"aw"
 644              		.align	2
 647              	gNoteNameToOffsetTable:
 648 0000 090B0002 		.ascii	"\011\013\000\002\004\005\007"
 648      040507
 649              		.text
 650              	.Letext0:
 651              		.file 2 "C:/Program Files (x86)/Arm GNU Toolchain arm-none-eabi/13.3 rel1/arm-none-eabi/include/ma
 652              		.file 3 "C:/Program Files (x86)/Arm GNU Toolchain arm-none-eabi/13.3 rel1/lib/gcc/arm-none-eabi/13
 653              		.file 4 "C:/Program Files (x86)/Arm GNU Toolchain arm-none-eabi/13.3 rel1/arm-none-eabi/include/sy
 654              		.file 5 "Core/Inc/sinf/types.h"
 655              		.file 6 "Core/Inc/sinf/serrno.h"
 656              		.file 7 "Core/Inc/solfege/solfege.h"
 657              		.file 8 "C:/Program Files (x86)/Arm GNU Toolchain arm-none-eabi/13.3 rel1/arm-none-eabi/include/st
 658              		.file 9 "C:/Program Files (x86)/Arm GNU Toolchain arm-none-eabi/13.3 rel1/arm-none-eabi/include/st
 659              		.file 10 "C:/Program Files (x86)/Arm GNU Toolchain arm-none-eabi/13.3 rel1/arm-none-eabi/include/m
 660              		.file 11 "<built-in>"
ARM GAS  C:\Users\Made\AppData\Local\Temp\ccLZFbkO.s 			page 16


DEFINED SYMBOLS
                            *ABS*:00000000 solfege.c
C:\Users\Made\AppData\Local\Temp\ccLZFbkO.s:20     .text.solfegeInit:00000000 $t
C:\Users\Made\AppData\Local\Temp\ccLZFbkO.s:26     .text.solfegeInit:00000000 solfegeInit
C:\Users\Made\AppData\Local\Temp\ccLZFbkO.s:99     .text.solfegeInit:00000060 $d
C:\Users\Made\AppData\Local\Temp\ccLZFbkO.s:626    .bss.TONE_A4:00000000 TONE_A4
C:\Users\Made\AppData\Local\Temp\ccLZFbkO.s:633    .bss.TONE_A3:00000000 TONE_A3
C:\Users\Made\AppData\Local\Temp\ccLZFbkO.s:619    .bss.TONE_A5:00000000 TONE_A5
C:\Users\Made\AppData\Local\Temp\ccLZFbkO.s:612    .bss.TONE_A6:00000000 TONE_A6
C:\Users\Made\AppData\Local\Temp\ccLZFbkO.s:605    .bss.TONE_A7:00000000 TONE_A7
C:\Users\Made\AppData\Local\Temp\ccLZFbkO.s:598    .bss.TONE_A8:00000000 TONE_A8
C:\Users\Made\AppData\Local\Temp\ccLZFbkO.s:115    .text.solfegeParseNote:00000000 $t
C:\Users\Made\AppData\Local\Temp\ccLZFbkO.s:121    .text.solfegeParseNote:00000000 solfegeParseNote
C:\Users\Made\AppData\Local\Temp\ccLZFbkO.s:315    .text.solfegeParseNote:000000b8 $d
C:\Users\Made\AppData\Local\Temp\ccLZFbkO.s:647    .data.gNoteNameToOffsetTable:00000000 gNoteNameToOffsetTable
C:\Users\Made\AppData\Local\Temp\ccLZFbkO.s:324    .text.solfegeToneIsNatural:00000000 $t
C:\Users\Made\AppData\Local\Temp\ccLZFbkO.s:330    .text.solfegeToneIsNatural:00000000 solfegeToneIsNatural
C:\Users\Made\AppData\Local\Temp\ccLZFbkO.s:354    .text.solfegeToneIsNatural:0000001a $d
C:\Users\Made\AppData\Local\Temp\ccLZFbkO.s:366    .text.solfegeToneIsNatural:00000026 $t
C:\Users\Made\AppData\Local\Temp\ccLZFbkO.s:383    .text.solfegeToneIsNatural:00000030 $d
C:\Users\Made\AppData\Local\Temp\ccLZFbkO.s:388    .rodata.solfegeToneToStr.str1.4:00000000 $d
C:\Users\Made\AppData\Local\Temp\ccLZFbkO.s:395    .text.solfegeToneToStr:00000000 $t
C:\Users\Made\AppData\Local\Temp\ccLZFbkO.s:401    .text.solfegeToneToStr:00000000 solfegeToneToStr
C:\Users\Made\AppData\Local\Temp\ccLZFbkO.s:521    .text.solfegeToneToStr:00000064 $d
C:\Users\Made\AppData\Local\Temp\ccLZFbkO.s:640    .data.gOffsetToNoteNameTable:00000000 gOffsetToNoteNameTable
C:\Users\Made\AppData\Local\Temp\ccLZFbkO.s:530    .rodata.solfegeToneWithVelocityToStr.str1.4:00000000 $d
C:\Users\Made\AppData\Local\Temp\ccLZFbkO.s:534    .text.solfegeToneWithVelocityToStr:00000000 $t
C:\Users\Made\AppData\Local\Temp\ccLZFbkO.s:540    .text.solfegeToneWithVelocityToStr:00000000 solfegeToneWithVelocityToStr
C:\Users\Made\AppData\Local\Temp\ccLZFbkO.s:589    .text.solfegeToneWithVelocityToStr:00000024 $d
C:\Users\Made\AppData\Local\Temp\ccLZFbkO.s:595    .bss.TONE_A8:00000000 $d
C:\Users\Made\AppData\Local\Temp\ccLZFbkO.s:602    .bss.TONE_A7:00000000 $d
C:\Users\Made\AppData\Local\Temp\ccLZFbkO.s:609    .bss.TONE_A6:00000000 $d
C:\Users\Made\AppData\Local\Temp\ccLZFbkO.s:616    .bss.TONE_A5:00000000 $d
C:\Users\Made\AppData\Local\Temp\ccLZFbkO.s:623    .bss.TONE_A4:00000000 $d
C:\Users\Made\AppData\Local\Temp\ccLZFbkO.s:630    .bss.TONE_A3:00000000 $d
C:\Users\Made\AppData\Local\Temp\ccLZFbkO.s:637    .data.gOffsetToNoteNameTable:00000000 $d
C:\Users\Made\AppData\Local\Temp\ccLZFbkO.s:644    .data.gNoteNameToOffsetTable:00000000 $d

UNDEFINED SYMBOLS
strlen
pow
sprintf
strcpy
