ARM GAS  C:\Users\Made\AppData\Local\Temp\ccLik336.s 			page 1


   1              		.cpu cortex-m7
   2              		.arch armv7e-m
   3              		.fpu fpv5-d16
   4              		.eabi_attribute 28, 1
   5              		.eabi_attribute 20, 1
   6              		.eabi_attribute 21, 1
   7              		.eabi_attribute 23, 3
   8              		.eabi_attribute 24, 1
   9              		.eabi_attribute 25, 1
  10              		.eabi_attribute 26, 1
  11              		.eabi_attribute 30, 1
  12              		.eabi_attribute 34, 1
  13              		.eabi_attribute 18, 4
  14              		.file	"stm32h7xx_hal_timebase_tim.c"
  15              		.text
  16              	.Ltext0:
  17              		.cfi_sections	.debug_frame
  18              		.file 1 "Core/Src/stm32h7xx_hal_timebase_tim.c"
  19              		.section	.text.HAL_InitTick,"ax",%progbits
  20              		.align	1
  21              		.global	HAL_InitTick
  22              		.syntax unified
  23              		.thumb
  24              		.thumb_func
  26              	HAL_InitTick:
  27              	.LVL0:
  28              	.LFB335:
   1:Core/Src/stm32h7xx_hal_timebase_tim.c **** /* USER CODE BEGIN Header */
   2:Core/Src/stm32h7xx_hal_timebase_tim.c **** /**
   3:Core/Src/stm32h7xx_hal_timebase_tim.c ****   ******************************************************************************
   4:Core/Src/stm32h7xx_hal_timebase_tim.c ****   * @file    stm32h7xx_hal_timebase_tim.c
   5:Core/Src/stm32h7xx_hal_timebase_tim.c ****   * @brief   HAL time base based on the hardware TIM.
   6:Core/Src/stm32h7xx_hal_timebase_tim.c ****   ******************************************************************************
   7:Core/Src/stm32h7xx_hal_timebase_tim.c ****   * @attention
   8:Core/Src/stm32h7xx_hal_timebase_tim.c ****   *
   9:Core/Src/stm32h7xx_hal_timebase_tim.c ****   * Copyright (c) 2025 STMicroelectronics.
  10:Core/Src/stm32h7xx_hal_timebase_tim.c ****   * All rights reserved.
  11:Core/Src/stm32h7xx_hal_timebase_tim.c ****   *
  12:Core/Src/stm32h7xx_hal_timebase_tim.c ****   * This software is licensed under terms that can be found in the LICENSE file
  13:Core/Src/stm32h7xx_hal_timebase_tim.c ****   * in the root directory of this software component.
  14:Core/Src/stm32h7xx_hal_timebase_tim.c ****   * If no LICENSE file comes with this software, it is provided AS-IS.
  15:Core/Src/stm32h7xx_hal_timebase_tim.c ****   *
  16:Core/Src/stm32h7xx_hal_timebase_tim.c ****   ******************************************************************************
  17:Core/Src/stm32h7xx_hal_timebase_tim.c ****   */
  18:Core/Src/stm32h7xx_hal_timebase_tim.c **** /* USER CODE END Header */
  19:Core/Src/stm32h7xx_hal_timebase_tim.c **** 
  20:Core/Src/stm32h7xx_hal_timebase_tim.c **** /* Includes ------------------------------------------------------------------*/
  21:Core/Src/stm32h7xx_hal_timebase_tim.c **** #include "stm32h7xx_hal.h"
  22:Core/Src/stm32h7xx_hal_timebase_tim.c **** #include "stm32h7xx_hal_tim.h"
  23:Core/Src/stm32h7xx_hal_timebase_tim.c **** 
  24:Core/Src/stm32h7xx_hal_timebase_tim.c **** /* Private typedef -----------------------------------------------------------*/
  25:Core/Src/stm32h7xx_hal_timebase_tim.c **** /* Private define ------------------------------------------------------------*/
  26:Core/Src/stm32h7xx_hal_timebase_tim.c **** /* Private macro -------------------------------------------------------------*/
  27:Core/Src/stm32h7xx_hal_timebase_tim.c **** /* Private variables ---------------------------------------------------------*/
  28:Core/Src/stm32h7xx_hal_timebase_tim.c **** TIM_HandleTypeDef        htim2;
  29:Core/Src/stm32h7xx_hal_timebase_tim.c **** /* Private function prototypes -----------------------------------------------*/
  30:Core/Src/stm32h7xx_hal_timebase_tim.c **** /* Private functions ---------------------------------------------------------*/
ARM GAS  C:\Users\Made\AppData\Local\Temp\ccLik336.s 			page 2


  31:Core/Src/stm32h7xx_hal_timebase_tim.c **** 
  32:Core/Src/stm32h7xx_hal_timebase_tim.c **** /**
  33:Core/Src/stm32h7xx_hal_timebase_tim.c ****   * @brief  This function configures the TIM2 as a time base source.
  34:Core/Src/stm32h7xx_hal_timebase_tim.c ****   *         The time source is configured  to have 1ms time base with a dedicated
  35:Core/Src/stm32h7xx_hal_timebase_tim.c ****   *         Tick interrupt priority.
  36:Core/Src/stm32h7xx_hal_timebase_tim.c ****   * @note   This function is called  automatically at the beginning of program after
  37:Core/Src/stm32h7xx_hal_timebase_tim.c ****   *         reset by HAL_Init() or at any time when clock is configured, by HAL_RCC_ClockConfig().
  38:Core/Src/stm32h7xx_hal_timebase_tim.c ****   * @param  TickPriority: Tick interrupt priority.
  39:Core/Src/stm32h7xx_hal_timebase_tim.c ****   * @retval HAL status
  40:Core/Src/stm32h7xx_hal_timebase_tim.c ****   */
  41:Core/Src/stm32h7xx_hal_timebase_tim.c **** HAL_StatusTypeDef HAL_InitTick(uint32_t TickPriority)
  42:Core/Src/stm32h7xx_hal_timebase_tim.c **** {
  29              		.loc 1 42 1 view -0
  30              		.cfi_startproc
  31              		@ args = 0, pretend = 0, frame = 40
  32              		@ frame_needed = 0, uses_anonymous_args = 0
  43:Core/Src/stm32h7xx_hal_timebase_tim.c ****   RCC_ClkInitTypeDef    clkconfig;
  33              		.loc 1 43 3 view .LVU1
  44:Core/Src/stm32h7xx_hal_timebase_tim.c ****   uint32_t              uwTimclock, uwAPB1Prescaler;
  34              		.loc 1 44 3 view .LVU2
  45:Core/Src/stm32h7xx_hal_timebase_tim.c ****   uint32_t              uwPrescalerValue;
  35              		.loc 1 45 3 view .LVU3
  46:Core/Src/stm32h7xx_hal_timebase_tim.c ****   uint32_t              pFLatency;
  36              		.loc 1 46 3 view .LVU4
  47:Core/Src/stm32h7xx_hal_timebase_tim.c **** 
  48:Core/Src/stm32h7xx_hal_timebase_tim.c ****   /*Configure the TIM2 IRQ priority */
  49:Core/Src/stm32h7xx_hal_timebase_tim.c ****   if (TickPriority < (1UL << __NVIC_PRIO_BITS))
  37              		.loc 1 49 3 view .LVU5
  38              		.loc 1 49 6 is_stmt 0 view .LVU6
  39 0000 0F28     		cmp	r0, #15
  40 0002 01D9     		bls	.L11
  50:Core/Src/stm32h7xx_hal_timebase_tim.c ****    {
  51:Core/Src/stm32h7xx_hal_timebase_tim.c ****      HAL_NVIC_SetPriority(TIM2_IRQn, TickPriority ,0);
  52:Core/Src/stm32h7xx_hal_timebase_tim.c **** 
  53:Core/Src/stm32h7xx_hal_timebase_tim.c ****      /* Enable the TIM2 global Interrupt */
  54:Core/Src/stm32h7xx_hal_timebase_tim.c ****      HAL_NVIC_EnableIRQ(TIM2_IRQn);
  55:Core/Src/stm32h7xx_hal_timebase_tim.c ****      uwTickPrio = TickPriority;
  56:Core/Src/stm32h7xx_hal_timebase_tim.c ****     }
  57:Core/Src/stm32h7xx_hal_timebase_tim.c ****   else
  58:Core/Src/stm32h7xx_hal_timebase_tim.c ****   {
  59:Core/Src/stm32h7xx_hal_timebase_tim.c ****     return HAL_ERROR;
  41              		.loc 1 59 12 view .LVU7
  42 0004 0120     		movs	r0, #1
  43              	.LVL1:
  60:Core/Src/stm32h7xx_hal_timebase_tim.c ****   }
  61:Core/Src/stm32h7xx_hal_timebase_tim.c **** 
  62:Core/Src/stm32h7xx_hal_timebase_tim.c ****   /* Enable TIM2 clock */
  63:Core/Src/stm32h7xx_hal_timebase_tim.c ****   __HAL_RCC_TIM2_CLK_ENABLE();
  64:Core/Src/stm32h7xx_hal_timebase_tim.c **** 
  65:Core/Src/stm32h7xx_hal_timebase_tim.c **** /* Get clock configuration */
  66:Core/Src/stm32h7xx_hal_timebase_tim.c ****   HAL_RCC_GetClockConfig(&clkconfig, &pFLatency);
  67:Core/Src/stm32h7xx_hal_timebase_tim.c **** 
  68:Core/Src/stm32h7xx_hal_timebase_tim.c ****   /* Get APB1 prescaler */
  69:Core/Src/stm32h7xx_hal_timebase_tim.c ****   uwAPB1Prescaler = clkconfig.APB1CLKDivider;
  70:Core/Src/stm32h7xx_hal_timebase_tim.c ****   /* Compute TIM2 clock */
  71:Core/Src/stm32h7xx_hal_timebase_tim.c ****   if (uwAPB1Prescaler == RCC_HCLK_DIV1)
  72:Core/Src/stm32h7xx_hal_timebase_tim.c ****   {
ARM GAS  C:\Users\Made\AppData\Local\Temp\ccLik336.s 			page 3


  73:Core/Src/stm32h7xx_hal_timebase_tim.c ****     uwTimclock = HAL_RCC_GetPCLK1Freq();
  74:Core/Src/stm32h7xx_hal_timebase_tim.c ****   }
  75:Core/Src/stm32h7xx_hal_timebase_tim.c ****   else
  76:Core/Src/stm32h7xx_hal_timebase_tim.c ****   {
  77:Core/Src/stm32h7xx_hal_timebase_tim.c ****     uwTimclock = 2UL * HAL_RCC_GetPCLK1Freq();
  78:Core/Src/stm32h7xx_hal_timebase_tim.c ****   }
  79:Core/Src/stm32h7xx_hal_timebase_tim.c **** 
  80:Core/Src/stm32h7xx_hal_timebase_tim.c ****   /* Compute the prescaler value to have TIM2 counter clock equal to 1MHz */
  81:Core/Src/stm32h7xx_hal_timebase_tim.c ****   uwPrescalerValue = (uint32_t) ((uwTimclock / 1000000U) - 1U);
  82:Core/Src/stm32h7xx_hal_timebase_tim.c **** 
  83:Core/Src/stm32h7xx_hal_timebase_tim.c ****   /* Initialize TIM2 */
  84:Core/Src/stm32h7xx_hal_timebase_tim.c ****   htim2.Instance = TIM2;
  85:Core/Src/stm32h7xx_hal_timebase_tim.c **** 
  86:Core/Src/stm32h7xx_hal_timebase_tim.c ****   /* Initialize TIMx peripheral as follow:
  87:Core/Src/stm32h7xx_hal_timebase_tim.c **** 
  88:Core/Src/stm32h7xx_hal_timebase_tim.c ****   + Period = [(TIM2CLK/1000) - 1]. to have a (1/1000) s time base.
  89:Core/Src/stm32h7xx_hal_timebase_tim.c ****   + Prescaler = (uwTimclock/1000000 - 1) to have a 1MHz counter clock.
  90:Core/Src/stm32h7xx_hal_timebase_tim.c ****   + ClockDivision = 0
  91:Core/Src/stm32h7xx_hal_timebase_tim.c ****   + Counter direction = Up
  92:Core/Src/stm32h7xx_hal_timebase_tim.c ****   */
  93:Core/Src/stm32h7xx_hal_timebase_tim.c ****   htim2.Init.Period = (1000000U / 1000U) - 1U;
  94:Core/Src/stm32h7xx_hal_timebase_tim.c ****   htim2.Init.Prescaler = uwPrescalerValue;
  95:Core/Src/stm32h7xx_hal_timebase_tim.c ****   htim2.Init.ClockDivision = 0;
  96:Core/Src/stm32h7xx_hal_timebase_tim.c ****   htim2.Init.CounterMode = TIM_COUNTERMODE_UP;
  97:Core/Src/stm32h7xx_hal_timebase_tim.c **** 
  98:Core/Src/stm32h7xx_hal_timebase_tim.c ****   if(HAL_TIM_Base_Init(&htim2) == HAL_OK)
  99:Core/Src/stm32h7xx_hal_timebase_tim.c ****   {
 100:Core/Src/stm32h7xx_hal_timebase_tim.c ****     /* Start the TIM time Base generation in interrupt mode */
 101:Core/Src/stm32h7xx_hal_timebase_tim.c ****     return HAL_TIM_Base_Start_IT(&htim2);
 102:Core/Src/stm32h7xx_hal_timebase_tim.c ****   }
 103:Core/Src/stm32h7xx_hal_timebase_tim.c **** 
 104:Core/Src/stm32h7xx_hal_timebase_tim.c ****   /* Return function status */
 105:Core/Src/stm32h7xx_hal_timebase_tim.c ****   return HAL_ERROR;
 106:Core/Src/stm32h7xx_hal_timebase_tim.c **** }
  44              		.loc 1 106 1 view .LVU8
  45 0006 7047     		bx	lr
  46              	.LVL2:
  47              	.L11:
  42:Core/Src/stm32h7xx_hal_timebase_tim.c ****   RCC_ClkInitTypeDef    clkconfig;
  48              		.loc 1 42 1 view .LVU9
  49 0008 10B5     		push	{r4, lr}
  50              	.LCFI0:
  51              		.cfi_def_cfa_offset 8
  52              		.cfi_offset 4, -8
  53              		.cfi_offset 14, -4
  54 000a 8AB0     		sub	sp, sp, #40
  55              	.LCFI1:
  56              		.cfi_def_cfa_offset 48
  57 000c 0446     		mov	r4, r0
  51:Core/Src/stm32h7xx_hal_timebase_tim.c **** 
  58              		.loc 1 51 6 is_stmt 1 view .LVU10
  59 000e 0022     		movs	r2, #0
  60 0010 0146     		mov	r1, r0
  61 0012 1C20     		movs	r0, #28
  62              	.LVL3:
  51:Core/Src/stm32h7xx_hal_timebase_tim.c **** 
  63              		.loc 1 51 6 is_stmt 0 view .LVU11
ARM GAS  C:\Users\Made\AppData\Local\Temp\ccLik336.s 			page 4


  64 0014 FFF7FEFF 		bl	HAL_NVIC_SetPriority
  65              	.LVL4:
  54:Core/Src/stm32h7xx_hal_timebase_tim.c ****      uwTickPrio = TickPriority;
  66              		.loc 1 54 6 is_stmt 1 view .LVU12
  67 0018 1C20     		movs	r0, #28
  68 001a FFF7FEFF 		bl	HAL_NVIC_EnableIRQ
  69              	.LVL5:
  55:Core/Src/stm32h7xx_hal_timebase_tim.c ****     }
  70              		.loc 1 55 6 view .LVU13
  55:Core/Src/stm32h7xx_hal_timebase_tim.c ****     }
  71              		.loc 1 55 17 is_stmt 0 view .LVU14
  72 001e 1B4B     		ldr	r3, .L13
  73 0020 1C60     		str	r4, [r3]
  63:Core/Src/stm32h7xx_hal_timebase_tim.c **** 
  74              		.loc 1 63 3 is_stmt 1 view .LVU15
  75              	.LBB2:
  63:Core/Src/stm32h7xx_hal_timebase_tim.c **** 
  76              		.loc 1 63 3 view .LVU16
  63:Core/Src/stm32h7xx_hal_timebase_tim.c **** 
  77              		.loc 1 63 3 view .LVU17
  78 0022 1B4B     		ldr	r3, .L13+4
  79 0024 D3F8E820 		ldr	r2, [r3, #232]
  80 0028 42F00102 		orr	r2, r2, #1
  81 002c C3F8E820 		str	r2, [r3, #232]
  63:Core/Src/stm32h7xx_hal_timebase_tim.c **** 
  82              		.loc 1 63 3 view .LVU18
  83 0030 D3F8E830 		ldr	r3, [r3, #232]
  84 0034 03F00103 		and	r3, r3, #1
  85 0038 0093     		str	r3, [sp]
  63:Core/Src/stm32h7xx_hal_timebase_tim.c **** 
  86              		.loc 1 63 3 view .LVU19
  87 003a 009B     		ldr	r3, [sp]
  88              	.LBE2:
  63:Core/Src/stm32h7xx_hal_timebase_tim.c **** 
  89              		.loc 1 63 3 view .LVU20
  66:Core/Src/stm32h7xx_hal_timebase_tim.c **** 
  90              		.loc 1 66 3 view .LVU21
  91 003c 01A9     		add	r1, sp, #4
  92 003e 02A8     		add	r0, sp, #8
  93 0040 FFF7FEFF 		bl	HAL_RCC_GetClockConfig
  94              	.LVL6:
  69:Core/Src/stm32h7xx_hal_timebase_tim.c ****   /* Compute TIM2 clock */
  95              		.loc 1 69 3 view .LVU22
  69:Core/Src/stm32h7xx_hal_timebase_tim.c ****   /* Compute TIM2 clock */
  96              		.loc 1 69 19 is_stmt 0 view .LVU23
  97 0044 079B     		ldr	r3, [sp, #28]
  98              	.LVL7:
  71:Core/Src/stm32h7xx_hal_timebase_tim.c ****   {
  99              		.loc 1 71 3 is_stmt 1 view .LVU24
  71:Core/Src/stm32h7xx_hal_timebase_tim.c ****   {
 100              		.loc 1 71 6 is_stmt 0 view .LVU25
 101 0046 C3B9     		cbnz	r3, .L3
  73:Core/Src/stm32h7xx_hal_timebase_tim.c ****   }
 102              		.loc 1 73 5 is_stmt 1 view .LVU26
  73:Core/Src/stm32h7xx_hal_timebase_tim.c ****   }
 103              		.loc 1 73 18 is_stmt 0 view .LVU27
 104 0048 FFF7FEFF 		bl	HAL_RCC_GetPCLK1Freq
ARM GAS  C:\Users\Made\AppData\Local\Temp\ccLik336.s 			page 5


 105              	.LVL8:
  73:Core/Src/stm32h7xx_hal_timebase_tim.c ****   }
 106              		.loc 1 73 18 view .LVU28
 107 004c 0346     		mov	r3, r0
 108              	.LVL9:
 109              	.L4:
  81:Core/Src/stm32h7xx_hal_timebase_tim.c **** 
 110              		.loc 1 81 3 is_stmt 1 view .LVU29
  81:Core/Src/stm32h7xx_hal_timebase_tim.c **** 
 111              		.loc 1 81 46 is_stmt 0 view .LVU30
 112 004e 114A     		ldr	r2, .L13+8
 113 0050 A2FB0323 		umull	r2, r3, r2, r3
 114              	.LVL10:
  81:Core/Src/stm32h7xx_hal_timebase_tim.c **** 
 115              		.loc 1 81 46 view .LVU31
 116 0054 9B0C     		lsrs	r3, r3, #18
  81:Core/Src/stm32h7xx_hal_timebase_tim.c **** 
 117              		.loc 1 81 20 view .LVU32
 118 0056 013B     		subs	r3, r3, #1
 119              	.LVL11:
  84:Core/Src/stm32h7xx_hal_timebase_tim.c **** 
 120              		.loc 1 84 3 is_stmt 1 view .LVU33
  84:Core/Src/stm32h7xx_hal_timebase_tim.c **** 
 121              		.loc 1 84 18 is_stmt 0 view .LVU34
 122 0058 0F48     		ldr	r0, .L13+12
 123 005a 4FF08042 		mov	r2, #1073741824
 124 005e 0260     		str	r2, [r0]
  93:Core/Src/stm32h7xx_hal_timebase_tim.c ****   htim2.Init.Prescaler = uwPrescalerValue;
 125              		.loc 1 93 3 is_stmt 1 view .LVU35
  93:Core/Src/stm32h7xx_hal_timebase_tim.c ****   htim2.Init.Prescaler = uwPrescalerValue;
 126              		.loc 1 93 21 is_stmt 0 view .LVU36
 127 0060 40F2E732 		movw	r2, #999
 128 0064 C260     		str	r2, [r0, #12]
  94:Core/Src/stm32h7xx_hal_timebase_tim.c ****   htim2.Init.ClockDivision = 0;
 129              		.loc 1 94 3 is_stmt 1 view .LVU37
  94:Core/Src/stm32h7xx_hal_timebase_tim.c ****   htim2.Init.ClockDivision = 0;
 130              		.loc 1 94 24 is_stmt 0 view .LVU38
 131 0066 4360     		str	r3, [r0, #4]
  95:Core/Src/stm32h7xx_hal_timebase_tim.c ****   htim2.Init.CounterMode = TIM_COUNTERMODE_UP;
 132              		.loc 1 95 3 is_stmt 1 view .LVU39
  95:Core/Src/stm32h7xx_hal_timebase_tim.c ****   htim2.Init.CounterMode = TIM_COUNTERMODE_UP;
 133              		.loc 1 95 28 is_stmt 0 view .LVU40
 134 0068 0023     		movs	r3, #0
 135              	.LVL12:
  95:Core/Src/stm32h7xx_hal_timebase_tim.c ****   htim2.Init.CounterMode = TIM_COUNTERMODE_UP;
 136              		.loc 1 95 28 view .LVU41
 137 006a 0361     		str	r3, [r0, #16]
  96:Core/Src/stm32h7xx_hal_timebase_tim.c **** 
 138              		.loc 1 96 3 is_stmt 1 view .LVU42
  96:Core/Src/stm32h7xx_hal_timebase_tim.c **** 
 139              		.loc 1 96 26 is_stmt 0 view .LVU43
 140 006c 8360     		str	r3, [r0, #8]
  98:Core/Src/stm32h7xx_hal_timebase_tim.c ****   {
 141              		.loc 1 98 3 is_stmt 1 view .LVU44
  98:Core/Src/stm32h7xx_hal_timebase_tim.c ****   {
 142              		.loc 1 98 6 is_stmt 0 view .LVU45
 143 006e FFF7FEFF 		bl	HAL_TIM_Base_Init
ARM GAS  C:\Users\Made\AppData\Local\Temp\ccLik336.s 			page 6


 144              	.LVL13:
  98:Core/Src/stm32h7xx_hal_timebase_tim.c ****   {
 145              		.loc 1 98 5 discriminator 1 view .LVU46
 146 0072 30B1     		cbz	r0, .L12
 105:Core/Src/stm32h7xx_hal_timebase_tim.c **** }
 147              		.loc 1 105 10 view .LVU47
 148 0074 0120     		movs	r0, #1
 149              	.L2:
 150              		.loc 1 106 1 view .LVU48
 151 0076 0AB0     		add	sp, sp, #40
 152              	.LCFI2:
 153              		.cfi_remember_state
 154              		.cfi_def_cfa_offset 8
 155              		@ sp needed
 156 0078 10BD     		pop	{r4, pc}
 157              	.LVL14:
 158              	.L3:
 159              	.LCFI3:
 160              		.cfi_restore_state
  77:Core/Src/stm32h7xx_hal_timebase_tim.c ****   }
 161              		.loc 1 77 5 is_stmt 1 view .LVU49
  77:Core/Src/stm32h7xx_hal_timebase_tim.c ****   }
 162              		.loc 1 77 24 is_stmt 0 view .LVU50
 163 007a FFF7FEFF 		bl	HAL_RCC_GetPCLK1Freq
 164              	.LVL15:
  77:Core/Src/stm32h7xx_hal_timebase_tim.c ****   }
 165              		.loc 1 77 16 discriminator 1 view .LVU51
 166 007e 4300     		lsls	r3, r0, #1
 167              	.LVL16:
  77:Core/Src/stm32h7xx_hal_timebase_tim.c ****   }
 168              		.loc 1 77 16 discriminator 1 view .LVU52
 169 0080 E5E7     		b	.L4
 170              	.LVL17:
 171              	.L12:
 101:Core/Src/stm32h7xx_hal_timebase_tim.c ****   }
 172              		.loc 1 101 5 is_stmt 1 view .LVU53
 101:Core/Src/stm32h7xx_hal_timebase_tim.c ****   }
 173              		.loc 1 101 12 is_stmt 0 view .LVU54
 174 0082 0548     		ldr	r0, .L13+12
 175 0084 FFF7FEFF 		bl	HAL_TIM_Base_Start_IT
 176              	.LVL18:
 177 0088 F5E7     		b	.L2
 178              	.L14:
 179 008a 00BF     		.align	2
 180              	.L13:
 181 008c 00000000 		.word	uwTickPrio
 182 0090 00440258 		.word	1476543488
 183 0094 83DE1B43 		.word	1125899907
 184 0098 00000000 		.word	htim2
 185              		.cfi_endproc
 186              	.LFE335:
 188              		.section	.text.HAL_SuspendTick,"ax",%progbits
 189              		.align	1
 190              		.global	HAL_SuspendTick
 191              		.syntax unified
 192              		.thumb
 193              		.thumb_func
ARM GAS  C:\Users\Made\AppData\Local\Temp\ccLik336.s 			page 7


 195              	HAL_SuspendTick:
 196              	.LFB336:
 107:Core/Src/stm32h7xx_hal_timebase_tim.c **** 
 108:Core/Src/stm32h7xx_hal_timebase_tim.c **** /**
 109:Core/Src/stm32h7xx_hal_timebase_tim.c ****   * @brief  Suspend Tick increment.
 110:Core/Src/stm32h7xx_hal_timebase_tim.c ****   * @note   Disable the tick increment by disabling TIM2 update interrupt.
 111:Core/Src/stm32h7xx_hal_timebase_tim.c ****   * @param  None
 112:Core/Src/stm32h7xx_hal_timebase_tim.c ****   * @retval None
 113:Core/Src/stm32h7xx_hal_timebase_tim.c ****   */
 114:Core/Src/stm32h7xx_hal_timebase_tim.c **** void HAL_SuspendTick(void)
 115:Core/Src/stm32h7xx_hal_timebase_tim.c **** {
 197              		.loc 1 115 1 is_stmt 1 view -0
 198              		.cfi_startproc
 199              		@ args = 0, pretend = 0, frame = 0
 200              		@ frame_needed = 0, uses_anonymous_args = 0
 201              		@ link register save eliminated.
 116:Core/Src/stm32h7xx_hal_timebase_tim.c ****   /* Disable TIM2 update Interrupt */
 117:Core/Src/stm32h7xx_hal_timebase_tim.c ****   __HAL_TIM_DISABLE_IT(&htim2, TIM_IT_UPDATE);
 202              		.loc 1 117 3 view .LVU56
 203 0000 034B     		ldr	r3, .L16
 204 0002 1A68     		ldr	r2, [r3]
 205 0004 D368     		ldr	r3, [r2, #12]
 206 0006 23F00103 		bic	r3, r3, #1
 207 000a D360     		str	r3, [r2, #12]
 118:Core/Src/stm32h7xx_hal_timebase_tim.c **** }
 208              		.loc 1 118 1 is_stmt 0 view .LVU57
 209 000c 7047     		bx	lr
 210              	.L17:
 211 000e 00BF     		.align	2
 212              	.L16:
 213 0010 00000000 		.word	htim2
 214              		.cfi_endproc
 215              	.LFE336:
 217              		.section	.text.HAL_ResumeTick,"ax",%progbits
 218              		.align	1
 219              		.global	HAL_ResumeTick
 220              		.syntax unified
 221              		.thumb
 222              		.thumb_func
 224              	HAL_ResumeTick:
 225              	.LFB337:
 119:Core/Src/stm32h7xx_hal_timebase_tim.c **** 
 120:Core/Src/stm32h7xx_hal_timebase_tim.c **** /**
 121:Core/Src/stm32h7xx_hal_timebase_tim.c ****   * @brief  Resume Tick increment.
 122:Core/Src/stm32h7xx_hal_timebase_tim.c ****   * @note   Enable the tick increment by Enabling TIM2 update interrupt.
 123:Core/Src/stm32h7xx_hal_timebase_tim.c ****   * @param  None
 124:Core/Src/stm32h7xx_hal_timebase_tim.c ****   * @retval None
 125:Core/Src/stm32h7xx_hal_timebase_tim.c ****   */
 126:Core/Src/stm32h7xx_hal_timebase_tim.c **** void HAL_ResumeTick(void)
 127:Core/Src/stm32h7xx_hal_timebase_tim.c **** {
 226              		.loc 1 127 1 is_stmt 1 view -0
 227              		.cfi_startproc
 228              		@ args = 0, pretend = 0, frame = 0
 229              		@ frame_needed = 0, uses_anonymous_args = 0
 230              		@ link register save eliminated.
 128:Core/Src/stm32h7xx_hal_timebase_tim.c ****   /* Enable TIM2 Update interrupt */
 129:Core/Src/stm32h7xx_hal_timebase_tim.c ****   __HAL_TIM_ENABLE_IT(&htim2, TIM_IT_UPDATE);
ARM GAS  C:\Users\Made\AppData\Local\Temp\ccLik336.s 			page 8


 231              		.loc 1 129 3 view .LVU59
 232 0000 034B     		ldr	r3, .L19
 233 0002 1A68     		ldr	r2, [r3]
 234 0004 D368     		ldr	r3, [r2, #12]
 235 0006 43F00103 		orr	r3, r3, #1
 236 000a D360     		str	r3, [r2, #12]
 130:Core/Src/stm32h7xx_hal_timebase_tim.c **** }
 237              		.loc 1 130 1 is_stmt 0 view .LVU60
 238 000c 7047     		bx	lr
 239              	.L20:
 240 000e 00BF     		.align	2
 241              	.L19:
 242 0010 00000000 		.word	htim2
 243              		.cfi_endproc
 244              	.LFE337:
 246              		.global	htim2
 247              		.section	.bss.htim2,"aw",%nobits
 248              		.align	2
 251              	htim2:
 252 0000 00000000 		.space	76
 252      00000000 
 252      00000000 
 252      00000000 
 252      00000000 
 253              		.text
 254              	.Letext0:
 255              		.file 2 "Drivers/CMSIS/Device/ST/STM32H7xx/Include/stm32h743xx.h"
 256              		.file 3 "C:/Program Files (x86)/Arm GNU Toolchain arm-none-eabi/13.3 rel1/arm-none-eabi/include/ma
 257              		.file 4 "C:/Program Files (x86)/Arm GNU Toolchain arm-none-eabi/13.3 rel1/arm-none-eabi/include/sy
 258              		.file 5 "Drivers/STM32H7xx_HAL_Driver/Inc/stm32h7xx_hal_def.h"
 259              		.file 6 "Drivers/STM32H7xx_HAL_Driver/Inc/stm32h7xx_hal_rcc.h"
 260              		.file 7 "Drivers/STM32H7xx_HAL_Driver/Inc/stm32h7xx_hal_dma.h"
 261              		.file 8 "Drivers/STM32H7xx_HAL_Driver/Inc/stm32h7xx_hal_tim.h"
 262              		.file 9 "Drivers/STM32H7xx_HAL_Driver/Inc/stm32h7xx_hal.h"
 263              		.file 10 "Drivers/STM32H7xx_HAL_Driver/Inc/stm32h7xx_hal_cortex.h"
ARM GAS  C:\Users\Made\AppData\Local\Temp\ccLik336.s 			page 9


DEFINED SYMBOLS
                            *ABS*:00000000 stm32h7xx_hal_timebase_tim.c
C:\Users\Made\AppData\Local\Temp\ccLik336.s:20     .text.HAL_InitTick:00000000 $t
C:\Users\Made\AppData\Local\Temp\ccLik336.s:26     .text.HAL_InitTick:00000000 HAL_InitTick
C:\Users\Made\AppData\Local\Temp\ccLik336.s:181    .text.HAL_InitTick:0000008c $d
C:\Users\Made\AppData\Local\Temp\ccLik336.s:251    .bss.htim2:00000000 htim2
C:\Users\Made\AppData\Local\Temp\ccLik336.s:189    .text.HAL_SuspendTick:00000000 $t
C:\Users\Made\AppData\Local\Temp\ccLik336.s:195    .text.HAL_SuspendTick:00000000 HAL_SuspendTick
C:\Users\Made\AppData\Local\Temp\ccLik336.s:213    .text.HAL_SuspendTick:00000010 $d
C:\Users\Made\AppData\Local\Temp\ccLik336.s:218    .text.HAL_ResumeTick:00000000 $t
C:\Users\Made\AppData\Local\Temp\ccLik336.s:224    .text.HAL_ResumeTick:00000000 HAL_ResumeTick
C:\Users\Made\AppData\Local\Temp\ccLik336.s:242    .text.HAL_ResumeTick:00000010 $d
C:\Users\Made\AppData\Local\Temp\ccLik336.s:248    .bss.htim2:00000000 $d

UNDEFINED SYMBOLS
HAL_NVIC_SetPriority
HAL_NVIC_EnableIRQ
HAL_RCC_GetClockConfig
HAL_RCC_GetPCLK1Freq
HAL_TIM_Base_Init
HAL_TIM_Base_Start_IT
uwTickPrio
