ARM GAS  C:\Users\Made\AppData\Local\Temp\ccP5Kl3T.s 			page 1


   1              		.cpu cortex-m7
   2              		.arch armv7e-m
   3              		.fpu fpv5-d16
   4              		.eabi_attribute 28, 1
   5              		.eabi_attribute 20, 1
   6              		.eabi_attribute 21, 1
   7              		.eabi_attribute 23, 3
   8              		.eabi_attribute 24, 1
   9              		.eabi_attribute 25, 1
  10              		.eabi_attribute 26, 1
  11              		.eabi_attribute 30, 1
  12              		.eabi_attribute 34, 1
  13              		.eabi_attribute 18, 4
  14              		.file	"stm32h7xx_hal_spi_ex.c"
  15              		.text
  16              	.Ltext0:
  17              		.cfi_sections	.debug_frame
  18              		.file 1 "Drivers/STM32H7xx_HAL_Driver/Src/stm32h7xx_hal_spi_ex.c"
  19              		.section	.text.HAL_SPIEx_FlushRxFifo,"ax",%progbits
  20              		.align	1
  21              		.global	HAL_SPIEx_FlushRxFifo
  22              		.syntax unified
  23              		.thumb
  24              		.thumb_func
  26              	HAL_SPIEx_FlushRxFifo:
  27              	.LVL0:
  28              	.LFB335:
   1:Drivers/STM32H7xx_HAL_Driver/Src/stm32h7xx_hal_spi_ex.c **** /**
   2:Drivers/STM32H7xx_HAL_Driver/Src/stm32h7xx_hal_spi_ex.c ****   ******************************************************************************
   3:Drivers/STM32H7xx_HAL_Driver/Src/stm32h7xx_hal_spi_ex.c ****   * @file    stm32h7xx_hal_spi_ex.c
   4:Drivers/STM32H7xx_HAL_Driver/Src/stm32h7xx_hal_spi_ex.c ****   * @author  MCD Application Team
   5:Drivers/STM32H7xx_HAL_Driver/Src/stm32h7xx_hal_spi_ex.c ****   * @brief   Extended SPI HAL module driver.
   6:Drivers/STM32H7xx_HAL_Driver/Src/stm32h7xx_hal_spi_ex.c ****   *          This file provides firmware functions to manage the following
   7:Drivers/STM32H7xx_HAL_Driver/Src/stm32h7xx_hal_spi_ex.c ****   *          SPI peripheral extended functionalities :
   8:Drivers/STM32H7xx_HAL_Driver/Src/stm32h7xx_hal_spi_ex.c ****   *           + IO operation functions
   9:Drivers/STM32H7xx_HAL_Driver/Src/stm32h7xx_hal_spi_ex.c ****   *           + Peripheral Control functions
  10:Drivers/STM32H7xx_HAL_Driver/Src/stm32h7xx_hal_spi_ex.c ****   *
  11:Drivers/STM32H7xx_HAL_Driver/Src/stm32h7xx_hal_spi_ex.c ****   ******************************************************************************
  12:Drivers/STM32H7xx_HAL_Driver/Src/stm32h7xx_hal_spi_ex.c ****   * @attention
  13:Drivers/STM32H7xx_HAL_Driver/Src/stm32h7xx_hal_spi_ex.c ****   *
  14:Drivers/STM32H7xx_HAL_Driver/Src/stm32h7xx_hal_spi_ex.c ****   * Copyright (c) 2017 STMicroelectronics.
  15:Drivers/STM32H7xx_HAL_Driver/Src/stm32h7xx_hal_spi_ex.c ****   * All rights reserved.
  16:Drivers/STM32H7xx_HAL_Driver/Src/stm32h7xx_hal_spi_ex.c ****   *
  17:Drivers/STM32H7xx_HAL_Driver/Src/stm32h7xx_hal_spi_ex.c ****   * This software is licensed under terms that can be found in the LICENSE file
  18:Drivers/STM32H7xx_HAL_Driver/Src/stm32h7xx_hal_spi_ex.c ****   * in the root directory of this software component.
  19:Drivers/STM32H7xx_HAL_Driver/Src/stm32h7xx_hal_spi_ex.c ****   * If no LICENSE file comes with this software, it is provided AS-IS.
  20:Drivers/STM32H7xx_HAL_Driver/Src/stm32h7xx_hal_spi_ex.c ****   *
  21:Drivers/STM32H7xx_HAL_Driver/Src/stm32h7xx_hal_spi_ex.c ****   ******************************************************************************
  22:Drivers/STM32H7xx_HAL_Driver/Src/stm32h7xx_hal_spi_ex.c ****   */
  23:Drivers/STM32H7xx_HAL_Driver/Src/stm32h7xx_hal_spi_ex.c **** 
  24:Drivers/STM32H7xx_HAL_Driver/Src/stm32h7xx_hal_spi_ex.c **** /* Includes ------------------------------------------------------------------*/
  25:Drivers/STM32H7xx_HAL_Driver/Src/stm32h7xx_hal_spi_ex.c **** #include "stm32h7xx_hal.h"
  26:Drivers/STM32H7xx_HAL_Driver/Src/stm32h7xx_hal_spi_ex.c **** 
  27:Drivers/STM32H7xx_HAL_Driver/Src/stm32h7xx_hal_spi_ex.c **** /** @addtogroup STM32H7xx_HAL_Driver
  28:Drivers/STM32H7xx_HAL_Driver/Src/stm32h7xx_hal_spi_ex.c ****   * @{
  29:Drivers/STM32H7xx_HAL_Driver/Src/stm32h7xx_hal_spi_ex.c ****   */
  30:Drivers/STM32H7xx_HAL_Driver/Src/stm32h7xx_hal_spi_ex.c **** 
ARM GAS  C:\Users\Made\AppData\Local\Temp\ccP5Kl3T.s 			page 2


  31:Drivers/STM32H7xx_HAL_Driver/Src/stm32h7xx_hal_spi_ex.c **** /** @defgroup SPIEx SPIEx
  32:Drivers/STM32H7xx_HAL_Driver/Src/stm32h7xx_hal_spi_ex.c ****   * @brief SPI Extended HAL module driver
  33:Drivers/STM32H7xx_HAL_Driver/Src/stm32h7xx_hal_spi_ex.c ****   * @{
  34:Drivers/STM32H7xx_HAL_Driver/Src/stm32h7xx_hal_spi_ex.c ****   */
  35:Drivers/STM32H7xx_HAL_Driver/Src/stm32h7xx_hal_spi_ex.c **** #ifdef HAL_SPI_MODULE_ENABLED
  36:Drivers/STM32H7xx_HAL_Driver/Src/stm32h7xx_hal_spi_ex.c **** 
  37:Drivers/STM32H7xx_HAL_Driver/Src/stm32h7xx_hal_spi_ex.c **** /* Private typedef -----------------------------------------------------------*/
  38:Drivers/STM32H7xx_HAL_Driver/Src/stm32h7xx_hal_spi_ex.c **** /* Private defines -----------------------------------------------------------*/
  39:Drivers/STM32H7xx_HAL_Driver/Src/stm32h7xx_hal_spi_ex.c **** /* Private macros ------------------------------------------------------------*/
  40:Drivers/STM32H7xx_HAL_Driver/Src/stm32h7xx_hal_spi_ex.c **** /* Private variables ---------------------------------------------------------*/
  41:Drivers/STM32H7xx_HAL_Driver/Src/stm32h7xx_hal_spi_ex.c **** /* Private function prototypes -----------------------------------------------*/
  42:Drivers/STM32H7xx_HAL_Driver/Src/stm32h7xx_hal_spi_ex.c **** /* Exported functions --------------------------------------------------------*/
  43:Drivers/STM32H7xx_HAL_Driver/Src/stm32h7xx_hal_spi_ex.c **** 
  44:Drivers/STM32H7xx_HAL_Driver/Src/stm32h7xx_hal_spi_ex.c **** /** @defgroup SPIEx_Exported_Functions SPIEx Exported Functions
  45:Drivers/STM32H7xx_HAL_Driver/Src/stm32h7xx_hal_spi_ex.c ****   * @{
  46:Drivers/STM32H7xx_HAL_Driver/Src/stm32h7xx_hal_spi_ex.c ****   */
  47:Drivers/STM32H7xx_HAL_Driver/Src/stm32h7xx_hal_spi_ex.c **** 
  48:Drivers/STM32H7xx_HAL_Driver/Src/stm32h7xx_hal_spi_ex.c **** /** @defgroup SPIEx_Exported_Functions_Group1 IO operation functions
  49:Drivers/STM32H7xx_HAL_Driver/Src/stm32h7xx_hal_spi_ex.c ****   *  @brief   Data transfers functions
  50:Drivers/STM32H7xx_HAL_Driver/Src/stm32h7xx_hal_spi_ex.c ****   *
  51:Drivers/STM32H7xx_HAL_Driver/Src/stm32h7xx_hal_spi_ex.c **** @verbatim
  52:Drivers/STM32H7xx_HAL_Driver/Src/stm32h7xx_hal_spi_ex.c ****   ==============================================================================
  53:Drivers/STM32H7xx_HAL_Driver/Src/stm32h7xx_hal_spi_ex.c ****                       ##### IO operation functions #####
  54:Drivers/STM32H7xx_HAL_Driver/Src/stm32h7xx_hal_spi_ex.c ****  ===============================================================================
  55:Drivers/STM32H7xx_HAL_Driver/Src/stm32h7xx_hal_spi_ex.c ****  [..]
  56:Drivers/STM32H7xx_HAL_Driver/Src/stm32h7xx_hal_spi_ex.c ****     This subsection provides a set of extended functions to manage the SPI
  57:Drivers/STM32H7xx_HAL_Driver/Src/stm32h7xx_hal_spi_ex.c ****     data transfers.
  58:Drivers/STM32H7xx_HAL_Driver/Src/stm32h7xx_hal_spi_ex.c **** 
  59:Drivers/STM32H7xx_HAL_Driver/Src/stm32h7xx_hal_spi_ex.c ****     (#) SPIEx function:
  60:Drivers/STM32H7xx_HAL_Driver/Src/stm32h7xx_hal_spi_ex.c ****         (++) HAL_SPIEx_FlushRxFifo()
  61:Drivers/STM32H7xx_HAL_Driver/Src/stm32h7xx_hal_spi_ex.c ****         (++) HAL_SPIEx_EnableLockConfiguration()
  62:Drivers/STM32H7xx_HAL_Driver/Src/stm32h7xx_hal_spi_ex.c ****         (++) HAL_SPIEx_ConfigureUnderrun()
  63:Drivers/STM32H7xx_HAL_Driver/Src/stm32h7xx_hal_spi_ex.c **** 
  64:Drivers/STM32H7xx_HAL_Driver/Src/stm32h7xx_hal_spi_ex.c **** @endverbatim
  65:Drivers/STM32H7xx_HAL_Driver/Src/stm32h7xx_hal_spi_ex.c ****   * @{
  66:Drivers/STM32H7xx_HAL_Driver/Src/stm32h7xx_hal_spi_ex.c ****   */
  67:Drivers/STM32H7xx_HAL_Driver/Src/stm32h7xx_hal_spi_ex.c **** 
  68:Drivers/STM32H7xx_HAL_Driver/Src/stm32h7xx_hal_spi_ex.c **** /**
  69:Drivers/STM32H7xx_HAL_Driver/Src/stm32h7xx_hal_spi_ex.c ****   * @brief Flush the RX fifo.
  70:Drivers/STM32H7xx_HAL_Driver/Src/stm32h7xx_hal_spi_ex.c ****   * @param  hspi: pointer to a SPI_HandleTypeDef structure that contains
  71:Drivers/STM32H7xx_HAL_Driver/Src/stm32h7xx_hal_spi_ex.c ****   *               the configuration information for the specified SPI module.
  72:Drivers/STM32H7xx_HAL_Driver/Src/stm32h7xx_hal_spi_ex.c ****   * @retval HAL status
  73:Drivers/STM32H7xx_HAL_Driver/Src/stm32h7xx_hal_spi_ex.c ****   */
  74:Drivers/STM32H7xx_HAL_Driver/Src/stm32h7xx_hal_spi_ex.c **** HAL_StatusTypeDef HAL_SPIEx_FlushRxFifo(const SPI_HandleTypeDef *hspi)
  75:Drivers/STM32H7xx_HAL_Driver/Src/stm32h7xx_hal_spi_ex.c **** {
  29              		.loc 1 75 1 view -0
  30              		.cfi_startproc
  31              		@ args = 0, pretend = 0, frame = 8
  32              		@ frame_needed = 0, uses_anonymous_args = 0
  33              		@ link register save eliminated.
  34              		.loc 1 75 1 is_stmt 0 view .LVU1
  35 0000 10B4     		push	{r4}
  36              	.LCFI0:
  37              		.cfi_def_cfa_offset 4
  38              		.cfi_offset 4, -4
  39 0002 83B0     		sub	sp, sp, #12
  40              	.LCFI1:
ARM GAS  C:\Users\Made\AppData\Local\Temp\ccP5Kl3T.s 			page 3


  41              		.cfi_def_cfa_offset 16
  76:Drivers/STM32H7xx_HAL_Driver/Src/stm32h7xx_hal_spi_ex.c ****   uint8_t  count  = 0;
  42              		.loc 1 76 3 is_stmt 1 view .LVU2
  43              	.LVL1:
  77:Drivers/STM32H7xx_HAL_Driver/Src/stm32h7xx_hal_spi_ex.c ****   uint32_t itflag = hspi->Instance->SR;
  44              		.loc 1 77 3 view .LVU3
  45              		.loc 1 77 25 is_stmt 0 view .LVU4
  46 0004 0268     		ldr	r2, [r0]
  47              		.loc 1 77 12 view .LVU5
  48 0006 5469     		ldr	r4, [r2, #20]
  49              	.LVL2:
  78:Drivers/STM32H7xx_HAL_Driver/Src/stm32h7xx_hal_spi_ex.c ****   __IO uint32_t tmpreg;
  50              		.loc 1 78 3 is_stmt 1 view .LVU6
  79:Drivers/STM32H7xx_HAL_Driver/Src/stm32h7xx_hal_spi_ex.c **** 
  80:Drivers/STM32H7xx_HAL_Driver/Src/stm32h7xx_hal_spi_ex.c ****   while (((hspi->Instance->SR & SPI_FLAG_FRLVL) !=  SPI_RX_FIFO_0PACKET) || ((itflag & SPI_FLAG_RXW
  51              		.loc 1 80 3 view .LVU7
  76:Drivers/STM32H7xx_HAL_Driver/Src/stm32h7xx_hal_spi_ex.c ****   uint32_t itflag = hspi->Instance->SR;
  52              		.loc 1 76 12 is_stmt 0 view .LVU8
  53 0008 0023     		movs	r3, #0
  54              		.loc 1 80 9 view .LVU9
  55 000a 01E0     		b	.L2
  56              	.LVL3:
  57              	.L3:
  81:Drivers/STM32H7xx_HAL_Driver/Src/stm32h7xx_hal_spi_ex.c ****   {
  82:Drivers/STM32H7xx_HAL_Driver/Src/stm32h7xx_hal_spi_ex.c ****     count += (uint8_t)4UL;
  83:Drivers/STM32H7xx_HAL_Driver/Src/stm32h7xx_hal_spi_ex.c ****     tmpreg = hspi->Instance->RXDR;
  84:Drivers/STM32H7xx_HAL_Driver/Src/stm32h7xx_hal_spi_ex.c ****     UNUSED(tmpreg); /* To avoid GCC warning */
  85:Drivers/STM32H7xx_HAL_Driver/Src/stm32h7xx_hal_spi_ex.c **** 
  86:Drivers/STM32H7xx_HAL_Driver/Src/stm32h7xx_hal_spi_ex.c ****     if (IS_SPI_HIGHEND_INSTANCE(hspi->Instance))
  87:Drivers/STM32H7xx_HAL_Driver/Src/stm32h7xx_hal_spi_ex.c ****     {
  88:Drivers/STM32H7xx_HAL_Driver/Src/stm32h7xx_hal_spi_ex.c ****       if (count > SPI_HIGHEND_FIFO_SIZE)
  58              		.loc 1 88 7 is_stmt 1 view .LVU10
  59              		.loc 1 88 10 is_stmt 0 view .LVU11
  60 000c 102B     		cmp	r3, #16
  61 000e 1BD8     		bhi	.L10
  62              	.LVL4:
  63              	.L2:
  80:Drivers/STM32H7xx_HAL_Driver/Src/stm32h7xx_hal_spi_ex.c ****   {
  64              		.loc 1 80 74 is_stmt 1 view .LVU12
  80:Drivers/STM32H7xx_HAL_Driver/Src/stm32h7xx_hal_spi_ex.c ****   {
  65              		.loc 1 80 26 is_stmt 0 view .LVU13
  66 0010 5169     		ldr	r1, [r2, #20]
  80:Drivers/STM32H7xx_HAL_Driver/Src/stm32h7xx_hal_spi_ex.c ****   {
  67              		.loc 1 80 74 view .LVU14
  68 0012 11F4C04F 		tst	r1, #24576
  69 0016 02D1     		bne	.L6
  80:Drivers/STM32H7xx_HAL_Driver/Src/stm32h7xx_hal_spi_ex.c ****   {
  70              		.loc 1 80 74 discriminator 1 view .LVU15
  71 0018 14F4004F 		tst	r4, #32768
  72 001c 12D0     		beq	.L11
  73              	.L6:
  82:Drivers/STM32H7xx_HAL_Driver/Src/stm32h7xx_hal_spi_ex.c ****     tmpreg = hspi->Instance->RXDR;
  74              		.loc 1 82 5 is_stmt 1 view .LVU16
  82:Drivers/STM32H7xx_HAL_Driver/Src/stm32h7xx_hal_spi_ex.c ****     tmpreg = hspi->Instance->RXDR;
  75              		.loc 1 82 11 is_stmt 0 view .LVU17
  76 001e 0433     		adds	r3, r3, #4
  77              	.LVL5:
ARM GAS  C:\Users\Made\AppData\Local\Temp\ccP5Kl3T.s 			page 4


  82:Drivers/STM32H7xx_HAL_Driver/Src/stm32h7xx_hal_spi_ex.c ****     tmpreg = hspi->Instance->RXDR;
  78              		.loc 1 82 11 view .LVU18
  79 0020 DBB2     		uxtb	r3, r3
  80              	.LVL6:
  83:Drivers/STM32H7xx_HAL_Driver/Src/stm32h7xx_hal_spi_ex.c ****     UNUSED(tmpreg); /* To avoid GCC warning */
  81              		.loc 1 83 5 is_stmt 1 view .LVU19
  83:Drivers/STM32H7xx_HAL_Driver/Src/stm32h7xx_hal_spi_ex.c ****     UNUSED(tmpreg); /* To avoid GCC warning */
  82              		.loc 1 83 28 is_stmt 0 view .LVU20
  83 0022 116B     		ldr	r1, [r2, #48]
  83:Drivers/STM32H7xx_HAL_Driver/Src/stm32h7xx_hal_spi_ex.c ****     UNUSED(tmpreg); /* To avoid GCC warning */
  84              		.loc 1 83 12 view .LVU21
  85 0024 0191     		str	r1, [sp, #4]
  84:Drivers/STM32H7xx_HAL_Driver/Src/stm32h7xx_hal_spi_ex.c **** 
  86              		.loc 1 84 5 is_stmt 1 view .LVU22
  87 0026 0199     		ldr	r1, [sp, #4]
  86:Drivers/STM32H7xx_HAL_Driver/Src/stm32h7xx_hal_spi_ex.c ****     {
  88              		.loc 1 86 5 view .LVU23
  86:Drivers/STM32H7xx_HAL_Driver/Src/stm32h7xx_hal_spi_ex.c ****     {
  89              		.loc 1 86 8 is_stmt 0 view .LVU24
  90 0028 0A48     		ldr	r0, .L12
  91 002a 0B49     		ldr	r1, .L12+4
  92 002c 8A42     		cmp	r2, r1
  93 002e 18BF     		it	ne
  94 0030 8242     		cmpne	r2, r0
  95 0032 EBD0     		beq	.L3
  86:Drivers/STM32H7xx_HAL_Driver/Src/stm32h7xx_hal_spi_ex.c ****     {
  96              		.loc 1 86 9 discriminator 1 view .LVU25
  97 0034 01F58061 		add	r1, r1, #1024
  98 0038 8A42     		cmp	r2, r1
  99 003a E7D0     		beq	.L3
  89:Drivers/STM32H7xx_HAL_Driver/Src/stm32h7xx_hal_spi_ex.c ****       {
  90:Drivers/STM32H7xx_HAL_Driver/Src/stm32h7xx_hal_spi_ex.c ****         return HAL_TIMEOUT;
  91:Drivers/STM32H7xx_HAL_Driver/Src/stm32h7xx_hal_spi_ex.c ****       }
  92:Drivers/STM32H7xx_HAL_Driver/Src/stm32h7xx_hal_spi_ex.c ****     }
  93:Drivers/STM32H7xx_HAL_Driver/Src/stm32h7xx_hal_spi_ex.c ****     else
  94:Drivers/STM32H7xx_HAL_Driver/Src/stm32h7xx_hal_spi_ex.c ****     {
  95:Drivers/STM32H7xx_HAL_Driver/Src/stm32h7xx_hal_spi_ex.c ****       if (count > SPI_LOWEND_FIFO_SIZE)
 100              		.loc 1 95 7 is_stmt 1 view .LVU26
 101              		.loc 1 95 10 is_stmt 0 view .LVU27
 102 003c 082B     		cmp	r3, #8
 103 003e E7D9     		bls	.L2
  96:Drivers/STM32H7xx_HAL_Driver/Src/stm32h7xx_hal_spi_ex.c ****       {
  97:Drivers/STM32H7xx_HAL_Driver/Src/stm32h7xx_hal_spi_ex.c ****         return HAL_TIMEOUT;
 104              		.loc 1 97 16 view .LVU28
 105 0040 0320     		movs	r0, #3
 106 0042 02E0     		b	.L5
 107              	.L11:
  98:Drivers/STM32H7xx_HAL_Driver/Src/stm32h7xx_hal_spi_ex.c ****       }
  99:Drivers/STM32H7xx_HAL_Driver/Src/stm32h7xx_hal_spi_ex.c ****     }
 100:Drivers/STM32H7xx_HAL_Driver/Src/stm32h7xx_hal_spi_ex.c ****   }
 101:Drivers/STM32H7xx_HAL_Driver/Src/stm32h7xx_hal_spi_ex.c ****   return HAL_OK;
 108              		.loc 1 101 10 view .LVU29
 109 0044 0020     		movs	r0, #0
 110 0046 00E0     		b	.L5
 111              	.L10:
  90:Drivers/STM32H7xx_HAL_Driver/Src/stm32h7xx_hal_spi_ex.c ****       }
 112              		.loc 1 90 16 view .LVU30
ARM GAS  C:\Users\Made\AppData\Local\Temp\ccP5Kl3T.s 			page 5


 113 0048 0320     		movs	r0, #3
 114              	.L5:
 102:Drivers/STM32H7xx_HAL_Driver/Src/stm32h7xx_hal_spi_ex.c **** }
 115              		.loc 1 102 1 view .LVU31
 116 004a 03B0     		add	sp, sp, #12
 117              	.LCFI2:
 118              		.cfi_def_cfa_offset 4
 119              		@ sp needed
 120 004c 5DF8044B 		ldr	r4, [sp], #4
 121              	.LCFI3:
 122              		.cfi_restore 4
 123              		.cfi_def_cfa_offset 0
 124              	.LVL7:
 125              		.loc 1 102 1 view .LVU32
 126 0050 7047     		bx	lr
 127              	.L13:
 128 0052 00BF     		.align	2
 129              	.L12:
 130 0054 00300140 		.word	1073819648
 131 0058 00380040 		.word	1073756160
 132              		.cfi_endproc
 133              	.LFE335:
 135              		.section	.text.HAL_SPIEx_EnableLockConfiguration,"ax",%progbits
 136              		.align	1
 137              		.global	HAL_SPIEx_EnableLockConfiguration
 138              		.syntax unified
 139              		.thumb
 140              		.thumb_func
 142              	HAL_SPIEx_EnableLockConfiguration:
 143              	.LVL8:
 144              	.LFB336:
 103:Drivers/STM32H7xx_HAL_Driver/Src/stm32h7xx_hal_spi_ex.c **** 
 104:Drivers/STM32H7xx_HAL_Driver/Src/stm32h7xx_hal_spi_ex.c **** 
 105:Drivers/STM32H7xx_HAL_Driver/Src/stm32h7xx_hal_spi_ex.c **** /**
 106:Drivers/STM32H7xx_HAL_Driver/Src/stm32h7xx_hal_spi_ex.c ****   * @brief  Enable the Lock for the AF configuration of associated IOs
 107:Drivers/STM32H7xx_HAL_Driver/Src/stm32h7xx_hal_spi_ex.c ****   *         and write protect the Content of Configuration register 2
 108:Drivers/STM32H7xx_HAL_Driver/Src/stm32h7xx_hal_spi_ex.c ****   *         when SPI is enabled
 109:Drivers/STM32H7xx_HAL_Driver/Src/stm32h7xx_hal_spi_ex.c ****   * @param  hspi: pointer to a SPI_HandleTypeDef structure that contains
 110:Drivers/STM32H7xx_HAL_Driver/Src/stm32h7xx_hal_spi_ex.c ****   *               the configuration information for SPI module.
 111:Drivers/STM32H7xx_HAL_Driver/Src/stm32h7xx_hal_spi_ex.c ****   * @retval None
 112:Drivers/STM32H7xx_HAL_Driver/Src/stm32h7xx_hal_spi_ex.c ****   */
 113:Drivers/STM32H7xx_HAL_Driver/Src/stm32h7xx_hal_spi_ex.c **** HAL_StatusTypeDef HAL_SPIEx_EnableLockConfiguration(SPI_HandleTypeDef *hspi)
 114:Drivers/STM32H7xx_HAL_Driver/Src/stm32h7xx_hal_spi_ex.c **** {
 145              		.loc 1 114 1 is_stmt 1 view -0
 146              		.cfi_startproc
 147              		@ args = 0, pretend = 0, frame = 0
 148              		@ frame_needed = 0, uses_anonymous_args = 0
 149              		@ link register save eliminated.
 150              		.loc 1 114 1 is_stmt 0 view .LVU34
 151 0000 0346     		mov	r3, r0
 115:Drivers/STM32H7xx_HAL_Driver/Src/stm32h7xx_hal_spi_ex.c ****   HAL_StatusTypeDef errorcode = HAL_OK;
 152              		.loc 1 115 3 is_stmt 1 view .LVU35
 153              	.LVL9:
 116:Drivers/STM32H7xx_HAL_Driver/Src/stm32h7xx_hal_spi_ex.c **** 
 117:Drivers/STM32H7xx_HAL_Driver/Src/stm32h7xx_hal_spi_ex.c ****   /* Process Locked */
 118:Drivers/STM32H7xx_HAL_Driver/Src/stm32h7xx_hal_spi_ex.c ****   __HAL_LOCK(hspi);
 154              		.loc 1 118 3 view .LVU36
ARM GAS  C:\Users\Made\AppData\Local\Temp\ccP5Kl3T.s 			page 6


 155              		.loc 1 118 3 view .LVU37
 156 0002 90F88020 		ldrb	r2, [r0, #128]	@ zero_extendqisi2
 157 0006 012A     		cmp	r2, #1
 158 0008 2ED0     		beq	.L19
 159              		.loc 1 118 3 discriminator 2 view .LVU38
 160 000a 0122     		movs	r2, #1
 161 000c 80F88020 		strb	r2, [r0, #128]
 162              		.loc 1 118 3 discriminator 2 view .LVU39
 119:Drivers/STM32H7xx_HAL_Driver/Src/stm32h7xx_hal_spi_ex.c **** 
 120:Drivers/STM32H7xx_HAL_Driver/Src/stm32h7xx_hal_spi_ex.c ****   if (hspi->State != HAL_SPI_STATE_READY)
 163              		.loc 1 120 3 view .LVU40
 164              		.loc 1 120 11 is_stmt 0 view .LVU41
 165 0010 90F88120 		ldrb	r2, [r0, #129]	@ zero_extendqisi2
 166 0014 D2B2     		uxtb	r2, r2
 167              		.loc 1 120 6 view .LVU42
 168 0016 012A     		cmp	r2, #1
 169 0018 0FD1     		bne	.L20
 121:Drivers/STM32H7xx_HAL_Driver/Src/stm32h7xx_hal_spi_ex.c ****   {
 122:Drivers/STM32H7xx_HAL_Driver/Src/stm32h7xx_hal_spi_ex.c ****     errorcode = HAL_BUSY;
 123:Drivers/STM32H7xx_HAL_Driver/Src/stm32h7xx_hal_spi_ex.c ****     hspi->State = HAL_SPI_STATE_READY;
 124:Drivers/STM32H7xx_HAL_Driver/Src/stm32h7xx_hal_spi_ex.c ****     /* Process Unlocked */
 125:Drivers/STM32H7xx_HAL_Driver/Src/stm32h7xx_hal_spi_ex.c ****     __HAL_UNLOCK(hspi);
 126:Drivers/STM32H7xx_HAL_Driver/Src/stm32h7xx_hal_spi_ex.c ****     return errorcode;
 127:Drivers/STM32H7xx_HAL_Driver/Src/stm32h7xx_hal_spi_ex.c ****   }
 128:Drivers/STM32H7xx_HAL_Driver/Src/stm32h7xx_hal_spi_ex.c **** 
 129:Drivers/STM32H7xx_HAL_Driver/Src/stm32h7xx_hal_spi_ex.c ****   /* Check if the SPI is disabled to edit IOLOCK bit */
 130:Drivers/STM32H7xx_HAL_Driver/Src/stm32h7xx_hal_spi_ex.c ****   if ((hspi->Instance->CR1 & SPI_CR1_SPE) != SPI_CR1_SPE)
 170              		.loc 1 130 3 is_stmt 1 view .LVU43
 171              		.loc 1 130 12 is_stmt 0 view .LVU44
 172 001a 0268     		ldr	r2, [r0]
 173              		.loc 1 130 22 view .LVU45
 174 001c 1168     		ldr	r1, [r2]
 175              		.loc 1 130 6 view .LVU46
 176 001e 11F0010F 		tst	r1, #1
 177 0022 12D1     		bne	.L17
 131:Drivers/STM32H7xx_HAL_Driver/Src/stm32h7xx_hal_spi_ex.c ****   {
 132:Drivers/STM32H7xx_HAL_Driver/Src/stm32h7xx_hal_spi_ex.c ****     SET_BIT(hspi->Instance->CR1, SPI_CR1_IOLOCK);
 178              		.loc 1 132 5 is_stmt 1 view .LVU47
 179 0024 1168     		ldr	r1, [r2]
 180 0026 41F48031 		orr	r1, r1, #65536
 181 002a 1160     		str	r1, [r2]
 182              	.L18:
 133:Drivers/STM32H7xx_HAL_Driver/Src/stm32h7xx_hal_spi_ex.c ****   }
 134:Drivers/STM32H7xx_HAL_Driver/Src/stm32h7xx_hal_spi_ex.c ****   else
 135:Drivers/STM32H7xx_HAL_Driver/Src/stm32h7xx_hal_spi_ex.c ****   {
 136:Drivers/STM32H7xx_HAL_Driver/Src/stm32h7xx_hal_spi_ex.c ****     /* Disable SPI peripheral */
 137:Drivers/STM32H7xx_HAL_Driver/Src/stm32h7xx_hal_spi_ex.c ****     __HAL_SPI_DISABLE(hspi);
 138:Drivers/STM32H7xx_HAL_Driver/Src/stm32h7xx_hal_spi_ex.c **** 
 139:Drivers/STM32H7xx_HAL_Driver/Src/stm32h7xx_hal_spi_ex.c ****     SET_BIT(hspi->Instance->CR1, SPI_CR1_IOLOCK);
 140:Drivers/STM32H7xx_HAL_Driver/Src/stm32h7xx_hal_spi_ex.c **** 
 141:Drivers/STM32H7xx_HAL_Driver/Src/stm32h7xx_hal_spi_ex.c ****     /* Enable SPI peripheral */
 142:Drivers/STM32H7xx_HAL_Driver/Src/stm32h7xx_hal_spi_ex.c ****     __HAL_SPI_ENABLE(hspi);
 143:Drivers/STM32H7xx_HAL_Driver/Src/stm32h7xx_hal_spi_ex.c ****   }
 144:Drivers/STM32H7xx_HAL_Driver/Src/stm32h7xx_hal_spi_ex.c **** 
 145:Drivers/STM32H7xx_HAL_Driver/Src/stm32h7xx_hal_spi_ex.c ****   hspi->State = HAL_SPI_STATE_READY;
 183              		.loc 1 145 3 view .LVU48
 184              		.loc 1 145 15 is_stmt 0 view .LVU49
ARM GAS  C:\Users\Made\AppData\Local\Temp\ccP5Kl3T.s 			page 7


 185 002c 0122     		movs	r2, #1
 186 002e 83F88120 		strb	r2, [r3, #129]
 146:Drivers/STM32H7xx_HAL_Driver/Src/stm32h7xx_hal_spi_ex.c ****   /* Process Unlocked */
 147:Drivers/STM32H7xx_HAL_Driver/Src/stm32h7xx_hal_spi_ex.c ****   __HAL_UNLOCK(hspi);
 187              		.loc 1 147 3 is_stmt 1 view .LVU50
 188              		.loc 1 147 3 view .LVU51
 189 0032 0020     		movs	r0, #0
 190              	.LVL10:
 191              		.loc 1 147 3 is_stmt 0 view .LVU52
 192 0034 83F88000 		strb	r0, [r3, #128]
 193              		.loc 1 147 3 is_stmt 1 view .LVU53
 148:Drivers/STM32H7xx_HAL_Driver/Src/stm32h7xx_hal_spi_ex.c ****   return errorcode;
 194              		.loc 1 148 3 view .LVU54
 195              		.loc 1 148 10 is_stmt 0 view .LVU55
 196 0038 7047     		bx	lr
 197              	.LVL11:
 198              	.L20:
 122:Drivers/STM32H7xx_HAL_Driver/Src/stm32h7xx_hal_spi_ex.c ****     hspi->State = HAL_SPI_STATE_READY;
 199              		.loc 1 122 5 is_stmt 1 view .LVU56
 123:Drivers/STM32H7xx_HAL_Driver/Src/stm32h7xx_hal_spi_ex.c ****     /* Process Unlocked */
 200              		.loc 1 123 5 view .LVU57
 123:Drivers/STM32H7xx_HAL_Driver/Src/stm32h7xx_hal_spi_ex.c ****     /* Process Unlocked */
 201              		.loc 1 123 17 is_stmt 0 view .LVU58
 202 003a 0122     		movs	r2, #1
 203 003c 80F88120 		strb	r2, [r0, #129]
 125:Drivers/STM32H7xx_HAL_Driver/Src/stm32h7xx_hal_spi_ex.c ****     return errorcode;
 204              		.loc 1 125 5 is_stmt 1 view .LVU59
 125:Drivers/STM32H7xx_HAL_Driver/Src/stm32h7xx_hal_spi_ex.c ****     return errorcode;
 205              		.loc 1 125 5 view .LVU60
 206 0040 0022     		movs	r2, #0
 207 0042 80F88020 		strb	r2, [r0, #128]
 125:Drivers/STM32H7xx_HAL_Driver/Src/stm32h7xx_hal_spi_ex.c ****     return errorcode;
 208              		.loc 1 125 5 view .LVU61
 126:Drivers/STM32H7xx_HAL_Driver/Src/stm32h7xx_hal_spi_ex.c ****   }
 209              		.loc 1 126 5 view .LVU62
 126:Drivers/STM32H7xx_HAL_Driver/Src/stm32h7xx_hal_spi_ex.c ****   }
 210              		.loc 1 126 12 is_stmt 0 view .LVU63
 211 0046 0220     		movs	r0, #2
 212              	.LVL12:
 126:Drivers/STM32H7xx_HAL_Driver/Src/stm32h7xx_hal_spi_ex.c ****   }
 213              		.loc 1 126 12 view .LVU64
 214 0048 7047     		bx	lr
 215              	.LVL13:
 216              	.L17:
 137:Drivers/STM32H7xx_HAL_Driver/Src/stm32h7xx_hal_spi_ex.c **** 
 217              		.loc 1 137 5 is_stmt 1 view .LVU65
 218 004a 1168     		ldr	r1, [r2]
 219 004c 21F00101 		bic	r1, r1, #1
 220 0050 1160     		str	r1, [r2]
 139:Drivers/STM32H7xx_HAL_Driver/Src/stm32h7xx_hal_spi_ex.c **** 
 221              		.loc 1 139 5 view .LVU66
 222 0052 0168     		ldr	r1, [r0]
 223 0054 0A68     		ldr	r2, [r1]
 224 0056 42F48032 		orr	r2, r2, #65536
 225 005a 0A60     		str	r2, [r1]
 142:Drivers/STM32H7xx_HAL_Driver/Src/stm32h7xx_hal_spi_ex.c ****   }
 226              		.loc 1 142 5 view .LVU67
ARM GAS  C:\Users\Made\AppData\Local\Temp\ccP5Kl3T.s 			page 8


 227 005c 0168     		ldr	r1, [r0]
 228 005e 0A68     		ldr	r2, [r1]
 229 0060 42F00102 		orr	r2, r2, #1
 230 0064 0A60     		str	r2, [r1]
 231 0066 E1E7     		b	.L18
 232              	.L19:
 118:Drivers/STM32H7xx_HAL_Driver/Src/stm32h7xx_hal_spi_ex.c **** 
 233              		.loc 1 118 3 is_stmt 0 discriminator 1 view .LVU68
 234 0068 0220     		movs	r0, #2
 235              	.LVL14:
 149:Drivers/STM32H7xx_HAL_Driver/Src/stm32h7xx_hal_spi_ex.c **** }
 236              		.loc 1 149 1 view .LVU69
 237 006a 7047     		bx	lr
 238              		.cfi_endproc
 239              	.LFE336:
 241              		.section	.text.HAL_SPIEx_ConfigureUnderrun,"ax",%progbits
 242              		.align	1
 243              		.global	HAL_SPIEx_ConfigureUnderrun
 244              		.syntax unified
 245              		.thumb
 246              		.thumb_func
 248              	HAL_SPIEx_ConfigureUnderrun:
 249              	.LVL15:
 250              	.LFB337:
 150:Drivers/STM32H7xx_HAL_Driver/Src/stm32h7xx_hal_spi_ex.c **** 
 151:Drivers/STM32H7xx_HAL_Driver/Src/stm32h7xx_hal_spi_ex.c **** /**
 152:Drivers/STM32H7xx_HAL_Driver/Src/stm32h7xx_hal_spi_ex.c ****   * @brief  Configure the UNDERRUN condition and behavior of slave transmitter.
 153:Drivers/STM32H7xx_HAL_Driver/Src/stm32h7xx_hal_spi_ex.c ****   * @param  hspi: pointer to a SPI_HandleTypeDef structure that contains
 154:Drivers/STM32H7xx_HAL_Driver/Src/stm32h7xx_hal_spi_ex.c ****   *               the configuration information for SPI module.
 155:Drivers/STM32H7xx_HAL_Driver/Src/stm32h7xx_hal_spi_ex.c ****   * @param  UnderrunDetection : Detection of underrun condition at slave transmitter
 156:Drivers/STM32H7xx_HAL_Driver/Src/stm32h7xx_hal_spi_ex.c ****   *                             This parameter can be a value of @ref SPI_Underrun_Detection.
 157:Drivers/STM32H7xx_HAL_Driver/Src/stm32h7xx_hal_spi_ex.c ****   * @param  UnderrunBehaviour : Behavior of slave transmitter at underrun condition
 158:Drivers/STM32H7xx_HAL_Driver/Src/stm32h7xx_hal_spi_ex.c ****   *                             This parameter can be a value of @ref SPI_Underrun_Behaviour.
 159:Drivers/STM32H7xx_HAL_Driver/Src/stm32h7xx_hal_spi_ex.c ****   * @retval None
 160:Drivers/STM32H7xx_HAL_Driver/Src/stm32h7xx_hal_spi_ex.c ****   */
 161:Drivers/STM32H7xx_HAL_Driver/Src/stm32h7xx_hal_spi_ex.c **** HAL_StatusTypeDef HAL_SPIEx_ConfigureUnderrun(SPI_HandleTypeDef *hspi, uint32_t UnderrunDetection,
 162:Drivers/STM32H7xx_HAL_Driver/Src/stm32h7xx_hal_spi_ex.c ****                                               uint32_t UnderrunBehaviour)
 163:Drivers/STM32H7xx_HAL_Driver/Src/stm32h7xx_hal_spi_ex.c **** {
 251              		.loc 1 163 1 is_stmt 1 view -0
 252              		.cfi_startproc
 253              		@ args = 0, pretend = 0, frame = 0
 254              		@ frame_needed = 0, uses_anonymous_args = 0
 255              		@ link register save eliminated.
 164:Drivers/STM32H7xx_HAL_Driver/Src/stm32h7xx_hal_spi_ex.c ****   HAL_StatusTypeDef errorcode = HAL_OK;
 256              		.loc 1 164 3 view .LVU71
 165:Drivers/STM32H7xx_HAL_Driver/Src/stm32h7xx_hal_spi_ex.c **** 
 166:Drivers/STM32H7xx_HAL_Driver/Src/stm32h7xx_hal_spi_ex.c ****   /* Process Locked */
 167:Drivers/STM32H7xx_HAL_Driver/Src/stm32h7xx_hal_spi_ex.c ****   __HAL_LOCK(hspi);
 257              		.loc 1 167 3 view .LVU72
 258              		.loc 1 167 3 view .LVU73
 259 0000 90F88030 		ldrb	r3, [r0, #128]	@ zero_extendqisi2
 260 0004 012B     		cmp	r3, #1
 261 0006 43D0     		beq	.L27
 262              		.loc 1 167 3 discriminator 2 view .LVU74
 263 0008 0123     		movs	r3, #1
 264 000a 80F88030 		strb	r3, [r0, #128]
 265              		.loc 1 167 3 discriminator 2 view .LVU75
ARM GAS  C:\Users\Made\AppData\Local\Temp\ccP5Kl3T.s 			page 9


 168:Drivers/STM32H7xx_HAL_Driver/Src/stm32h7xx_hal_spi_ex.c **** 
 169:Drivers/STM32H7xx_HAL_Driver/Src/stm32h7xx_hal_spi_ex.c ****   /* Check State and Insure that Underrun configuration is managed only by Salve */
 170:Drivers/STM32H7xx_HAL_Driver/Src/stm32h7xx_hal_spi_ex.c ****   if ((hspi->State != HAL_SPI_STATE_READY) || (hspi->Init.Mode != SPI_MODE_SLAVE))
 266              		.loc 1 170 3 view .LVU76
 267              		.loc 1 170 12 is_stmt 0 view .LVU77
 268 000e 90F88130 		ldrb	r3, [r0, #129]	@ zero_extendqisi2
 269 0012 DBB2     		uxtb	r3, r3
 270              		.loc 1 170 6 view .LVU78
 271 0014 012B     		cmp	r3, #1
 272 0016 1DD1     		bne	.L23
 273              		.loc 1 170 58 discriminator 1 view .LVU79
 274 0018 4368     		ldr	r3, [r0, #4]
 275              		.loc 1 170 44 discriminator 1 view .LVU80
 276 001a DBB9     		cbnz	r3, .L23
 163:Drivers/STM32H7xx_HAL_Driver/Src/stm32h7xx_hal_spi_ex.c ****   HAL_StatusTypeDef errorcode = HAL_OK;
 277              		.loc 1 163 1 view .LVU81
 278 001c 10B4     		push	{r4}
 279              	.LCFI4:
 280              		.cfi_def_cfa_offset 4
 281              		.cfi_offset 4, -4
 171:Drivers/STM32H7xx_HAL_Driver/Src/stm32h7xx_hal_spi_ex.c ****   {
 172:Drivers/STM32H7xx_HAL_Driver/Src/stm32h7xx_hal_spi_ex.c ****     errorcode = HAL_BUSY;
 173:Drivers/STM32H7xx_HAL_Driver/Src/stm32h7xx_hal_spi_ex.c ****     hspi->State = HAL_SPI_STATE_READY;
 174:Drivers/STM32H7xx_HAL_Driver/Src/stm32h7xx_hal_spi_ex.c ****     /* Process Unlocked */
 175:Drivers/STM32H7xx_HAL_Driver/Src/stm32h7xx_hal_spi_ex.c ****     __HAL_UNLOCK(hspi);
 176:Drivers/STM32H7xx_HAL_Driver/Src/stm32h7xx_hal_spi_ex.c ****     return errorcode;
 177:Drivers/STM32H7xx_HAL_Driver/Src/stm32h7xx_hal_spi_ex.c ****   }
 178:Drivers/STM32H7xx_HAL_Driver/Src/stm32h7xx_hal_spi_ex.c **** 
 179:Drivers/STM32H7xx_HAL_Driver/Src/stm32h7xx_hal_spi_ex.c ****   /* Check the parameters */
 180:Drivers/STM32H7xx_HAL_Driver/Src/stm32h7xx_hal_spi_ex.c ****   assert_param(IS_SPI_UNDERRUN_DETECTION(UnderrunDetection));
 282              		.loc 1 180 3 is_stmt 1 view .LVU82
 181:Drivers/STM32H7xx_HAL_Driver/Src/stm32h7xx_hal_spi_ex.c ****   assert_param(IS_SPI_UNDERRUN_BEHAVIOUR(UnderrunBehaviour));
 283              		.loc 1 181 3 view .LVU83
 182:Drivers/STM32H7xx_HAL_Driver/Src/stm32h7xx_hal_spi_ex.c **** 
 183:Drivers/STM32H7xx_HAL_Driver/Src/stm32h7xx_hal_spi_ex.c ****   /* Check if the SPI is disabled to edit CFG1 register */
 184:Drivers/STM32H7xx_HAL_Driver/Src/stm32h7xx_hal_spi_ex.c ****   if ((hspi->Instance->CR1 & SPI_CR1_SPE) != SPI_CR1_SPE)
 284              		.loc 1 184 3 view .LVU84
 285              		.loc 1 184 12 is_stmt 0 view .LVU85
 286 001e 0368     		ldr	r3, [r0]
 287              		.loc 1 184 22 view .LVU86
 288 0020 1C68     		ldr	r4, [r3]
 289              		.loc 1 184 6 view .LVU87
 290 0022 14F0010F 		tst	r4, #1
 291 0026 1DD1     		bne	.L25
 185:Drivers/STM32H7xx_HAL_Driver/Src/stm32h7xx_hal_spi_ex.c ****   {
 186:Drivers/STM32H7xx_HAL_Driver/Src/stm32h7xx_hal_spi_ex.c ****     /* Configure Underrun fields */
 187:Drivers/STM32H7xx_HAL_Driver/Src/stm32h7xx_hal_spi_ex.c ****     MODIFY_REG(hspi->Instance->CFG1, SPI_CFG1_UDRDET, UnderrunDetection);
 292              		.loc 1 187 5 is_stmt 1 view .LVU88
 293 0028 9C68     		ldr	r4, [r3, #8]
 294 002a 24F4C05C 		bic	ip, r4, #6144
 295 002e 4CEA0101 		orr	r1, ip, r1
 296              	.LVL16:
 297              		.loc 1 187 5 is_stmt 0 view .LVU89
 298 0032 9960     		str	r1, [r3, #8]
 188:Drivers/STM32H7xx_HAL_Driver/Src/stm32h7xx_hal_spi_ex.c ****     MODIFY_REG(hspi->Instance->CFG1, SPI_CFG1_UDRCFG, UnderrunBehaviour);
 299              		.loc 1 188 5 is_stmt 1 view .LVU90
 300 0034 0168     		ldr	r1, [r0]
ARM GAS  C:\Users\Made\AppData\Local\Temp\ccP5Kl3T.s 			page 10


 301 0036 8B68     		ldr	r3, [r1, #8]
 302 0038 23F4C063 		bic	r3, r3, #1536
 303 003c 1343     		orrs	r3, r3, r2
 304 003e 8B60     		str	r3, [r1, #8]
 305              	.LVL17:
 306              	.L26:
 189:Drivers/STM32H7xx_HAL_Driver/Src/stm32h7xx_hal_spi_ex.c ****   }
 190:Drivers/STM32H7xx_HAL_Driver/Src/stm32h7xx_hal_spi_ex.c ****   else
 191:Drivers/STM32H7xx_HAL_Driver/Src/stm32h7xx_hal_spi_ex.c ****   {
 192:Drivers/STM32H7xx_HAL_Driver/Src/stm32h7xx_hal_spi_ex.c ****     /* Disable SPI peripheral */
 193:Drivers/STM32H7xx_HAL_Driver/Src/stm32h7xx_hal_spi_ex.c ****     __HAL_SPI_DISABLE(hspi);
 194:Drivers/STM32H7xx_HAL_Driver/Src/stm32h7xx_hal_spi_ex.c **** 
 195:Drivers/STM32H7xx_HAL_Driver/Src/stm32h7xx_hal_spi_ex.c ****     /* Configure Underrun fields */
 196:Drivers/STM32H7xx_HAL_Driver/Src/stm32h7xx_hal_spi_ex.c ****     MODIFY_REG(hspi->Instance->CFG1, SPI_CFG1_UDRDET, UnderrunDetection);
 197:Drivers/STM32H7xx_HAL_Driver/Src/stm32h7xx_hal_spi_ex.c ****     MODIFY_REG(hspi->Instance->CFG1, SPI_CFG1_UDRCFG, UnderrunBehaviour);
 198:Drivers/STM32H7xx_HAL_Driver/Src/stm32h7xx_hal_spi_ex.c **** 
 199:Drivers/STM32H7xx_HAL_Driver/Src/stm32h7xx_hal_spi_ex.c ****     /* Enable SPI peripheral */
 200:Drivers/STM32H7xx_HAL_Driver/Src/stm32h7xx_hal_spi_ex.c ****     __HAL_SPI_ENABLE(hspi);
 201:Drivers/STM32H7xx_HAL_Driver/Src/stm32h7xx_hal_spi_ex.c ****   }
 202:Drivers/STM32H7xx_HAL_Driver/Src/stm32h7xx_hal_spi_ex.c **** 
 203:Drivers/STM32H7xx_HAL_Driver/Src/stm32h7xx_hal_spi_ex.c **** 
 204:Drivers/STM32H7xx_HAL_Driver/Src/stm32h7xx_hal_spi_ex.c ****   hspi->State = HAL_SPI_STATE_READY;
 307              		.loc 1 204 3 view .LVU91
 308              		.loc 1 204 15 is_stmt 0 view .LVU92
 309 0040 0123     		movs	r3, #1
 310 0042 80F88130 		strb	r3, [r0, #129]
 205:Drivers/STM32H7xx_HAL_Driver/Src/stm32h7xx_hal_spi_ex.c ****   /* Process Unlocked */
 206:Drivers/STM32H7xx_HAL_Driver/Src/stm32h7xx_hal_spi_ex.c ****   __HAL_UNLOCK(hspi);
 311              		.loc 1 206 3 is_stmt 1 view .LVU93
 312              		.loc 1 206 3 view .LVU94
 313 0046 0023     		movs	r3, #0
 314 0048 80F88030 		strb	r3, [r0, #128]
 315              		.loc 1 206 3 view .LVU95
 207:Drivers/STM32H7xx_HAL_Driver/Src/stm32h7xx_hal_spi_ex.c ****   return errorcode;
 316              		.loc 1 207 3 view .LVU96
 317              		.loc 1 207 10 is_stmt 0 view .LVU97
 318 004c 1846     		mov	r0, r3
 319              	.LVL18:
 208:Drivers/STM32H7xx_HAL_Driver/Src/stm32h7xx_hal_spi_ex.c **** }
 320              		.loc 1 208 1 view .LVU98
 321 004e 5DF8044B 		ldr	r4, [sp], #4
 322              	.LCFI5:
 323              		.cfi_restore 4
 324              		.cfi_def_cfa_offset 0
 325 0052 7047     		bx	lr
 326              	.LVL19:
 327              	.L23:
 172:Drivers/STM32H7xx_HAL_Driver/Src/stm32h7xx_hal_spi_ex.c ****     hspi->State = HAL_SPI_STATE_READY;
 328              		.loc 1 172 5 is_stmt 1 view .LVU99
 173:Drivers/STM32H7xx_HAL_Driver/Src/stm32h7xx_hal_spi_ex.c ****     /* Process Unlocked */
 329              		.loc 1 173 5 view .LVU100
 173:Drivers/STM32H7xx_HAL_Driver/Src/stm32h7xx_hal_spi_ex.c ****     /* Process Unlocked */
 330              		.loc 1 173 17 is_stmt 0 view .LVU101
 331 0054 0123     		movs	r3, #1
 332 0056 80F88130 		strb	r3, [r0, #129]
 175:Drivers/STM32H7xx_HAL_Driver/Src/stm32h7xx_hal_spi_ex.c ****     return errorcode;
 333              		.loc 1 175 5 is_stmt 1 view .LVU102
ARM GAS  C:\Users\Made\AppData\Local\Temp\ccP5Kl3T.s 			page 11


 175:Drivers/STM32H7xx_HAL_Driver/Src/stm32h7xx_hal_spi_ex.c ****     return errorcode;
 334              		.loc 1 175 5 view .LVU103
 335 005a 0023     		movs	r3, #0
 336 005c 80F88030 		strb	r3, [r0, #128]
 175:Drivers/STM32H7xx_HAL_Driver/Src/stm32h7xx_hal_spi_ex.c ****     return errorcode;
 337              		.loc 1 175 5 view .LVU104
 176:Drivers/STM32H7xx_HAL_Driver/Src/stm32h7xx_hal_spi_ex.c ****   }
 338              		.loc 1 176 5 view .LVU105
 176:Drivers/STM32H7xx_HAL_Driver/Src/stm32h7xx_hal_spi_ex.c ****   }
 339              		.loc 1 176 12 is_stmt 0 view .LVU106
 340 0060 0220     		movs	r0, #2
 341              	.LVL20:
 176:Drivers/STM32H7xx_HAL_Driver/Src/stm32h7xx_hal_spi_ex.c ****   }
 342              		.loc 1 176 12 view .LVU107
 343 0062 7047     		bx	lr
 344              	.LVL21:
 345              	.L25:
 346              	.LCFI6:
 347              		.cfi_def_cfa_offset 4
 348              		.cfi_offset 4, -4
 193:Drivers/STM32H7xx_HAL_Driver/Src/stm32h7xx_hal_spi_ex.c **** 
 349              		.loc 1 193 5 is_stmt 1 view .LVU108
 350 0064 1C68     		ldr	r4, [r3]
 351 0066 24F00104 		bic	r4, r4, #1
 352 006a 1C60     		str	r4, [r3]
 196:Drivers/STM32H7xx_HAL_Driver/Src/stm32h7xx_hal_spi_ex.c ****     MODIFY_REG(hspi->Instance->CFG1, SPI_CFG1_UDRCFG, UnderrunBehaviour);
 353              		.loc 1 196 5 view .LVU109
 354 006c 0468     		ldr	r4, [r0]
 355 006e A368     		ldr	r3, [r4, #8]
 356 0070 23F4C053 		bic	r3, r3, #6144
 357 0074 0B43     		orrs	r3, r3, r1
 358 0076 A360     		str	r3, [r4, #8]
 197:Drivers/STM32H7xx_HAL_Driver/Src/stm32h7xx_hal_spi_ex.c **** 
 359              		.loc 1 197 5 view .LVU110
 360 0078 0168     		ldr	r1, [r0]
 361              	.LVL22:
 197:Drivers/STM32H7xx_HAL_Driver/Src/stm32h7xx_hal_spi_ex.c **** 
 362              		.loc 1 197 5 is_stmt 0 view .LVU111
 363 007a 8B68     		ldr	r3, [r1, #8]
 364 007c 23F4C063 		bic	r3, r3, #1536
 365 0080 1343     		orrs	r3, r3, r2
 366 0082 8B60     		str	r3, [r1, #8]
 200:Drivers/STM32H7xx_HAL_Driver/Src/stm32h7xx_hal_spi_ex.c ****   }
 367              		.loc 1 200 5 is_stmt 1 view .LVU112
 368 0084 0268     		ldr	r2, [r0]
 369              	.LVL23:
 200:Drivers/STM32H7xx_HAL_Driver/Src/stm32h7xx_hal_spi_ex.c ****   }
 370              		.loc 1 200 5 is_stmt 0 view .LVU113
 371 0086 1368     		ldr	r3, [r2]
 372 0088 43F00103 		orr	r3, r3, #1
 373 008c 1360     		str	r3, [r2]
 374 008e D7E7     		b	.L26
 375              	.LVL24:
 376              	.L27:
 377              	.LCFI7:
 378              		.cfi_def_cfa_offset 0
 379              		.cfi_restore 4
ARM GAS  C:\Users\Made\AppData\Local\Temp\ccP5Kl3T.s 			page 12


 167:Drivers/STM32H7xx_HAL_Driver/Src/stm32h7xx_hal_spi_ex.c **** 
 380              		.loc 1 167 3 discriminator 1 view .LVU114
 381 0090 0220     		movs	r0, #2
 382              	.LVL25:
 383              		.loc 1 208 1 view .LVU115
 384 0092 7047     		bx	lr
 385              		.cfi_endproc
 386              	.LFE337:
 388              		.text
 389              	.Letext0:
 390              		.file 2 "C:/Program Files (x86)/Arm GNU Toolchain arm-none-eabi/13.3 rel1/arm-none-eabi/include/ma
 391              		.file 3 "C:/Program Files (x86)/Arm GNU Toolchain arm-none-eabi/13.3 rel1/arm-none-eabi/include/sy
 392              		.file 4 "Drivers/CMSIS/Device/ST/STM32H7xx/Include/stm32h743xx.h"
 393              		.file 5 "Drivers/STM32H7xx_HAL_Driver/Inc/stm32h7xx_hal_def.h"
 394              		.file 6 "Drivers/STM32H7xx_HAL_Driver/Inc/stm32h7xx_hal_dma.h"
 395              		.file 7 "Drivers/STM32H7xx_HAL_Driver/Inc/stm32h7xx_hal_spi.h"
ARM GAS  C:\Users\Made\AppData\Local\Temp\ccP5Kl3T.s 			page 13


DEFINED SYMBOLS
                            *ABS*:00000000 stm32h7xx_hal_spi_ex.c
C:\Users\Made\AppData\Local\Temp\ccP5Kl3T.s:20     .text.HAL_SPIEx_FlushRxFifo:00000000 $t
C:\Users\Made\AppData\Local\Temp\ccP5Kl3T.s:26     .text.HAL_SPIEx_FlushRxFifo:00000000 HAL_SPIEx_FlushRxFifo
C:\Users\Made\AppData\Local\Temp\ccP5Kl3T.s:130    .text.HAL_SPIEx_FlushRxFifo:00000054 $d
C:\Users\Made\AppData\Local\Temp\ccP5Kl3T.s:136    .text.HAL_SPIEx_EnableLockConfiguration:00000000 $t
C:\Users\Made\AppData\Local\Temp\ccP5Kl3T.s:142    .text.HAL_SPIEx_EnableLockConfiguration:00000000 HAL_SPIEx_EnableLockConfiguration
C:\Users\Made\AppData\Local\Temp\ccP5Kl3T.s:242    .text.HAL_SPIEx_ConfigureUnderrun:00000000 $t
C:\Users\Made\AppData\Local\Temp\ccP5Kl3T.s:248    .text.HAL_SPIEx_ConfigureUnderrun:00000000 HAL_SPIEx_ConfigureUnderrun

NO UNDEFINED SYMBOLS
