ARM GAS  C:\Users\Made\AppData\Local\Temp\ccUs89CJ.s 			page 1


   1              		.cpu cortex-m7
   2              		.arch armv7e-m
   3              		.fpu fpv5-d16
   4              		.eabi_attribute 28, 1
   5              		.eabi_attribute 20, 1
   6              		.eabi_attribute 21, 1
   7              		.eabi_attribute 23, 3
   8              		.eabi_attribute 24, 1
   9              		.eabi_attribute 25, 1
  10              		.eabi_attribute 26, 1
  11              		.eabi_attribute 30, 1
  12              		.eabi_attribute 34, 1
  13              		.eabi_attribute 18, 4
  14              		.file	"stm32h7xx_it.c"
  15              		.text
  16              	.Ltext0:
  17              		.cfi_sections	.debug_frame
  18              		.file 1 "Core/Src/stm32h7xx_it.c"
  19              		.section	.text.NMI_Handler,"ax",%progbits
  20              		.align	1
  21              		.global	NMI_Handler
  22              		.syntax unified
  23              		.thumb
  24              		.thumb_func
  26              	NMI_Handler:
  27              	.LFB335:
   1:Core/Src/stm32h7xx_it.c **** /* USER CODE BEGIN Header */
   2:Core/Src/stm32h7xx_it.c **** /**
   3:Core/Src/stm32h7xx_it.c ****   ******************************************************************************
   4:Core/Src/stm32h7xx_it.c ****   * @file    stm32h7xx_it.c
   5:Core/Src/stm32h7xx_it.c ****   * @brief   Interrupt Service Routines.
   6:Core/Src/stm32h7xx_it.c ****   ******************************************************************************
   7:Core/Src/stm32h7xx_it.c ****   * @attention
   8:Core/Src/stm32h7xx_it.c ****   *
   9:Core/Src/stm32h7xx_it.c ****   * Copyright (c) 2025 STMicroelectronics.
  10:Core/Src/stm32h7xx_it.c ****   * All rights reserved.
  11:Core/Src/stm32h7xx_it.c ****   *
  12:Core/Src/stm32h7xx_it.c ****   * This software is licensed under terms that can be found in the LICENSE file
  13:Core/Src/stm32h7xx_it.c ****   * in the root directory of this software component.
  14:Core/Src/stm32h7xx_it.c ****   * If no LICENSE file comes with this software, it is provided AS-IS.
  15:Core/Src/stm32h7xx_it.c ****   *
  16:Core/Src/stm32h7xx_it.c ****   ******************************************************************************
  17:Core/Src/stm32h7xx_it.c ****   */
  18:Core/Src/stm32h7xx_it.c **** /* USER CODE END Header */
  19:Core/Src/stm32h7xx_it.c **** 
  20:Core/Src/stm32h7xx_it.c **** /* Includes ------------------------------------------------------------------*/
  21:Core/Src/stm32h7xx_it.c **** #include "main.h"
  22:Core/Src/stm32h7xx_it.c **** #include "stm32h7xx_it.h"
  23:Core/Src/stm32h7xx_it.c **** /* Private includes ----------------------------------------------------------*/
  24:Core/Src/stm32h7xx_it.c **** /* USER CODE BEGIN Includes */
  25:Core/Src/stm32h7xx_it.c **** /* USER CODE END Includes */
  26:Core/Src/stm32h7xx_it.c **** 
  27:Core/Src/stm32h7xx_it.c **** /* Private typedef -----------------------------------------------------------*/
  28:Core/Src/stm32h7xx_it.c **** /* USER CODE BEGIN TD */
  29:Core/Src/stm32h7xx_it.c **** 
  30:Core/Src/stm32h7xx_it.c **** /* USER CODE END TD */
  31:Core/Src/stm32h7xx_it.c **** 
ARM GAS  C:\Users\Made\AppData\Local\Temp\ccUs89CJ.s 			page 2


  32:Core/Src/stm32h7xx_it.c **** /* Private define ------------------------------------------------------------*/
  33:Core/Src/stm32h7xx_it.c **** /* USER CODE BEGIN PD */
  34:Core/Src/stm32h7xx_it.c **** 
  35:Core/Src/stm32h7xx_it.c **** /* USER CODE END PD */
  36:Core/Src/stm32h7xx_it.c **** 
  37:Core/Src/stm32h7xx_it.c **** /* Private macro -------------------------------------------------------------*/
  38:Core/Src/stm32h7xx_it.c **** /* USER CODE BEGIN PM */
  39:Core/Src/stm32h7xx_it.c **** 
  40:Core/Src/stm32h7xx_it.c **** /* USER CODE END PM */
  41:Core/Src/stm32h7xx_it.c **** 
  42:Core/Src/stm32h7xx_it.c **** /* Private variables ---------------------------------------------------------*/
  43:Core/Src/stm32h7xx_it.c **** /* USER CODE BEGIN PV */
  44:Core/Src/stm32h7xx_it.c **** 
  45:Core/Src/stm32h7xx_it.c **** /* USER CODE END PV */
  46:Core/Src/stm32h7xx_it.c **** 
  47:Core/Src/stm32h7xx_it.c **** /* Private function prototypes -----------------------------------------------*/
  48:Core/Src/stm32h7xx_it.c **** /* USER CODE BEGIN PFP */
  49:Core/Src/stm32h7xx_it.c **** 
  50:Core/Src/stm32h7xx_it.c **** /* USER CODE END PFP */
  51:Core/Src/stm32h7xx_it.c **** 
  52:Core/Src/stm32h7xx_it.c **** /* Private user code ---------------------------------------------------------*/
  53:Core/Src/stm32h7xx_it.c **** /* USER CODE BEGIN 0 */
  54:Core/Src/stm32h7xx_it.c **** 
  55:Core/Src/stm32h7xx_it.c **** /* USER CODE END 0 */
  56:Core/Src/stm32h7xx_it.c **** 
  57:Core/Src/stm32h7xx_it.c **** /* External variables --------------------------------------------------------*/
  58:Core/Src/stm32h7xx_it.c **** extern DMA_HandleTypeDef hdma_dac1_ch1;
  59:Core/Src/stm32h7xx_it.c **** extern DMA_HandleTypeDef hdma_dac1_ch2;
  60:Core/Src/stm32h7xx_it.c **** extern DAC_HandleTypeDef hdac1;
  61:Core/Src/stm32h7xx_it.c **** extern DMA_HandleTypeDef hdma_spi4_tx;
  62:Core/Src/stm32h7xx_it.c **** extern SPI_HandleTypeDef hspi4;
  63:Core/Src/stm32h7xx_it.c **** extern TIM_HandleTypeDef htim6;
  64:Core/Src/stm32h7xx_it.c **** extern TIM_HandleTypeDef htim7;
  65:Core/Src/stm32h7xx_it.c **** extern DMA_HandleTypeDef hdma_uart4_tx;
  66:Core/Src/stm32h7xx_it.c **** extern TIM_HandleTypeDef htim2;
  67:Core/Src/stm32h7xx_it.c **** 
  68:Core/Src/stm32h7xx_it.c **** /* USER CODE BEGIN EV */
  69:Core/Src/stm32h7xx_it.c **** 
  70:Core/Src/stm32h7xx_it.c **** /* USER CODE END EV */
  71:Core/Src/stm32h7xx_it.c **** 
  72:Core/Src/stm32h7xx_it.c **** /******************************************************************************/
  73:Core/Src/stm32h7xx_it.c **** /*           Cortex Processor Interruption and Exception Handlers          */
  74:Core/Src/stm32h7xx_it.c **** /******************************************************************************/
  75:Core/Src/stm32h7xx_it.c **** /**
  76:Core/Src/stm32h7xx_it.c ****   * @brief This function handles Non maskable interrupt.
  77:Core/Src/stm32h7xx_it.c ****   */
  78:Core/Src/stm32h7xx_it.c **** void NMI_Handler(void)
  79:Core/Src/stm32h7xx_it.c **** {
  28              		.loc 1 79 1 view -0
  29              		.cfi_startproc
  30              		@ Volatile: function does not return.
  31              		@ args = 0, pretend = 0, frame = 0
  32              		@ frame_needed = 0, uses_anonymous_args = 0
  33              		@ link register save eliminated.
  34              	.L2:
  80:Core/Src/stm32h7xx_it.c ****   /* USER CODE BEGIN NonMaskableInt_IRQn 0 */
  81:Core/Src/stm32h7xx_it.c **** 
ARM GAS  C:\Users\Made\AppData\Local\Temp\ccUs89CJ.s 			page 3


  82:Core/Src/stm32h7xx_it.c ****   /* USER CODE END NonMaskableInt_IRQn 0 */
  83:Core/Src/stm32h7xx_it.c ****   /* USER CODE BEGIN NonMaskableInt_IRQn 1 */
  84:Core/Src/stm32h7xx_it.c ****    while (1)
  35              		.loc 1 84 4 view .LVU1
  85:Core/Src/stm32h7xx_it.c ****   {
  86:Core/Src/stm32h7xx_it.c ****   }
  36              		.loc 1 86 3 view .LVU2
  84:Core/Src/stm32h7xx_it.c ****   {
  37              		.loc 1 84 10 view .LVU3
  38 0000 FEE7     		b	.L2
  39              		.cfi_endproc
  40              	.LFE335:
  42              		.section	.text.HardFault_Handler,"ax",%progbits
  43              		.align	1
  44              		.global	HardFault_Handler
  45              		.syntax unified
  46              		.thumb
  47              		.thumb_func
  49              	HardFault_Handler:
  50              	.LFB336:
  87:Core/Src/stm32h7xx_it.c ****   /* USER CODE END NonMaskableInt_IRQn 1 */
  88:Core/Src/stm32h7xx_it.c **** }
  89:Core/Src/stm32h7xx_it.c **** 
  90:Core/Src/stm32h7xx_it.c **** /**
  91:Core/Src/stm32h7xx_it.c ****   * @brief This function handles Hard fault interrupt.
  92:Core/Src/stm32h7xx_it.c ****   */
  93:Core/Src/stm32h7xx_it.c **** void HardFault_Handler(void)
  94:Core/Src/stm32h7xx_it.c **** {
  51              		.loc 1 94 1 view -0
  52              		.cfi_startproc
  53              		@ Volatile: function does not return.
  54              		@ args = 0, pretend = 0, frame = 0
  55              		@ frame_needed = 0, uses_anonymous_args = 0
  56              		@ link register save eliminated.
  57              	.L4:
  95:Core/Src/stm32h7xx_it.c ****   /* USER CODE BEGIN HardFault_IRQn 0 */
  96:Core/Src/stm32h7xx_it.c **** 
  97:Core/Src/stm32h7xx_it.c ****   /* USER CODE END HardFault_IRQn 0 */
  98:Core/Src/stm32h7xx_it.c ****   while (1)
  58              		.loc 1 98 3 view .LVU5
  99:Core/Src/stm32h7xx_it.c ****   {
 100:Core/Src/stm32h7xx_it.c ****     /* USER CODE BEGIN W1_HardFault_IRQn 0 */
 101:Core/Src/stm32h7xx_it.c ****     /* USER CODE END W1_HardFault_IRQn 0 */
 102:Core/Src/stm32h7xx_it.c ****   }
  59              		.loc 1 102 3 view .LVU6
  98:Core/Src/stm32h7xx_it.c ****   {
  60              		.loc 1 98 9 view .LVU7
  61 0000 FEE7     		b	.L4
  62              		.cfi_endproc
  63              	.LFE336:
  65              		.section	.text.MemManage_Handler,"ax",%progbits
  66              		.align	1
  67              		.global	MemManage_Handler
  68              		.syntax unified
  69              		.thumb
  70              		.thumb_func
  72              	MemManage_Handler:
ARM GAS  C:\Users\Made\AppData\Local\Temp\ccUs89CJ.s 			page 4


  73              	.LFB337:
 103:Core/Src/stm32h7xx_it.c **** }
 104:Core/Src/stm32h7xx_it.c **** 
 105:Core/Src/stm32h7xx_it.c **** /**
 106:Core/Src/stm32h7xx_it.c ****   * @brief This function handles Memory management fault.
 107:Core/Src/stm32h7xx_it.c ****   */
 108:Core/Src/stm32h7xx_it.c **** void MemManage_Handler(void)
 109:Core/Src/stm32h7xx_it.c **** {
  74              		.loc 1 109 1 view -0
  75              		.cfi_startproc
  76              		@ Volatile: function does not return.
  77              		@ args = 0, pretend = 0, frame = 0
  78              		@ frame_needed = 0, uses_anonymous_args = 0
  79              		@ link register save eliminated.
  80              	.L6:
 110:Core/Src/stm32h7xx_it.c ****   /* USER CODE BEGIN MemoryManagement_IRQn 0 */
 111:Core/Src/stm32h7xx_it.c **** 
 112:Core/Src/stm32h7xx_it.c ****   /* USER CODE END MemoryManagement_IRQn 0 */
 113:Core/Src/stm32h7xx_it.c ****   while (1)
  81              		.loc 1 113 3 view .LVU9
 114:Core/Src/stm32h7xx_it.c ****   {
 115:Core/Src/stm32h7xx_it.c ****     /* USER CODE BEGIN W1_MemoryManagement_IRQn 0 */
 116:Core/Src/stm32h7xx_it.c ****     /* USER CODE END W1_MemoryManagement_IRQn 0 */
 117:Core/Src/stm32h7xx_it.c ****   }
  82              		.loc 1 117 3 view .LVU10
 113:Core/Src/stm32h7xx_it.c ****   {
  83              		.loc 1 113 9 view .LVU11
  84 0000 FEE7     		b	.L6
  85              		.cfi_endproc
  86              	.LFE337:
  88              		.section	.text.BusFault_Handler,"ax",%progbits
  89              		.align	1
  90              		.global	BusFault_Handler
  91              		.syntax unified
  92              		.thumb
  93              		.thumb_func
  95              	BusFault_Handler:
  96              	.LFB338:
 118:Core/Src/stm32h7xx_it.c **** }
 119:Core/Src/stm32h7xx_it.c **** 
 120:Core/Src/stm32h7xx_it.c **** /**
 121:Core/Src/stm32h7xx_it.c ****   * @brief This function handles Pre-fetch fault, memory access fault.
 122:Core/Src/stm32h7xx_it.c ****   */
 123:Core/Src/stm32h7xx_it.c **** void BusFault_Handler(void)
 124:Core/Src/stm32h7xx_it.c **** {
  97              		.loc 1 124 1 view -0
  98              		.cfi_startproc
  99              		@ Volatile: function does not return.
 100              		@ args = 0, pretend = 0, frame = 0
 101              		@ frame_needed = 0, uses_anonymous_args = 0
 102              		@ link register save eliminated.
 103              	.L8:
 125:Core/Src/stm32h7xx_it.c ****   /* USER CODE BEGIN BusFault_IRQn 0 */
 126:Core/Src/stm32h7xx_it.c **** 
 127:Core/Src/stm32h7xx_it.c ****   /* USER CODE END BusFault_IRQn 0 */
 128:Core/Src/stm32h7xx_it.c ****   while (1)
 104              		.loc 1 128 3 view .LVU13
ARM GAS  C:\Users\Made\AppData\Local\Temp\ccUs89CJ.s 			page 5


 129:Core/Src/stm32h7xx_it.c ****   {
 130:Core/Src/stm32h7xx_it.c ****     /* USER CODE BEGIN W1_BusFault_IRQn 0 */
 131:Core/Src/stm32h7xx_it.c ****     /* USER CODE END W1_BusFault_IRQn 0 */
 132:Core/Src/stm32h7xx_it.c ****   }
 105              		.loc 1 132 3 view .LVU14
 128:Core/Src/stm32h7xx_it.c ****   {
 106              		.loc 1 128 9 view .LVU15
 107 0000 FEE7     		b	.L8
 108              		.cfi_endproc
 109              	.LFE338:
 111              		.section	.text.UsageFault_Handler,"ax",%progbits
 112              		.align	1
 113              		.global	UsageFault_Handler
 114              		.syntax unified
 115              		.thumb
 116              		.thumb_func
 118              	UsageFault_Handler:
 119              	.LFB339:
 133:Core/Src/stm32h7xx_it.c **** }
 134:Core/Src/stm32h7xx_it.c **** 
 135:Core/Src/stm32h7xx_it.c **** /**
 136:Core/Src/stm32h7xx_it.c ****   * @brief This function handles Undefined instruction or illegal state.
 137:Core/Src/stm32h7xx_it.c ****   */
 138:Core/Src/stm32h7xx_it.c **** void UsageFault_Handler(void)
 139:Core/Src/stm32h7xx_it.c **** {
 120              		.loc 1 139 1 view -0
 121              		.cfi_startproc
 122              		@ Volatile: function does not return.
 123              		@ args = 0, pretend = 0, frame = 0
 124              		@ frame_needed = 0, uses_anonymous_args = 0
 125              		@ link register save eliminated.
 126              	.L10:
 140:Core/Src/stm32h7xx_it.c ****   /* USER CODE BEGIN UsageFault_IRQn 0 */
 141:Core/Src/stm32h7xx_it.c **** 
 142:Core/Src/stm32h7xx_it.c ****   /* USER CODE END UsageFault_IRQn 0 */
 143:Core/Src/stm32h7xx_it.c ****   while (1)
 127              		.loc 1 143 3 view .LVU17
 144:Core/Src/stm32h7xx_it.c ****   {
 145:Core/Src/stm32h7xx_it.c ****     /* USER CODE BEGIN W1_UsageFault_IRQn 0 */
 146:Core/Src/stm32h7xx_it.c ****     /* USER CODE END W1_UsageFault_IRQn 0 */
 147:Core/Src/stm32h7xx_it.c ****   }
 128              		.loc 1 147 3 view .LVU18
 143:Core/Src/stm32h7xx_it.c ****   {
 129              		.loc 1 143 9 view .LVU19
 130 0000 FEE7     		b	.L10
 131              		.cfi_endproc
 132              	.LFE339:
 134              		.section	.text.SVC_Handler,"ax",%progbits
 135              		.align	1
 136              		.global	SVC_Handler
 137              		.syntax unified
 138              		.thumb
 139              		.thumb_func
 141              	SVC_Handler:
 142              	.LFB340:
 148:Core/Src/stm32h7xx_it.c **** }
 149:Core/Src/stm32h7xx_it.c **** 
ARM GAS  C:\Users\Made\AppData\Local\Temp\ccUs89CJ.s 			page 6


 150:Core/Src/stm32h7xx_it.c **** /**
 151:Core/Src/stm32h7xx_it.c ****   * @brief This function handles System service call via SWI instruction.
 152:Core/Src/stm32h7xx_it.c ****   */
 153:Core/Src/stm32h7xx_it.c **** void SVC_Handler(void)
 154:Core/Src/stm32h7xx_it.c **** {
 143              		.loc 1 154 1 view -0
 144              		.cfi_startproc
 145              		@ args = 0, pretend = 0, frame = 0
 146              		@ frame_needed = 0, uses_anonymous_args = 0
 147              		@ link register save eliminated.
 155:Core/Src/stm32h7xx_it.c ****   /* USER CODE BEGIN SVCall_IRQn 0 */
 156:Core/Src/stm32h7xx_it.c **** 
 157:Core/Src/stm32h7xx_it.c ****   /* USER CODE END SVCall_IRQn 0 */
 158:Core/Src/stm32h7xx_it.c ****   /* USER CODE BEGIN SVCall_IRQn 1 */
 159:Core/Src/stm32h7xx_it.c **** 
 160:Core/Src/stm32h7xx_it.c ****   /* USER CODE END SVCall_IRQn 1 */
 161:Core/Src/stm32h7xx_it.c **** }
 148              		.loc 1 161 1 view .LVU21
 149 0000 7047     		bx	lr
 150              		.cfi_endproc
 151              	.LFE340:
 153              		.section	.text.DebugMon_Handler,"ax",%progbits
 154              		.align	1
 155              		.global	DebugMon_Handler
 156              		.syntax unified
 157              		.thumb
 158              		.thumb_func
 160              	DebugMon_Handler:
 161              	.LFB341:
 162:Core/Src/stm32h7xx_it.c **** 
 163:Core/Src/stm32h7xx_it.c **** /**
 164:Core/Src/stm32h7xx_it.c ****   * @brief This function handles Debug monitor.
 165:Core/Src/stm32h7xx_it.c ****   */
 166:Core/Src/stm32h7xx_it.c **** void DebugMon_Handler(void)
 167:Core/Src/stm32h7xx_it.c **** {
 162              		.loc 1 167 1 view -0
 163              		.cfi_startproc
 164              		@ args = 0, pretend = 0, frame = 0
 165              		@ frame_needed = 0, uses_anonymous_args = 0
 166              		@ link register save eliminated.
 168:Core/Src/stm32h7xx_it.c ****   /* USER CODE BEGIN DebugMonitor_IRQn 0 */
 169:Core/Src/stm32h7xx_it.c **** 
 170:Core/Src/stm32h7xx_it.c ****   /* USER CODE END DebugMonitor_IRQn 0 */
 171:Core/Src/stm32h7xx_it.c ****   /* USER CODE BEGIN DebugMonitor_IRQn 1 */
 172:Core/Src/stm32h7xx_it.c **** 
 173:Core/Src/stm32h7xx_it.c ****   /* USER CODE END DebugMonitor_IRQn 1 */
 174:Core/Src/stm32h7xx_it.c **** }
 167              		.loc 1 174 1 view .LVU23
 168 0000 7047     		bx	lr
 169              		.cfi_endproc
 170              	.LFE341:
 172              		.section	.text.PendSV_Handler,"ax",%progbits
 173              		.align	1
 174              		.global	PendSV_Handler
 175              		.syntax unified
 176              		.thumb
 177              		.thumb_func
ARM GAS  C:\Users\Made\AppData\Local\Temp\ccUs89CJ.s 			page 7


 179              	PendSV_Handler:
 180              	.LFB342:
 175:Core/Src/stm32h7xx_it.c **** 
 176:Core/Src/stm32h7xx_it.c **** /**
 177:Core/Src/stm32h7xx_it.c ****   * @brief This function handles Pendable request for system service.
 178:Core/Src/stm32h7xx_it.c ****   */
 179:Core/Src/stm32h7xx_it.c **** void PendSV_Handler(void)
 180:Core/Src/stm32h7xx_it.c **** {
 181              		.loc 1 180 1 view -0
 182              		.cfi_startproc
 183              		@ args = 0, pretend = 0, frame = 0
 184              		@ frame_needed = 0, uses_anonymous_args = 0
 185              		@ link register save eliminated.
 181:Core/Src/stm32h7xx_it.c ****   /* USER CODE BEGIN PendSV_IRQn 0 */
 182:Core/Src/stm32h7xx_it.c **** 
 183:Core/Src/stm32h7xx_it.c ****   /* USER CODE END PendSV_IRQn 0 */
 184:Core/Src/stm32h7xx_it.c ****   /* USER CODE BEGIN PendSV_IRQn 1 */
 185:Core/Src/stm32h7xx_it.c **** 
 186:Core/Src/stm32h7xx_it.c ****   /* USER CODE END PendSV_IRQn 1 */
 187:Core/Src/stm32h7xx_it.c **** }
 186              		.loc 1 187 1 view .LVU25
 187 0000 7047     		bx	lr
 188              		.cfi_endproc
 189              	.LFE342:
 191              		.section	.text.SysTick_Handler,"ax",%progbits
 192              		.align	1
 193              		.global	SysTick_Handler
 194              		.syntax unified
 195              		.thumb
 196              		.thumb_func
 198              	SysTick_Handler:
 199              	.LFB343:
 188:Core/Src/stm32h7xx_it.c **** 
 189:Core/Src/stm32h7xx_it.c **** /**
 190:Core/Src/stm32h7xx_it.c ****   * @brief This function handles System tick timer.
 191:Core/Src/stm32h7xx_it.c ****   */
 192:Core/Src/stm32h7xx_it.c **** void SysTick_Handler(void)
 193:Core/Src/stm32h7xx_it.c **** {
 200              		.loc 1 193 1 view -0
 201              		.cfi_startproc
 202              		@ args = 0, pretend = 0, frame = 0
 203              		@ frame_needed = 0, uses_anonymous_args = 0
 204              		@ link register save eliminated.
 194:Core/Src/stm32h7xx_it.c ****   /* USER CODE BEGIN SysTick_IRQn 0 */
 195:Core/Src/stm32h7xx_it.c **** 
 196:Core/Src/stm32h7xx_it.c ****   /* USER CODE END SysTick_IRQn 0 */
 197:Core/Src/stm32h7xx_it.c **** 
 198:Core/Src/stm32h7xx_it.c ****   /* USER CODE BEGIN SysTick_IRQn 1 */
 199:Core/Src/stm32h7xx_it.c **** 
 200:Core/Src/stm32h7xx_it.c ****   /* USER CODE END SysTick_IRQn 1 */
 201:Core/Src/stm32h7xx_it.c **** }
 205              		.loc 1 201 1 view .LVU27
 206 0000 7047     		bx	lr
 207              		.cfi_endproc
 208              	.LFE343:
 210              		.section	.text.DMA1_Stream0_IRQHandler,"ax",%progbits
 211              		.align	1
ARM GAS  C:\Users\Made\AppData\Local\Temp\ccUs89CJ.s 			page 8


 212              		.global	DMA1_Stream0_IRQHandler
 213              		.syntax unified
 214              		.thumb
 215              		.thumb_func
 217              	DMA1_Stream0_IRQHandler:
 218              	.LFB344:
 202:Core/Src/stm32h7xx_it.c **** 
 203:Core/Src/stm32h7xx_it.c **** /******************************************************************************/
 204:Core/Src/stm32h7xx_it.c **** /* STM32H7xx Peripheral Interrupt Handlers                                    */
 205:Core/Src/stm32h7xx_it.c **** /* Add here the Interrupt Handlers for the used peripherals.                  */
 206:Core/Src/stm32h7xx_it.c **** /* For the available peripheral interrupt handler names,                      */
 207:Core/Src/stm32h7xx_it.c **** /* please refer to the startup file (startup_stm32h7xx.s).                    */
 208:Core/Src/stm32h7xx_it.c **** /******************************************************************************/
 209:Core/Src/stm32h7xx_it.c **** 
 210:Core/Src/stm32h7xx_it.c **** /**
 211:Core/Src/stm32h7xx_it.c ****   * @brief This function handles DMA1 stream0 global interrupt.
 212:Core/Src/stm32h7xx_it.c ****   */
 213:Core/Src/stm32h7xx_it.c **** void DMA1_Stream0_IRQHandler(void)
 214:Core/Src/stm32h7xx_it.c **** {
 219              		.loc 1 214 1 view -0
 220              		.cfi_startproc
 221              		@ args = 0, pretend = 0, frame = 0
 222              		@ frame_needed = 0, uses_anonymous_args = 0
 223 0000 08B5     		push	{r3, lr}
 224              	.LCFI0:
 225              		.cfi_def_cfa_offset 8
 226              		.cfi_offset 3, -8
 227              		.cfi_offset 14, -4
 215:Core/Src/stm32h7xx_it.c ****   /* USER CODE BEGIN DMA1_Stream0_IRQn 0 */
 216:Core/Src/stm32h7xx_it.c **** 
 217:Core/Src/stm32h7xx_it.c ****   /* USER CODE END DMA1_Stream0_IRQn 0 */
 218:Core/Src/stm32h7xx_it.c ****   HAL_DMA_IRQHandler(&hdma_dac1_ch1);
 228              		.loc 1 218 3 view .LVU29
 229 0002 0248     		ldr	r0, .L17
 230 0004 FFF7FEFF 		bl	HAL_DMA_IRQHandler
 231              	.LVL0:
 219:Core/Src/stm32h7xx_it.c ****   /* USER CODE BEGIN DMA1_Stream0_IRQn 1 */
 220:Core/Src/stm32h7xx_it.c **** 
 221:Core/Src/stm32h7xx_it.c ****   /* USER CODE END DMA1_Stream0_IRQn 1 */
 222:Core/Src/stm32h7xx_it.c **** }
 232              		.loc 1 222 1 is_stmt 0 view .LVU30
 233 0008 08BD     		pop	{r3, pc}
 234              	.L18:
 235 000a 00BF     		.align	2
 236              	.L17:
 237 000c 00000000 		.word	hdma_dac1_ch1
 238              		.cfi_endproc
 239              	.LFE344:
 241              		.section	.text.DMA1_Stream1_IRQHandler,"ax",%progbits
 242              		.align	1
 243              		.global	DMA1_Stream1_IRQHandler
 244              		.syntax unified
 245              		.thumb
 246              		.thumb_func
 248              	DMA1_Stream1_IRQHandler:
 249              	.LFB345:
 223:Core/Src/stm32h7xx_it.c **** 
ARM GAS  C:\Users\Made\AppData\Local\Temp\ccUs89CJ.s 			page 9


 224:Core/Src/stm32h7xx_it.c **** /**
 225:Core/Src/stm32h7xx_it.c ****   * @brief This function handles DMA1 stream1 global interrupt.
 226:Core/Src/stm32h7xx_it.c ****   */
 227:Core/Src/stm32h7xx_it.c **** void DMA1_Stream1_IRQHandler(void)
 228:Core/Src/stm32h7xx_it.c **** {
 250              		.loc 1 228 1 is_stmt 1 view -0
 251              		.cfi_startproc
 252              		@ args = 0, pretend = 0, frame = 0
 253              		@ frame_needed = 0, uses_anonymous_args = 0
 254 0000 08B5     		push	{r3, lr}
 255              	.LCFI1:
 256              		.cfi_def_cfa_offset 8
 257              		.cfi_offset 3, -8
 258              		.cfi_offset 14, -4
 229:Core/Src/stm32h7xx_it.c ****   /* USER CODE BEGIN DMA1_Stream1_IRQn 0 */
 230:Core/Src/stm32h7xx_it.c **** 
 231:Core/Src/stm32h7xx_it.c ****   /* USER CODE END DMA1_Stream1_IRQn 0 */
 232:Core/Src/stm32h7xx_it.c ****   HAL_DMA_IRQHandler(&hdma_spi4_tx);
 259              		.loc 1 232 3 view .LVU32
 260 0002 0248     		ldr	r0, .L21
 261 0004 FFF7FEFF 		bl	HAL_DMA_IRQHandler
 262              	.LVL1:
 233:Core/Src/stm32h7xx_it.c ****   /* USER CODE BEGIN DMA1_Stream1_IRQn 1 */
 234:Core/Src/stm32h7xx_it.c **** 
 235:Core/Src/stm32h7xx_it.c ****   /* USER CODE END DMA1_Stream1_IRQn 1 */
 236:Core/Src/stm32h7xx_it.c **** }
 263              		.loc 1 236 1 is_stmt 0 view .LVU33
 264 0008 08BD     		pop	{r3, pc}
 265              	.L22:
 266 000a 00BF     		.align	2
 267              	.L21:
 268 000c 00000000 		.word	hdma_spi4_tx
 269              		.cfi_endproc
 270              	.LFE345:
 272              		.section	.text.DMA1_Stream2_IRQHandler,"ax",%progbits
 273              		.align	1
 274              		.global	DMA1_Stream2_IRQHandler
 275              		.syntax unified
 276              		.thumb
 277              		.thumb_func
 279              	DMA1_Stream2_IRQHandler:
 280              	.LFB346:
 237:Core/Src/stm32h7xx_it.c **** 
 238:Core/Src/stm32h7xx_it.c **** /**
 239:Core/Src/stm32h7xx_it.c ****   * @brief This function handles DMA1 stream2 global interrupt.
 240:Core/Src/stm32h7xx_it.c ****   */
 241:Core/Src/stm32h7xx_it.c **** void DMA1_Stream2_IRQHandler(void)
 242:Core/Src/stm32h7xx_it.c **** {
 281              		.loc 1 242 1 is_stmt 1 view -0
 282              		.cfi_startproc
 283              		@ args = 0, pretend = 0, frame = 0
 284              		@ frame_needed = 0, uses_anonymous_args = 0
 285 0000 08B5     		push	{r3, lr}
 286              	.LCFI2:
 287              		.cfi_def_cfa_offset 8
 288              		.cfi_offset 3, -8
 289              		.cfi_offset 14, -4
ARM GAS  C:\Users\Made\AppData\Local\Temp\ccUs89CJ.s 			page 10


 243:Core/Src/stm32h7xx_it.c ****   /* USER CODE BEGIN DMA1_Stream2_IRQn 0 */
 244:Core/Src/stm32h7xx_it.c **** 
 245:Core/Src/stm32h7xx_it.c ****   /* USER CODE END DMA1_Stream2_IRQn 0 */
 246:Core/Src/stm32h7xx_it.c ****   HAL_DMA_IRQHandler(&hdma_uart4_tx);
 290              		.loc 1 246 3 view .LVU35
 291 0002 0248     		ldr	r0, .L25
 292 0004 FFF7FEFF 		bl	HAL_DMA_IRQHandler
 293              	.LVL2:
 247:Core/Src/stm32h7xx_it.c ****   /* USER CODE BEGIN DMA1_Stream2_IRQn 1 */
 248:Core/Src/stm32h7xx_it.c **** 
 249:Core/Src/stm32h7xx_it.c ****   /* USER CODE END DMA1_Stream2_IRQn 1 */
 250:Core/Src/stm32h7xx_it.c **** }
 294              		.loc 1 250 1 is_stmt 0 view .LVU36
 295 0008 08BD     		pop	{r3, pc}
 296              	.L26:
 297 000a 00BF     		.align	2
 298              	.L25:
 299 000c 00000000 		.word	hdma_uart4_tx
 300              		.cfi_endproc
 301              	.LFE346:
 303              		.section	.text.DMA1_Stream3_IRQHandler,"ax",%progbits
 304              		.align	1
 305              		.global	DMA1_Stream3_IRQHandler
 306              		.syntax unified
 307              		.thumb
 308              		.thumb_func
 310              	DMA1_Stream3_IRQHandler:
 311              	.LFB347:
 251:Core/Src/stm32h7xx_it.c **** 
 252:Core/Src/stm32h7xx_it.c **** /**
 253:Core/Src/stm32h7xx_it.c ****   * @brief This function handles DMA1 stream3 global interrupt.
 254:Core/Src/stm32h7xx_it.c ****   */
 255:Core/Src/stm32h7xx_it.c **** void DMA1_Stream3_IRQHandler(void)
 256:Core/Src/stm32h7xx_it.c **** {
 312              		.loc 1 256 1 is_stmt 1 view -0
 313              		.cfi_startproc
 314              		@ args = 0, pretend = 0, frame = 0
 315              		@ frame_needed = 0, uses_anonymous_args = 0
 316 0000 08B5     		push	{r3, lr}
 317              	.LCFI3:
 318              		.cfi_def_cfa_offset 8
 319              		.cfi_offset 3, -8
 320              		.cfi_offset 14, -4
 257:Core/Src/stm32h7xx_it.c ****   /* USER CODE BEGIN DMA1_Stream3_IRQn 0 */
 258:Core/Src/stm32h7xx_it.c **** 
 259:Core/Src/stm32h7xx_it.c ****   /* USER CODE END DMA1_Stream3_IRQn 0 */
 260:Core/Src/stm32h7xx_it.c ****   HAL_DMA_IRQHandler(&hdma_dac1_ch2);
 321              		.loc 1 260 3 view .LVU38
 322 0002 0248     		ldr	r0, .L29
 323 0004 FFF7FEFF 		bl	HAL_DMA_IRQHandler
 324              	.LVL3:
 261:Core/Src/stm32h7xx_it.c ****   /* USER CODE BEGIN DMA1_Stream3_IRQn 1 */
 262:Core/Src/stm32h7xx_it.c **** 
 263:Core/Src/stm32h7xx_it.c ****   /* USER CODE END DMA1_Stream3_IRQn 1 */
 264:Core/Src/stm32h7xx_it.c **** }
 325              		.loc 1 264 1 is_stmt 0 view .LVU39
 326 0008 08BD     		pop	{r3, pc}
ARM GAS  C:\Users\Made\AppData\Local\Temp\ccUs89CJ.s 			page 11


 327              	.L30:
 328 000a 00BF     		.align	2
 329              	.L29:
 330 000c 00000000 		.word	hdma_dac1_ch2
 331              		.cfi_endproc
 332              	.LFE347:
 334              		.section	.text.TIM2_IRQHandler,"ax",%progbits
 335              		.align	1
 336              		.global	TIM2_IRQHandler
 337              		.syntax unified
 338              		.thumb
 339              		.thumb_func
 341              	TIM2_IRQHandler:
 342              	.LFB348:
 265:Core/Src/stm32h7xx_it.c **** 
 266:Core/Src/stm32h7xx_it.c **** /**
 267:Core/Src/stm32h7xx_it.c ****   * @brief This function handles TIM2 global interrupt.
 268:Core/Src/stm32h7xx_it.c ****   */
 269:Core/Src/stm32h7xx_it.c **** void TIM2_IRQHandler(void)
 270:Core/Src/stm32h7xx_it.c **** {
 343              		.loc 1 270 1 is_stmt 1 view -0
 344              		.cfi_startproc
 345              		@ args = 0, pretend = 0, frame = 0
 346              		@ frame_needed = 0, uses_anonymous_args = 0
 347 0000 08B5     		push	{r3, lr}
 348              	.LCFI4:
 349              		.cfi_def_cfa_offset 8
 350              		.cfi_offset 3, -8
 351              		.cfi_offset 14, -4
 271:Core/Src/stm32h7xx_it.c ****   /* USER CODE BEGIN TIM2_IRQn 0 */
 272:Core/Src/stm32h7xx_it.c **** 
 273:Core/Src/stm32h7xx_it.c ****   /* USER CODE END TIM2_IRQn 0 */
 274:Core/Src/stm32h7xx_it.c ****   HAL_TIM_IRQHandler(&htim2);
 352              		.loc 1 274 3 view .LVU41
 353 0002 0248     		ldr	r0, .L33
 354 0004 FFF7FEFF 		bl	HAL_TIM_IRQHandler
 355              	.LVL4:
 275:Core/Src/stm32h7xx_it.c ****   /* USER CODE BEGIN TIM2_IRQn 1 */
 276:Core/Src/stm32h7xx_it.c **** 
 277:Core/Src/stm32h7xx_it.c ****   /* USER CODE END TIM2_IRQn 1 */
 278:Core/Src/stm32h7xx_it.c **** }
 356              		.loc 1 278 1 is_stmt 0 view .LVU42
 357 0008 08BD     		pop	{r3, pc}
 358              	.L34:
 359 000a 00BF     		.align	2
 360              	.L33:
 361 000c 00000000 		.word	htim2
 362              		.cfi_endproc
 363              	.LFE348:
 365              		.section	.text.TIM6_DAC_IRQHandler,"ax",%progbits
 366              		.align	1
 367              		.global	TIM6_DAC_IRQHandler
 368              		.syntax unified
 369              		.thumb
 370              		.thumb_func
 372              	TIM6_DAC_IRQHandler:
 373              	.LFB349:
ARM GAS  C:\Users\Made\AppData\Local\Temp\ccUs89CJ.s 			page 12


 279:Core/Src/stm32h7xx_it.c **** 
 280:Core/Src/stm32h7xx_it.c **** /**
 281:Core/Src/stm32h7xx_it.c ****   * @brief This function handles TIM6 global interrupt, DAC1_CH1 and DAC1_CH2 underrun error interr
 282:Core/Src/stm32h7xx_it.c ****   */
 283:Core/Src/stm32h7xx_it.c **** void TIM6_DAC_IRQHandler(void)
 284:Core/Src/stm32h7xx_it.c **** {
 374              		.loc 1 284 1 is_stmt 1 view -0
 375              		.cfi_startproc
 376              		@ args = 0, pretend = 0, frame = 0
 377              		@ frame_needed = 0, uses_anonymous_args = 0
 378 0000 08B5     		push	{r3, lr}
 379              	.LCFI5:
 380              		.cfi_def_cfa_offset 8
 381              		.cfi_offset 3, -8
 382              		.cfi_offset 14, -4
 285:Core/Src/stm32h7xx_it.c ****   /* USER CODE BEGIN TIM6_DAC_IRQn 0 */
 286:Core/Src/stm32h7xx_it.c **** 
 287:Core/Src/stm32h7xx_it.c ****   /* USER CODE END TIM6_DAC_IRQn 0 */
 288:Core/Src/stm32h7xx_it.c ****   HAL_DAC_IRQHandler(&hdac1);
 383              		.loc 1 288 3 view .LVU44
 384 0002 0348     		ldr	r0, .L37
 385 0004 FFF7FEFF 		bl	HAL_DAC_IRQHandler
 386              	.LVL5:
 289:Core/Src/stm32h7xx_it.c ****   HAL_TIM_IRQHandler(&htim6);
 387              		.loc 1 289 3 view .LVU45
 388 0008 0248     		ldr	r0, .L37+4
 389 000a FFF7FEFF 		bl	HAL_TIM_IRQHandler
 390              	.LVL6:
 290:Core/Src/stm32h7xx_it.c ****   /* USER CODE BEGIN TIM6_DAC_IRQn 1 */
 291:Core/Src/stm32h7xx_it.c **** 
 292:Core/Src/stm32h7xx_it.c ****   /* USER CODE END TIM6_DAC_IRQn 1 */
 293:Core/Src/stm32h7xx_it.c **** }
 391              		.loc 1 293 1 is_stmt 0 view .LVU46
 392 000e 08BD     		pop	{r3, pc}
 393              	.L38:
 394              		.align	2
 395              	.L37:
 396 0010 00000000 		.word	hdac1
 397 0014 00000000 		.word	htim6
 398              		.cfi_endproc
 399              	.LFE349:
 401              		.section	.text.TIM7_IRQHandler,"ax",%progbits
 402              		.align	1
 403              		.global	TIM7_IRQHandler
 404              		.syntax unified
 405              		.thumb
 406              		.thumb_func
 408              	TIM7_IRQHandler:
 409              	.LFB350:
 294:Core/Src/stm32h7xx_it.c **** 
 295:Core/Src/stm32h7xx_it.c **** /**
 296:Core/Src/stm32h7xx_it.c ****   * @brief This function handles TIM7 global interrupt.
 297:Core/Src/stm32h7xx_it.c ****   */
 298:Core/Src/stm32h7xx_it.c **** void TIM7_IRQHandler(void)
 299:Core/Src/stm32h7xx_it.c **** {
 410              		.loc 1 299 1 is_stmt 1 view -0
 411              		.cfi_startproc
ARM GAS  C:\Users\Made\AppData\Local\Temp\ccUs89CJ.s 			page 13


 412              		@ args = 0, pretend = 0, frame = 0
 413              		@ frame_needed = 0, uses_anonymous_args = 0
 414 0000 08B5     		push	{r3, lr}
 415              	.LCFI6:
 416              		.cfi_def_cfa_offset 8
 417              		.cfi_offset 3, -8
 418              		.cfi_offset 14, -4
 300:Core/Src/stm32h7xx_it.c ****   /* USER CODE BEGIN TIM7_IRQn 0 */
 301:Core/Src/stm32h7xx_it.c **** 
 302:Core/Src/stm32h7xx_it.c ****   /* USER CODE END TIM7_IRQn 0 */
 303:Core/Src/stm32h7xx_it.c ****   HAL_TIM_IRQHandler(&htim7);
 419              		.loc 1 303 3 view .LVU48
 420 0002 0248     		ldr	r0, .L41
 421 0004 FFF7FEFF 		bl	HAL_TIM_IRQHandler
 422              	.LVL7:
 304:Core/Src/stm32h7xx_it.c ****   /* USER CODE BEGIN TIM7_IRQn 1 */
 305:Core/Src/stm32h7xx_it.c **** 
 306:Core/Src/stm32h7xx_it.c ****   /* USER CODE END TIM7_IRQn 1 */
 307:Core/Src/stm32h7xx_it.c **** }
 423              		.loc 1 307 1 is_stmt 0 view .LVU49
 424 0008 08BD     		pop	{r3, pc}
 425              	.L42:
 426 000a 00BF     		.align	2
 427              	.L41:
 428 000c 00000000 		.word	htim7
 429              		.cfi_endproc
 430              	.LFE350:
 432              		.section	.text.SPI4_IRQHandler,"ax",%progbits
 433              		.align	1
 434              		.global	SPI4_IRQHandler
 435              		.syntax unified
 436              		.thumb
 437              		.thumb_func
 439              	SPI4_IRQHandler:
 440              	.LFB351:
 308:Core/Src/stm32h7xx_it.c **** 
 309:Core/Src/stm32h7xx_it.c **** /**
 310:Core/Src/stm32h7xx_it.c ****   * @brief This function handles SPI4 global interrupt.
 311:Core/Src/stm32h7xx_it.c ****   */
 312:Core/Src/stm32h7xx_it.c **** void SPI4_IRQHandler(void)
 313:Core/Src/stm32h7xx_it.c **** {
 441              		.loc 1 313 1 is_stmt 1 view -0
 442              		.cfi_startproc
 443              		@ args = 0, pretend = 0, frame = 0
 444              		@ frame_needed = 0, uses_anonymous_args = 0
 445 0000 08B5     		push	{r3, lr}
 446              	.LCFI7:
 447              		.cfi_def_cfa_offset 8
 448              		.cfi_offset 3, -8
 449              		.cfi_offset 14, -4
 314:Core/Src/stm32h7xx_it.c ****   /* USER CODE BEGIN SPI4_IRQn 0 */
 315:Core/Src/stm32h7xx_it.c **** 
 316:Core/Src/stm32h7xx_it.c ****   /* USER CODE END SPI4_IRQn 0 */
 317:Core/Src/stm32h7xx_it.c ****   HAL_SPI_IRQHandler(&hspi4);
 450              		.loc 1 317 3 view .LVU51
 451 0002 0248     		ldr	r0, .L45
 452 0004 FFF7FEFF 		bl	HAL_SPI_IRQHandler
ARM GAS  C:\Users\Made\AppData\Local\Temp\ccUs89CJ.s 			page 14


 453              	.LVL8:
 318:Core/Src/stm32h7xx_it.c ****   /* USER CODE BEGIN SPI4_IRQn 1 */
 319:Core/Src/stm32h7xx_it.c **** 
 320:Core/Src/stm32h7xx_it.c ****   /* USER CODE END SPI4_IRQn 1 */
 321:Core/Src/stm32h7xx_it.c **** }
 454              		.loc 1 321 1 is_stmt 0 view .LVU52
 455 0008 08BD     		pop	{r3, pc}
 456              	.L46:
 457 000a 00BF     		.align	2
 458              	.L45:
 459 000c 00000000 		.word	hspi4
 460              		.cfi_endproc
 461              	.LFE351:
 463              		.text
 464              	.Letext0:
 465              		.file 2 "C:/Program Files (x86)/Arm GNU Toolchain arm-none-eabi/13.3 rel1/arm-none-eabi/include/ma
 466              		.file 3 "C:/Program Files (x86)/Arm GNU Toolchain arm-none-eabi/13.3 rel1/arm-none-eabi/include/sy
 467              		.file 4 "Drivers/CMSIS/Device/ST/STM32H7xx/Include/stm32h743xx.h"
 468              		.file 5 "Drivers/STM32H7xx_HAL_Driver/Inc/stm32h7xx_hal_def.h"
 469              		.file 6 "Drivers/STM32H7xx_HAL_Driver/Inc/stm32h7xx_hal_dma.h"
 470              		.file 7 "Drivers/STM32H7xx_HAL_Driver/Inc/stm32h7xx_hal_dac.h"
 471              		.file 8 "Drivers/STM32H7xx_HAL_Driver/Inc/stm32h7xx_hal_spi.h"
 472              		.file 9 "Drivers/STM32H7xx_HAL_Driver/Inc/stm32h7xx_hal_tim.h"
ARM GAS  C:\Users\Made\AppData\Local\Temp\ccUs89CJ.s 			page 15


DEFINED SYMBOLS
                            *ABS*:00000000 stm32h7xx_it.c
C:\Users\Made\AppData\Local\Temp\ccUs89CJ.s:20     .text.NMI_Handler:00000000 $t
C:\Users\Made\AppData\Local\Temp\ccUs89CJ.s:26     .text.NMI_Handler:00000000 NMI_Handler
C:\Users\Made\AppData\Local\Temp\ccUs89CJ.s:43     .text.HardFault_Handler:00000000 $t
C:\Users\Made\AppData\Local\Temp\ccUs89CJ.s:49     .text.HardFault_Handler:00000000 HardFault_Handler
C:\Users\Made\AppData\Local\Temp\ccUs89CJ.s:66     .text.MemManage_Handler:00000000 $t
C:\Users\Made\AppData\Local\Temp\ccUs89CJ.s:72     .text.MemManage_Handler:00000000 MemManage_Handler
C:\Users\Made\AppData\Local\Temp\ccUs89CJ.s:89     .text.BusFault_Handler:00000000 $t
C:\Users\Made\AppData\Local\Temp\ccUs89CJ.s:95     .text.BusFault_Handler:00000000 BusFault_Handler
C:\Users\Made\AppData\Local\Temp\ccUs89CJ.s:112    .text.UsageFault_Handler:00000000 $t
C:\Users\Made\AppData\Local\Temp\ccUs89CJ.s:118    .text.UsageFault_Handler:00000000 UsageFault_Handler
C:\Users\Made\AppData\Local\Temp\ccUs89CJ.s:135    .text.SVC_Handler:00000000 $t
C:\Users\Made\AppData\Local\Temp\ccUs89CJ.s:141    .text.SVC_Handler:00000000 SVC_Handler
C:\Users\Made\AppData\Local\Temp\ccUs89CJ.s:154    .text.DebugMon_Handler:00000000 $t
C:\Users\Made\AppData\Local\Temp\ccUs89CJ.s:160    .text.DebugMon_Handler:00000000 DebugMon_Handler
C:\Users\Made\AppData\Local\Temp\ccUs89CJ.s:173    .text.PendSV_Handler:00000000 $t
C:\Users\Made\AppData\Local\Temp\ccUs89CJ.s:179    .text.PendSV_Handler:00000000 PendSV_Handler
C:\Users\Made\AppData\Local\Temp\ccUs89CJ.s:192    .text.SysTick_Handler:00000000 $t
C:\Users\Made\AppData\Local\Temp\ccUs89CJ.s:198    .text.SysTick_Handler:00000000 SysTick_Handler
C:\Users\Made\AppData\Local\Temp\ccUs89CJ.s:211    .text.DMA1_Stream0_IRQHandler:00000000 $t
C:\Users\Made\AppData\Local\Temp\ccUs89CJ.s:217    .text.DMA1_Stream0_IRQHandler:00000000 DMA1_Stream0_IRQHandler
C:\Users\Made\AppData\Local\Temp\ccUs89CJ.s:237    .text.DMA1_Stream0_IRQHandler:0000000c $d
C:\Users\Made\AppData\Local\Temp\ccUs89CJ.s:242    .text.DMA1_Stream1_IRQHandler:00000000 $t
C:\Users\Made\AppData\Local\Temp\ccUs89CJ.s:248    .text.DMA1_Stream1_IRQHandler:00000000 DMA1_Stream1_IRQHandler
C:\Users\Made\AppData\Local\Temp\ccUs89CJ.s:268    .text.DMA1_Stream1_IRQHandler:0000000c $d
C:\Users\Made\AppData\Local\Temp\ccUs89CJ.s:273    .text.DMA1_Stream2_IRQHandler:00000000 $t
C:\Users\Made\AppData\Local\Temp\ccUs89CJ.s:279    .text.DMA1_Stream2_IRQHandler:00000000 DMA1_Stream2_IRQHandler
C:\Users\Made\AppData\Local\Temp\ccUs89CJ.s:299    .text.DMA1_Stream2_IRQHandler:0000000c $d
C:\Users\Made\AppData\Local\Temp\ccUs89CJ.s:304    .text.DMA1_Stream3_IRQHandler:00000000 $t
C:\Users\Made\AppData\Local\Temp\ccUs89CJ.s:310    .text.DMA1_Stream3_IRQHandler:00000000 DMA1_Stream3_IRQHandler
C:\Users\Made\AppData\Local\Temp\ccUs89CJ.s:330    .text.DMA1_Stream3_IRQHandler:0000000c $d
C:\Users\Made\AppData\Local\Temp\ccUs89CJ.s:335    .text.TIM2_IRQHandler:00000000 $t
C:\Users\Made\AppData\Local\Temp\ccUs89CJ.s:341    .text.TIM2_IRQHandler:00000000 TIM2_IRQHandler
C:\Users\Made\AppData\Local\Temp\ccUs89CJ.s:361    .text.TIM2_IRQHandler:0000000c $d
C:\Users\Made\AppData\Local\Temp\ccUs89CJ.s:366    .text.TIM6_DAC_IRQHandler:00000000 $t
C:\Users\Made\AppData\Local\Temp\ccUs89CJ.s:372    .text.TIM6_DAC_IRQHandler:00000000 TIM6_DAC_IRQHandler
C:\Users\Made\AppData\Local\Temp\ccUs89CJ.s:396    .text.TIM6_DAC_IRQHandler:00000010 $d
C:\Users\Made\AppData\Local\Temp\ccUs89CJ.s:402    .text.TIM7_IRQHandler:00000000 $t
C:\Users\Made\AppData\Local\Temp\ccUs89CJ.s:408    .text.TIM7_IRQHandler:00000000 TIM7_IRQHandler
C:\Users\Made\AppData\Local\Temp\ccUs89CJ.s:428    .text.TIM7_IRQHandler:0000000c $d
C:\Users\Made\AppData\Local\Temp\ccUs89CJ.s:433    .text.SPI4_IRQHandler:00000000 $t
C:\Users\Made\AppData\Local\Temp\ccUs89CJ.s:439    .text.SPI4_IRQHandler:00000000 SPI4_IRQHandler
C:\Users\Made\AppData\Local\Temp\ccUs89CJ.s:459    .text.SPI4_IRQHandler:0000000c $d

UNDEFINED SYMBOLS
HAL_DMA_IRQHandler
hdma_dac1_ch1
hdma_spi4_tx
hdma_uart4_tx
hdma_dac1_ch2
HAL_TIM_IRQHandler
htim2
HAL_DAC_IRQHandler
hdac1
htim6
htim7
ARM GAS  C:\Users\Made\AppData\Local\Temp\ccUs89CJ.s 			page 16


HAL_SPI_IRQHandler
hspi4
