Archive member included to satisfy reference by file (symbol)

C:/Program Files (x86)/Arm GNU Toolchain arm-none-eabi/13.3 rel1/bin/../lib/gcc/arm-none-eabi/13.3.1/thumb/v7e-m+dp/hard\libc_nano.a(libc_a-exit.o)
                              C:/Program Files (x86)/Arm GNU Toolchain arm-none-eabi/13.3 rel1/bin/../lib/gcc/arm-none-eabi/13.3.1/thumb/v7e-m+dp/hard/crt0.o (exit)
C:/Program Files (x86)/Arm GNU Toolchain arm-none-eabi/13.3 rel1/bin/../lib/gcc/arm-none-eabi/13.3.1/thumb/v7e-m+dp/hard\libc_nano.a(libc_a-malloc.o)
                              build/glcd.o (malloc)
C:/Program Files (x86)/Arm GNU Toolchain arm-none-eabi/13.3 rel1/bin/../lib/gcc/arm-none-eabi/13.3.1/thumb/v7e-m+dp/hard\libc_nano.a(libc_a-mallocr.o)
                              C:/Program Files (x86)/Arm GNU Toolchain arm-none-eabi/13.3 rel1/bin/../lib/gcc/arm-none-eabi/13.3.1/thumb/v7e-m+dp/hard\libc_nano.a(libc_a-malloc.o) (_malloc_r)
C:/Program Files (x86)/Arm GNU Toolchain arm-none-eabi/13.3 rel1/bin/../lib/gcc/arm-none-eabi/13.3.1/thumb/v7e-m+dp/hard\libc_nano.a(libc_a-mlock.o)
                              C:/Program Files (x86)/Arm GNU Toolchain arm-none-eabi/13.3 rel1/bin/../lib/gcc/arm-none-eabi/13.3.1/thumb/v7e-m+dp/hard\libc_nano.a(libc_a-mallocr.o) (__malloc_lock)
C:/Program Files (x86)/Arm GNU Toolchain arm-none-eabi/13.3 rel1/bin/../lib/gcc/arm-none-eabi/13.3.1/thumb/v7e-m+dp/hard\libc_nano.a(libc_a-nano-vfprintf_float.o)
                              (_printf_float)
C:/Program Files (x86)/Arm GNU Toolchain arm-none-eabi/13.3 rel1/bin/../lib/gcc/arm-none-eabi/13.3.1/thumb/v7e-m+dp/hard\libc_nano.a(libc_a-nano-vfprintf_i.o)
                              C:/Program Files (x86)/Arm GNU Toolchain arm-none-eabi/13.3 rel1/bin/../lib/gcc/arm-none-eabi/13.3.1/thumb/v7e-m+dp/hard\libc_nano.a(libc_a-nano-vfprintf_float.o) (_printf_common)
C:/Program Files (x86)/Arm GNU Toolchain arm-none-eabi/13.3 rel1/bin/../lib/gcc/arm-none-eabi/13.3.1/thumb/v7e-m+dp/hard\libc_nano.a(libc_a-findfp.o)
                              C:/Program Files (x86)/Arm GNU Toolchain arm-none-eabi/13.3 rel1/bin/../lib/gcc/arm-none-eabi/13.3.1/thumb/v7e-m+dp/hard\libc_nano.a(libc_a-exit.o) (__stdio_exit_handler)
C:/Program Files (x86)/Arm GNU Toolchain arm-none-eabi/13.3 rel1/bin/../lib/gcc/arm-none-eabi/13.3.1/thumb/v7e-m+dp/hard\libc_nano.a(libc_a-fwalk.o)
                              C:/Program Files (x86)/Arm GNU Toolchain arm-none-eabi/13.3 rel1/bin/../lib/gcc/arm-none-eabi/13.3.1/thumb/v7e-m+dp/hard\libc_nano.a(libc_a-findfp.o) (_fwalk_sglue)
C:/Program Files (x86)/Arm GNU Toolchain arm-none-eabi/13.3 rel1/bin/../lib/gcc/arm-none-eabi/13.3.1/thumb/v7e-m+dp/hard\libc_nano.a(libc_a-printf.o)
                              build/serrno.o (printf)
C:/Program Files (x86)/Arm GNU Toolchain arm-none-eabi/13.3 rel1/bin/../lib/gcc/arm-none-eabi/13.3.1/thumb/v7e-m+dp/hard\libc_nano.a(libc_a-sprintf.o)
                              build/solfege.o (sprintf)
C:/Program Files (x86)/Arm GNU Toolchain arm-none-eabi/13.3 rel1/bin/../lib/gcc/arm-none-eabi/13.3.1/thumb/v7e-m+dp/hard\libc_nano.a(libc_a-stdio.o)
                              C:/Program Files (x86)/Arm GNU Toolchain arm-none-eabi/13.3 rel1/bin/../lib/gcc/arm-none-eabi/13.3.1/thumb/v7e-m+dp/hard\libc_nano.a(libc_a-findfp.o) (__sread)
C:/Program Files (x86)/Arm GNU Toolchain arm-none-eabi/13.3 rel1/bin/../lib/gcc/arm-none-eabi/13.3.1/thumb/v7e-m+dp/hard\libc_nano.a(libc_a-vsprintf.o)
                              build/main.o (vsprintf)
C:/Program Files (x86)/Arm GNU Toolchain arm-none-eabi/13.3 rel1/bin/../lib/gcc/arm-none-eabi/13.3.1/thumb/v7e-m+dp/hard\libc_nano.a(libc_a-memset.o)
                              C:/Program Files (x86)/Arm GNU Toolchain arm-none-eabi/13.3 rel1/bin/../lib/gcc/arm-none-eabi/13.3.1/thumb/v7e-m+dp/hard/crt0.o (memset)
C:/Program Files (x86)/Arm GNU Toolchain arm-none-eabi/13.3 rel1/bin/../lib/gcc/arm-none-eabi/13.3.1/thumb/v7e-m+dp/hard\libc_nano.a(libc_a-localeconv.o)
                              C:/Program Files (x86)/Arm GNU Toolchain arm-none-eabi/13.3 rel1/bin/../lib/gcc/arm-none-eabi/13.3.1/thumb/v7e-m+dp/hard\libc_nano.a(libc_a-nano-vfprintf_float.o) (_localeconv_r)
C:/Program Files (x86)/Arm GNU Toolchain arm-none-eabi/13.3 rel1/bin/../lib/gcc/arm-none-eabi/13.3.1/thumb/v7e-m+dp/hard\libc_nano.a(libc_a-closer.o)
                              C:/Program Files (x86)/Arm GNU Toolchain arm-none-eabi/13.3 rel1/bin/../lib/gcc/arm-none-eabi/13.3.1/thumb/v7e-m+dp/hard\libc_nano.a(libc_a-stdio.o) (_close_r)
C:/Program Files (x86)/Arm GNU Toolchain arm-none-eabi/13.3 rel1/bin/../lib/gcc/arm-none-eabi/13.3.1/thumb/v7e-m+dp/hard\libc_nano.a(libc_a-reent.o)
                              C:/Program Files (x86)/Arm GNU Toolchain arm-none-eabi/13.3 rel1/bin/../lib/gcc/arm-none-eabi/13.3.1/thumb/v7e-m+dp/hard\libc_nano.a(libc_a-closer.o) (errno)
[...]
Memory Configuration

Name             Origin             Length             Attributes
DTCMRAM          0x20000000         0x00020000         xrw
RAM              0x24000000         0x00080000         xrw
RAM_D2           0x30000000         0x00048000         xrw
RAM_D3           0x38000000         0x00010000         xrw
ITCMRAM          0x00000000         0x00010000         xrw
FLASH            0x08000000         0x00200000         xr
*default*        0x00000000         0xffffffff

Linker script and memory map

LOAD C:/Program Files (x86)/Arm GNU Toolchain arm-none-eabi/13.3 rel1/bin/../lib/gcc/arm-none-eabi/13.3.1/thumb/v7e-m+dp/hard/crti.o
LOAD C:/Program Files (x86)/Arm GNU Toolchain arm-none-eabi/13.3 rel1/bin/../lib/gcc/arm-none-eabi/13.3.1/thumb/v7e-m+dp/hard/crtbegin.o
LOAD C:/Program Files (x86)/Arm GNU Toolchain arm-none-eabi/13.3 rel1/bin/../lib/gcc/arm-none-eabi/13.3.1/thumb/v7e-m+dp/hard/crt0.o
LOAD build/main.o
LOAD build/stm32h7xx_it.o
LOAD build/stm32h7xx_hal_msp.o
LOAD build/stm32h7xx_hal_timebase_tim.o
LOAD build/stm32h7xx_hal_tim.o
LOAD build/stm32h7xx_hal_tim_ex.o
LOAD build/stm32h7xx_hal_cortex.o
LOAD build/stm32h7xx_hal_dac.o
LOAD build/stm32h7xx_hal_dac_ex.o
LOAD build/stm32h7xx_hal_rcc.o
LOAD build/stm32h7xx_hal_rcc_ex.o
LOAD build/stm32h7xx_hal_flash.o
LOAD build/stm32h7xx_hal_flash_ex.o
LOAD build/stm32h7xx_hal_gpio.o
LOAD build/stm32h7xx_hal_hsem.o
LOAD build/stm32h7xx_hal_dma.o
LOAD build/stm32h7xx_hal_dma_ex.o
LOAD build/stm32h7xx_hal_mdma.o
LOAD build/stm32h7xx_hal_pwr.o
LOAD build/stm32h7xx_hal_pwr_ex.o
LOAD build/stm32h7xx_hal.o
LOAD build/stm32h7xx_hal_i2c.o
LOAD build/stm32h7xx_hal_i2c_ex.o
LOAD build/stm32h7xx_hal_exti.o
LOAD build/stm32h7xx_ll_sdmmc.o
LOAD build/stm32h7xx_ll_delayblock.o
LOAD build/stm32h7xx_hal_sd.o
LOAD build/stm32h7xx_hal_sd_ex.o
LOAD build/stm32h7xx_hal_mmc.o
LOAD build/stm32h7xx_hal_mmc_ex.o
LOAD build/system_stm32h7xx.o
LOAD build/sysmem.o
LOAD build/syscalls.o
LOAD build/stm32h7xx_hal_spi.o
LOAD build/stm32h7xx_hal_spi_ex.o
LOAD build/sfs.o
LOAD build/solfege.o
LOAD build/serrno.o
LOAD build/glcd.o
LOAD build/ssys.o
LOAD build/smidi.o
LOAD build/stm32h7xx_hal_adc.o
LOAD build/stm32h7xx_hal_adc_ex.o
LOAD build/stm32h7xx_hal_comp.o
LOAD build/stm32h7xx_hal_uart.o
LOAD build/stm32h7xx_hal_uart_ex.o
LOAD build/startup_stm32h743xx.o
LOAD C:/Program Files (x86)/Arm GNU Toolchain arm-none-eabi/13.3 rel1/bin/../lib/gcc/arm-none-eabi/13.3.1/thumb/v7e-m+dp/hard\libc_nano.a
LOAD C:/Program Files (x86)/Arm GNU Toolchain arm-none-eabi/13.3 rel1/bin/../lib/gcc/arm-none-eabi/13.3.1/thumb/v7e-m+dp/hard\libm.a
LOAD C:/Program Files (x86)/Arm GNU Toolchain arm-none-eabi/13.3 rel1/bin/../lib/gcc/arm-none-eabi/13.3.1/thumb/v7e-m+dp/hard\libnosys.a
START GROUP
LOAD C:/Program Files (x86)/Arm GNU Toolchain arm-none-eabi/13.3 rel1/bin/../lib/gcc/arm-none-eabi/13.3.1/thumb/v7e-m+dp/hard\libgcc.a
LOAD C:/Program Files (x86)/Arm GNU Toolchain arm-none-eabi/13.3 rel1/bin/../lib/gcc/arm-none-eabi/13.3.1/thumb/v7e-m+dp/hard\libc_nano.a
END GROUP
START GROUP
LOAD C:/Program Files (x86)/Arm GNU Toolchain arm-none-eabi/13.3 rel1/bin/../lib/gcc/arm-none-eabi/13.3.1/thumb/v7e-m+dp/hard\libgcc.a
LOAD C:/Program Files (x86)/Arm GNU Toolchain arm-none-eabi/13.3 rel1/bin/../lib/gcc/arm-none-eabi/13.3.1/thumb/v7e-m+dp/hard\libc_nano.a
END GROUP
LOAD C:/Program Files (x86)/Arm GNU Toolchain arm-none-eabi/13.3 rel1/bin/../lib/gcc/arm-none-eabi/13.3.1/thumb/v7e-m+dp/hard/crtend.o
LOAD C:/Program Files (x86)/Arm GNU Toolchain arm-none-eabi/13.3 rel1/bin/../lib/gcc/arm-none-eabi/13.3.1/thumb/v7e-m+dp/hard/crtn.o
                0x20020000                        _estack = (ORIGIN (DTCMRAM) + LENGTH (DTCMRAM))
                0x00000200                        _Min_Heap_Size = 0x200
                0x00000400                        _Min_Stack_Size = 0x400

.isr_vector     0x08000000      0x298
                0x08000000                        . = ALIGN (0x4)
 *(.isr_vector)
 .isr_vector    0x08000000      0x298 build/startup_stm32h743xx.o
                0x08000000                g_pfnVectors
                0x08000298                        . = ALIGN (0x4)

.text           0x080002a0     0xcdc4
                0x080002a0                        . = ALIGN (0x4)
 *(.text)
 .text          0x080002a0       0xa0 C:/Program Files (x86)/Arm GNU Toolchain arm-none-eabi/13.3 rel1/bin/../lib/gcc/arm-none-eabi/13.3.1/thumb/v7e-m+dp/hard\libc_nano.a(libc_a-memchr.o)
                0x080002a0                memchr
 .text          0x08000340       0x10 C:/Program Files (x86)/Arm GNU Toolchain arm-none-eabi/13.3 rel1/bin/../lib/gcc/arm-none-eabi/13.3.1/thumb/v7e-m+dp/hard\libc_nano.a(libc_a-strlen.o)
                0x08000340                strlen
 .text          0x08000350       0x30 C:/Program Files (x86)/Arm GNU Toolchain arm-none-eabi/13.3 rel1/bin/../lib/gcc/arm-none-eabi/13.3.1/thumb/v7e-m+dp/hard\libgcc.a(_aeabi_uldivmod.o)
                0x08000350                __aeabi_uldivmod
 .text          0x08000380        0x4 C:/Program Files (x86)/Arm GNU Toolchain arm-none-eabi/13.3 rel1/bin/../lib/gcc/arm-none-eabi/13.3.1/thumb/v7e-m+dp/hard\libgcc.a(_dvmd_tls.o)
                0x08000380                __aeabi_idiv0
                0x08000380                __aeabi_ldiv0
 *(.text*)
 .text.deregister_tm_clones
                0x08000384       0x1c C:/Program Files (x86)/Arm GNU Toolchain arm-none-eabi/13.3 rel1/bin/../lib/gcc/arm-none-eabi/13.3.1/thumb/v7e-m+dp/hard/crtbegin.o
 .text.register_tm_clones
                0x080003a0       0x24 C:/Program Files (x86)/Arm GNU Toolchain arm-none-eabi/13.3 rel1/bin/../lib/gcc/arm-none-eabi/13.3.1/thumb/v7e-m+dp/hard/crtbegin.o
 .text.__do_global_dtors_aux
                0x080003c4       0x28 C:/Program Files (x86)/Arm GNU Toolchain arm-none-eabi/13.3 rel1/bin/../lib/gcc/arm-none-eabi/13.3.1/thumb/v7e-m+dp/hard/crtbegin.o
 .text.frame_dummy
                0x080003ec       0x24 C:/Program Files (x86)/Arm GNU Toolchain arm-none-eabi/13.3 rel1/bin/../lib/gcc/arm-none-eabi/13.3.1/thumb/v7e-m+dp/hard/crtbegin.o
 .text.MPU_Config
                0x08000410       0x52 build/main.o
 *fill*         0x08000462        0x2 
 .text.MX_GPIO_Init
                0x08000464      0x140 build/main.o
 .text.MX_DMA_Init
                0x080005a4       0x68 build/main.o
 .text.sfsReadBlocks
                0x0800060c       0x34 build/main.o
                0x0800060c                sfsReadBlocks
 .text.HAL_DAC_ConvHalfCpltCallbackCh1
                0x08000640       0x1c build/main.o
                0x08000640                HAL_DAC_ConvHalfCpltCallbackCh1
 .text.HAL_DAC_ConvCpltCallbackCh1
                0x0800065c       0x1c build/main.o
                0x0800065c                HAL_DAC_ConvCpltCallbackCh1
 .text.HAL_DACEx_ConvCpltCallbackCh2
                0x08000678       0x12 build/main.o
                0x08000678                HAL_DACEx_ConvCpltCallbackCh2
 *fill*         0x0800068a        0x2 
 .text.HAL_SPI_TxCpltCallback
                0x0800068c       0x44 build/main.o
                0x0800068c                HAL_SPI_TxCpltCallback
 .text.HAL_TIM_PeriodElapsedCallback
                0x080006d0       0x2c build/main.o
                0x080006d0                HAL_TIM_PeriodElapsedCallback
 .text.Error_Handler
                0x080006fc       0x48 build/main.o
                0x080006fc                Error_Handler
 .text.MX_DAC1_Init
                0x08000744       0x60 build/main.o
 .text.MX_SDMMC1_SD_Init
                0x080007a4       0x2c build/main.o
 .text.MX_TIM4_Init
                0x080007d0       0x6c build/main.o
 .text.MX_TIM3_Init
                0x0800083c       0x6c build/main.o
 .text.MX_TIM6_Init
                0x080008a8       0x4c build/main.o
 .text.MX_TIM5_Init
                0x080008f4       0x6c build/main.o
 .text.MX_ADC1_Init
                0x08000960       0x9c build/main.o
 .text.MX_TIM7_Init
                0x080009fc       0x4c build/main.o
 .text.MX_COMP2_Init
                0x08000a48       0x38 build/main.o
 .text.MX_SPI4_Init
                0x08000a80       0x68 build/main.o
 .text.MX_UART4_Init
                0x08000ae8       0x60 build/main.o
 .text.MX_TIM15_Init
                0x08000b48       0x6c build/main.o
 .text.MX_TIM8_Init
                0x08000bb4       0x6c build/main.o
 .text.SystemClock_Config
                0x08000c20       0xc8 build/main.o
                0x08000c20                SystemClock_Config
 .text.PeriphCommonClock_Config
                0x08000ce8       0x44 build/main.o
                0x08000ce8                PeriphCommonClock_Config
 .text.main     0x08000d2c      0x128 build/main.o
                0x08000d2c                main
 .text.NMI_Handler
                0x08000e54        0x2 build/stm32h7xx_it.o
                0x08000e54                NMI_Handler
 .text.HardFault_Handler
                0x08000e56        0x2 build/stm32h7xx_it.o
                0x08000e56                HardFault_Handler
 .text.MemManage_Handler
                0x08000e58        0x2 build/stm32h7xx_it.o
                0x08000e58                MemManage_Handler
 .text.BusFault_Handler
                0x08000e5a        0x2 build/stm32h7xx_it.o
                0x08000e5a                BusFault_Handler
 .text.UsageFault_Handler
                0x08000e5c        0x2 build/stm32h7xx_it.o
                0x08000e5c                UsageFault_Handler
 .text.SVC_Handler
                0x08000e5e        0x2 build/stm32h7xx_it.o
                0x08000e5e                SVC_Handler
 .text.DebugMon_Handler
                0x08000e60        0x2 build/stm32h7xx_it.o
                0x08000e60                DebugMon_Handler
 .text.PendSV_Handler
                0x08000e62        0x2 build/stm32h7xx_it.o
                0x08000e62                PendSV_Handler
 .text.SysTick_Handler
                0x08000e64        0x2 build/stm32h7xx_it.o
                0x08000e64                SysTick_Handler
 *fill*         0x08000e66        0x2 
 .text.DMA1_Stream0_IRQHandler
                0x08000e68       0x10 build/stm32h7xx_it.o
                0x08000e68                DMA1_Stream0_IRQHandler
 .text.DMA1_Stream1_IRQHandler
                0x08000e78       0x10 build/stm32h7xx_it.o
                0x08000e78                DMA1_Stream1_IRQHandler
 .text.DMA1_Stream2_IRQHandler
                0x08000e88       0x10 build/stm32h7xx_it.o
                0x08000e88                DMA1_Stream2_IRQHandler
 .text.DMA1_Stream3_IRQHandler
                0x08000e98       0x10 build/stm32h7xx_it.o
                0x08000e98                DMA1_Stream3_IRQHandler
 .text.TIM2_IRQHandler
                0x08000ea8       0x10 build/stm32h7xx_it.o
                0x08000ea8                TIM2_IRQHandler
 .text.TIM6_DAC_IRQHandler
                0x08000eb8       0x18 build/stm32h7xx_it.o
                0x08000eb8                TIM6_DAC_IRQHandler
 .text.TIM7_IRQHandler
                0x08000ed0       0x10 build/stm32h7xx_it.o
                0x08000ed0                TIM7_IRQHandler
 .text.SPI4_IRQHandler
                0x08000ee0       0x10 build/stm32h7xx_it.o
                0x08000ee0                SPI4_IRQHandler
 .text.HAL_MspInit
                0x08000ef0       0x24 build/stm32h7xx_hal_msp.o
                0x08000ef0                HAL_MspInit
 .text.HAL_ADC_MspInit
                0x08000f14       0x70 build/stm32h7xx_hal_msp.o
                0x08000f14                HAL_ADC_MspInit
 .text.HAL_COMP_MspInit
                0x08000f84       0x8c build/stm32h7xx_hal_msp.o
                0x08000f84                HAL_COMP_MspInit
 .text.HAL_DAC_MspInit
                0x08001010      0x118 build/stm32h7xx_hal_msp.o
                0x08001010                HAL_DAC_MspInit
 .text.HAL_SD_MspInit
                0x08001128       0xd0 build/stm32h7xx_hal_msp.o
                0x08001128                HAL_SD_MspInit
 .text.HAL_SPI_MspInit
                0x080011f8       0xc8 build/stm32h7xx_hal_msp.o
                0x080011f8                HAL_SPI_MspInit
 .text.HAL_TIM_Base_MspInit
                0x080012c0      0x138 build/stm32h7xx_hal_msp.o
                0x080012c0                HAL_TIM_Base_MspInit
 .text.HAL_UART_MspInit
                0x080013f8       0xec build/stm32h7xx_hal_msp.o
                0x080013f8                HAL_UART_MspInit
 .text.HAL_InitTick
                0x080014e4       0x9c build/stm32h7xx_hal_timebase_tim.o
                0x080014e4                HAL_InitTick
 .text.TIM_TI1_ConfigInputStage
                0x08001580       0x26 build/stm32h7xx_hal_tim.o
 .text.TIM_TI2_ConfigInputStage
                0x080015a6       0x28 build/stm32h7xx_hal_tim.o
 *fill*         0x080015ce        0x2 
 .text.TIM_ITRx_SetConfig
                0x080015d0       0x14 build/stm32h7xx_hal_tim.o
 .text.HAL_TIM_Base_Start
                0x080015e4       0x88 build/stm32h7xx_hal_tim.o
                0x080015e4                HAL_TIM_Base_Start
 .text.HAL_TIM_Base_Start_IT
                0x0800166c       0x90 build/stm32h7xx_hal_tim.o
                0x0800166c                HAL_TIM_Base_Start_IT
 .text.HAL_TIM_OC_DelayElapsedCallback
                0x080016fc        0x2 build/stm32h7xx_hal_tim.o
                0x080016fc                HAL_TIM_OC_DelayElapsedCallback
 .text.HAL_TIM_IC_CaptureCallback
                0x080016fe        0x2 build/stm32h7xx_hal_tim.o
                0x080016fe                HAL_TIM_IC_CaptureCallback
 .text.HAL_TIM_PWM_PulseFinishedCallback
                0x08001700        0x2 build/stm32h7xx_hal_tim.o
                0x08001700                HAL_TIM_PWM_PulseFinishedCallback
 .text.HAL_TIM_TriggerCallback
                0x08001702        0x2 build/stm32h7xx_hal_tim.o
                0x08001702                HAL_TIM_TriggerCallback
 .text.HAL_TIM_IRQHandler
                0x08001704      0x17a build/stm32h7xx_hal_tim.o
                0x08001704                HAL_TIM_IRQHandler
 *fill*         0x0800187e        0x2 
 .text.TIM_Base_SetConfig
                0x08001880      0x104 build/stm32h7xx_hal_tim.o
                0x08001880                TIM_Base_SetConfig
 .text.HAL_TIM_Base_Init
                0x08001984       0x60 build/stm32h7xx_hal_tim.o
                0x08001984                HAL_TIM_Base_Init
 .text.TIM_ETR_SetConfig
                0x080019e4       0x1a build/stm32h7xx_hal_tim.o
                0x080019e4                TIM_ETR_SetConfig
 *fill*         0x080019fe        0x2 
 .text.HAL_TIM_ConfigClockSource
                0x08001a00      0x138 build/stm32h7xx_hal_tim.o
                0x08001a00                HAL_TIM_ConfigClockSource
 .text.HAL_TIMEx_MasterConfigSynchronization
                0x08001b38       0xa0 build/stm32h7xx_hal_tim_ex.o
                0x08001b38                HAL_TIMEx_MasterConfigSynchronization
 .text.HAL_TIMEx_CommutCallback
                0x08001bd8        0x2 build/stm32h7xx_hal_tim_ex.o
                0x08001bd8                HAL_TIMEx_CommutCallback
 .text.HAL_TIMEx_BreakCallback
                0x08001bda        0x2 build/stm32h7xx_hal_tim_ex.o
                0x08001bda                HAL_TIMEx_BreakCallback
 .text.HAL_TIMEx_Break2Callback
                0x08001bdc        0x2 build/stm32h7xx_hal_tim_ex.o
                0x08001bdc                HAL_TIMEx_Break2Callback
 *fill*         0x08001bde        0x2 
 .text.__NVIC_EnableIRQ
                0x08001be0       0x1c build/stm32h7xx_hal_cortex.o
 .text.__NVIC_SetPriority
                0x08001bfc       0x24 build/stm32h7xx_hal_cortex.o
 .text.NVIC_EncodePriority
                0x08001c20       0x3e build/stm32h7xx_hal_cortex.o
 *fill*         0x08001c5e        0x2 
 .text.HAL_NVIC_SetPriorityGrouping
                0x08001c60       0x24 build/stm32h7xx_hal_cortex.o
                0x08001c60                HAL_NVIC_SetPriorityGrouping
 .text.HAL_NVIC_SetPriority
                0x08001c84       0x20 build/stm32h7xx_hal_cortex.o
                0x08001c84                HAL_NVIC_SetPriority
 .text.HAL_NVIC_EnableIRQ
                0x08001ca4        0x8 build/stm32h7xx_hal_cortex.o
                0x08001ca4                HAL_NVIC_EnableIRQ
 .text.HAL_MPU_Disable
                0x08001cac       0x1c build/stm32h7xx_hal_cortex.o
                0x08001cac                HAL_MPU_Disable
 .text.HAL_MPU_Enable
                0x08001cc8       0x20 build/stm32h7xx_hal_cortex.o
                0x08001cc8                HAL_MPU_Enable
 .text.HAL_MPU_ConfigRegion
                0x08001ce8       0x58 build/stm32h7xx_hal_cortex.o
                0x08001ce8                HAL_MPU_ConfigRegion
 .text.HAL_DAC_Init
                0x08001d40       0x24 build/stm32h7xx_hal_dac.o
                0x08001d40                HAL_DAC_Init
 .text.HAL_DAC_Start_DMA
                0x08001d64       0xf0 build/stm32h7xx_hal_dac.o
                0x08001d64                HAL_DAC_Start_DMA
 .text.DAC_DMAConvCpltCh1
                0x08001e54       0x10 build/stm32h7xx_hal_dac.o
                0x08001e54                DAC_DMAConvCpltCh1
 .text.DAC_DMAHalfConvCpltCh1
                0x08001e64        0xa build/stm32h7xx_hal_dac.o
                0x08001e64                DAC_DMAHalfConvCpltCh1
 .text.HAL_DAC_ErrorCallbackCh1
                0x08001e6e        0x2 build/stm32h7xx_hal_dac.o
                0x08001e6e                HAL_DAC_ErrorCallbackCh1
 .text.DAC_DMAErrorCh1
                0x08001e70       0x18 build/stm32h7xx_hal_dac.o
                0x08001e70                DAC_DMAErrorCh1
 .text.HAL_DAC_DMAUnderrunCallbackCh1
                0x08001e88        0x2 build/stm32h7xx_hal_dac.o
                0x08001e88                HAL_DAC_DMAUnderrunCallbackCh1
 .text.HAL_DAC_IRQHandler
                0x08001e8a       0x6c build/stm32h7xx_hal_dac.o
                0x08001e8a                HAL_DAC_IRQHandler
 *fill*         0x08001ef6        0x2 
 .text.HAL_DAC_ConfigChannel
                0x08001ef8      0x16c build/stm32h7xx_hal_dac.o
                0x08001ef8                HAL_DAC_ConfigChannel
 .text.DAC_DMAConvCpltCh2
                0x08002064       0x10 build/stm32h7xx_hal_dac_ex.o
                0x08002064                DAC_DMAConvCpltCh2
 .text.HAL_DACEx_ConvHalfCpltCallbackCh2
                0x08002074        0x2 build/stm32h7xx_hal_dac_ex.o
                0x08002074                HAL_DACEx_ConvHalfCpltCallbackCh2
 .text.DAC_DMAHalfConvCpltCh2
                0x08002076        0xa build/stm32h7xx_hal_dac_ex.o
                0x08002076                DAC_DMAHalfConvCpltCh2
 .text.HAL_DACEx_ErrorCallbackCh2
                0x08002080        0x2 build/stm32h7xx_hal_dac_ex.o
                0x08002080                HAL_DACEx_ErrorCallbackCh2
 .text.DAC_DMAErrorCh2
                0x08002082       0x18 build/stm32h7xx_hal_dac_ex.o
                0x08002082                DAC_DMAErrorCh2
 .text.HAL_DACEx_DMAUnderrunCallbackCh2
                0x0800209a        0x2 build/stm32h7xx_hal_dac_ex.o
                0x0800209a                HAL_DACEx_DMAUnderrunCallbackCh2
 .text.HAL_RCC_OscConfig
                0x0800209c      0x6b4 build/stm32h7xx_hal_rcc.o
                0x0800209c                HAL_RCC_OscConfig
 .text.HAL_RCC_MCOConfig
                0x08002750       0xa4 build/stm32h7xx_hal_rcc.o
                0x08002750                HAL_RCC_MCOConfig
 .text.HAL_RCC_GetSysClockFreq
                0x080027f4      0x1f8 build/stm32h7xx_hal_rcc.o
                0x080027f4                HAL_RCC_GetSysClockFreq
 .text.HAL_RCC_ClockConfig
                0x080029ec      0x294 build/stm32h7xx_hal_rcc.o
                0x080029ec                HAL_RCC_ClockConfig
 .text.HAL_RCC_GetHCLKFreq
                0x08002c80       0x44 build/stm32h7xx_hal_rcc.o
                0x08002c80                HAL_RCC_GetHCLKFreq
 .text.HAL_RCC_GetPCLK1Freq
                0x08002cc4       0x24 build/stm32h7xx_hal_rcc.o
                0x08002cc4                HAL_RCC_GetPCLK1Freq
 .text.HAL_RCC_GetPCLK2Freq
                0x08002ce8       0x24 build/stm32h7xx_hal_rcc.o
                0x08002ce8                HAL_RCC_GetPCLK2Freq
 .text.HAL_RCC_GetClockConfig
                0x08002d0c       0x54 build/stm32h7xx_hal_rcc.o
                0x08002d0c                HAL_RCC_GetClockConfig
 .text.RCCEx_PLL2_Config
                0x08002d60      0x108 build/stm32h7xx_hal_rcc_ex.o
 .text.RCCEx_PLL3_Config
                0x08002e68      0x108 build/stm32h7xx_hal_rcc_ex.o
 .text.HAL_RCCEx_PeriphCLKConfig
                0x08002f70      0xaac build/stm32h7xx_hal_rcc_ex.o
                0x08002f70                HAL_RCCEx_PeriphCLKConfig
 .text.HAL_RCCEx_GetD3PCLK1Freq
                0x08003a1c       0x24 build/stm32h7xx_hal_rcc_ex.o
                0x08003a1c                HAL_RCCEx_GetD3PCLK1Freq
 .text.HAL_RCCEx_GetPLL2ClockFreq
                0x08003a40      0x200 build/stm32h7xx_hal_rcc_ex.o
                0x08003a40                HAL_RCCEx_GetPLL2ClockFreq
 .text.HAL_RCCEx_GetPLL3ClockFreq
                0x08003c40      0x200 build/stm32h7xx_hal_rcc_ex.o
                0x08003c40                HAL_RCCEx_GetPLL3ClockFreq
 .text.HAL_RCCEx_GetPLL1ClockFreq
                0x08003e40      0x200 build/stm32h7xx_hal_rcc_ex.o
                0x08003e40                HAL_RCCEx_GetPLL1ClockFreq
 .text.HAL_RCCEx_GetPeriphCLKFreq
                0x08004040      0x6dc build/stm32h7xx_hal_rcc_ex.o
                0x08004040                HAL_RCCEx_GetPeriphCLKFreq
 .text.HAL_GPIO_Init
                0x0800471c      0x220 build/stm32h7xx_hal_gpio.o
                0x0800471c                HAL_GPIO_Init
 .text.HAL_GPIO_ReadPin
                0x0800493c        0xe build/stm32h7xx_hal_gpio.o
                0x0800493c                HAL_GPIO_ReadPin
 .text.HAL_GPIO_WritePin
                0x0800494a        0xc build/stm32h7xx_hal_gpio.o
                0x0800494a                HAL_GPIO_WritePin
 .text.HAL_GPIO_TogglePin
                0x08004956       0x12 build/stm32h7xx_hal_gpio.o
                0x08004956                HAL_GPIO_TogglePin
 .text.DMA_SetConfig
                0x08004968      0x1b4 build/stm32h7xx_hal_dma.o
 .text.DMA_CalcBaseAndBitshift
                0x08004b1c       0xb0 build/stm32h7xx_hal_dma.o
 .text.DMA_CheckFifoParam
                0x08004bcc       0x92 build/stm32h7xx_hal_dma.o
 *fill*         0x08004c5e        0x2 
 .text.DMA_CalcDMAMUXChannelBaseAndMask
                0x08004c60       0xac build/stm32h7xx_hal_dma.o
 .text.DMA_CalcDMAMUXRequestGenBaseAndMask
                0x08004d0c       0x7c build/stm32h7xx_hal_dma.o
 .text.HAL_DMA_Init
                0x08004d88      0x3a4 build/stm32h7xx_hal_dma.o
                0x08004d88                HAL_DMA_Init
 .text.HAL_DMA_Start_IT
                0x0800512c      0x298 build/stm32h7xx_hal_dma.o
                0x0800512c                HAL_DMA_Start_IT
 .text.HAL_DMA_Abort_IT
                0x080053c4      0x270 build/stm32h7xx_hal_dma.o
                0x080053c4                HAL_DMA_Abort_IT
 .text.HAL_DMA_IRQHandler
                0x08005634      0x738 build/stm32h7xx_hal_dma.o
                0x08005634                HAL_DMA_IRQHandler
 .text.HAL_DMA_GetError
                0x08005d6c        0x4 build/stm32h7xx_hal_dma.o
                0x08005d6c                HAL_DMA_GetError
 .text.HAL_PWREx_ConfigSupply
                0x08005d70       0x54 build/stm32h7xx_hal_pwr_ex.o
                0x08005d70                HAL_PWREx_ConfigSupply
 .text.HAL_Init
                0x08005dc4       0x5c build/stm32h7xx_hal.o
                0x08005dc4                HAL_Init
 .text.HAL_IncTick
                0x08005e20       0x18 build/stm32h7xx_hal.o
                0x08005e20                HAL_IncTick
 .text.HAL_GetTick
                0x08005e38        0xc build/stm32h7xx_hal.o
                0x08005e38                HAL_GetTick
 .text.HAL_Delay
                0x08005e44       0x28 build/stm32h7xx_hal.o
                0x08005e44                HAL_Delay
 .text.HAL_GetREVID
                0x08005e6c        0xc build/stm32h7xx_hal.o
                0x08005e6c                HAL_GetREVID
 .text.SDMMC_GetCmdError
                0x08005e78       0x3c build/stm32h7xx_ll_sdmmc.o
 .text.SDMMC_Init
                0x08005eb4       0x30 build/stm32h7xx_ll_sdmmc.o
                0x08005eb4                SDMMC_Init
 .text.SDMMC_ReadFIFO
                0x08005ee4        0x6 build/stm32h7xx_ll_sdmmc.o
                0x08005ee4                SDMMC_ReadFIFO
 .text.SDMMC_PowerState_ON
                0x08005eea        0xc build/stm32h7xx_ll_sdmmc.o
                0x08005eea                SDMMC_PowerState_ON
 .text.SDMMC_GetPowerState
                0x08005ef6        0x8 build/stm32h7xx_ll_sdmmc.o
                0x08005ef6                SDMMC_GetPowerState
 *fill*         0x08005efe        0x2 
 .text.SDMMC_SendCommand
                0x08005f00       0x24 build/stm32h7xx_ll_sdmmc.o
                0x08005f00                SDMMC_SendCommand
 .text.SDMMC_GetCommandResponse
                0x08005f24        0x6 build/stm32h7xx_ll_sdmmc.o
                0x08005f24                SDMMC_GetCommandResponse
 .text.SDMMC_GetResponse
                0x08005f2a        0x6 build/stm32h7xx_ll_sdmmc.o
                0x08005f2a                SDMMC_GetResponse
 .text.SDMMC_ConfigData
                0x08005f30       0x24 build/stm32h7xx_ll_sdmmc.o
                0x08005f30                SDMMC_ConfigData
 .text.SDMMC_CmdGoIdleState
                0x08005f54       0x26 build/stm32h7xx_ll_sdmmc.o
                0x08005f54                SDMMC_CmdGoIdleState
 *fill*         0x08005f7a        0x2 
 .text.SDMMC_GetCmdResp1
                0x08005f7c      0x160 build/stm32h7xx_ll_sdmmc.o
                0x08005f7c                SDMMC_GetCmdResp1
 .text.SDMMC_CmdBlockLength
                0x080060dc       0x32 build/stm32h7xx_ll_sdmmc.o
                0x080060dc                SDMMC_CmdBlockLength
 .text.SDMMC_CmdReadSingleBlock
                0x0800610e       0x32 build/stm32h7xx_ll_sdmmc.o
                0x0800610e                SDMMC_CmdReadSingleBlock
 .text.SDMMC_CmdReadMultiBlock
                0x08006140       0x32 build/stm32h7xx_ll_sdmmc.o
                0x08006140                SDMMC_CmdReadMultiBlock
 *fill*         0x08006172        0x2 
 .text.SDMMC_CmdStopTransfer
                0x08006174       0x58 build/stm32h7xx_ll_sdmmc.o
                0x08006174                SDMMC_CmdStopTransfer
 .text.SDMMC_CmdSelDesel
                0x080061cc       0x32 build/stm32h7xx_ll_sdmmc.o
                0x080061cc                SDMMC_CmdSelDesel
 .text.SDMMC_CmdAppCommand
                0x080061fe       0x32 build/stm32h7xx_ll_sdmmc.o
                0x080061fe                SDMMC_CmdAppCommand
 .text.SDMMC_CmdBusWidth
                0x08006230       0x32 build/stm32h7xx_ll_sdmmc.o
                0x08006230                SDMMC_CmdBusWidth
 .text.SDMMC_CmdSendSCR
                0x08006262       0x32 build/stm32h7xx_ll_sdmmc.o
                0x08006262                SDMMC_CmdSendSCR
 .text.SDMMC_CmdSendStatus
                0x08006294       0x32 build/stm32h7xx_ll_sdmmc.o
                0x08006294                SDMMC_CmdSendStatus
 .text.SDMMC_CmdStatusRegister
                0x080062c6       0x32 build/stm32h7xx_ll_sdmmc.o
                0x080062c6                SDMMC_CmdStatusRegister
 .text.SDMMC_GetCmdResp2
                0x080062f8       0x60 build/stm32h7xx_ll_sdmmc.o
                0x080062f8                SDMMC_GetCmdResp2
 .text.SDMMC_CmdSendCID
                0x08006358       0x2c build/stm32h7xx_ll_sdmmc.o
                0x08006358                SDMMC_CmdSendCID
 .text.SDMMC_CmdSendCSD
                0x08006384       0x2c build/stm32h7xx_ll_sdmmc.o
                0x08006384                SDMMC_CmdSendCSD
 .text.SDMMC_GetCmdResp3
                0x080063b0       0x50 build/stm32h7xx_ll_sdmmc.o
                0x080063b0                SDMMC_GetCmdResp3
 .text.SDMMC_CmdAppOperCommand
                0x08006400       0x2c build/stm32h7xx_ll_sdmmc.o
                0x08006400                SDMMC_CmdAppOperCommand
 .text.SDMMC_GetCmdResp6
                0x0800642c       0xa4 build/stm32h7xx_ll_sdmmc.o
                0x0800642c                SDMMC_GetCmdResp6
 .text.SDMMC_CmdSetRelAdd
                0x080064d0       0x32 build/stm32h7xx_ll_sdmmc.o
                0x080064d0                SDMMC_CmdSetRelAdd
 *fill*         0x08006502        0x2 
 .text.SDMMC_GetCmdResp7
                0x08006504       0x64 build/stm32h7xx_ll_sdmmc.o
                0x08006504                SDMMC_GetCmdResp7
 .text.SDMMC_CmdOperCond
                0x08006568       0x30 build/stm32h7xx_ll_sdmmc.o
                0x08006568                SDMMC_CmdOperCond
 .text.SD_PowerON
                0x08006598       0xc4 build/stm32h7xx_hal_sd.o
 .text.SD_SendSDStatus
                0x0800665c      0x108 build/stm32h7xx_hal_sd.o
 .text.SD_FindSCR
                0x08006764      0x108 build/stm32h7xx_hal_sd.o
 .text.SD_WideBus_Enable
                0x0800686c       0x4e build/stm32h7xx_hal_sd.o
 .text.SD_WideBus_Disable
                0x080068ba       0x4e build/stm32h7xx_hal_sd.o
 .text.SD_SendStatus
                0x08006908       0x2c build/stm32h7xx_hal_sd.o
 .text.HAL_SD_ReadBlocks
                0x08006934      0x204 build/stm32h7xx_hal_sd.o
                0x08006934                HAL_SD_ReadBlocks
 .text.HAL_SD_GetCardCSD
                0x08006b38      0x1b8 build/stm32h7xx_hal_sd.o
                0x08006b38                HAL_SD_GetCardCSD
 .text.SD_InitCard
                0x08006cf0       0xfc build/stm32h7xx_hal_sd.o
 .text.HAL_SD_InitCard
                0x08006dec       0xd4 build/stm32h7xx_hal_sd.o
                0x08006dec                HAL_SD_InitCard
 .text.HAL_SD_GetCardStatus
                0x08006ec0       0xd0 build/stm32h7xx_hal_sd.o
                0x08006ec0                HAL_SD_GetCardStatus
 .text.HAL_SD_ConfigWideBusOperation
                0x08006f90      0x158 build/stm32h7xx_hal_sd.o
                0x08006f90                HAL_SD_ConfigWideBusOperation
 .text.HAL_SD_GetCardState
                0x080070e8       0x22 build/stm32h7xx_hal_sd.o
                0x080070e8                HAL_SD_GetCardState
 .text.HAL_SD_Init
                0x0800710a       0xba build/stm32h7xx_hal_sd.o
                0x0800710a                HAL_SD_Init
 .text.SystemInit
                0x080071c4       0xf0 build/system_stm32h7xx.o
                0x080071c4                SystemInit
 .text.ExitRun0Mode
                0x080072b4       0x1c build/system_stm32h7xx.o
                0x080072b4                ExitRun0Mode
 .text._sbrk    0x080072d0       0x48 build/sysmem.o
                0x080072d0                _sbrk
 .text._getpid  0x08007318        0x4 build/syscalls.o
                0x08007318                _getpid
 .text._kill    0x0800731c       0x10 build/syscalls.o
                0x0800731c                _kill
 .text._exit    0x0800732c        0xc build/syscalls.o
                0x0800732c                _exit
 .text._read    0x08007338       0x20 build/syscalls.o
                0x08007338                _read
 .text._write   0x08007358       0x1c build/syscalls.o
                0x08007358                _write
 .text._close   0x08007374        0x6 build/syscalls.o
                0x08007374                _close
 .text._fstat   0x0800737a        0xa build/syscalls.o
                0x0800737a                _fstat
 .text._isatty  0x08007384        0x4 build/syscalls.o
                0x08007384                _isatty
 .text._lseek   0x08007388        0x4 build/syscalls.o
                0x08007388                _lseek
 .text.SPI_CloseTransfer
                0x0800738c       0xd0 build/stm32h7xx_hal_spi.o
 .text.SPI_GetPacketSize
                0x0800745c       0x10 build/stm32h7xx_hal_spi.o
 .text.SPI_WaitOnFlagUntilTimeout
                0x0800746c       0x48 build/stm32h7xx_hal_spi.o
 .text.HAL_SPI_Init
                0x080074b4      0x190 build/stm32h7xx_hal_spi.o
                0x080074b4                HAL_SPI_Init
 .text.HAL_SPI_Transmit
                0x08007644      0x2c0 build/stm32h7xx_hal_spi.o
                0x08007644                HAL_SPI_Transmit
 .text.HAL_SPI_Transmit_DMA
                0x08007904      0x1bc build/stm32h7xx_hal_spi.o
                0x08007904                HAL_SPI_Transmit_DMA
 .text.SPI_DMATransmitCplt
                0x08007ac0       0x2a build/stm32h7xx_hal_spi.o
 .text.HAL_SPI_RxCpltCallback
                0x08007aea        0x2 build/stm32h7xx_hal_spi.o
                0x08007aea                HAL_SPI_RxCpltCallback
 .text.HAL_SPI_TxRxCpltCallback
                0x08007aec        0x2 build/stm32h7xx_hal_spi.o
                0x08007aec                HAL_SPI_TxRxCpltCallback
 .text.HAL_SPI_TxHalfCpltCallback
                0x08007aee        0x2 build/stm32h7xx_hal_spi.o
                0x08007aee                HAL_SPI_TxHalfCpltCallback
 .text.SPI_DMAHalfTransmitCplt
                0x08007af0        0xa build/stm32h7xx_hal_spi.o
 .text.HAL_SPI_ErrorCallback
                0x08007afa        0x2 build/stm32h7xx_hal_spi.o
                0x08007afa                HAL_SPI_ErrorCallback
 .text.SPI_DMAError
                0x08007afc       0x2e build/stm32h7xx_hal_spi.o
 .text.SPI_DMAAbortOnError
                0x08007b2a       0x1a build/stm32h7xx_hal_spi.o
 .text.HAL_SPI_SuspendCallback
                0x08007b44        0x2 build/stm32h7xx_hal_spi.o
                0x08007b44                HAL_SPI_SuspendCallback
 *fill*         0x08007b46        0x2 
 .text.HAL_SPI_IRQHandler
                0x08007b48      0x240 build/stm32h7xx_hal_spi.o
                0x08007b48                HAL_SPI_IRQHandler
 .text.sfsInit  0x08007d88       0x14 build/sfs.o
                0x08007d88                sfsInit
 .text.glcdDmaSpiTx
                0x08007d9c       0x18 build/glcd.o
                0x08007d9c                glcdDmaSpiTx
 .text.glcdSpiTx
                0x08007db4       0x30 build/glcd.o
                0x08007db4                glcdSpiTx
 .text.glcdCmd  0x08007de4       0x54 build/glcd.o
                0x08007de4                glcdCmd
 .text.glcdDmaCmd
                0x08007e38       0x2a build/glcd.o
                0x08007e38                glcdDmaCmd
 .text.glcdDmaGdramSetAddr
                0x08007e62       0x1e build/glcd.o
                0x08007e62                glcdDmaGdramSetAddr
 .text.glcdSeek
                0x08007e80       0x14 build/glcd.o
                0x08007e80                glcdSeek
 .text.glcdSetOrigin
                0x08007e94       0x14 build/glcd.o
                0x08007e94                glcdSetOrigin
 .text.glcdClsSoft
                0x08007ea8       0x14 build/glcd.o
                0x08007ea8                glcdClsSoft
 .text.glcdInit
                0x08007ebc       0xdc build/glcd.o
                0x08007ebc                glcdInit
 .text.glcdDrawChar
                0x08007f98       0xd4 build/glcd.o
                0x08007f98                glcdDrawChar
 .text.glcdDrawStringLen
                0x0800806c       0x44 build/glcd.o
                0x0800806c                glcdDrawStringLen
 .text.glcdDrawString
                0x080080b0       0x12 build/glcd.o
                0x080080b0                glcdDrawString
 *fill*         0x080080c2        0x2 
 .text.glcdDrawStringLenCenteredInRect
                0x080080c4      0x18c build/glcd.o
                0x080080c4                glcdDrawStringLenCenteredInRect
 .text.glcdDrawStringCenteredInRect
                0x08008250       0x34 build/glcd.o
                0x08008250                glcdDrawStringCenteredInRect
 .text.glcdFinalize
                0x08008284       0xdc build/glcd.o
                0x08008284                glcdFinalize
 .text.glcdDrawLineHorizontal
                0x08008360       0x94 build/glcd.o
                0x08008360                glcdDrawLineHorizontal
 .text.glcdDrawLineVertical
                0x080083f4       0x3c build/glcd.o
                0x080083f4                glcdDrawLineVertical
 .text.glcdDrawRectangle
                0x08008430       0x8c build/glcd.o
                0x08008430                glcdDrawRectangle
 *fill*         0x080084bc        0x4 
 .text.sysInit  0x080084c0      0x144 build/ssys.o
                0x080084c0                sysInit
 .text.sysSynthesizeAudio
                0x08008604      0x1ec build/ssys.o
                0x08008604                sysSynthesizeAudio
 .text.sysRender
                0x080087f0      0x100 build/ssys.o
                0x080087f0                sysRender
 .text.sysUpdateTrackData
                0x080088f0       0xd8 build/ssys.o
                0x080088f0                sysUpdateTrackData
 .text.sysPoll  0x080089c8       0x50 build/ssys.o
                0x080089c8                sysPoll
 .text.sysError
                0x08008a18       0x24 build/ssys.o
                0x08008a18                sysError
 .text.LL_ADC_REG_SetSequencerRanks
                0x08008a3c       0x30 build/stm32h7xx_hal_adc.o
 .text.LL_ADC_SetChannelSamplingTime
                0x08008a6c       0x2c build/stm32h7xx_hal_adc.o
 .text.LL_ADC_SetChannelPreselection
                0x08008a98       0x2e build/stm32h7xx_hal_adc.o
 *fill*         0x08008ac6        0x2 
 .text.HAL_ADC_ConfigChannel
                0x08008ac8      0x46c build/stm32h7xx_hal_adc.o
                0x08008ac8                HAL_ADC_ConfigChannel
 .text.ADC_Enable
                0x08008f34       0xd4 build/stm32h7xx_hal_adc.o
                0x08008f34                ADC_Enable
 .text.HAL_ADC_Start
                0x08009008      0x110 build/stm32h7xx_hal_adc.o
                0x08009008                HAL_ADC_Start
 .text.ADC_ConfigureBoostMode
                0x08009118      0x160 build/stm32h7xx_hal_adc.o
                0x08009118                ADC_ConfigureBoostMode
 .text.HAL_ADC_Init
                0x08009278      0x258 build/stm32h7xx_hal_adc.o
                0x08009278                HAL_ADC_Init
 .text.HAL_ADCEx_MultiModeConfigChannel
                0x080094d0      0x150 build/stm32h7xx_hal_adc_ex.o
                0x080094d0                HAL_ADCEx_MultiModeConfigChannel
 .text.HAL_COMP_Init
                0x08009620      0x1a0 build/stm32h7xx_hal_comp.o
                0x08009620                HAL_COMP_Init
 .text.UART_EndRxTransfer
                0x080097c0       0x58 build/stm32h7xx_hal_uart.o
 .text.UART_SetConfig
                0x08009818      0x5fc build/stm32h7xx_hal_uart.o
                0x08009818                UART_SetConfig
 .text.UART_AdvFeatureConfig
                0x08009e14       0xca build/stm32h7xx_hal_uart.o
                0x08009e14                UART_AdvFeatureConfig
 .text.UART_WaitOnFlagUntilTimeout
                0x08009ede       0xa6 build/stm32h7xx_hal_uart.o
                0x08009ede                UART_WaitOnFlagUntilTimeout
 .text.UART_CheckIdleState
                0x08009f84       0xca build/stm32h7xx_hal_uart.o
                0x08009f84                UART_CheckIdleState
 .text.HAL_UART_Init
                0x0800a04e       0x66 build/stm32h7xx_hal_uart.o
                0x0800a04e                HAL_UART_Init
 .text.UARTEx_SetNbDataToProcess
                0x0800a0b4       0x4c build/stm32h7xx_hal_uart_ex.o
 .text.HAL_UARTEx_DisableFifoMode
                0x0800a100       0x3e build/stm32h7xx_hal_uart_ex.o
                0x0800a100                HAL_UARTEx_DisableFifoMode
 .text.HAL_UARTEx_SetTxFifoThreshold
                0x0800a13e       0x4a build/stm32h7xx_hal_uart_ex.o
                0x0800a13e                HAL_UARTEx_SetTxFifoThreshold
 .text.HAL_UARTEx_SetRxFifoThreshold
                0x0800a188       0x4a build/stm32h7xx_hal_uart_ex.o
                0x0800a188                HAL_UARTEx_SetRxFifoThreshold
 *fill*         0x0800a1d2        0x2 
 .text.Reset_Handler
                0x0800a1d4       0x54 build/startup_stm32h743xx.o
                0x0800a1d4                Reset_Handler
 .text.Default_Handler
                0x0800a228        0x2 build/startup_stm32h743xx.o
                0x0800a228                RTC_Alarm_IRQHandler
                0x0800a228                EXTI2_IRQHandler
                0x0800a228                TIM8_CC_IRQHandler
                0x0800a228                HRTIM1_Master_IRQHandler
                0x0800a228                UART8_IRQHandler
                0x0800a228                TIM1_CC_IRQHandler
                0x0800a228                BDMA_Channel6_IRQHandler
                0x0800a228                DMA2_Stream5_IRQHandler
                0x0800a228                HRTIM1_FLT_IRQHandler
                0x0800a228                JPEG_IRQHandler
                0x0800a228                DMA1_Stream5_IRQHandler
                0x0800a228                BDMA_Channel1_IRQHandler
                0x0800a228                HRTIM1_TIMD_IRQHandler
                0x0800a228                TAMP_STAMP_IRQHandler
                0x0800a228                EXTI3_IRQHandler
                0x0800a228                LPTIM4_IRQHandler
                0x0800a228                TIM8_TRG_COM_TIM14_IRQHandler
                0x0800a228                LPTIM2_IRQHandler
                0x0800a228                DFSDM1_FLT1_IRQHandler
                0x0800a228                DMAMUX2_OVR_IRQHandler
                0x0800a228                TIM8_UP_TIM13_IRQHandler
                0x0800a228                I2C3_ER_IRQHandler
                0x0800a228                DFSDM1_FLT2_IRQHandler
                0x0800a228                MDMA_IRQHandler
                0x0800a228                LPTIM3_IRQHandler
                0x0800a228                HSEM1_IRQHandler
                0x0800a228                EXTI0_IRQHandler
                0x0800a228                I2C2_EV_IRQHandler
                0x0800a228                FPU_IRQHandler
                0x0800a228                OTG_HS_WKUP_IRQHandler
                0x0800a228                FDCAN1_IT1_IRQHandler
                0x0800a228                LTDC_ER_IRQHandler
                0x0800a228                DMA2_Stream2_IRQHandler
                0x0800a228                HRTIM1_TIME_IRQHandler
                0x0800a228                SPI1_IRQHandler
                0x0800a228                DCMI_IRQHandler
                0x0800a228                HRTIM1_TIMC_IRQHandler
                0x0800a228                DMA2_Stream3_IRQHandler
                0x0800a228                SAI2_IRQHandler
                0x0800a228                DFSDM1_FLT3_IRQHandler
                0x0800a228                USART6_IRQHandler
                0x0800a228                TIM17_IRQHandler
                0x0800a228                USART3_IRQHandler
                0x0800a228                BDMA_Channel7_IRQHandler
                0x0800a228                LPTIM5_IRQHandler
                0x0800a228                UART5_IRQHandler
                0x0800a228                ADC3_IRQHandler
                0x0800a228                DMA2_Stream0_IRQHandler
                0x0800a228                TIM4_IRQHandler
                0x0800a228                BDMA_Channel2_IRQHandler
                0x0800a228                QUADSPI_IRQHandler
                0x0800a228                I2C1_EV_IRQHandler
                0x0800a228                DMA1_Stream6_IRQHandler
                0x0800a228                DMAMUX1_OVR_IRQHandler
                0x0800a228                TIM16_IRQHandler
                0x0800a228                UART4_IRQHandler
                0x0800a228                BDMA_Channel5_IRQHandler
                0x0800a228                TIM3_IRQHandler
                0x0800a228                RCC_IRQHandler
                0x0800a228                TIM8_BRK_TIM12_IRQHandler
                0x0800a228                TIM1_TRG_COM_IRQHandler
                0x0800a228                Default_Handler
                0x0800a228                ECC_IRQHandler
                0x0800a228                CEC_IRQHandler
                0x0800a228                EXTI15_10_IRQHandler
                0x0800a228                BDMA_Channel0_IRQHandler
                0x0800a228                ADC_IRQHandler
                0x0800a228                DMA1_Stream7_IRQHandler
                0x0800a228                HRTIM1_TIMA_IRQHandler
                0x0800a228                SPI5_IRQHandler
                0x0800a228                SDMMC1_IRQHandler
                0x0800a228                TIM5_IRQHandler
                0x0800a228                DMA2_Stream7_IRQHandler
                0x0800a228                TIM15_IRQHandler
                0x0800a228                PVD_AVD_IRQHandler
                0x0800a228                I2C3_EV_IRQHandler
                0x0800a228                EXTI9_5_IRQHandler
                0x0800a228                RTC_WKUP_IRQHandler
                0x0800a228                LTDC_IRQHandler
                0x0800a228                SAI3_IRQHandler
                0x0800a228                ETH_WKUP_IRQHandler
                0x0800a228                SPDIF_RX_IRQHandler
                0x0800a228                SPI2_IRQHandler
                0x0800a228                OTG_HS_EP1_IN_IRQHandler
                0x0800a228                CRS_IRQHandler
                0x0800a228                EXTI4_IRQHandler
                0x0800a228                RNG_IRQHandler
                0x0800a228                HRTIM1_TIMB_IRQHandler
                0x0800a228                FDCAN2_IT1_IRQHandler
                0x0800a228                ETH_IRQHandler
                0x0800a228                TIM1_UP_IRQHandler
                0x0800a228                BDMA_Channel4_IRQHandler
                0x0800a228                OTG_HS_EP1_OUT_IRQHandler
                0x0800a228                WWDG_IRQHandler
                0x0800a228                SPI6_IRQHandler
                0x0800a228                MDIOS_IRQHandler
                0x0800a228                I2C4_EV_IRQHandler
                0x0800a228                FDCAN2_IT0_IRQHandler
                0x0800a228                LPUART1_IRQHandler
                0x0800a228                FDCAN1_IT0_IRQHandler
                0x0800a228                OTG_FS_WKUP_IRQHandler
                0x0800a228                OTG_HS_IRQHandler
                0x0800a228                DMA2D_IRQHandler
                0x0800a228                TIM1_BRK_IRQHandler
                0x0800a228                EXTI1_IRQHandler
                0x0800a228                SDMMC2_IRQHandler
                0x0800a228                OTG_FS_EP1_OUT_IRQHandler
                0x0800a228                BDMA_Channel3_IRQHandler
                0x0800a228                UART7_IRQHandler
                0x0800a228                MDIOS_WKUP_IRQHandler
                0x0800a228                USART2_IRQHandler
                0x0800a228                DFSDM1_FLT0_IRQHandler
                0x0800a228                SAI4_IRQHandler
                0x0800a228                I2C2_ER_IRQHandler
                0x0800a228                DMA2_Stream1_IRQHandler
                0x0800a228                FLASH_IRQHandler
                0x0800a228                DMA2_Stream4_IRQHandler
                0x0800a228                USART1_IRQHandler
                0x0800a228                OTG_FS_IRQHandler
                0x0800a228                SPI3_IRQHandler
                0x0800a228                WAKEUP_PIN_IRQHandler
                0x0800a228                DMA1_Stream4_IRQHandler
                0x0800a228                OTG_FS_EP1_IN_IRQHandler
                0x0800a228                I2C1_ER_IRQHandler
                0x0800a228                FMC_IRQHandler
                0x0800a228                FDCAN_CAL_IRQHandler
                0x0800a228                SWPMI1_IRQHandler
                0x0800a228                COMP1_IRQHandler
                0x0800a228                LPTIM1_IRQHandler
                0x0800a228                I2C4_ER_IRQHandler
                0x0800a228                DMA2_Stream6_IRQHandler
                0x0800a228                SAI1_IRQHandler
 *fill*         0x0800a22a        0x2 
 .text.malloc   0x0800a22c       0x10 C:/Program Files (x86)/Arm GNU Toolchain arm-none-eabi/13.3 rel1/bin/../lib/gcc/arm-none-eabi/13.3.1/thumb/v7e-m+dp/hard\libc_nano.a(libc_a-malloc.o)
                0x0800a22c                malloc
 .text.sbrk_aligned
                0x0800a23c       0x44 C:/Program Files (x86)/Arm GNU Toolchain arm-none-eabi/13.3 rel1/bin/../lib/gcc/arm-none-eabi/13.3.1/thumb/v7e-m+dp/hard\libc_nano.a(libc_a-mallocr.o)
 .text._malloc_r
                0x0800a280      0x100 C:/Program Files (x86)/Arm GNU Toolchain arm-none-eabi/13.3 rel1/bin/../lib/gcc/arm-none-eabi/13.3.1/thumb/v7e-m+dp/hard\libc_nano.a(libc_a-mallocr.o)
                0x0800a280                _malloc_r
 .text.__malloc_lock
                0x0800a380        0xc C:/Program Files (x86)/Arm GNU Toolchain arm-none-eabi/13.3 rel1/bin/../lib/gcc/arm-none-eabi/13.3.1/thumb/v7e-m+dp/hard\libc_nano.a(libc_a-mlock.o)
                0x0800a380                __malloc_lock
 .text.__malloc_unlock
                0x0800a38c        0xc C:/Program Files (x86)/Arm GNU Toolchain arm-none-eabi/13.3 rel1/bin/../lib/gcc/arm-none-eabi/13.3.1/thumb/v7e-m+dp/hard\libc_nano.a(libc_a-mlock.o)
                0x0800a38c                __malloc_unlock
 .text.__cvt    0x0800a398       0xa8 C:/Program Files (x86)/Arm GNU Toolchain arm-none-eabi/13.3 rel1/bin/../lib/gcc/arm-none-eabi/13.3.1/thumb/v7e-m+dp/hard\libc_nano.a(libc_a-nano-vfprintf_float.o)
                0x0800a398                __cvt
 .text.__exponent
                0x0800a440       0x74 C:/Program Files (x86)/Arm GNU Toolchain arm-none-eabi/13.3 rel1/bin/../lib/gcc/arm-none-eabi/13.3.1/thumb/v7e-m+dp/hard\libc_nano.a(libc_a-nano-vfprintf_float.o)
                0x0800a440                __exponent
 *fill*         0x0800a4b4        0x4 
 .text._printf_float
                0x0800a4b8      0x434 C:/Program Files (x86)/Arm GNU Toolchain arm-none-eabi/13.3 rel1/bin/../lib/gcc/arm-none-eabi/13.3.1/thumb/v7e-m+dp/hard\libc_nano.a(libc_a-nano-vfprintf_float.o)
                0x0800a4b8                _printf_float
 .text._printf_common
                0x0800a8ec       0xda C:/Program Files (x86)/Arm GNU Toolchain arm-none-eabi/13.3 rel1/bin/../lib/gcc/arm-none-eabi/13.3.1/thumb/v7e-m+dp/hard\libc_nano.a(libc_a-nano-vfprintf_i.o)
                0x0800a8ec                _printf_common
 *fill*         0x0800a9c6        0x2 
 .text._printf_i
                0x0800a9c8      0x23c C:/Program Files (x86)/Arm GNU Toolchain arm-none-eabi/13.3 rel1/bin/../lib/gcc/arm-none-eabi/13.3.1/thumb/v7e-m+dp/hard\libc_nano.a(libc_a-nano-vfprintf_i.o)
                0x0800a9c8                _printf_i
 .text.std      0x0800ac04       0x6c C:/Program Files (x86)/Arm GNU Toolchain arm-none-eabi/13.3 rel1/bin/../lib/gcc/arm-none-eabi/13.3.1/thumb/v7e-m+dp/hard\libc_nano.a(libc_a-findfp.o)
 .text.stdio_exit_handler
                0x0800ac70       0x18 C:/Program Files (x86)/Arm GNU Toolchain arm-none-eabi/13.3 rel1/bin/../lib/gcc/arm-none-eabi/13.3.1/thumb/v7e-m+dp/hard\libc_nano.a(libc_a-findfp.o)
 .text.cleanup_stdio
                0x0800ac88       0x40 C:/Program Files (x86)/Arm GNU Toolchain arm-none-eabi/13.3 rel1/bin/../lib/gcc/arm-none-eabi/13.3.1/thumb/v7e-m+dp/hard\libc_nano.a(libc_a-findfp.o)
 .text.global_stdio_init.part.0
                0x0800acc8       0x3c C:/Program Files (x86)/Arm GNU Toolchain arm-none-eabi/13.3 rel1/bin/../lib/gcc/arm-none-eabi/13.3.1/thumb/v7e-m+dp/hard\libc_nano.a(libc_a-findfp.o)
 .text.__sfp_lock_acquire
                0x0800ad04        0xc C:/Program Files (x86)/Arm GNU Toolchain arm-none-eabi/13.3 rel1/bin/../lib/gcc/arm-none-eabi/13.3.1/thumb/v7e-m+dp/hard\libc_nano.a(libc_a-findfp.o)
                0x0800ad04                __sfp_lock_acquire
 .text.__sfp_lock_release
                0x0800ad10        0xc C:/Program Files (x86)/Arm GNU Toolchain arm-none-eabi/13.3 rel1/bin/../lib/gcc/arm-none-eabi/13.3.1/thumb/v7e-m+dp/hard\libc_nano.a(libc_a-findfp.o)
                0x0800ad10                __sfp_lock_release
 .text.__sinit  0x0800ad1c       0x30 C:/Program Files (x86)/Arm GNU Toolchain arm-none-eabi/13.3 rel1/bin/../lib/gcc/arm-none-eabi/13.3.1/thumb/v7e-m+dp/hard\libc_nano.a(libc_a-findfp.o)
                0x0800ad1c                __sinit
 .text._fwalk_sglue
                0x0800ad4c       0x3c C:/Program Files (x86)/Arm GNU Toolchain arm-none-eabi/13.3 rel1/bin/../lib/gcc/arm-none-eabi/13.3.1/thumb/v7e-m+dp/hard\libc_nano.a(libc_a-fwalk.o)
                0x0800ad4c                _fwalk_sglue
 .text.sprintf  0x0800ad88       0x44 C:/Program Files (x86)/Arm GNU Toolchain arm-none-eabi/13.3 rel1/bin/../lib/gcc/arm-none-eabi/13.3.1/thumb/v7e-m+dp/hard\libc_nano.a(libc_a-sprintf.o)
                0x0800ad88                siprintf
                0x0800ad88                sprintf
 .text.__sread  0x0800adcc       0x22 C:/Program Files (x86)/Arm GNU Toolchain arm-none-eabi/13.3 rel1/bin/../lib/gcc/arm-none-eabi/13.3.1/thumb/v7e-m+dp/hard\libc_nano.a(libc_a-stdio.o)
                0x0800adcc                __sread
 .text.__swrite
                0x0800adee       0x38 C:/Program Files (x86)/Arm GNU Toolchain arm-none-eabi/13.3 rel1/bin/../lib/gcc/arm-none-eabi/13.3.1/thumb/v7e-m+dp/hard\libc_nano.a(libc_a-stdio.o)
                0x0800adee                __swrite
 .text.__sseek  0x0800ae26       0x24 C:/Program Files (x86)/Arm GNU Toolchain arm-none-eabi/13.3 rel1/bin/../lib/gcc/arm-none-eabi/13.3.1/thumb/v7e-m+dp/hard\libc_nano.a(libc_a-stdio.o)
                0x0800ae26                __sseek
 .text.__sclose
                0x0800ae4a        0x8 C:/Program Files (x86)/Arm GNU Toolchain arm-none-eabi/13.3 rel1/bin/../lib/gcc/arm-none-eabi/13.3.1/thumb/v7e-m+dp/hard\libc_nano.a(libc_a-stdio.o)
                0x0800ae4a                __sclose
 .text.memset   0x0800ae52       0x10 C:/Program Files (x86)/Arm GNU Toolchain arm-none-eabi/13.3 rel1/bin/../lib/gcc/arm-none-eabi/13.3.1/thumb/v7e-m+dp/hard\libc_nano.a(libc_a-memset.o)
                0x0800ae52                memset
 *fill*         0x0800ae62        0x2 
 .text._localeconv_r
                0x0800ae64        0x8 C:/Program Files (x86)/Arm GNU Toolchain arm-none-eabi/13.3 rel1/bin/../lib/gcc/arm-none-eabi/13.3.1/thumb/v7e-m+dp/hard\libc_nano.a(libc_a-localeconv.o)
                0x0800ae64                _localeconv_r
 .text._close_r
                0x0800ae6c       0x20 C:/Program Files (x86)/Arm GNU Toolchain arm-none-eabi/13.3 rel1/bin/../lib/gcc/arm-none-eabi/13.3.1/thumb/v7e-m+dp/hard\libc_nano.a(libc_a-closer.o)
                0x0800ae6c                _close_r
 .text._lseek_r
                0x0800ae8c       0x24 C:/Program Files (x86)/Arm GNU Toolchain arm-none-eabi/13.3 rel1/bin/../lib/gcc/arm-none-eabi/13.3.1/thumb/v7e-m+dp/hard\libc_nano.a(libc_a-lseekr.o)
                0x0800ae8c                _lseek_r
 .text._read_r  0x0800aeb0       0x24 C:/Program Files (x86)/Arm GNU Toolchain arm-none-eabi/13.3 rel1/bin/../lib/gcc/arm-none-eabi/13.3.1/thumb/v7e-m+dp/hard\libc_nano.a(libc_a-readr.o)
                0x0800aeb0                _read_r
 .text._sbrk_r  0x0800aed4       0x20 C:/Program Files (x86)/Arm GNU Toolchain arm-none-eabi/13.3 rel1/bin/../lib/gcc/arm-none-eabi/13.3.1/thumb/v7e-m+dp/hard\libc_nano.a(libc_a-sbrkr.o)
                0x0800aed4                _sbrk_r
 .text._write_r
                0x0800aef4       0x24 C:/Program Files (x86)/Arm GNU Toolchain arm-none-eabi/13.3 rel1/bin/../lib/gcc/arm-none-eabi/13.3.1/thumb/v7e-m+dp/hard\libc_nano.a(libc_a-writer.o)
                0x0800aef4                _write_r
 .text.__errno  0x0800af18        0xc C:/Program Files (x86)/Arm GNU Toolchain arm-none-eabi/13.3 rel1/bin/../lib/gcc/arm-none-eabi/13.3.1/thumb/v7e-m+dp/hard\libc_nano.a(libc_a-errno.o)
                0x0800af18                __errno
 .text.__libc_init_array
                0x0800af24       0x48 C:/Program Files (x86)/Arm GNU Toolchain arm-none-eabi/13.3 rel1/bin/../lib/gcc/arm-none-eabi/13.3.1/thumb/v7e-m+dp/hard\libc_nano.a(libc_a-init.o)
                0x0800af24                __libc_init_array
 .text.__retarget_lock_init_recursive
                0x0800af6c        0x2 C:/Program Files (x86)/Arm GNU Toolchain arm-none-eabi/13.3 rel1/bin/../lib/gcc/arm-none-eabi/13.3.1/thumb/v7e-m+dp/hard\libc_nano.a(libc_a-lock.o)
                0x0800af6c                __retarget_lock_init_recursive
 .text.__retarget_lock_acquire_recursive
                0x0800af6e        0x2 C:/Program Files (x86)/Arm GNU Toolchain arm-none-eabi/13.3 rel1/bin/../lib/gcc/arm-none-eabi/13.3.1/thumb/v7e-m+dp/hard\libc_nano.a(libc_a-lock.o)
                0x0800af6e                __retarget_lock_acquire_recursive
 .text.__retarget_lock_release_recursive
                0x0800af70        0x2 C:/Program Files (x86)/Arm GNU Toolchain arm-none-eabi/13.3 rel1/bin/../lib/gcc/arm-none-eabi/13.3.1/thumb/v7e-m+dp/hard\libc_nano.a(libc_a-lock.o)
                0x0800af70                __retarget_lock_release_recursive
 .text.strcpy   0x0800af72       0x10 C:/Program Files (x86)/Arm GNU Toolchain arm-none-eabi/13.3 rel1/bin/../lib/gcc/arm-none-eabi/13.3.1/thumb/v7e-m+dp/hard\libc_nano.a(libc_a-strcpy.o)
                0x0800af72                strcpy
 .text.memcpy   0x0800af82       0x1c C:/Program Files (x86)/Arm GNU Toolchain arm-none-eabi/13.3 rel1/bin/../lib/gcc/arm-none-eabi/13.3.1/thumb/v7e-m+dp/hard\libc_nano.a(libc_a-memcpy-stub.o)
                0x0800af82                memcpy
 .text.quorem   0x0800af9e      0x110 C:/Program Files (x86)/Arm GNU Toolchain arm-none-eabi/13.3 rel1/bin/../lib/gcc/arm-none-eabi/13.3.1/thumb/v7e-m+dp/hard\libc_nano.a(libc_a-dtoa.o)
 *fill*         0x0800b0ae        0x2 
 .text._dtoa_r  0x0800b0b0      0xa9c C:/Program Files (x86)/Arm GNU Toolchain arm-none-eabi/13.3 rel1/bin/../lib/gcc/arm-none-eabi/13.3.1/thumb/v7e-m+dp/hard\libc_nano.a(libc_a-dtoa.o)
                0x0800b0b0                _dtoa_r
 .text._free_r  0x0800bb4c       0x94 C:/Program Files (x86)/Arm GNU Toolchain arm-none-eabi/13.3 rel1/bin/../lib/gcc/arm-none-eabi/13.3.1/thumb/v7e-m+dp/hard\libc_nano.a(libc_a-freer.o)
                0x0800bb4c                _free_r
 .text._Balloc  0x0800bbe0       0x80 C:/Program Files (x86)/Arm GNU Toolchain arm-none-eabi/13.3 rel1/bin/../lib/gcc/arm-none-eabi/13.3.1/thumb/v7e-m+dp/hard\libc_nano.a(libc_a-mprec.o)
                0x0800bbe0                _Balloc
 .text._Bfree   0x0800bc60       0x44 C:/Program Files (x86)/Arm GNU Toolchain arm-none-eabi/13.3 rel1/bin/../lib/gcc/arm-none-eabi/13.3.1/thumb/v7e-m+dp/hard\libc_nano.a(libc_a-mprec.o)
                0x0800bc60                _Bfree
 .text.__multadd
                0x0800bca4       0x8c C:/Program Files (x86)/Arm GNU Toolchain arm-none-eabi/13.3 rel1/bin/../lib/gcc/arm-none-eabi/13.3.1/thumb/v7e-m+dp/hard\libc_nano.a(libc_a-mprec.o)
                0x0800bca4                __multadd
 .text.__hi0bits
                0x0800bd30       0x3e C:/Program Files (x86)/Arm GNU Toolchain arm-none-eabi/13.3 rel1/bin/../lib/gcc/arm-none-eabi/13.3.1/thumb/v7e-m+dp/hard\libc_nano.a(libc_a-mprec.o)
                0x0800bd30                __hi0bits
 .text.__lo0bits
                0x0800bd6e       0x5a C:/Program Files (x86)/Arm GNU Toolchain arm-none-eabi/13.3 rel1/bin/../lib/gcc/arm-none-eabi/13.3.1/thumb/v7e-m+dp/hard\libc_nano.a(libc_a-mprec.o)
                0x0800bd6e                __lo0bits
 .text.__i2b    0x0800bdc8       0x2c C:/Program Files (x86)/Arm GNU Toolchain arm-none-eabi/13.3 rel1/bin/../lib/gcc/arm-none-eabi/13.3.1/thumb/v7e-m+dp/hard\libc_nano.a(libc_a-mprec.o)
                0x0800bdc8                __i2b
 .text.__multiply
                0x0800bdf4      0x144 C:/Program Files (x86)/Arm GNU Toolchain arm-none-eabi/13.3 rel1/bin/../lib/gcc/arm-none-eabi/13.3.1/thumb/v7e-m+dp/hard\libc_nano.a(libc_a-mprec.o)
                0x0800bdf4                __multiply
 .text.__pow5mult
                0x0800bf38       0xb4 C:/Program Files (x86)/Arm GNU Toolchain arm-none-eabi/13.3 rel1/bin/../lib/gcc/arm-none-eabi/13.3.1/thumb/v7e-m+dp/hard\libc_nano.a(libc_a-mprec.o)
                0x0800bf38                __pow5mult
 .text.__lshift
                0x0800bfec       0xd8 C:/Program Files (x86)/Arm GNU Toolchain arm-none-eabi/13.3 rel1/bin/../lib/gcc/arm-none-eabi/13.3.1/thumb/v7e-m+dp/hard\libc_nano.a(libc_a-mprec.o)
                0x0800bfec                __lshift
 .text.__mcmp   0x0800c0c4       0x36 C:/Program Files (x86)/Arm GNU Toolchain arm-none-eabi/13.3 rel1/bin/../lib/gcc/arm-none-eabi/13.3.1/thumb/v7e-m+dp/hard\libc_nano.a(libc_a-mprec.o)
                0x0800c0c4                __mcmp
 *fill*         0x0800c0fa        0x2 
 .text.__mdiff  0x0800c0fc      0x128 C:/Program Files (x86)/Arm GNU Toolchain arm-none-eabi/13.3 rel1/bin/../lib/gcc/arm-none-eabi/13.3.1/thumb/v7e-m+dp/hard\libc_nano.a(libc_a-mprec.o)
                0x0800c0fc                __mdiff
 .text.__d2b    0x0800c224       0xb0 C:/Program Files (x86)/Arm GNU Toolchain arm-none-eabi/13.3 rel1/bin/../lib/gcc/arm-none-eabi/13.3.1/thumb/v7e-m+dp/hard\libc_nano.a(libc_a-mprec.o)
                0x0800c224                __d2b
 .text.__ssputs_r
                0x0800c2d4       0xb6 C:/Program Files (x86)/Arm GNU Toolchain arm-none-eabi/13.3 rel1/bin/../lib/gcc/arm-none-eabi/13.3.1/thumb/v7e-m+dp/hard\libc_nano.a(libc_a-nano-svfprintf.o)
                0x0800c2d4                __ssputs_r
 *fill*         0x0800c38a        0x2 
 .text._svfprintf_r
                0x0800c38c      0x1f8 C:/Program Files (x86)/Arm GNU Toolchain arm-none-eabi/13.3 rel1/bin/../lib/gcc/arm-none-eabi/13.3.1/thumb/v7e-m+dp/hard\libc_nano.a(libc_a-nano-svfprintf.o)
                0x0800c38c                _svfiprintf_r
                0x0800c38c                _svfprintf_r
 .text.__sfputc_r
                0x0800c584       0x2e C:/Program Files (x86)/Arm GNU Toolchain arm-none-eabi/13.3 rel1/bin/../lib/gcc/arm-none-eabi/13.3.1/thumb/v7e-m+dp/hard\libc_nano.a(libc_a-nano-vfprintf.o)
 .text.__sfputs_r
                0x0800c5b2       0x24 C:/Program Files (x86)/Arm GNU Toolchain arm-none-eabi/13.3 rel1/bin/../lib/gcc/arm-none-eabi/13.3.1/thumb/v7e-m+dp/hard\libc_nano.a(libc_a-nano-vfprintf.o)
                0x0800c5b2                __sfputs_r
 *fill*         0x0800c5d6        0x2 
 .text._vfprintf_r
                0x0800c5d8      0x230 C:/Program Files (x86)/Arm GNU Toolchain arm-none-eabi/13.3 rel1/bin/../lib/gcc/arm-none-eabi/13.3.1/thumb/v7e-m+dp/hard\libc_nano.a(libc_a-nano-vfprintf.o)
                0x0800c5d8                _vfprintf_r
                0x0800c5d8                _vfiprintf_r
 .text.__sflush_r
                0x0800c808      0x108 C:/Program Files (x86)/Arm GNU Toolchain arm-none-eabi/13.3 rel1/bin/../lib/gcc/arm-none-eabi/13.3.1/thumb/v7e-m+dp/hard\libc_nano.a(libc_a-fflush.o)
                0x0800c808                __sflush_r
 .text._fflush_r
                0x0800c910       0x50 C:/Program Files (x86)/Arm GNU Toolchain arm-none-eabi/13.3 rel1/bin/../lib/gcc/arm-none-eabi/13.3.1/thumb/v7e-m+dp/hard\libc_nano.a(libc_a-fflush.o)
                0x0800c910                _fflush_r
 .text.__swbuf_r
                0x0800c960       0x7c C:/Program Files (x86)/Arm GNU Toolchain arm-none-eabi/13.3 rel1/bin/../lib/gcc/arm-none-eabi/13.3.1/thumb/v7e-m+dp/hard\libc_nano.a(libc_a-wbuf.o)
                0x0800c960                __swbuf_r
 .text.__swsetup_r
                0x0800c9dc       0xac C:/Program Files (x86)/Arm GNU Toolchain arm-none-eabi/13.3 rel1/bin/../lib/gcc/arm-none-eabi/13.3.1/thumb/v7e-m+dp/hard\libc_nano.a(libc_a-wsetup.o)
                0x0800c9dc                __swsetup_r
 .text.memmove  0x0800ca88       0x34 C:/Program Files (x86)/Arm GNU Toolchain arm-none-eabi/13.3 rel1/bin/../lib/gcc/arm-none-eabi/13.3.1/thumb/v7e-m+dp/hard\libc_nano.a(libc_a-memmove.o)
                0x0800ca88                memmove
 .text.__assert_func
                0x0800cabc       0x3c C:/Program Files (x86)/Arm GNU Toolchain arm-none-eabi/13.3 rel1/bin/../lib/gcc/arm-none-eabi/13.3.1/thumb/v7e-m+dp/hard\libc_nano.a(libc_a-assert.o)
                0x0800cabc                __assert_func
 .text._calloc_r
                0x0800caf8       0x28 C:/Program Files (x86)/Arm GNU Toolchain arm-none-eabi/13.3 rel1/bin/../lib/gcc/arm-none-eabi/13.3.1/thumb/v7e-m+dp/hard\libc_nano.a(libc_a-callocr.o)
                0x0800caf8                _calloc_r
 .text.__ascii_mbtowc
                0x0800cb20       0x24 C:/Program Files (x86)/Arm GNU Toolchain arm-none-eabi/13.3 rel1/bin/../lib/gcc/arm-none-eabi/13.3.1/thumb/v7e-m+dp/hard\libc_nano.a(libc_a-mbtowc_r.o)
                0x0800cb20                __ascii_mbtowc
 .text._realloc_r
                0x0800cb44       0x5c C:/Program Files (x86)/Arm GNU Toolchain arm-none-eabi/13.3 rel1/bin/../lib/gcc/arm-none-eabi/13.3.1/thumb/v7e-m+dp/hard\libc_nano.a(libc_a-reallocr.o)
                0x0800cb44                _realloc_r
 .text.__ascii_wctomb
                0x0800cba0       0x1a C:/Program Files (x86)/Arm GNU Toolchain arm-none-eabi/13.3 rel1/bin/../lib/gcc/arm-none-eabi/13.3.1/thumb/v7e-m+dp/hard\libc_nano.a(libc_a-wctomb_r.o)
                0x0800cba0                __ascii_wctomb
 *fill*         0x0800cbba        0x2 
 .text.fprintf  0x0800cbbc       0x24 C:/Program Files (x86)/Arm GNU Toolchain arm-none-eabi/13.3 rel1/bin/../lib/gcc/arm-none-eabi/13.3.1/thumb/v7e-m+dp/hard\libc_nano.a(libc_a-fprintf.o)
                0x0800cbbc                fiprintf
                0x0800cbbc                fprintf
 .text.__swhatbuf_r
                0x0800cbe0       0x4c C:/Program Files (x86)/Arm GNU Toolchain arm-none-eabi/13.3 rel1/bin/../lib/gcc/arm-none-eabi/13.3.1/thumb/v7e-m+dp/hard\libc_nano.a(libc_a-makebuf.o)
                0x0800cbe0                __swhatbuf_r
 .text.__smakebuf_r
                0x0800cc2c       0x78 C:/Program Files (x86)/Arm GNU Toolchain arm-none-eabi/13.3 rel1/bin/../lib/gcc/arm-none-eabi/13.3.1/thumb/v7e-m+dp/hard\libc_nano.a(libc_a-makebuf.o)
                0x0800cc2c                __smakebuf_r
 .text._fstat_r
                0x0800cca4       0x24 C:/Program Files (x86)/Arm GNU Toolchain arm-none-eabi/13.3 rel1/bin/../lib/gcc/arm-none-eabi/13.3.1/thumb/v7e-m+dp/hard\libc_nano.a(libc_a-fstatr.o)
                0x0800cca4                _fstat_r
 .text._isatty_r
                0x0800ccc8       0x20 C:/Program Files (x86)/Arm GNU Toolchain arm-none-eabi/13.3 rel1/bin/../lib/gcc/arm-none-eabi/13.3.1/thumb/v7e-m+dp/hard\libc_nano.a(libc_a-isattyr.o)
                0x0800ccc8                _isatty_r
 .text.abort    0x0800cce8        0xe C:/Program Files (x86)/Arm GNU Toolchain arm-none-eabi/13.3 rel1/bin/../lib/gcc/arm-none-eabi/13.3.1/thumb/v7e-m+dp/hard\libc_nano.a(libc_a-abort.o)
                0x0800cce8                abort
 .text._malloc_usable_size_r
                0x0800ccf6       0x10 C:/Program Files (x86)/Arm GNU Toolchain arm-none-eabi/13.3 rel1/bin/../lib/gcc/arm-none-eabi/13.3.1/thumb/v7e-m+dp/hard\libc_nano.a(libc_a-msizer.o)
                0x0800ccf6                _malloc_usable_size_r
 .text._raise_r
                0x0800cd06       0x50 C:/Program Files (x86)/Arm GNU Toolchain arm-none-eabi/13.3 rel1/bin/../lib/gcc/arm-none-eabi/13.3.1/thumb/v7e-m+dp/hard\libc_nano.a(libc_a-signal.o)
                0x0800cd06                _raise_r
 *fill*         0x0800cd56        0x2 
 .text.raise    0x0800cd58       0x10 C:/Program Files (x86)/Arm GNU Toolchain arm-none-eabi/13.3 rel1/bin/../lib/gcc/arm-none-eabi/13.3.1/thumb/v7e-m+dp/hard\libc_nano.a(libc_a-signal.o)
                0x0800cd58                raise
 .text._kill_r  0x0800cd68       0x24 C:/Program Files (x86)/Arm GNU Toolchain arm-none-eabi/13.3 rel1/bin/../lib/gcc/arm-none-eabi/13.3.1/thumb/v7e-m+dp/hard\libc_nano.a(libc_a-signalr.o)
                0x0800cd68                _kill_r
 .text._getpid_r
                0x0800cd8c        0x4 C:/Program Files (x86)/Arm GNU Toolchain arm-none-eabi/13.3 rel1/bin/../lib/gcc/arm-none-eabi/13.3.1/thumb/v7e-m+dp/hard\libc_nano.a(libc_a-signalr.o)
                0x0800cd8c                _getpid_r
 .text.__udivmoddi4
                0x0800cd90      0x2bc C:/Program Files (x86)/Arm GNU Toolchain arm-none-eabi/13.3 rel1/bin/../lib/gcc/arm-none-eabi/13.3.1/thumb/v7e-m+dp/hard\libgcc.a(_udivmoddi4.o)
                0x0800cd90                __udivmoddi4
 *(.glue_7)
 .glue_7        0x0800d04c        0x0 linker stubs
 *(.glue_7t)
 .glue_7t       0x0800d04c        0x0 linker stubs
 *(.eh_frame)
 .eh_frame      0x0800d04c        0x0 C:/Program Files (x86)/Arm GNU Toolchain arm-none-eabi/13.3 rel1/bin/../lib/gcc/arm-none-eabi/13.3.1/thumb/v7e-m+dp/hard/crtbegin.o
 *(.init)
 .init          0x0800d04c        0x4 C:/Program Files (x86)/Arm GNU Toolchain arm-none-eabi/13.3 rel1/bin/../lib/gcc/arm-none-eabi/13.3.1/thumb/v7e-m+dp/hard/crti.o
                0x0800d04c                _init
 .init          0x0800d050        0x8 C:/Program Files (x86)/Arm GNU Toolchain arm-none-eabi/13.3 rel1/bin/../lib/gcc/arm-none-eabi/13.3.1/thumb/v7e-m+dp/hard/crtn.o
 *(.fini)
 .fini          0x0800d058        0x4 C:/Program Files (x86)/Arm GNU Toolchain arm-none-eabi/13.3 rel1/bin/../lib/gcc/arm-none-eabi/13.3.1/thumb/v7e-m+dp/hard/crti.o
                0x0800d058                _fini
 .fini          0x0800d05c        0x8 C:/Program Files (x86)/Arm GNU Toolchain arm-none-eabi/13.3 rel1/bin/../lib/gcc/arm-none-eabi/13.3.1/thumb/v7e-m+dp/hard/crtn.o
                0x0800d064                        . = ALIGN (0x4)
                0x0800d064                        _etext = .

.vfp11_veneer   0x0800d064        0x0
 .vfp11_veneer  0x0800d064        0x0 linker stubs

.v4_bx          0x0800d064        0x0
 .v4_bx         0x0800d064        0x0 linker stubs

.iplt           0x0800d064        0x0
 .iplt          0x0800d064        0x0 C:/Program Files (x86)/Arm GNU Toolchain arm-none-eabi/13.3 rel1/bin/../lib/gcc/arm-none-eabi/13.3.1/thumb/v7e-m+dp/hard/crtbegin.o

.rodata         0x0800d068      0x3dc
                0x0800d068                        . = ALIGN (0x4)
 *(.rodata)
 *(.rodata*)
 .rodata.flagBitshiftOffset.0
                0x0800d068        0x8 build/stm32h7xx_hal_dma.o
 .rodata.D1CorePrescTable
                0x0800d070       0x10 build/system_stm32h7xx.o
                0x0800d070                D1CorePrescTable
 .rodata.sysRender.str1.4
                0x0800d080       0x24 build/ssys.o
                                 0x12 (size before relaxing)
 .rodata.sysError.str1.4
                0x0800d0a4       0x10 build/ssys.o
 .rodata.UARTPrescTable
                0x0800d0a4       0x18 build/stm32h7xx_hal_uart.o
                0x0800d0a4                UARTPrescTable
 .rodata.denominator.0
                0x0800d0bc        0x8 build/stm32h7xx_hal_uart_ex.o
 .rodata.numerator.1
                0x0800d0c4        0x8 build/stm32h7xx_hal_uart_ex.o
 .rodata._printf_float.str1.1
                0x0800d0cc      0x173 C:/Program Files (x86)/Arm GNU Toolchain arm-none-eabi/13.3 rel1/bin/../lib/gcc/arm-none-eabi/13.3.1/thumb/v7e-m+dp/hard\libc_nano.a(libc_a-nano-vfprintf_float.o)
                                 0x12 (size before relaxing)
 .rodata._printf_i.str1.1
                0x0800d23f       0x22 C:/Program Files (x86)/Arm GNU Toolchain arm-none-eabi/13.3 rel1/bin/../lib/gcc/arm-none-eabi/13.3.1/thumb/v7e-m+dp/hard\libc_nano.a(libc_a-nano-vfprintf_i.o)
 .rodata._dtoa_r.str1.1
                0x0800d23f       0x90 C:/Program Files (x86)/Arm GNU Toolchain arm-none-eabi/13.3 rel1/bin/../lib/gcc/arm-none-eabi/13.3.1/thumb/v7e-m+dp/hard\libc_nano.a(libc_a-dtoa.o)
 .rodata._Balloc.str1.1
                0x0800d23f       0x71 C:/Program Files (x86)/Arm GNU Toolchain arm-none-eabi/13.3 rel1/bin/../lib/gcc/arm-none-eabi/13.3.1/thumb/v7e-m+dp/hard\libc_nano.a(libc_a-mprec.o)
 .rodata.__multadd.str1.1
                0x0800d23f       0x11 C:/Program Files (x86)/Arm GNU Toolchain arm-none-eabi/13.3 rel1/bin/../lib/gcc/arm-none-eabi/13.3.1/thumb/v7e-m+dp/hard\libc_nano.a(libc_a-mprec.o)
 *fill*         0x0800d23f        0x1 
 .rodata.p05.0  0x0800d240        0xc C:/Program Files (x86)/Arm GNU Toolchain arm-none-eabi/13.3 rel1/bin/../lib/gcc/arm-none-eabi/13.3.1/thumb/v7e-m+dp/hard\libc_nano.a(libc_a-mprec.o)
 *fill*         0x0800d24c        0x4 
 .rodata.__mprec_bigtens
                0x0800d250       0x28 C:/Program Files (x86)/Arm GNU Toolchain arm-none-eabi/13.3 rel1/bin/../lib/gcc/arm-none-eabi/13.3.1/thumb/v7e-m+dp/hard\libc_nano.a(libc_a-mprec.o)
                0x0800d250                __mprec_bigtens
 .rodata.__mprec_tens
                0x0800d278       0xc8 C:/Program Files (x86)/Arm GNU Toolchain arm-none-eabi/13.3 rel1/bin/../lib/gcc/arm-none-eabi/13.3.1/thumb/v7e-m+dp/hard\libc_nano.a(libc_a-mprec.o)
                0x0800d278                __mprec_tens
 .rodata._svfprintf_r.str1.1
                0x0800d340       0x11 C:/Program Files (x86)/Arm GNU Toolchain arm-none-eabi/13.3 rel1/bin/../lib/gcc/arm-none-eabi/13.3.1/thumb/v7e-m+dp/hard\libc_nano.a(libc_a-nano-svfprintf.o)
 .rodata._vfprintf_r.str1.1
                0x0800d340       0x11 C:/Program Files (x86)/Arm GNU Toolchain arm-none-eabi/13.3 rel1/bin/../lib/gcc/arm-none-eabi/13.3.1/thumb/v7e-m+dp/hard\libc_nano.a(libc_a-nano-vfprintf.o)
 .rodata._setlocale_r.str1.1
                0x0800d340        0x9 C:/Program Files (x86)/Arm GNU Toolchain arm-none-eabi/13.3 rel1/bin/../lib/gcc/arm-none-eabi/13.3.1/thumb/v7e-m+dp/hard\libc_nano.a(libc_a-locale.o)
 .rodata.str1.1
                0x0800d340        0x2 C:/Program Files (x86)/Arm GNU Toolchain arm-none-eabi/13.3 rel1/bin/../lib/gcc/arm-none-eabi/13.3.1/thumb/v7e-m+dp/hard\libc_nano.a(libc_a-locale.o)
 .rodata.__assert_func.str1.1
                0x0800d340       0x3d C:/Program Files (x86)/Arm GNU Toolchain arm-none-eabi/13.3 rel1/bin/../lib/gcc/arm-none-eabi/13.3.1/thumb/v7e-m+dp/hard\libc_nano.a(libc_a-assert.o)
 .rodata._ctype_
                0x0800d340      0x101 C:/Program Files (x86)/Arm GNU Toolchain arm-none-eabi/13.3 rel1/bin/../lib/gcc/arm-none-eabi/13.3.1/thumb/v7e-m+dp/hard\libc_nano.a(libc_a-ctype_.o)
                0x0800d340                _ctype_
                0x0800d444                        . = ALIGN (0x4)
 *fill*         0x0800d441        0x3 

.ARM.extab
 *(.ARM.extab* .gnu.linkonce.armextab.*)

.ARM            0x0800d444        0x8
                0x0800d444                        __exidx_start = .
 *(.ARM.exidx*)
 .ARM.exidx     0x0800d444        0x8 C:/Program Files (x86)/Arm GNU Toolchain arm-none-eabi/13.3 rel1/bin/../lib/gcc/arm-none-eabi/13.3.1/thumb/v7e-m+dp/hard\libc_nano.a(libc_a-memchr.o)
 .ARM.exidx     0x0800d44c        0x0 C:/Program Files (x86)/Arm GNU Toolchain arm-none-eabi/13.3 rel1/bin/../lib/gcc/arm-none-eabi/13.3.1/thumb/v7e-m+dp/hard\libc_nano.a(libc_a-strlen.o)
                                  0x8 (size before relaxing)
 .ARM.exidx.text.__udivmoddi4
                0x0800d44c        0x0 C:/Program Files (x86)/Arm GNU Toolchain arm-none-eabi/13.3 rel1/bin/../lib/gcc/arm-none-eabi/13.3.1/thumb/v7e-m+dp/hard\libgcc.a(_udivmoddi4.o)
                                  0x8 (size before relaxing)
                0x0800d44c                        __exidx_end = .

.rel.dyn        0x0800d44c        0x0
 .rel.iplt      0x0800d44c        0x0 C:/Program Files (x86)/Arm GNU Toolchain arm-none-eabi/13.3 rel1/bin/../lib/gcc/arm-none-eabi/13.3.1/thumb/v7e-m+dp/hard/crtbegin.o

.preinit_array  0x0800d44c        0x0
                0x0800d44c                        PROVIDE (__preinit_array_start = .)
 *(.preinit_array*)
                0x0800d44c                        PROVIDE (__preinit_array_end = .)

.init_array     0x0800d44c        0x4
                0x0800d44c                        PROVIDE (__init_array_start = .)
 *(SORT_BY_NAME(.init_array.*))
 *(.init_array*)
 .init_array    0x0800d44c        0x4 C:/Program Files (x86)/Arm GNU Toolchain arm-none-eabi/13.3 rel1/bin/../lib/gcc/arm-none-eabi/13.3.1/thumb/v7e-m+dp/hard/crtbegin.o
                0x0800d450                        PROVIDE (__init_array_end = .)

.fini_array     0x0800d450        0x4
                [!provide]                        PROVIDE (__fini_array_start = .)
 *(SORT_BY_NAME(.fini_array.*))
 *(.fini_array*)
 .fini_array    0x0800d450        0x4 C:/Program Files (x86)/Arm GNU Toolchain arm-none-eabi/13.3 rel1/bin/../lib/gcc/arm-none-eabi/13.3.1/thumb/v7e-m+dp/hard/crtbegin.o
                [!provide]                        PROVIDE (__fini_array_end = .)
                0x0800d454                        _sidata = LOADADDR (.data)

.data           0x20000000      0x1dc load address 0x0800d454
                0x20000000                        . = ALIGN (0x4)
                0x20000000                        _sdata = .
 *(.data)
 *(.data*)
 .data.uwTickFreq
                0x20000000        0x1 build/stm32h7xx_hal.o
                0x20000000                uwTickFreq
 *fill*         0x20000001        0x3 
 .data.uwTickPrio
                0x20000004        0x4 build/stm32h7xx_hal.o
                0x20000004                uwTickPrio
 .data.SystemD2Clock
                0x20000008        0x4 build/system_stm32h7xx.o
                0x20000008                SystemD2Clock
 .data.SystemCoreClock
                0x2000000c        0x4 build/system_stm32h7xx.o
                0x2000000c                SystemCoreClock
 .data.gGlcdFinishedRendering
                0x20000010        0x1 build/glcd.o
                0x20000010                gGlcdFinishedRendering
 .data.gSysLastMenuId
                0x20000011        0x1 build/ssys.o
                0x20000011                gSysLastMenuId
 .data.gSysCurrentMenuId
                0x20000012        0x1 build/ssys.o
                0x20000012                gSysCurrentMenuId
 *fill*         0x20000013        0x1 
 .data.__sglue  0x20000014        0xc C:/Program Files (x86)/Arm GNU Toolchain arm-none-eabi/13.3 rel1/bin/../lib/gcc/arm-none-eabi/13.3.1/thumb/v7e-m+dp/hard\libc_nano.a(libc_a-findfp.o)
                0x20000014                __sglue
 .data._impure_ptr
                0x20000020        0x4 C:/Program Files (x86)/Arm GNU Toolchain arm-none-eabi/13.3 rel1/bin/../lib/gcc/arm-none-eabi/13.3.1/thumb/v7e-m+dp/hard\libc_nano.a(libc_a-impure.o)
                0x20000020                _impure_ptr
 .data._impure_data
                0x20000024       0x4c C:/Program Files (x86)/Arm GNU Toolchain arm-none-eabi/13.3 rel1/bin/../lib/gcc/arm-none-eabi/13.3.1/thumb/v7e-m+dp/hard\libc_nano.a(libc_a-impure.o)
                0x20000024                _impure_data
 .data.__global_locale
                0x20000070      0x16c C:/Program Files (x86)/Arm GNU Toolchain arm-none-eabi/13.3 rel1/bin/../lib/gcc/arm-none-eabi/13.3.1/thumb/v7e-m+dp/hard\libc_nano.a(libc_a-locale.o)
                0x20000070                __global_locale
                0x200001dc                        . = ALIGN (0x4)
                0x200001dc                        _edata = .

.tm_clone_table
                0x200001dc        0x0 load address 0x0800d630
 .tm_clone_table
                0x200001dc        0x0 C:/Program Files (x86)/Arm GNU Toolchain arm-none-eabi/13.3 rel1/bin/../lib/gcc/arm-none-eabi/13.3.1/thumb/v7e-m+dp/hard/crtbegin.o
 .tm_clone_table
                0x200001dc        0x0 C:/Program Files (x86)/Arm GNU Toolchain arm-none-eabi/13.3 rel1/bin/../lib/gcc/arm-none-eabi/13.3.1/thumb/v7e-m+dp/hard/crtend.o

.igot.plt       0x200001dc        0x0 load address 0x0800d630
 .igot.plt      0x200001dc        0x0 C:/Program Files (x86)/Arm GNU Toolchain arm-none-eabi/13.3 rel1/bin/../lib/gcc/arm-none-eabi/13.3.1/thumb/v7e-m+dp/hard/crtbegin.o
                0x200001dc                        . = ALIGN (0x4)

.bss            0x24000000    0x43020
                0x24000000                        _sbss = .
                0x24000000                        __bss_start__ = _sbss
 *(.bss)
 *(.bss*)
 .bss.completed.1
                0x24000000        0x1 C:/Program Files (x86)/Arm GNU Toolchain arm-none-eabi/13.3 rel1/bin/../lib/gcc/arm-none-eabi/13.3.1/thumb/v7e-m+dp/hard/crtbegin.o
 *fill*         0x24000001        0x3 
 .bss.object.0  0x24000004       0x18 C:/Program Files (x86)/Arm GNU Toolchain arm-none-eabi/13.3 rel1/bin/../lib/gcc/arm-none-eabi/13.3.1/thumb/v7e-m+dp/hard/crtbegin.o
 .bss.hdma_uart4_tx
                0x2400001c       0x78 build/main.o
                0x2400001c                hdma_uart4_tx
 .bss.huart4    0x24000094       0x94 build/main.o
                0x24000094                huart4
 .bss.htim15    0x24000128       0x4c build/main.o
                0x24000128                htim15
 .bss.htim8     0x24000174       0x4c build/main.o
                0x24000174                htim8
 .bss.htim7     0x240001c0       0x4c build/main.o
                0x240001c0                htim7
 .bss.htim6     0x2400020c       0x4c build/main.o
                0x2400020c                htim6
 .bss.htim5     0x24000258       0x4c build/main.o
                0x24000258                htim5
 .bss.htim4     0x240002a4       0x4c build/main.o
                0x240002a4                htim4
 .bss.htim3     0x240002f0       0x4c build/main.o
                0x240002f0                htim3
 .bss.hdma_spi4_tx
                0x2400033c       0x78 build/main.o
                0x2400033c                hdma_spi4_tx
 .bss.hspi4     0x240003b4       0x88 build/main.o
                0x240003b4                hspi4
 .bss.hsd1      0x2400043c       0x7c build/main.o
                0x2400043c                hsd1
 .bss.hdma_dac1_ch2
                0x240004b8       0x78 build/main.o
                0x240004b8                hdma_dac1_ch2
 .bss.hdma_dac1_ch1
                0x24000530       0x78 build/main.o
                0x24000530                hdma_dac1_ch1
 .bss.hdac1     0x240005a8       0x14 build/main.o
                0x240005a8                hdac1
 .bss.hcomp2    0x240005bc       0x2c build/main.o
                0x240005bc                hcomp2
 .bss.hadc1     0x240005e8       0x64 build/main.o
                0x240005e8                hadc1
 .bss.htim2     0x2400064c       0x4c build/stm32h7xx_hal_timebase_tim.o
                0x2400064c                htim2
 .bss.uwTick    0x24000698        0x4 build/stm32h7xx_hal.o
                0x24000698                uwTick
 .bss.__sbrk_heap_end
                0x2400069c        0x4 build/sysmem.o
 .bss.gSfsFirstBlockData
                0x240006a0      0x200 build/sfs.o
                0x240006a0                gSfsFirstBlockData
 .bss.gGlcdOriginY
                0x240008a0        0x1 build/glcd.o
                0x240008a0                gGlcdOriginY
 .bss.gGlcdOriginX
                0x240008a1        0x1 build/glcd.o
                0x240008a1                gGlcdOriginX
 .bss.gGlcdCursorY
                0x240008a2        0x1 build/glcd.o
                0x240008a2                gGlcdCursorY
 .bss.gGlcdCursorX
                0x240008a3        0x1 build/glcd.o
                0x240008a3                gGlcdCursorX
 .bss.gGlcdCsPin
                0x240008a4        0x2 build/glcd.o
                0x240008a4                gGlcdCsPin
 .bss.gGlcdInitialized
                0x240008a6        0x1 build/glcd.o
                0x240008a6                gGlcdInitialized
 *fill*         0x240008a7        0x1 
 .bss.gGlcdSd   0x240008a8        0x4 build/glcd.o
                0x240008a8                gGlcdSd
 .bss.gGlyphs   0x240008ac        0x4 build/glcd.o
                0x240008ac                gGlyphs
 .bss.gGlcdCsPort
                0x240008b0        0x4 build/glcd.o
                0x240008b0                gGlcdCsPort
 .bss.gGlcdFrameBufFront
                0x240008b4      0x400 build/glcd.o
                0x240008b4                gGlcdFrameBufFront
 .bss.gGlcdFrameBufBack
                0x24000cb4      0x400 build/glcd.o
                0x24000cb4                gGlcdFrameBufBack
 .bss.gGlcdFrameCounter
                0x240010b4        0x4 build/glcd.o
                0x240010b4                gGlcdFrameCounter
 .bss.gGlcdDmaDataSize
                0x240010b8        0x2 build/glcd.o
                0x240010b8                gGlcdDmaDataSize
 *fill*         0x240010ba        0x2 
 .bss.gGlcdSpi  0x240010bc        0x4 build/glcd.o
                0x240010bc                gGlcdSpi
 .bss.gSysAdc   0x240010c0        0x4 build/ssys.o
                0x240010c0                gSysAdc
 .bss.gSysStrError
                0x240010c4       0x80 build/ssys.o
                0x240010c4                gSysStrError
 .bss.gSysTmpBlock
                0x24001144      0x200 build/ssys.o
                0x24001144                gSysTmpBlock
 .bss.gSysPolyphonyProgress
                0x24001344      0x800 build/ssys.o
                0x24001344                gSysPolyphonyProgress
 .bss.gSysPolyphonyData
                0x24001b44    0x40000 build/ssys.o
                0x24001b44                gSysPolyphonyData
 .bss.gSysTrackInfo
                0x24041b44      0x780 build/ssys.o
                0x24041b44                gSysTrackInfo
 .bss.gSysAudioBackBuf
                0x240422c4      0x200 build/ssys.o
                0x240422c4                gSysAudioBackBuf
 .bss.gSysAudioFrontBuf
                0x240424c4      0x200 build/ssys.o
                0x240424c4                gSysAudioFrontBuf
 .bss.gSysProximityTable
                0x240426c4      0x800 build/ssys.o
                0x240426c4                gSysProximityTable
 .bss.gSysCurrentMenuTimer
                0x24042ec4        0x4 build/ssys.o
                0x24042ec4                gSysCurrentMenuTimer
 .bss.gSysDeltaTime
                0x24042ec8        0x4 build/ssys.o
                0x24042ec8                gSysDeltaTime
 .bss.gSysTickCounter
                0x24042ecc        0x4 build/ssys.o
                0x24042ecc                gSysTickCounter
 .bss.gSysIsLoaded
                0x24042ed0        0x1 build/ssys.o
                0x24042ed0                gSysIsLoaded
 *fill*         0x24042ed1        0x3 
 .bss.__malloc_sbrk_start
                0x24042ed4        0x4 C:/Program Files (x86)/Arm GNU Toolchain arm-none-eabi/13.3 rel1/bin/../lib/gcc/arm-none-eabi/13.3.1/thumb/v7e-m+dp/hard\libc_nano.a(libc_a-mallocr.o)
                0x24042ed4                __malloc_sbrk_start
 .bss.__malloc_free_list
                0x24042ed8        0x4 C:/Program Files (x86)/Arm GNU Toolchain arm-none-eabi/13.3 rel1/bin/../lib/gcc/arm-none-eabi/13.3.1/thumb/v7e-m+dp/hard\libc_nano.a(libc_a-mallocr.o)
                0x24042ed8                __malloc_free_list
 .bss.__sf      0x24042edc      0x138 C:/Program Files (x86)/Arm GNU Toolchain arm-none-eabi/13.3 rel1/bin/../lib/gcc/arm-none-eabi/13.3.1/thumb/v7e-m+dp/hard\libc_nano.a(libc_a-findfp.o)
                0x24042edc                __sf
 .bss.__stdio_exit_handler
                0x24043014        0x4 C:/Program Files (x86)/Arm GNU Toolchain arm-none-eabi/13.3 rel1/bin/../lib/gcc/arm-none-eabi/13.3.1/thumb/v7e-m+dp/hard\libc_nano.a(libc_a-findfp.o)
                0x24043014                __stdio_exit_handler
 .bss.errno     0x24043018        0x4 C:/Program Files (x86)/Arm GNU Toolchain arm-none-eabi/13.3 rel1/bin/../lib/gcc/arm-none-eabi/13.3.1/thumb/v7e-m+dp/hard\libc_nano.a(libc_a-reent.o)
                0x24043018                errno
 .bss.__lock___malloc_recursive_mutex
                0x2404301c        0x1 C:/Program Files (x86)/Arm GNU Toolchain arm-none-eabi/13.3 rel1/bin/../lib/gcc/arm-none-eabi/13.3.1/thumb/v7e-m+dp/hard\libc_nano.a(libc_a-lock.o)
                0x2404301c                __lock___malloc_recursive_mutex
 .bss.__lock___sfp_recursive_mutex
                0x2404301d        0x1 C:/Program Files (x86)/Arm GNU Toolchain arm-none-eabi/13.3 rel1/bin/../lib/gcc/arm-none-eabi/13.3.1/thumb/v7e-m+dp/hard\libc_nano.a(libc_a-lock.o)
                0x2404301d                __lock___sfp_recursive_mutex
 *(COMMON)
                0x24043020                        . = ALIGN (0x4)
 *fill*         0x2404301e        0x2 
                0x24043020                        _ebss = .
                0x24043020                        __bss_end__ = _ebss

.dma_buffer     0x30000000      0x434
 *(.dma_buffer)
 .dma_buffer    0x30000000      0x434 build/ssys.o
                0x30000000                gSysTriBuf
                0x30000034                gSysDacBuf

.bdma_buffer    0x38000000     0x1000
 *(.bdma_buffer)
 .bdma_buffer   0x38000000     0x1000 build/glcd.o
                0x38000000                gGlcdDmaData

._user_heap_stack
                0x200001dc      0x604
                0x200001e0                        . = ALIGN (0x8)
 *fill*         0x200001dc        0x4 
                [!provide]                        PROVIDE (end = .)
                0x200001e0                        PROVIDE (_end = .)
                0x200003e0                        . = (. + _Min_Heap_Size)
 *fill*         0x200001e0      0x200 
                0x200007e0                        . = (. + _Min_Stack_Size)
 *fill*         0x200003e0      0x400 
                0x200007e0                        . = ALIGN (0x8)

/DISCARD/
 libc.a(*)
 libm.a(*)
 libgcc.a(*)
OUTPUT(build/synth-h743vit6-makefile.elf elf32-littlearm)
LOAD linker stubs
LOAD C:/Program Files (x86)/Arm GNU Toolchain arm-none-eabi/13.3 rel1/bin/../lib/gcc/arm-none-eabi/13.3.1/thumb/v7e-m+dp/hard\libc.a
LOAD C:/Program Files (x86)/Arm GNU Toolchain arm-none-eabi/13.3 rel1/bin/../lib/gcc/arm-none-eabi/13.3.1/thumb/v7e-m+dp/hard\libm.a
LOAD C:/Program Files (x86)/Arm GNU Toolchain arm-none-eabi/13.3 rel1/bin/../lib/gcc/arm-none-eabi/13.3.1/thumb/v7e-m+dp/hard\libgcc.a

.ARM.attributes
                0x00000000       0x2e
 .ARM.attributes
                0x00000000       0x20 C:/Program Files (x86)/Arm GNU Toolchain arm-none-eabi/13.3 rel1/bin/../lib/gcc/arm-none-eabi/13.3.1/thumb/v7e-m+dp/hard/crti.o
 .ARM.attributes
                0x00000020       0x32 C:/Program Files (x86)/Arm GNU Toolchain arm-none-eabi/13.3 rel1/bin/../lib/gcc/arm-none-eabi/13.3.1/thumb/v7e-m+dp/hard/crtbegin.o
 .ARM.attributes
                0x00000052       0x32 build/main.o
 .ARM.attributes
                0x00000084       0x32 build/stm32h7xx_it.o
 .ARM.attributes
                0x000000b6       0x32 build/stm32h7xx_hal_msp.o
 .ARM.attributes
                0x000000e8       0x32 build/stm32h7xx_hal_timebase_tim.o
 .ARM.attributes
                0x0000011a       0x32 build/stm32h7xx_hal_tim.o
 .ARM.attributes
                0x0000014c       0x32 build/stm32h7xx_hal_tim_ex.o
 .ARM.attributes
                0x0000017e       0x32 build/stm32h7xx_hal_cortex.o
 .ARM.attributes
                0x000001b0       0x32 build/stm32h7xx_hal_dac.o
 .ARM.attributes
                0x000001e2       0x32 build/stm32h7xx_hal_dac_ex.o
 .ARM.attributes
                0x00000214       0x32 build/stm32h7xx_hal_rcc.o
 .ARM.attributes
                0x00000246       0x32 build/stm32h7xx_hal_rcc_ex.o
 .ARM.attributes
                0x00000278       0x32 build/stm32h7xx_hal_gpio.o
 .ARM.attributes
                0x000002aa       0x32 build/stm32h7xx_hal_dma.o
 .ARM.attributes
                0x000002dc       0x32 build/stm32h7xx_hal_pwr_ex.o
 .ARM.attributes
                0x0000030e       0x32 build/stm32h7xx_hal.o
 .ARM.attributes
                0x00000340       0x32 build/stm32h7xx_ll_sdmmc.o
 .ARM.attributes
                0x00000372       0x32 build/stm32h7xx_hal_sd.o
 .ARM.attributes
                0x000003a4       0x32 build/system_stm32h7xx.o
 .ARM.attributes
                0x000003d6       0x32 build/sysmem.o
 .ARM.attributes
                0x00000408       0x32 build/syscalls.o
 .ARM.attributes
                0x0000043a       0x32 build/stm32h7xx_hal_spi.o
 .ARM.attributes
                0x0000046c       0x32 build/sfs.o
 .ARM.attributes
                0x0000049e       0x32 build/glcd.o
 .ARM.attributes
                0x000004d0       0x32 build/ssys.o
 .ARM.attributes
                0x00000502       0x32 build/stm32h7xx_hal_adc.o
 .ARM.attributes
                0x00000534       0x32 build/stm32h7xx_hal_adc_ex.o
 .ARM.attributes
                0x00000566       0x32 build/stm32h7xx_hal_comp.o
 .ARM.attributes
                0x00000598       0x32 build/stm32h7xx_hal_uart.o
 .ARM.attributes
                0x000005ca       0x32 build/stm32h7xx_hal_uart_ex.o
 .ARM.attributes
                0x000005fc       0x21 build/startup_stm32h743xx.o
 .ARM.attributes
                0x0000061d       0x32 C:/Program Files (x86)/Arm GNU Toolchain arm-none-eabi/13.3 rel1/bin/../lib/gcc/arm-none-eabi/13.3.1/thumb/v7e-m+dp/hard\libc_nano.a(libc_a-malloc.o)
 .ARM.attributes
                0x0000064f       0x32 C:/Program Files (x86)/Arm GNU Toolchain arm-none-eabi/13.3 rel1/bin/../lib/gcc/arm-none-eabi/13.3.1/thumb/v7e-m+dp/hard\libc_nano.a(libc_a-mallocr.o)
 .ARM.attributes
                0x00000681       0x32 C:/Program Files (x86)/Arm GNU Toolchain arm-none-eabi/13.3 rel1/bin/../lib/gcc/arm-none-eabi/13.3.1/thumb/v7e-m+dp/hard\libc_nano.a(libc_a-mlock.o)
 .ARM.attributes
                0x000006b3       0x32 C:/Program Files (x86)/Arm GNU Toolchain arm-none-eabi/13.3 rel1/bin/../lib/gcc/arm-none-eabi/13.3.1/thumb/v7e-m+dp/hard\libc_nano.a(libc_a-nano-vfprintf_float.o)
 .ARM.attributes
                0x000006e5       0x32 C:/Program Files (x86)/Arm GNU Toolchain arm-none-eabi/13.3 rel1/bin/../lib/gcc/arm-none-eabi/13.3.1/thumb/v7e-m+dp/hard\libc_nano.a(libc_a-nano-vfprintf_i.o)
 .ARM.attributes
                0x00000717       0x32 C:/Program Files (x86)/Arm GNU Toolchain arm-none-eabi/13.3 rel1/bin/../lib/gcc/arm-none-eabi/13.3.1/thumb/v7e-m+dp/hard\libc_nano.a(libc_a-findfp.o)
 .ARM.attributes
                0x00000749       0x32 C:/Program Files (x86)/Arm GNU Toolchain arm-none-eabi/13.3 rel1/bin/../lib/gcc/arm-none-eabi/13.3.1/thumb/v7e-m+dp/hard\libc_nano.a(libc_a-fwalk.o)
 .ARM.attributes
                0x0000077b       0x32 C:/Program Files (x86)/Arm GNU Toolchain arm-none-eabi/13.3 rel1/bin/../lib/gcc/arm-none-eabi/13.3.1/thumb/v7e-m+dp/hard\libc_nano.a(libc_a-sprintf.o)
 .ARM.attributes
                0x000007ad       0x32 C:/Program Files (x86)/Arm GNU Toolchain arm-none-eabi/13.3 rel1/bin/../lib/gcc/arm-none-eabi/13.3.1/thumb/v7e-m+dp/hard\libc_nano.a(libc_a-stdio.o)
 .ARM.attributes