Archive member included to satisfy reference by file (symbol)

C:/Program Files (x86)/Arm GNU Toolchain arm-none-eabi/13.3 rel1/bin/../lib/gcc/arm-none-eabi/13.3.1/thumb/v7e-m+dp/hard\libc_nano.a(libc_a-exit.o)
                              C:/Program Files (x86)/Arm GNU Toolchain arm-none-eabi/13.3 rel1/bin/../lib/gcc/arm-none-eabi/13.3.1/thumb/v7e-m+dp/hard/crt0.o (exit)
C:/Program Files (x86)/Arm GNU Toolchain arm-none-eabi/13.3 rel1/bin/../lib/gcc/arm-none-eabi/13.3.1/thumb/v7e-m+dp/hard\libc_nano.a(libc_a-malloc.o)
                              build/glcd.o (malloc)
C:/Program Files (x86)/Arm GNU Toolchain arm-none-eabi/13.3 rel1/bin/../lib/gcc/arm-none-eabi/13.3.1/thumb/v7e-m+dp/hard\libc_nano.a(libc_a-mallocr.o)
                              C:/Program Files (x86)/Arm GNU Toolchain arm-none-eabi/13.3 rel1/bin/../lib/gcc/arm-none-eabi/13.3.1/thumb/v7e-m+dp/hard\libc_nano.a(libc_a-malloc.o) (_malloc_r)
C:/Program Files (x86)/Arm GNU Toolchain arm-none-eabi/13.3 rel1/bin/../lib/gcc/arm-none-eabi/13.3.1/thumb/v7e-m+dp/hard\libc_nano.a(libc_a-mlock.o)
                              C:/Program Files (x86)/Arm GNU Toolchain arm-none-eabi/13.3 rel1/bin/../lib/gcc/arm-none-eabi/13.3.1/thumb/v7e-m+dp/hard\libc_nano.a(libc_a-mallocr.o) (__malloc_lock)
C:/Program Files (x86)/Arm GNU Toolchain arm-none-eabi/13.3 rel1/bin/../lib/gcc/arm-none-eabi/13.3.1/thumb/v7e-m+dp/hard\libc_nano.a(libc_a-nano-vfprintf_float.o)
                              (_printf_float)
C:/Program Files (x86)/Arm GNU Toolchain arm-none-eabi/13.3 rel1/bin/../lib/gcc/arm-none-eabi/13.3.1/thumb/v7e-m+dp/hard\libc_nano.a(libc_a-nano-vfprintf_i.o)
                              C:/Program Files (x86)/Arm GNU Toolchain arm-none-eabi/13.3 rel1/bin/../lib/gcc/arm-none-eabi/13.3.1/thumb/v7e-m+dp/hard\libc_nano.a(libc_a-nano-vfprintf_float.o) (_printf_common)
C:/Program Files (x86)/Arm GNU Toolchain arm-none-eabi/13.3 rel1/bin/../lib/gcc/arm-none-eabi/13.3.1/thumb/v7e-m+dp/hard\libc_nano.a(libc_a-findfp.o)
                              C:/Program Files (x86)/Arm GNU Toolchain arm-none-eabi/13.3 rel1/bin/../lib/gcc/arm-none-eabi/13.3.1/thumb/v7e-m+dp/hard\libc_nano.a(libc_a-exit.o) (__stdio_exit_handler)
C:/Program Files (x86)/Arm GNU Toolchain arm-none-eabi/13.3 rel1/bin/../lib/gcc/arm-none-eabi/13.3.1/thumb/v7e-m+dp/hard\libc_nano.a(libc_a-fwalk.o)
                              C:/Program Files (x86)/Arm GNU Toolchain arm-none-eabi/13.3 rel1/bin/../lib/gcc/arm-none-eabi/13.3.1/thumb/v7e-m+dp/hard\libc_nano.a(libc_a-findfp.o) (_fwalk_sglue)
C:/Program Files (x86)/Arm GNU Toolchain arm-none-eabi/13.3 rel1/bin/../lib/gcc/arm-none-eabi/13.3.1/thumb/v7e-m+dp/hard\libc_nano.a(libc_a-printf.o)
                              build/serrno.o (printf)
C:/Program Files (x86)/Arm GNU Toolchain arm-none-eabi/13.3 rel1/bin/../lib/gcc/arm-none-eabi/13.3.1/thumb/v7e-m+dp/hard\libc_nano.a(libc_a-sprintf.o)
                              build/solfege.o (sprintf)
C:/Program Files (x86)/Arm GNU Toolchain arm-none-eabi/13.3 rel1/bin/../lib/gcc/arm-none-eabi/13.3.1/thumb/v7e-m+dp/hard\libc_nano.a(libc_a-stdio.o)
                              C:/Program Files (x86)/Arm GNU Toolchain arm-none-eabi/13.3 rel1/bin/../lib/gcc/arm-none-eabi/13.3.1/thumb/v7e-m+dp/hard\libc_nano.a(libc_a-findfp.o) (__sread)
C:/Program Files (x86)/Arm GNU Toolchain arm-none-eabi/13.3 rel1/bin/../lib/gcc/arm-none-eabi/13.3.1/thumb/v7e-m+dp/hard\libc_nano.a(libc_a-vsprintf.o)
                              build/glcd.o (vsprintf)
C:/Program Files (x86)/Arm GNU Toolchain arm-none-eabi/13.3 rel1/bin/../lib/gcc/arm-none-eabi/13.3.1/thumb/v7e-m+dp/hard\libc_nano.a(libc_a-memset.o)
                              C:/Program Files (x86)/Arm GNU Toolchain arm-none-eabi/13.3 rel1/bin/../lib/gcc/arm-none-eabi/13.3.1/thumb/v7e-m+dp/hard/crt0.o (memset)
C:/Program Files (x86)/Arm GNU Toolchain arm-none-eabi/13.3 rel1/bin/../lib/gcc/arm-none-eabi/13.3.1/thumb/v7e-m+dp/hard\libc_nano.a(libc_a-localeconv.o)
                              C:/Program Files (x86)/Arm GNU Toolchain arm-none-eabi/13.3 rel1/bin/../lib/gcc/arm-none-eabi/13.3.1/thumb/v7e-m+dp/hard\libc_nano.a(libc_a-nano-vfprintf_float.o) (_localeconv_r)
C:/Program Files (x86)/Arm GNU Toolchain arm-none-eabi/13.3 rel1/bin/../lib/gcc/arm-none-eabi/13.3.1/thumb/v7e-m+dp/hard\libc_nano.a(libc_a-closer.o)
                              C:/Program Files (x86)/Arm GNU Toolchain arm-none-eabi/13.3 rel1/bin/../lib/gcc/arm-none-eabi/13.3.1/thumb/v7e-m+dp/hard\libc_nano.a(libc_a-stdio.o) (_close_r)
C:/Program Files (x86)/Arm GNU Toolchain arm-none-eabi/13.3 rel1/bin/../lib/gcc/arm-none-eabi/13.3.1/thumb/v7e-m+dp/hard\libc_nano.a(libc_a-reent.o)
                              C:/Program Files (x86)/Arm GNU Toolchain arm-none-eabi/13.3 rel1/bin/../lib/gcc/arm-none-eabi/13.3.1/thumb/v7e-m+dp/hard\libc_nano.a(libc_a-closer.o) (errno)
[...]
Memory Configuration

Name             Origin             Length             Attributes
DTCMRAM          0x20000000         0x00020000         xrw
RAM              0x24000000         0x00080000         xrw
RAM_D2           0x30000000         0x00048000         xrw
RAM_D3           0x38000000         0x00010000         xrw
ITCMRAM          0x00000000         0x00010000         xrw
FLASH            0x08000000         0x00200000         xr
*default*        0x00000000         0xffffffff

Linker script and memory map

LOAD C:/Program Files (x86)/Arm GNU Toolchain arm-none-eabi/13.3 rel1/bin/../lib/gcc/arm-none-eabi/13.3.1/thumb/v7e-m+dp/hard/crti.o
LOAD C:/Program Files (x86)/Arm GNU Toolchain arm-none-eabi/13.3 rel1/bin/../lib/gcc/arm-none-eabi/13.3.1/thumb/v7e-m+dp/hard/crtbegin.o
LOAD C:/Program Files (x86)/Arm GNU Toolchain arm-none-eabi/13.3 rel1/bin/../lib/gcc/arm-none-eabi/13.3.1/thumb/v7e-m+dp/hard/crt0.o
LOAD build/main.o
LOAD build/stm32h7xx_it.o
LOAD build/stm32h7xx_hal_msp.o
LOAD build/stm32h7xx_hal_timebase_tim.o
LOAD build/stm32h7xx_hal_tim.o
LOAD build/stm32h7xx_hal_tim_ex.o
LOAD build/stm32h7xx_hal_cortex.o
LOAD build/stm32h7xx_hal_dac.o
LOAD build/stm32h7xx_hal_dac_ex.o
LOAD build/stm32h7xx_hal_rcc.o
LOAD build/stm32h7xx_hal_rcc_ex.o
LOAD build/stm32h7xx_hal_flash.o
LOAD build/stm32h7xx_hal_flash_ex.o
LOAD build/stm32h7xx_hal_gpio.o
LOAD build/stm32h7xx_hal_hsem.o
LOAD build/stm32h7xx_hal_dma.o
LOAD build/stm32h7xx_hal_dma_ex.o
LOAD build/stm32h7xx_hal_mdma.o
LOAD build/stm32h7xx_hal_pwr.o
LOAD build/stm32h7xx_hal_pwr_ex.o
LOAD build/stm32h7xx_hal.o
LOAD build/stm32h7xx_hal_i2c.o
LOAD build/stm32h7xx_hal_i2c_ex.o
LOAD build/stm32h7xx_hal_exti.o
LOAD build/stm32h7xx_ll_sdmmc.o
LOAD build/stm32h7xx_ll_delayblock.o
LOAD build/stm32h7xx_hal_sd.o
LOAD build/stm32h7xx_hal_sd_ex.o
LOAD build/stm32h7xx_hal_mmc.o
LOAD build/stm32h7xx_hal_mmc_ex.o
LOAD build/system_stm32h7xx.o
LOAD build/sysmem.o
LOAD build/syscalls.o
LOAD build/stm32h7xx_hal_spi.o
LOAD build/stm32h7xx_hal_spi_ex.o
LOAD build/sfs.o
LOAD build/solfege.o
LOAD build/serrno.o
LOAD build/glcd.o
LOAD build/ssys.o
LOAD build/smidi.o
LOAD build/sser.o
LOAD build/stm32h7xx_hal_adc.o
LOAD build/stm32h7xx_hal_adc_ex.o
LOAD build/stm32h7xx_hal_uart.o
LOAD build/stm32h7xx_hal_uart_ex.o
LOAD build/usb_device.o
LOAD build/usbd_desc.o
LOAD build/usbd_conf.o
LOAD build/stm32h7xx_hal_pcd.o
LOAD build/stm32h7xx_hal_pcd_ex.o
LOAD build/stm32h7xx_ll_usb.o
LOAD build/usbd_core.o
LOAD build/usbd_ctlreq.o
LOAD build/usbd_ioreq.o
LOAD build/usbd_hid.o
LOAD build/startup_stm32h743xx.o
LOAD C:/Program Files (x86)/Arm GNU Toolchain arm-none-eabi/13.3 rel1/bin/../lib/gcc/arm-none-eabi/13.3.1/thumb/v7e-m+dp/hard\libc_nano.a
LOAD C:/Program Files (x86)/Arm GNU Toolchain arm-none-eabi/13.3 rel1/bin/../lib/gcc/arm-none-eabi/13.3.1/thumb/v7e-m+dp/hard\libm.a
LOAD C:/Program Files (x86)/Arm GNU Toolchain arm-none-eabi/13.3 rel1/bin/../lib/gcc/arm-none-eabi/13.3.1/thumb/v7e-m+dp/hard\libnosys.a
START GROUP
LOAD C:/Program Files (x86)/Arm GNU Toolchain arm-none-eabi/13.3 rel1/bin/../lib/gcc/arm-none-eabi/13.3.1/thumb/v7e-m+dp/hard\libgcc.a
LOAD C:/Program Files (x86)/Arm GNU Toolchain arm-none-eabi/13.3 rel1/bin/../lib/gcc/arm-none-eabi/13.3.1/thumb/v7e-m+dp/hard\libc_nano.a
END GROUP
START GROUP
LOAD C:/Program Files (x86)/Arm GNU Toolchain arm-none-eabi/13.3 rel1/bin/../lib/gcc/arm-none-eabi/13.3.1/thumb/v7e-m+dp/hard\libgcc.a
LOAD C:/Program Files (x86)/Arm GNU Toolchain arm-none-eabi/13.3 rel1/bin/../lib/gcc/arm-none-eabi/13.3.1/thumb/v7e-m+dp/hard\libc_nano.a
END GROUP
LOAD C:/Program Files (x86)/Arm GNU Toolchain arm-none-eabi/13.3 rel1/bin/../lib/gcc/arm-none-eabi/13.3.1/thumb/v7e-m+dp/hard/crtend.o
LOAD C:/Program Files (x86)/Arm GNU Toolchain arm-none-eabi/13.3 rel1/bin/../lib/gcc/arm-none-eabi/13.3.1/thumb/v7e-m+dp/hard/crtn.o
                0x20020000                        _estack = (ORIGIN (DTCMRAM) + LENGTH (DTCMRAM))
                0x00000800                        _Min_Heap_Size = 0x800
                0x00000800                        _Min_Stack_Size = 0x800

.isr_vector     0x08000000      0x298
                0x08000000                        . = ALIGN (0x4)
 *(.isr_vector)
 .isr_vector    0x08000000      0x298 build/startup_stm32h743xx.o
                0x08000000                g_pfnVectors
                0x08000298                        . = ALIGN (0x4)

.text           0x080002a0     0xf7fc
                0x080002a0                        . = ALIGN (0x4)
 *(.text)
 .text          0x080002a0       0xa0 C:/Program Files (x86)/Arm GNU Toolchain arm-none-eabi/13.3 rel1/bin/../lib/gcc/arm-none-eabi/13.3.1/thumb/v7e-m+dp/hard\libc_nano.a(libc_a-memchr.o)
                0x080002a0                memchr
 .text          0x08000340       0x10 C:/Program Files (x86)/Arm GNU Toolchain arm-none-eabi/13.3 rel1/bin/../lib/gcc/arm-none-eabi/13.3.1/thumb/v7e-m+dp/hard\libc_nano.a(libc_a-strlen.o)
                0x08000340                strlen
 .text          0x08000350       0x30 C:/Program Files (x86)/Arm GNU Toolchain arm-none-eabi/13.3 rel1/bin/../lib/gcc/arm-none-eabi/13.3.1/thumb/v7e-m+dp/hard\libgcc.a(_aeabi_uldivmod.o)
                0x08000350                __aeabi_uldivmod
 .text          0x08000380        0x4 C:/Program Files (x86)/Arm GNU Toolchain arm-none-eabi/13.3 rel1/bin/../lib/gcc/arm-none-eabi/13.3.1/thumb/v7e-m+dp/hard\libgcc.a(_dvmd_tls.o)
                0x08000380                __aeabi_idiv0
                0x08000380                __aeabi_ldiv0
 *(.text*)
 .text.deregister_tm_clones
                0x08000384       0x1c C:/Program Files (x86)/Arm GNU Toolchain arm-none-eabi/13.3 rel1/bin/../lib/gcc/arm-none-eabi/13.3.1/thumb/v7e-m+dp/hard/crtbegin.o
 .text.register_tm_clones
                0x080003a0       0x24 C:/Program Files (x86)/Arm GNU Toolchain arm-none-eabi/13.3 rel1/bin/../lib/gcc/arm-none-eabi/13.3.1/thumb/v7e-m+dp/hard/crtbegin.o
 .text.__do_global_dtors_aux
                0x080003c4       0x28 C:/Program Files (x86)/Arm GNU Toolchain arm-none-eabi/13.3 rel1/bin/../lib/gcc/arm-none-eabi/13.3.1/thumb/v7e-m+dp/hard/crtbegin.o
 .text.frame_dummy
                0x080003ec       0x24 C:/Program Files (x86)/Arm GNU Toolchain arm-none-eabi/13.3 rel1/bin/../lib/gcc/arm-none-eabi/13.3.1/thumb/v7e-m+dp/hard/crtbegin.o
 .text.ITM_SendChar
                0x08000410       0x34 build/main.o
 .text.MPU_Config
                0x08000444       0x52 build/main.o
 *fill*         0x08000496        0x2 
 .text.MX_GPIO_Init
                0x08000498      0x170 build/main.o
 .text.MX_DMA_Init
                0x08000608       0x48 build/main.o
 .text.__io_putchar
                0x08000650        0x8 build/main.o
                0x08000650                __io_putchar
 .text.sfsReadBlocks
                0x08000658       0x34 build/main.o
                0x08000658                sfsReadBlocks
 .text.HAL_DAC_ConvHalfCpltCallbackCh1
                0x0800068c       0x1c build/main.o
                0x0800068c                HAL_DAC_ConvHalfCpltCallbackCh1
 .text.HAL_DAC_ConvCpltCallbackCh1
                0x080006a8       0x1c build/main.o
                0x080006a8                HAL_DAC_ConvCpltCallbackCh1
 .text.HAL_DACEx_ConvCpltCallbackCh2
                0x080006c4       0x12 build/main.o
                0x080006c4                HAL_DACEx_ConvCpltCallbackCh2
 *fill*         0x080006d6        0x2 
 .text.HAL_SPI_TxCpltCallback
                0x080006d8       0x44 build/main.o
                0x080006d8                HAL_SPI_TxCpltCallback
 .text.HAL_UART_TxCpltCallback
                0x0800071c        0xc build/main.o
                0x0800071c                HAL_UART_TxCpltCallback
 .text.HAL_TIM_PeriodElapsedCallback
                0x08000728       0x2c build/main.o
                0x08000728                HAL_TIM_PeriodElapsedCallback
 .text.Error_Handler
                0x08000754       0x48 build/main.o
                0x08000754                Error_Handler
 .text.MX_DAC1_Init
                0x0800079c       0x4c build/main.o
 .text.MX_SDMMC1_SD_Init
                0x080007e8       0x2c build/main.o
 .text.MX_TIM4_Init
                0x08000814       0x6c build/main.o
 .text.MX_TIM3_Init
                0x08000880       0x6c build/main.o
 .text.MX_TIM6_Init
                0x080008ec       0x4c build/main.o
 .text.MX_TIM5_Init
                0x08000938       0x6c build/main.o
 .text.MX_ADC1_Init
                0x080009a4       0x9c build/main.o
 .text.MX_TIM7_Init
                0x08000a40       0x4c build/main.o
 .text.MX_SPI4_Init
                0x08000a8c       0x68 build/main.o
 .text.MX_TIM15_Init
                0x08000af4       0x6c build/main.o
 .text.MX_TIM8_Init
                0x08000b60       0x6c build/main.o
 .text.MX_UART4_Init
                0x08000bcc       0x60 build/main.o
 .text.SystemClock_Config
                0x08000c2c       0xc0 build/main.o
                0x08000c2c                SystemClock_Config
 .text.PeriphCommonClock_Config
                0x08000cec       0x4c build/main.o
                0x08000cec                PeriphCommonClock_Config
 .text.main     0x08000d38      0x148 build/main.o
                0x08000d38                main
 .text.NMI_Handler
                0x08000e80        0x2 build/stm32h7xx_it.o
                0x08000e80                NMI_Handler
 .text.HardFault_Handler
                0x08000e82        0x2 build/stm32h7xx_it.o
                0x08000e82                HardFault_Handler
 .text.MemManage_Handler
                0x08000e84        0x2 build/stm32h7xx_it.o
                0x08000e84                MemManage_Handler
 .text.BusFault_Handler
                0x08000e86        0x2 build/stm32h7xx_it.o
                0x08000e86                BusFault_Handler
 .text.UsageFault_Handler
                0x08000e88        0x2 build/stm32h7xx_it.o
                0x08000e88                UsageFault_Handler
 .text.SVC_Handler
                0x08000e8a        0x2 build/stm32h7xx_it.o
                0x08000e8a                SVC_Handler
 .text.DebugMon_Handler
                0x08000e8c        0x2 build/stm32h7xx_it.o
                0x08000e8c                DebugMon_Handler
 .text.PendSV_Handler
                0x08000e8e        0x2 build/stm32h7xx_it.o
                0x08000e8e                PendSV_Handler
 .text.SysTick_Handler
                0x08000e90        0x2 build/stm32h7xx_it.o
                0x08000e90                SysTick_Handler
 *fill*         0x08000e92        0x2 
 .text.DMA1_Stream0_IRQHandler
                0x08000e94       0x10 build/stm32h7xx_it.o
                0x08000e94                DMA1_Stream0_IRQHandler
 .text.DMA1_Stream1_IRQHandler
                0x08000ea4       0x10 build/stm32h7xx_it.o
                0x08000ea4                DMA1_Stream1_IRQHandler
 .text.TIM2_IRQHandler
                0x08000eb4       0x10 build/stm32h7xx_it.o
                0x08000eb4                TIM2_IRQHandler
 .text.TIM6_DAC_IRQHandler
                0x08000ec4       0x18 build/stm32h7xx_it.o
                0x08000ec4                TIM6_DAC_IRQHandler
 .text.TIM7_IRQHandler
                0x08000edc       0x10 build/stm32h7xx_it.o
                0x08000edc                TIM7_IRQHandler
 .text.SPI4_IRQHandler
                0x08000eec       0x10 build/stm32h7xx_it.o
                0x08000eec                SPI4_IRQHandler
 .text.OTG_FS_IRQHandler
                0x08000efc       0x10 build/stm32h7xx_it.o
                0x08000efc                OTG_FS_IRQHandler
 .text.HAL_MspInit
                0x08000f0c       0x24 build/stm32h7xx_hal_msp.o
                0x08000f0c                HAL_MspInit
 .text.HAL_ADC_MspInit
                0x08000f30       0x70 build/stm32h7xx_hal_msp.o
                0x08000f30                HAL_ADC_MspInit
 .text.HAL_DAC_MspInit
                0x08000fa0       0xcc build/stm32h7xx_hal_msp.o
                0x08000fa0                HAL_DAC_MspInit
 .text.HAL_SD_MspInit
                0x0800106c       0xb0 build/stm32h7xx_hal_msp.o
                0x0800106c                HAL_SD_MspInit
 .text.HAL_SPI_MspInit
                0x0800111c       0xc4 build/stm32h7xx_hal_msp.o
                0x0800111c                HAL_SPI_MspInit
 .text.HAL_TIM_Base_MspInit
                0x080011e0      0x138 build/stm32h7xx_hal_msp.o
                0x080011e0                HAL_TIM_Base_MspInit
 .text.HAL_UART_MspInit
                0x08001318       0xa4 build/stm32h7xx_hal_msp.o
                0x08001318                HAL_UART_MspInit
 .text.HAL_InitTick
                0x080013bc       0x9c build/stm32h7xx_hal_timebase_tim.o
                0x080013bc                HAL_InitTick
 .text.TIM_TI1_ConfigInputStage
                0x08001458       0x26 build/stm32h7xx_hal_tim.o
 .text.TIM_TI2_ConfigInputStage
                0x0800147e       0x28 build/stm32h7xx_hal_tim.o
 *fill*         0x080014a6        0x2 
 .text.TIM_ITRx_SetConfig
                0x080014a8       0x14 build/stm32h7xx_hal_tim.o
 .text.HAL_TIM_Base_Start
                0x080014bc       0x88 build/stm32h7xx_hal_tim.o
                0x080014bc                HAL_TIM_Base_Start
 .text.HAL_TIM_Base_Start_IT
                0x08001544       0x90 build/stm32h7xx_hal_tim.o
                0x08001544                HAL_TIM_Base_Start_IT
 .text.HAL_TIM_OC_DelayElapsedCallback
                0x080015d4        0x2 build/stm32h7xx_hal_tim.o
                0x080015d4                HAL_TIM_OC_DelayElapsedCallback
 .text.HAL_TIM_IC_CaptureCallback
                0x080015d6        0x2 build/stm32h7xx_hal_tim.o
                0x080015d6                HAL_TIM_IC_CaptureCallback
 .text.HAL_TIM_PWM_PulseFinishedCallback
                0x080015d8        0x2 build/stm32h7xx_hal_tim.o
                0x080015d8                HAL_TIM_PWM_PulseFinishedCallback
 .text.HAL_TIM_TriggerCallback
                0x080015da        0x2 build/stm32h7xx_hal_tim.o
                0x080015da                HAL_TIM_TriggerCallback
 .text.HAL_TIM_IRQHandler
                0x080015dc      0x17a build/stm32h7xx_hal_tim.o
                0x080015dc                HAL_TIM_IRQHandler
 *fill*         0x08001756        0x2 
 .text.TIM_Base_SetConfig
                0x08001758      0x104 build/stm32h7xx_hal_tim.o
                0x08001758                TIM_Base_SetConfig
 .text.HAL_TIM_Base_Init
                0x0800185c       0x60 build/stm32h7xx_hal_tim.o
                0x0800185c                HAL_TIM_Base_Init
 .text.TIM_ETR_SetConfig
                0x080018bc       0x1a build/stm32h7xx_hal_tim.o
                0x080018bc                TIM_ETR_SetConfig
 *fill*         0x080018d6        0x2 
 .text.HAL_TIM_ConfigClockSource
                0x080018d8      0x138 build/stm32h7xx_hal_tim.o
                0x080018d8                HAL_TIM_ConfigClockSource
 .text.HAL_TIMEx_MasterConfigSynchronization
                0x08001a10       0xa0 build/stm32h7xx_hal_tim_ex.o
                0x08001a10                HAL_TIMEx_MasterConfigSynchronization
 .text.HAL_TIMEx_CommutCallback
                0x08001ab0        0x2 build/stm32h7xx_hal_tim_ex.o
                0x08001ab0                HAL_TIMEx_CommutCallback
 .text.HAL_TIMEx_BreakCallback
                0x08001ab2        0x2 build/stm32h7xx_hal_tim_ex.o
                0x08001ab2                HAL_TIMEx_BreakCallback
 .text.HAL_TIMEx_Break2Callback
                0x08001ab4        0x2 build/stm32h7xx_hal_tim_ex.o
                0x08001ab4                HAL_TIMEx_Break2Callback
 *fill*         0x08001ab6        0x2 
 .text.__NVIC_EnableIRQ
                0x08001ab8       0x1c build/stm32h7xx_hal_cortex.o
 .text.__NVIC_SetPriority
                0x08001ad4       0x24 build/stm32h7xx_hal_cortex.o
 .text.NVIC_EncodePriority
                0x08001af8       0x3e build/stm32h7xx_hal_cortex.o
 *fill*         0x08001b36        0x2 
 .text.HAL_NVIC_SetPriorityGrouping
                0x08001b38       0x24 build/stm32h7xx_hal_cortex.o
                0x08001b38                HAL_NVIC_SetPriorityGrouping
 .text.HAL_NVIC_SetPriority
                0x08001b5c       0x20 build/stm32h7xx_hal_cortex.o
                0x08001b5c                HAL_NVIC_SetPriority
 .text.HAL_NVIC_EnableIRQ
                0x08001b7c        0x8 build/stm32h7xx_hal_cortex.o
                0x08001b7c                HAL_NVIC_EnableIRQ
 .text.HAL_MPU_Disable
                0x08001b84       0x1c build/stm32h7xx_hal_cortex.o
                0x08001b84                HAL_MPU_Disable
 .text.HAL_MPU_Enable
                0x08001ba0       0x20 build/stm32h7xx_hal_cortex.o
                0x08001ba0                HAL_MPU_Enable
 .text.HAL_MPU_ConfigRegion
                0x08001bc0       0x58 build/stm32h7xx_hal_cortex.o
                0x08001bc0                HAL_MPU_ConfigRegion
 .text.HAL_DAC_Init
                0x08001c18       0x24 build/stm32h7xx_hal_dac.o
                0x08001c18                HAL_DAC_Init
 .text.HAL_DAC_Start_DMA
                0x08001c3c       0xf0 build/stm32h7xx_hal_dac.o
                0x08001c3c                HAL_DAC_Start_DMA
 .text.DAC_DMAConvCpltCh1
                0x08001d2c       0x10 build/stm32h7xx_hal_dac.o
                0x08001d2c                DAC_DMAConvCpltCh1
 .text.DAC_DMAHalfConvCpltCh1
                0x08001d3c        0xa build/stm32h7xx_hal_dac.o
                0x08001d3c                DAC_DMAHalfConvCpltCh1
 .text.HAL_DAC_ErrorCallbackCh1
                0x08001d46        0x2 build/stm32h7xx_hal_dac.o
                0x08001d46                HAL_DAC_ErrorCallbackCh1
 .text.DAC_DMAErrorCh1
                0x08001d48       0x18 build/stm32h7xx_hal_dac.o
                0x08001d48                DAC_DMAErrorCh1
 .text.HAL_DAC_DMAUnderrunCallbackCh1
                0x08001d60        0x2 build/stm32h7xx_hal_dac.o
                0x08001d60                HAL_DAC_DMAUnderrunCallbackCh1
 .text.HAL_DAC_IRQHandler
                0x08001d62       0x6c build/stm32h7xx_hal_dac.o
                0x08001d62                HAL_DAC_IRQHandler
 *fill*         0x08001dce        0x2 
 .text.HAL_DAC_ConfigChannel
                0x08001dd0      0x16c build/stm32h7xx_hal_dac.o
                0x08001dd0                HAL_DAC_ConfigChannel
 .text.DAC_DMAConvCpltCh2
                0x08001f3c       0x10 build/stm32h7xx_hal_dac_ex.o
                0x08001f3c                DAC_DMAConvCpltCh2
 .text.HAL_DACEx_ConvHalfCpltCallbackCh2
                0x08001f4c        0x2 build/stm32h7xx_hal_dac_ex.o
                0x08001f4c                HAL_DACEx_ConvHalfCpltCallbackCh2
 .text.DAC_DMAHalfConvCpltCh2
                0x08001f4e        0xa build/stm32h7xx_hal_dac_ex.o
                0x08001f4e                DAC_DMAHalfConvCpltCh2
 .text.HAL_DACEx_ErrorCallbackCh2
                0x08001f58        0x2 build/stm32h7xx_hal_dac_ex.o
                0x08001f58                HAL_DACEx_ErrorCallbackCh2
 .text.DAC_DMAErrorCh2
                0x08001f5a       0x18 build/stm32h7xx_hal_dac_ex.o
                0x08001f5a                DAC_DMAErrorCh2
 .text.HAL_DACEx_DMAUnderrunCallbackCh2
                0x08001f72        0x2 build/stm32h7xx_hal_dac_ex.o
                0x08001f72                HAL_DACEx_DMAUnderrunCallbackCh2
 .text.HAL_RCC_OscConfig
                0x08001f74      0x6b4 build/stm32h7xx_hal_rcc.o
                0x08001f74                HAL_RCC_OscConfig
 .text.HAL_RCC_GetSysClockFreq
                0x08002628      0x1f8 build/stm32h7xx_hal_rcc.o
                0x08002628                HAL_RCC_GetSysClockFreq
 .text.HAL_RCC_ClockConfig
                0x08002820      0x294 build/stm32h7xx_hal_rcc.o
                0x08002820                HAL_RCC_ClockConfig
 .text.HAL_RCC_GetHCLKFreq
                0x08002ab4       0x44 build/stm32h7xx_hal_rcc.o
                0x08002ab4                HAL_RCC_GetHCLKFreq
 .text.HAL_RCC_GetPCLK1Freq
                0x08002af8       0x24 build/stm32h7xx_hal_rcc.o
                0x08002af8                HAL_RCC_GetPCLK1Freq
 .text.HAL_RCC_GetPCLK2Freq
                0x08002b1c       0x24 build/stm32h7xx_hal_rcc.o
                0x08002b1c                HAL_RCC_GetPCLK2Freq
 .text.HAL_RCC_GetClockConfig
                0x08002b40       0x54 build/stm32h7xx_hal_rcc.o
                0x08002b40                HAL_RCC_GetClockConfig
 .text.RCCEx_PLL2_Config
                0x08002b94      0x108 build/stm32h7xx_hal_rcc_ex.o
 .text.RCCEx_PLL3_Config
                0x08002c9c      0x108 build/stm32h7xx_hal_rcc_ex.o
 .text.HAL_RCCEx_PeriphCLKConfig
                0x08002da4      0xaac build/stm32h7xx_hal_rcc_ex.o
                0x08002da4                HAL_RCCEx_PeriphCLKConfig
 .text.HAL_RCCEx_GetD3PCLK1Freq
                0x08003850       0x24 build/stm32h7xx_hal_rcc_ex.o
                0x08003850                HAL_RCCEx_GetD3PCLK1Freq
 .text.HAL_RCCEx_GetPLL2ClockFreq
                0x08003874      0x200 build/stm32h7xx_hal_rcc_ex.o
                0x08003874                HAL_RCCEx_GetPLL2ClockFreq
 .text.HAL_RCCEx_GetPLL3ClockFreq
                0x08003a74      0x200 build/stm32h7xx_hal_rcc_ex.o
                0x08003a74                HAL_RCCEx_GetPLL3ClockFreq
 .text.HAL_RCCEx_GetPLL1ClockFreq
                0x08003c74      0x200 build/stm32h7xx_hal_rcc_ex.o
                0x08003c74                HAL_RCCEx_GetPLL1ClockFreq
 .text.HAL_RCCEx_GetPeriphCLKFreq
                0x08003e74      0x6dc build/stm32h7xx_hal_rcc_ex.o
                0x08003e74                HAL_RCCEx_GetPeriphCLKFreq
 .text.HAL_GPIO_Init
                0x08004550      0x220 build/stm32h7xx_hal_gpio.o
                0x08004550                HAL_GPIO_Init
 .text.HAL_GPIO_ReadPin
                0x08004770        0xe build/stm32h7xx_hal_gpio.o
                0x08004770                HAL_GPIO_ReadPin
 .text.HAL_GPIO_WritePin
                0x0800477e        0xc build/stm32h7xx_hal_gpio.o
                0x0800477e                HAL_GPIO_WritePin
 .text.HAL_GPIO_TogglePin
                0x0800478a       0x12 build/stm32h7xx_hal_gpio.o
                0x0800478a                HAL_GPIO_TogglePin
 .text.DMA_SetConfig
                0x0800479c      0x1b4 build/stm32h7xx_hal_dma.o
 .text.DMA_CalcBaseAndBitshift
                0x08004950       0xb0 build/stm32h7xx_hal_dma.o
 .text.DMA_CheckFifoParam
                0x08004a00       0x92 build/stm32h7xx_hal_dma.o
 *fill*         0x08004a92        0x2 
 .text.DMA_CalcDMAMUXChannelBaseAndMask
                0x08004a94       0xac build/stm32h7xx_hal_dma.o
 .text.DMA_CalcDMAMUXRequestGenBaseAndMask
                0x08004b40       0x7c build/stm32h7xx_hal_dma.o
 .text.HAL_DMA_Init
                0x08004bbc      0x3a4 build/stm32h7xx_hal_dma.o
                0x08004bbc                HAL_DMA_Init
 .text.HAL_DMA_Start_IT
                0x08004f60      0x298 build/stm32h7xx_hal_dma.o
                0x08004f60                HAL_DMA_Start_IT
 .text.HAL_DMA_Abort_IT
                0x080051f8      0x270 build/stm32h7xx_hal_dma.o
                0x080051f8                HAL_DMA_Abort_IT
 .text.HAL_DMA_IRQHandler
                0x08005468      0x738 build/stm32h7xx_hal_dma.o
                0x08005468                HAL_DMA_IRQHandler
 .text.HAL_DMA_GetError
                0x08005ba0        0x4 build/stm32h7xx_hal_dma.o
                0x08005ba0                HAL_DMA_GetError
 .text.HAL_PWREx_ConfigSupply
                0x08005ba4       0x54 build/stm32h7xx_hal_pwr_ex.o
                0x08005ba4                HAL_PWREx_ConfigSupply
 .text.HAL_PWREx_EnableUSBVoltageDetector
                0x08005bf8       0x10 build/stm32h7xx_hal_pwr_ex.o
                0x08005bf8                HAL_PWREx_EnableUSBVoltageDetector
 .text.HAL_Init
                0x08005c08       0x5c build/stm32h7xx_hal.o
                0x08005c08                HAL_Init
 .text.HAL_IncTick
                0x08005c64       0x18 build/stm32h7xx_hal.o
                0x08005c64                HAL_IncTick
 .text.HAL_GetTick
                0x08005c7c        0xc build/stm32h7xx_hal.o
                0x08005c7c                HAL_GetTick
 .text.HAL_Delay
                0x08005c88       0x28 build/stm32h7xx_hal.o
                0x08005c88                HAL_Delay
 .text.HAL_GetREVID
                0x08005cb0        0xc build/stm32h7xx_hal.o
                0x08005cb0                HAL_GetREVID
 .text.HAL_I2CEx_EnableFastModePlus
                0x08005cbc       0x30 build/stm32h7xx_hal_i2c_ex.o
                0x08005cbc                HAL_I2CEx_EnableFastModePlus
 .text.SDMMC_GetCmdError
                0x08005cec       0x3c build/stm32h7xx_ll_sdmmc.o
 .text.SDMMC_Init
                0x08005d28       0x30 build/stm32h7xx_ll_sdmmc.o
                0x08005d28                SDMMC_Init
 .text.SDMMC_ReadFIFO
                0x08005d58        0x6 build/stm32h7xx_ll_sdmmc.o
                0x08005d58                SDMMC_ReadFIFO
 .text.SDMMC_PowerState_ON
                0x08005d5e        0xc build/stm32h7xx_ll_sdmmc.o
                0x08005d5e                SDMMC_PowerState_ON
 .text.SDMMC_GetPowerState
                0x08005d6a        0x8 build/stm32h7xx_ll_sdmmc.o
                0x08005d6a                SDMMC_GetPowerState
 *fill*         0x08005d72        0x2 
 .text.SDMMC_SendCommand
                0x08005d74       0x24 build/stm32h7xx_ll_sdmmc.o
                0x08005d74                SDMMC_SendCommand
 .text.SDMMC_GetCommandResponse
                0x08005d98        0x6 build/stm32h7xx_ll_sdmmc.o
                0x08005d98                SDMMC_GetCommandResponse
 .text.SDMMC_GetResponse
                0x08005d9e        0x6 build/stm32h7xx_ll_sdmmc.o
                0x08005d9e                SDMMC_GetResponse
 .text.SDMMC_ConfigData
                0x08005da4       0x24 build/stm32h7xx_ll_sdmmc.o
                0x08005da4                SDMMC_ConfigData
 .text.SDMMC_CmdGoIdleState
                0x08005dc8       0x26 build/stm32h7xx_ll_sdmmc.o
                0x08005dc8                SDMMC_CmdGoIdleState
 *fill*         0x08005dee        0x2 
 .text.SDMMC_GetCmdResp1
                0x08005df0      0x160 build/stm32h7xx_ll_sdmmc.o
                0x08005df0                SDMMC_GetCmdResp1
 .text.SDMMC_CmdBlockLength
                0x08005f50       0x32 build/stm32h7xx_ll_sdmmc.o
                0x08005f50                SDMMC_CmdBlockLength
 .text.SDMMC_CmdReadSingleBlock
                0x08005f82       0x32 build/stm32h7xx_ll_sdmmc.o
                0x08005f82                SDMMC_CmdReadSingleBlock
 .text.SDMMC_CmdReadMultiBlock
                0x08005fb4       0x32 build/stm32h7xx_ll_sdmmc.o
                0x08005fb4                SDMMC_CmdReadMultiBlock
 *fill*         0x08005fe6        0x2 
 .text.SDMMC_CmdStopTransfer
                0x08005fe8       0x58 build/stm32h7xx_ll_sdmmc.o
                0x08005fe8                SDMMC_CmdStopTransfer
 .text.SDMMC_CmdSelDesel
                0x08006040       0x32 build/stm32h7xx_ll_sdmmc.o
                0x08006040                SDMMC_CmdSelDesel
 .text.SDMMC_CmdAppCommand
                0x08006072       0x32 build/stm32h7xx_ll_sdmmc.o
                0x08006072                SDMMC_CmdAppCommand
 .text.SDMMC_CmdBusWidth
                0x080060a4       0x32 build/stm32h7xx_ll_sdmmc.o
                0x080060a4                SDMMC_CmdBusWidth
 .text.SDMMC_CmdSendSCR
                0x080060d6       0x32 build/stm32h7xx_ll_sdmmc.o
                0x080060d6                SDMMC_CmdSendSCR
 .text.SDMMC_CmdSendStatus
                0x08006108       0x32 build/stm32h7xx_ll_sdmmc.o
                0x08006108                SDMMC_CmdSendStatus
 .text.SDMMC_CmdStatusRegister
                0x0800613a       0x32 build/stm32h7xx_ll_sdmmc.o
                0x0800613a                SDMMC_CmdStatusRegister
 .text.SDMMC_GetCmdResp2
                0x0800616c       0x60 build/stm32h7xx_ll_sdmmc.o
                0x0800616c                SDMMC_GetCmdResp2
 .text.SDMMC_CmdSendCID
                0x080061cc       0x2c build/stm32h7xx_ll_sdmmc.o
                0x080061cc                SDMMC_CmdSendCID
 .text.SDMMC_CmdSendCSD
                0x080061f8       0x2c build/stm32h7xx_ll_sdmmc.o
                0x080061f8                SDMMC_CmdSendCSD
 .text.SDMMC_GetCmdResp3
                0x08006224       0x50 build/stm32h7xx_ll_sdmmc.o
                0x08006224                SDMMC_GetCmdResp3
 .text.SDMMC_CmdAppOperCommand
                0x08006274       0x2c build/stm32h7xx_ll_sdmmc.o
                0x08006274                SDMMC_CmdAppOperCommand
 .text.SDMMC_GetCmdResp6
                0x080062a0       0xa4 build/stm32h7xx_ll_sdmmc.o
                0x080062a0                SDMMC_GetCmdResp6
 .text.SDMMC_CmdSetRelAdd
                0x08006344       0x32 build/stm32h7xx_ll_sdmmc.o
                0x08006344                SDMMC_CmdSetRelAdd
 *fill*         0x08006376        0x2 
 .text.SDMMC_GetCmdResp7
                0x08006378       0x64 build/stm32h7xx_ll_sdmmc.o
                0x08006378                SDMMC_GetCmdResp7
 .text.SDMMC_CmdOperCond
                0x080063dc       0x30 build/stm32h7xx_ll_sdmmc.o
                0x080063dc                SDMMC_CmdOperCond
 .text.SD_PowerON
                0x0800640c       0xc4 build/stm32h7xx_hal_sd.o
 .text.SD_SendSDStatus
                0x080064d0      0x108 build/stm32h7xx_hal_sd.o
 .text.SD_FindSCR
                0x080065d8      0x108 build/stm32h7xx_hal_sd.o
 .text.SD_WideBus_Enable
                0x080066e0       0x4e build/stm32h7xx_hal_sd.o
 .text.SD_WideBus_Disable
                0x0800672e       0x4e build/stm32h7xx_hal_sd.o
 .text.SD_SendStatus
                0x0800677c       0x2c build/stm32h7xx_hal_sd.o
 .text.HAL_SD_ReadBlocks
                0x080067a8      0x204 build/stm32h7xx_hal_sd.o
                0x080067a8                HAL_SD_ReadBlocks
 .text.HAL_SD_GetCardCSD
                0x080069ac      0x1b8 build/stm32h7xx_hal_sd.o
                0x080069ac                HAL_SD_GetCardCSD
 .text.SD_InitCard
                0x08006b64       0xfc build/stm32h7xx_hal_sd.o
 .text.HAL_SD_InitCard
                0x08006c60       0xd4 build/stm32h7xx_hal_sd.o
                0x08006c60                HAL_SD_InitCard
 .text.HAL_SD_GetCardStatus
                0x08006d34       0xd0 build/stm32h7xx_hal_sd.o
                0x08006d34                HAL_SD_GetCardStatus
 .text.HAL_SD_ConfigWideBusOperation
                0x08006e04      0x158 build/stm32h7xx_hal_sd.o
                0x08006e04                HAL_SD_ConfigWideBusOperation
 .text.HAL_SD_GetCardState
                0x08006f5c       0x22 build/stm32h7xx_hal_sd.o
                0x08006f5c                HAL_SD_GetCardState
 .text.HAL_SD_Init
                0x08006f7e       0xba build/stm32h7xx_hal_sd.o
                0x08006f7e                HAL_SD_Init
 .text.SystemInit
                0x08007038       0xf0 build/system_stm32h7xx.o
                0x08007038                SystemInit
 .text.ExitRun0Mode
                0x08007128       0x1c build/system_stm32h7xx.o
                0x08007128                ExitRun0Mode
 .text._sbrk    0x08007144       0x48 build/sysmem.o
                0x08007144                _sbrk
 .text._getpid  0x0800718c        0x4 build/syscalls.o
                0x0800718c                _getpid
 .text._kill    0x08007190       0x10 build/syscalls.o
                0x08007190                _kill
 .text._exit    0x080071a0        0xc build/syscalls.o
                0x080071a0                _exit
 .text._read    0x080071ac       0x20 build/syscalls.o
                0x080071ac                _read
 .text._write   0x080071cc       0x1c build/syscalls.o
                0x080071cc                _write
 .text._close   0x080071e8        0x6 build/syscalls.o
                0x080071e8                _close
 .text._fstat   0x080071ee        0xa build/syscalls.o
                0x080071ee                _fstat
 .text._isatty  0x080071f8        0x4 build/syscalls.o
                0x080071f8                _isatty
 .text._lseek   0x080071fc        0x4 build/syscalls.o
                0x080071fc                _lseek
 .text.SPI_CloseTransfer
                0x08007200       0xd0 build/stm32h7xx_hal_spi.o
 .text.SPI_GetPacketSize
                0x080072d0       0x10 build/stm32h7xx_hal_spi.o
 .text.SPI_WaitOnFlagUntilTimeout
                0x080072e0       0x48 build/stm32h7xx_hal_spi.o
 .text.HAL_SPI_Init
                0x08007328      0x190 build/stm32h7xx_hal_spi.o
                0x08007328                HAL_SPI_Init
 .text.HAL_SPI_Transmit
                0x080074b8      0x2c0 build/stm32h7xx_hal_spi.o
                0x080074b8                HAL_SPI_Transmit
 .text.HAL_SPI_Transmit_DMA
                0x08007778      0x1bc build/stm32h7xx_hal_spi.o
                0x08007778                HAL_SPI_Transmit_DMA
 .text.SPI_DMATransmitCplt
                0x08007934       0x2a build/stm32h7xx_hal_spi.o
 .text.HAL_SPI_RxCpltCallback
                0x0800795e        0x2 build/stm32h7xx_hal_spi.o
                0x0800795e                HAL_SPI_RxCpltCallback
 .text.HAL_SPI_TxRxCpltCallback
                0x08007960        0x2 build/stm32h7xx_hal_spi.o
                0x08007960                HAL_SPI_TxRxCpltCallback
 .text.HAL_SPI_TxHalfCpltCallback
                0x08007962        0x2 build/stm32h7xx_hal_spi.o
                0x08007962                HAL_SPI_TxHalfCpltCallback
 .text.SPI_DMAHalfTransmitCplt
                0x08007964        0xa build/stm32h7xx_hal_spi.o
 .text.HAL_SPI_ErrorCallback
                0x0800796e        0x2 build/stm32h7xx_hal_spi.o
                0x0800796e                HAL_SPI_ErrorCallback
 .text.SPI_DMAError
                0x08007970       0x2e build/stm32h7xx_hal_spi.o
 .text.SPI_DMAAbortOnError
                0x0800799e       0x1a build/stm32h7xx_hal_spi.o
 .text.HAL_SPI_SuspendCallback
                0x080079b8        0x2 build/stm32h7xx_hal_spi.o
                0x080079b8                HAL_SPI_SuspendCallback
 *fill*         0x080079ba        0x2 
 .text.HAL_SPI_IRQHandler
                0x080079bc      0x240 build/stm32h7xx_hal_spi.o
                0x080079bc                HAL_SPI_IRQHandler
 .text.sfsInit  0x08007bfc       0x14 build/sfs.o
                0x08007bfc                sfsInit
 .text.glcdDmaSpiTx
                0x08007c10       0x18 build/glcd.o
                0x08007c10                glcdDmaSpiTx
 .text.glcdSpiTx
                0x08007c28       0x30 build/glcd.o
                0x08007c28                glcdSpiTx
 .text.glcdCmd  0x08007c58       0x54 build/glcd.o
                0x08007c58                glcdCmd
 .text.glcdDmaCmd
                0x08007cac       0x2a build/glcd.o
                0x08007cac                glcdDmaCmd
 .text.glcdDmaGdramSetAddr
                0x08007cd6       0x1e build/glcd.o
                0x08007cd6                glcdDmaGdramSetAddr
 .text.glcdSeek
                0x08007cf4       0x14 build/glcd.o
                0x08007cf4                glcdSeek
 .text.glcdSetOrigin
                0x08007d08       0x14 build/glcd.o
                0x08007d08                glcdSetOrigin
 .text.glcdClsSoft
                0x08007d1c       0x14 build/glcd.o
                0x08007d1c                glcdClsSoft
 .text.glcdInit
                0x08007d30      0x108 build/glcd.o
                0x08007d30                glcdInit
 .text.glcdDrawChar
                0x08007e38       0xd4 build/glcd.o
                0x08007e38                glcdDrawChar
 .text.glcdDrawStringLen
                0x08007f0c       0x44 build/glcd.o
                0x08007f0c                glcdDrawStringLen
 .text.glcdDrawString
                0x08007f50       0x12 build/glcd.o
                0x08007f50                glcdDrawString
 *fill*         0x08007f62        0x2 
 .text.glcdDrawStringLenCenteredInRect
                0x08007f64      0x18c build/glcd.o
                0x08007f64                glcdDrawStringLenCenteredInRect
 .text.glcdDrawStringCenteredInRect
                0x080080f0       0x34 build/glcd.o
                0x080080f0                glcdDrawStringCenteredInRect
 .text.glcdFinalize
                0x08008124       0xdc build/glcd.o
                0x08008124                glcdFinalize
 .text.glcdDrawLineHorizontal
                0x08008200       0x94 build/glcd.o
                0x08008200                glcdDrawLineHorizontal
 .text.glcdDrawLineVertical
                0x08008294       0x3c build/glcd.o
                0x08008294                glcdDrawLineVertical
 .text.glcdDrawRectangle
                0x080082d0       0x8c build/glcd.o
                0x080082d0                glcdDrawRectangle
 *fill*         0x0800835c        0x4 
 .text.sysInit  0x08008360      0x144 build/ssys.o
                0x08008360                sysInit
 .text.sysSynthesizeAudio
                0x080084a4      0x1f4 build/ssys.o
                0x080084a4                sysSynthesizeAudio
 .text.sysRender
                0x08008698      0x100 build/ssys.o
                0x08008698                sysRender
 .text.sysUpdateTrackData
                0x08008798       0xd8 build/ssys.o
                0x08008798                sysUpdateTrackData
 .text.sysPoll  0x08008870       0x50 build/ssys.o
                0x08008870                sysPoll
 .text.sysError
                0x080088c0       0x24 build/ssys.o
                0x080088c0                sysError
 .text.sserInit
                0x080088e4        0xc build/sser.o
                0x080088e4                sserInit
 .text.sserSendMsg
                0x080088f0       0x54 build/sser.o
                0x080088f0                sserSendMsg
 .text.sserPrintf
                0x08008944       0x44 build/sser.o
                0x08008944                sserPrintf
 .text.sserSendAudio
                0x08008988       0x40 build/sser.o
                0x08008988                sserSendAudio
 .text.LL_ADC_REG_SetSequencerRanks
                0x080089c8       0x30 build/stm32h7xx_hal_adc.o
 .text.LL_ADC_SetChannelSamplingTime
                0x080089f8       0x2c build/stm32h7xx_hal_adc.o
 .text.LL_ADC_SetChannelPreselection
                0x08008a24       0x2e build/stm32h7xx_hal_adc.o
 *fill*         0x08008a52        0x2 
 .text.HAL_ADC_ConfigChannel
                0x08008a54      0x46c build/stm32h7xx_hal_adc.o
                0x08008a54                HAL_ADC_ConfigChannel
 .text.ADC_Enable
                0x08008ec0       0xd4 build/stm32h7xx_hal_adc.o
                0x08008ec0                ADC_Enable
 .text.HAL_ADC_Start
                0x08008f94      0x110 build/stm32h7xx_hal_adc.o
                0x08008f94                HAL_ADC_Start
 .text.ADC_ConfigureBoostMode
                0x080090a4      0x160 build/stm32h7xx_hal_adc.o
                0x080090a4                ADC_ConfigureBoostMode
 .text.HAL_ADC_Init
                0x08009204      0x258 build/stm32h7xx_hal_adc.o
                0x08009204                HAL_ADC_Init
 .text.HAL_ADCEx_MultiModeConfigChannel
                0x0800945c      0x150 build/stm32h7xx_hal_adc_ex.o
                0x0800945c                HAL_ADCEx_MultiModeConfigChannel
 .text.UART_EndTxTransfer
                0x080095ac       0x32 build/stm32h7xx_hal_uart.o
 *fill*         0x080095de        0x2 
 .text.UART_EndRxTransfer
                0x080095e0       0x58 build/stm32h7xx_hal_uart.o
 .text.HAL_UART_Transmit_DMA
                0x08009638       0x9c build/stm32h7xx_hal_uart.o
                0x08009638                HAL_UART_Transmit_DMA
 .text.UART_DMATransmitCplt
                0x080096d4       0x46 build/stm32h7xx_hal_uart.o
 .text.HAL_UART_TxHalfCpltCallback
                0x0800971a        0x2 build/stm32h7xx_hal_uart.o
                0x0800971a                HAL_UART_TxHalfCpltCallback
 .text.UART_DMATxHalfCplt
                0x0800971c        0xa build/stm32h7xx_hal_uart.o
 .text.HAL_UART_ErrorCallback
                0x08009726        0x2 build/stm32h7xx_hal_uart.o
                0x08009726                HAL_UART_ErrorCallback
 .text.UART_DMAError
                0x08009728       0x58 build/stm32h7xx_hal_uart.o
 .text.UART_SetConfig
                0x08009780      0x5fc build/stm32h7xx_hal_uart.o
                0x08009780                UART_SetConfig
 .text.UART_AdvFeatureConfig
                0x08009d7c       0xca build/stm32h7xx_hal_uart.o
                0x08009d7c                UART_AdvFeatureConfig
 .text.UART_WaitOnFlagUntilTimeout
                0x08009e46       0xa6 build/stm32h7xx_hal_uart.o
                0x08009e46                UART_WaitOnFlagUntilTimeout
 .text.UART_CheckIdleState
                0x08009eec       0xca build/stm32h7xx_hal_uart.o
                0x08009eec                UART_CheckIdleState
 .text.HAL_UART_Init
                0x08009fb6       0x66 build/stm32h7xx_hal_uart.o
                0x08009fb6                HAL_UART_Init
 .text.UARTEx_SetNbDataToProcess
                0x0800a01c       0x4c build/stm32h7xx_hal_uart_ex.o
 .text.HAL_UARTEx_DisableFifoMode
                0x0800a068       0x3e build/stm32h7xx_hal_uart_ex.o
                0x0800a068                HAL_UARTEx_DisableFifoMode
 .text.HAL_UARTEx_SetTxFifoThreshold
                0x0800a0a6       0x4a build/stm32h7xx_hal_uart_ex.o
                0x0800a0a6                HAL_UARTEx_SetTxFifoThreshold
 .text.HAL_UARTEx_SetRxFifoThreshold
                0x0800a0f0       0x4a build/stm32h7xx_hal_uart_ex.o
                0x0800a0f0                HAL_UARTEx_SetRxFifoThreshold
 *fill*         0x0800a13a        0x2 
 .text.MX_USB_DEVICE_Init
                0x0800a13c       0x44 build/usb_device.o
                0x0800a13c                MX_USB_DEVICE_Init
 .text.USBD_FS_DeviceDescriptor
                0x0800a180        0xc build/usbd_desc.o
                0x0800a180                USBD_FS_DeviceDescriptor
 .text.USBD_FS_LangIDStrDescriptor
                0x0800a18c        0xc build/usbd_desc.o
                0x0800a18c                USBD_FS_LangIDStrDescriptor
 .text.IntToUnicode
                0x0800a198       0x46 build/usbd_desc.o
 *fill*         0x0800a1de        0x2 
 .text.Get_SerialNum
                0x0800a1e0       0x38 build/usbd_desc.o
 .text.USBD_FS_SerialStrDescriptor
                0x0800a218       0x14 build/usbd_desc.o
                0x0800a218                USBD_FS_SerialStrDescriptor
 .text.USBD_FS_ProductStrDescriptor
                0x0800a22c       0x24 build/usbd_desc.o
                0x0800a22c                USBD_FS_ProductStrDescriptor
 .text.USBD_FS_ManufacturerStrDescriptor
                0x0800a250       0x1c build/usbd_desc.o
                0x0800a250                USBD_FS_ManufacturerStrDescriptor
 .text.USBD_FS_ConfigStrDescriptor
                0x0800a26c       0x24 build/usbd_desc.o
                0x0800a26c                USBD_FS_ConfigStrDescriptor
 .text.USBD_FS_InterfaceStrDescriptor
                0x0800a290       0x24 build/usbd_desc.o
                0x0800a290                USBD_FS_InterfaceStrDescriptor
 .text.HAL_PCD_MspInit
                0x0800a2b4       0xb4 build/usbd_conf.o
                0x0800a2b4                HAL_PCD_MspInit
 .text.HAL_PCD_SetupStageCallback
                0x0800a368       0x10 build/usbd_conf.o
                0x0800a368                HAL_PCD_SetupStageCallback
 .text.HAL_PCD_DataOutStageCallback
                0x0800a378       0x18 build/usbd_conf.o
                0x0800a378                HAL_PCD_DataOutStageCallback
 .text.HAL_PCD_DataInStageCallback
                0x0800a390       0x16 build/usbd_conf.o
                0x0800a390                HAL_PCD_DataInStageCallback
 .text.HAL_PCD_SOFCallback
                0x0800a3a6        0xc build/usbd_conf.o
                0x0800a3a6                HAL_PCD_SOFCallback
 .text.HAL_PCD_ResetCallback
                0x0800a3b2       0x28 build/usbd_conf.o
                0x0800a3b2                HAL_PCD_ResetCallback
 *fill*         0x0800a3da        0x2 
 .text.HAL_PCD_SuspendCallback
                0x0800a3dc       0x30 build/usbd_conf.o
                0x0800a3dc                HAL_PCD_SuspendCallback
 .text.HAL_PCD_ResumeCallback
                0x0800a40c        0xc build/usbd_conf.o
                0x0800a40c                HAL_PCD_ResumeCallback
 .text.HAL_PCD_ISOOUTIncompleteCallback
                0x0800a418        0xc build/usbd_conf.o
                0x0800a418                HAL_PCD_ISOOUTIncompleteCallback
 .text.HAL_PCD_ISOINIncompleteCallback
                0x0800a424        0xc build/usbd_conf.o
                0x0800a424                HAL_PCD_ISOINIncompleteCallback
 .text.HAL_PCD_ConnectCallback
                0x0800a430        0xc build/usbd_conf.o
                0x0800a430                HAL_PCD_ConnectCallback
 .text.HAL_PCD_DisconnectCallback
                0x0800a43c        0xc build/usbd_conf.o
                0x0800a43c                HAL_PCD_DisconnectCallback
 .text.USBD_LL_Init
                0x0800a448       0x6c build/usbd_conf.o
                0x0800a448                USBD_LL_Init
 .text.USBD_LL_IsStallEP
                0x0800a4b4       0x2c build/usbd_conf.o
                0x0800a4b4                USBD_LL_IsStallEP
 .text.USBD_static_malloc
                0x0800a4e0        0x8 build/usbd_conf.o
                0x0800a4e0                USBD_static_malloc
 .text.USBD_static_free
                0x0800a4e8        0x2 build/usbd_conf.o
                0x0800a4e8                USBD_static_free
 .text.USBD_Get_USB_Status
                0x0800a4ea       0x14 build/usbd_conf.o
                0x0800a4ea                USBD_Get_USB_Status
 .text.USBD_LL_Start
                0x0800a4fe       0x10 build/usbd_conf.o
                0x0800a4fe                USBD_LL_Start
 .text.USBD_LL_OpenEP
                0x0800a50e       0x16 build/usbd_conf.o
                0x0800a50e                USBD_LL_OpenEP
 .text.USBD_LL_CloseEP
                0x0800a524       0x10 build/usbd_conf.o
                0x0800a524                USBD_LL_CloseEP
 .text.USBD_LL_StallEP
                0x0800a534       0x10 build/usbd_conf.o
                0x0800a534                USBD_LL_StallEP
 .text.USBD_LL_ClearStallEP
                0x0800a544       0x10 build/usbd_conf.o
                0x0800a544                USBD_LL_ClearStallEP
 .text.USBD_LL_SetUSBAddress
                0x0800a554       0x10 build/usbd_conf.o
                0x0800a554                USBD_LL_SetUSBAddress
 .text.USBD_LL_Transmit
                0x0800a564       0x10 build/usbd_conf.o
                0x0800a564                USBD_LL_Transmit
 .text.USBD_LL_PrepareReceive
                0x0800a574       0x10 build/usbd_conf.o
                0x0800a574                USBD_LL_PrepareReceive
 .text.PCD_WriteEmptyTxFifo
                0x0800a584       0xd0 build/stm32h7xx_hal_pcd.o
 .text.HAL_PCD_Init
                0x0800a654      0x102 build/stm32h7xx_hal_pcd.o
                0x0800a654                HAL_PCD_Init
 .text.HAL_PCD_Start
                0x0800a756       0x44 build/stm32h7xx_hal_pcd.o
                0x0800a756                HAL_PCD_Start
 *fill*         0x0800a79a        0x2 
 .text.PCD_EP_OutXfrComplete_int
                0x0800a79c      0x104 build/stm32h7xx_hal_pcd.o
 .text.PCD_EP_OutSetupPacket_int
                0x0800a8a0       0x50 build/stm32h7xx_hal_pcd.o
 .text.HAL_PCD_SetAddress
                0x0800a8f0       0x26 build/stm32h7xx_hal_pcd.o
                0x0800a8f0                HAL_PCD_SetAddress
 .text.HAL_PCD_EP_Open
                0x0800a916       0x8c build/stm32h7xx_hal_pcd.o
                0x0800a916                HAL_PCD_EP_Open
 .text.HAL_PCD_EP_Close
                0x0800a9a2       0x70 build/stm32h7xx_hal_pcd.o
                0x0800a9a2                HAL_PCD_EP_Close
 .text.HAL_PCD_EP_Receive
                0x0800aa12       0x4a build/stm32h7xx_hal_pcd.o
                0x0800aa12                HAL_PCD_EP_Receive
 .text.HAL_PCD_EP_Transmit
                0x0800aa5c       0x4a build/stm32h7xx_hal_pcd.o
                0x0800aa5c                HAL_PCD_EP_Transmit
 .text.HAL_PCD_EP_SetStall
                0x0800aaa6       0x86 build/stm32h7xx_hal_pcd.o
                0x0800aaa6                HAL_PCD_EP_SetStall
 .text.HAL_PCD_EP_ClrStall
                0x0800ab2c       0x74 build/stm32h7xx_hal_pcd.o
                0x0800ab2c                HAL_PCD_EP_ClrStall
 .text.HAL_PCD_EP_Abort
                0x0800aba0       0x34 build/stm32h7xx_hal_pcd.o
                0x0800aba0                HAL_PCD_EP_Abort
 .text.HAL_PCD_IRQHandler
                0x0800abd4      0x600 build/stm32h7xx_hal_pcd.o
                0x0800abd4                HAL_PCD_IRQHandler
 .text.HAL_PCDEx_SetTxFiFo
                0x0800b1d4       0x4c build/stm32h7xx_hal_pcd_ex.o
                0x0800b1d4                HAL_PCDEx_SetTxFiFo
 .text.HAL_PCDEx_SetRxFiFo
                0x0800b220        0x8 build/stm32h7xx_hal_pcd_ex.o
                0x0800b220                HAL_PCDEx_SetRxFiFo
 .text.HAL_PCDEx_ActivateLPM
                0x0800b228       0x28 build/stm32h7xx_hal_pcd_ex.o
                0x0800b228                HAL_PCDEx_ActivateLPM
 .text.HAL_PCDEx_LPM_Callback
                0x0800b250        0x2 build/stm32h7xx_hal_pcd_ex.o
                0x0800b250                HAL_PCDEx_LPM_Callback
 .text.USB_CoreReset
                0x0800b252       0x4a build/stm32h7xx_ll_usb.o
 .text.USB_CoreInit
                0x0800b29c       0xa4 build/stm32h7xx_ll_usb.o
                0x0800b29c                USB_CoreInit
 .text.USB_SetTurnaroundTime
                0x0800b340       0xe4 build/stm32h7xx_ll_usb.o
                0x0800b340                USB_SetTurnaroundTime
 .text.USB_EnableGlobalInt
                0x0800b424        0xc build/stm32h7xx_ll_usb.o
                0x0800b424                USB_EnableGlobalInt
 .text.USB_DisableGlobalInt
                0x0800b430        0xc build/stm32h7xx_ll_usb.o
                0x0800b430                USB_DisableGlobalInt
 .text.USB_FlushTxFifo
                0x0800b43c       0x4a build/stm32h7xx_ll_usb.o
                0x0800b43c                USB_FlushTxFifo
 .text.USB_FlushRxFifo
                0x0800b486       0x46 build/stm32h7xx_ll_usb.o
                0x0800b486                USB_FlushRxFifo
 .text.USB_SetDevSpeed
                0x0800b4cc        0xe build/stm32h7xx_ll_usb.o
                0x0800b4cc                USB_SetDevSpeed
 *fill*         0x0800b4da        0x2 
 .text.USB_DevInit
                0x0800b4dc      0x18c build/stm32h7xx_ll_usb.o
                0x0800b4dc                USB_DevInit
 .text.USB_GetDevSpeed
                0x0800b668       0x22 build/stm32h7xx_ll_usb.o
                0x0800b668                USB_GetDevSpeed
 *fill*         0x0800b68a        0x2 
 .text.USB_ActivateEndpoint
                0x0800b68c       0x98 build/stm32h7xx_ll_usb.o
                0x0800b68c                USB_ActivateEndpoint
 .text.USB_DeactivateEndpoint
                0x0800b724       0xe0 build/stm32h7xx_ll_usb.o
                0x0800b724                USB_DeactivateEndpoint
 .text.USB_EPStopXfer
                0x0800b804       0xbe build/stm32h7xx_ll_usb.o
                0x0800b804                USB_EPStopXfer
 .text.USB_WritePacket
                0x0800b8c2       0x2e build/stm32h7xx_ll_usb.o
                0x0800b8c2                USB_WritePacket
 .text.USB_EPStartXfer
                0x0800b8f0      0x244 build/stm32h7xx_ll_usb.o
                0x0800b8f0                USB_EPStartXfer
 .text.USB_ReadPacket
                0x0800bb34       0x46 build/stm32h7xx_ll_usb.o
                0x0800bb34                USB_ReadPacket
 .text.USB_EPSetStall
                0x0800bb7a       0x5a build/stm32h7xx_ll_usb.o
                0x0800bb7a                USB_EPSetStall
 .text.USB_EPClearStall
                0x0800bbd4       0x5c build/stm32h7xx_ll_usb.o
                0x0800bbd4                USB_EPClearStall
 .text.USB_SetDevAddress
                0x0800bc30       0x20 build/stm32h7xx_ll_usb.o
                0x0800bc30                USB_SetDevAddress
 .text.USB_DevConnect
                0x0800bc50       0x1c build/stm32h7xx_ll_usb.o
                0x0800bc50                USB_DevConnect
 .text.USB_DevDisconnect
                0x0800bc6c       0x1c build/stm32h7xx_ll_usb.o
                0x0800bc6c                USB_DevDisconnect
 .text.USB_ReadInterrupts
                0x0800bc88        0x8 build/stm32h7xx_ll_usb.o
                0x0800bc88                USB_ReadInterrupts
 .text.USB_ReadDevAllOutEpInterrupt
                0x0800bc90       0x10 build/stm32h7xx_ll_usb.o
                0x0800bc90                USB_ReadDevAllOutEpInterrupt
 .text.USB_ReadDevAllInEpInterrupt
                0x0800bca0       0x10 build/stm32h7xx_ll_usb.o
                0x0800bca0                USB_ReadDevAllInEpInterrupt
 .text.USB_ReadDevOutEPInterrupt
                0x0800bcb0       0x12 build/stm32h7xx_ll_usb.o
                0x0800bcb0                USB_ReadDevOutEPInterrupt
 .text.USB_ReadDevInEPInterrupt
                0x0800bcc2       0x24 build/stm32h7xx_ll_usb.o
                0x0800bcc2                USB_ReadDevInEPInterrupt
 .text.USB_GetMode
                0x0800bce6        0x8 build/stm32h7xx_ll_usb.o
                0x0800bce6                USB_GetMode
 .text.USB_SetCurrentMode
                0x0800bcee       0x62 build/stm32h7xx_ll_usb.o
                0x0800bcee                USB_SetCurrentMode
 .text.USB_ActivateSetup
                0x0800bd50       0x1c build/stm32h7xx_ll_usb.o
                0x0800bd50                USB_ActivateSetup
 .text.USB_EP0_OutStart
                0x0800bd6c       0x60 build/stm32h7xx_ll_usb.o
                0x0800bd6c                USB_EP0_OutStart
 .text.USBD_Init
                0x0800bdcc       0x2e build/usbd_core.o
                0x0800bdcc                USBD_Init
 .text.USBD_RegisterClass
                0x0800bdfa       0x40 build/usbd_core.o
                0x0800bdfa                USBD_RegisterClass
 .text.USBD_Start
                0x0800be3a        0x8 build/usbd_core.o
                0x0800be3a                USBD_Start
 .text.USBD_SetClassConfig
                0x0800be42       0x12 build/usbd_core.o
                0x0800be42                USBD_SetClassConfig
 .text.USBD_ClrClassConfig
                0x0800be54       0x12 build/usbd_core.o
                0x0800be54                USBD_ClrClassConfig
 .text.USBD_LL_SetupStage
                0x0800be66       0x58 build/usbd_core.o
                0x0800be66                USBD_LL_SetupStage
 .text.USBD_LL_Reset
                0x0800bebe       0x64 build/usbd_core.o
                0x0800bebe                USBD_LL_Reset
 .text.USBD_LL_SetSpeed
                0x0800bf22        0x6 build/usbd_core.o
                0x0800bf22                USBD_LL_SetSpeed
 .text.USBD_LL_Suspend
                0x0800bf28       0x1e build/usbd_core.o
                0x0800bf28                USBD_LL_Suspend
 .text.USBD_LL_Resume
                0x0800bf46       0x1a build/usbd_core.o
                0x0800bf46                USBD_LL_Resume
 .text.USBD_LL_SOF
                0x0800bf60       0x22 build/usbd_core.o
                0x0800bf60                USBD_LL_SOF
 .text.USBD_LL_IsoINIncomplete
                0x0800bf82       0x2e build/usbd_core.o
                0x0800bf82                USBD_LL_IsoINIncomplete
 .text.USBD_LL_IsoOUTIncomplete
                0x0800bfb0       0x2e build/usbd_core.o
                0x0800bfb0                USBD_LL_IsoOUTIncomplete
 .text.USBD_LL_DevConnected
                0x0800bfde        0x4 build/usbd_core.o
                0x0800bfde                USBD_LL_DevConnected
 .text.USBD_LL_DevDisconnected
                0x0800bfe2       0x20 build/usbd_core.o
                0x0800bfe2                USBD_LL_DevDisconnected
 .text.USBD_CoreFindIF
                0x0800c002        0x4 build/usbd_core.o
                0x0800c002                USBD_CoreFindIF
 .text.USBD_CoreFindEP
                0x0800c006        0x4 build/usbd_core.o
                0x0800c006                USBD_CoreFindEP
 .text.USBD_LL_DataOutStage
                0x0800c00a       0xc4 build/usbd_core.o
                0x0800c00a                USBD_LL_DataOutStage
 .text.USBD_LL_DataInStage
                0x0800c0ce       0xd6 build/usbd_core.o
                0x0800c0ce                USBD_LL_DataInStage
 .text.USBD_GetNextDesc
                0x0800c1a4        0xe build/usbd_core.o
                0x0800c1a4                USBD_GetNextDesc
 .text.USBD_GetEpDesc
                0x0800c1b2       0x3e build/usbd_core.o
                0x0800c1b2                USBD_GetEpDesc
 .text.USBD_GetLen
                0x0800c1f0       0x14 build/usbd_ctlreq.o
 .text.USBD_ParseSetupRequest
                0x0800c204       0x28 build/usbd_ctlreq.o
                0x0800c204                USBD_ParseSetupRequest
 .text.USBD_CtlError
                0x0800c22c       0x14 build/usbd_ctlreq.o
                0x0800c22c                USBD_CtlError
 .text.USBD_GetDescriptor
                0x0800c240      0x1ac build/usbd_ctlreq.o
 .text.USBD_SetAddress
                0x0800c3ec       0x50 build/usbd_ctlreq.o
 .text.USBD_SetConfig
                0x0800c43c       0xcc build/usbd_ctlreq.o
 .text.USBD_GetConfig
                0x0800c508       0x40 build/usbd_ctlreq.o
 .text.USBD_GetStatus
                0x0800c548       0x38 build/usbd_ctlreq.o
 .text.USBD_SetFeature
                0x0800c580       0x2a build/usbd_ctlreq.o
 .text.USBD_ClrFeature
                0x0800c5aa       0x26 build/usbd_ctlreq.o
 .text.USBD_StdDevReq
                0x0800c5d0       0x76 build/usbd_ctlreq.o
                0x0800c5d0                USBD_StdDevReq
 .text.USBD_StdItfReq
                0x0800c646       0x84 build/usbd_ctlreq.o
                0x0800c646                USBD_StdItfReq
 .text.USBD_StdEPReq
                0x0800c6ca      0x232 build/usbd_ctlreq.o
                0x0800c6ca                USBD_StdEPReq
 .text.USBD_GetString
                0x0800c8fc       0x46 build/usbd_ctlreq.o
                0x0800c8fc                USBD_GetString
 .text.USBD_CtlSendData
                0x0800c942       0x1a build/usbd_ioreq.o
                0x0800c942                USBD_CtlSendData
 .text.USBD_CtlContinueSendData
                0x0800c95c       0x10 build/usbd_ioreq.o
                0x0800c95c                USBD_CtlContinueSendData
 .text.USBD_CtlContinueRx
                0x0800c96c       0x10 build/usbd_ioreq.o
                0x0800c96c                USBD_CtlContinueRx
 .text.USBD_CtlSendStatus
                0x0800c97c       0x16 build/usbd_ioreq.o
                0x0800c97c                USBD_CtlSendStatus
 .text.USBD_CtlReceiveStatus
                0x0800c992       0x16 build/usbd_ioreq.o
                0x0800c992                USBD_CtlReceiveStatus
 .text.USBD_HID_DataIn
                0x0800c9a8       0x10 build/usbd_hid.o
 .text.USBD_HID_GetDeviceQualifierDesc
                0x0800c9b8        0xc build/usbd_hid.o
 .text.USBD_HID_GetOtherSpeedCfgDesc
                0x0800c9c4       0x20 build/usbd_hid.o
 .text.USBD_HID_GetFSCfgDesc
                0x0800c9e4       0x20 build/usbd_hid.o
 .text.USBD_HID_GetHSCfgDesc
                0x0800ca04       0x20 build/usbd_hid.o
 .text.USBD_HID_Setup
                0x0800ca24      0x12c build/usbd_hid.o
 .text.USBD_HID_DeInit
                0x0800cb50       0x30 build/usbd_hid.o
 .text.USBD_HID_Init
                0x0800cb80       0x50 build/usbd_hid.o
 .text.Reset_Handler
                0x0800cbd0       0x54 build/startup_stm32h743xx.o
                0x0800cbd0                Reset_Handler
 .text.Default_Handler
                0x0800cc24        0x2 build/startup_stm32h743xx.o
                0x0800cc24                RTC_Alarm_IRQHandler
                0x0800cc24                EXTI2_IRQHandler
                0x0800cc24                TIM8_CC_IRQHandler
                0x0800cc24                HRTIM1_Master_IRQHandler
                0x0800cc24                UART8_IRQHandler
                0x0800cc24                TIM1_CC_IRQHandler
                0x0800cc24                BDMA_Channel6_IRQHandler
                0x0800cc24                DMA2_Stream5_IRQHandler
                0x0800cc24                HRTIM1_FLT_IRQHandler
                0x0800cc24                JPEG_IRQHandler
                0x0800cc24                DMA1_Stream5_IRQHandler
                0x0800cc24                BDMA_Channel1_IRQHandler
                0x0800cc24                HRTIM1_TIMD_IRQHandler
                0x0800cc24                TAMP_STAMP_IRQHandler
                0x0800cc24                EXTI3_IRQHandler
                0x0800cc24                LPTIM4_IRQHandler
                0x0800cc24                TIM8_TRG_COM_TIM14_IRQHandler
                0x0800cc24                LPTIM2_IRQHandler
                0x0800cc24                DFSDM1_FLT1_IRQHandler
                0x0800cc24                DMAMUX2_OVR_IRQHandler
                0x0800cc24                TIM8_UP_TIM13_IRQHandler
                0x0800cc24                I2C3_ER_IRQHandler
                0x0800cc24                DFSDM1_FLT2_IRQHandler
                0x0800cc24                MDMA_IRQHandler
                0x0800cc24                LPTIM3_IRQHandler
                0x0800cc24                HSEM1_IRQHandler
                0x0800cc24                EXTI0_IRQHandler
                0x0800cc24                I2C2_EV_IRQHandler
                0x0800cc24                DMA1_Stream2_IRQHandler
                0x0800cc24                FPU_IRQHandler
                0x0800cc24                OTG_HS_WKUP_IRQHandler
                0x0800cc24                FDCAN1_IT1_IRQHandler
                0x0800cc24                LTDC_ER_IRQHandler
                0x0800cc24                DMA2_Stream2_IRQHandler
                0x0800cc24                HRTIM1_TIME_IRQHandler
                0x0800cc24                SPI1_IRQHandler
                0x0800cc24                DCMI_IRQHandler
                0x0800cc24                HRTIM1_TIMC_IRQHandler
                0x0800cc24                DMA2_Stream3_IRQHandler
                0x0800cc24                SAI2_IRQHandler
                0x0800cc24                DFSDM1_FLT3_IRQHandler
                0x0800cc24                USART6_IRQHandler
                0x0800cc24                TIM17_IRQHandler
                0x0800cc24                USART3_IRQHandler
                0x0800cc24                BDMA_Channel7_IRQHandler
                0x0800cc24                LPTIM5_IRQHandler
                0x0800cc24                UART5_IRQHandler
                0x0800cc24                ADC3_IRQHandler
                0x0800cc24                DMA2_Stream0_IRQHandler
                0x0800cc24                TIM4_IRQHandler
                0x0800cc24                BDMA_Channel2_IRQHandler
                0x0800cc24                QUADSPI_IRQHandler
                0x0800cc24                I2C1_EV_IRQHandler
                0x0800cc24                DMA1_Stream6_IRQHandler
                0x0800cc24                DMAMUX1_OVR_IRQHandler
                0x0800cc24                TIM16_IRQHandler
                0x0800cc24                UART4_IRQHandler
                0x0800cc24                BDMA_Channel5_IRQHandler
                0x0800cc24                TIM3_IRQHandler
                0x0800cc24                RCC_IRQHandler
                0x0800cc24                TIM8_BRK_TIM12_IRQHandler
                0x0800cc24                TIM1_TRG_COM_IRQHandler
                0x0800cc24                Default_Handler
                0x0800cc24                ECC_IRQHandler
                0x0800cc24                CEC_IRQHandler
                0x0800cc24                EXTI15_10_IRQHandler
                0x0800cc24                BDMA_Channel0_IRQHandler
                0x0800cc24                ADC_IRQHandler
                0x0800cc24                DMA1_Stream7_IRQHandler
                0x0800cc24                HRTIM1_TIMA_IRQHandler
                0x0800cc24                SPI5_IRQHandler
                0x0800cc24                SDMMC1_IRQHandler
                0x0800cc24                TIM5_IRQHandler
                0x0800cc24                DMA2_Stream7_IRQHandler
                0x0800cc24                TIM15_IRQHandler
                0x0800cc24                PVD_AVD_IRQHandler
                0x0800cc24                I2C3_EV_IRQHandler
                0x0800cc24                EXTI9_5_IRQHandler
                0x0800cc24                RTC_WKUP_IRQHandler
                0x0800cc24                LTDC_IRQHandler
                0x0800cc24                SAI3_IRQHandler
                0x0800cc24                ETH_WKUP_IRQHandler
                0x0800cc24                SPDIF_RX_IRQHandler
                0x0800cc24                SPI2_IRQHandler
                0x0800cc24                OTG_HS_EP1_IN_IRQHandler
                0x0800cc24                CRS_IRQHandler
                0x0800cc24                EXTI4_IRQHandler
                0x0800cc24                RNG_IRQHandler
                0x0800cc24                HRTIM1_TIMB_IRQHandler
                0x0800cc24                FDCAN2_IT1_IRQHandler
                0x0800cc24                ETH_IRQHandler
                0x0800cc24                TIM1_UP_IRQHandler
                0x0800cc24                BDMA_Channel4_IRQHandler
                0x0800cc24                OTG_HS_EP1_OUT_IRQHandler
                0x0800cc24                WWDG_IRQHandler
                0x0800cc24                SPI6_IRQHandler
                0x0800cc24                MDIOS_IRQHandler
                0x0800cc24                I2C4_EV_IRQHandler
                0x0800cc24                FDCAN2_IT0_IRQHandler
                0x0800cc24                LPUART1_IRQHandler
                0x0800cc24                FDCAN1_IT0_IRQHandler
                0x0800cc24                OTG_FS_WKUP_IRQHandler
                0x0800cc24                OTG_HS_IRQHandler
                0x0800cc24                DMA2D_IRQHandler
                0x0800cc24                TIM1_BRK_IRQHandler
                0x0800cc24                EXTI1_IRQHandler
                0x0800cc24                SDMMC2_IRQHandler
                0x0800cc24                OTG_FS_EP1_OUT_IRQHandler
                0x0800cc24                BDMA_Channel3_IRQHandler
                0x0800cc24                UART7_IRQHandler
                0x0800cc24                MDIOS_WKUP_IRQHandler
                0x0800cc24                USART2_IRQHandler
                0x0800cc24                DFSDM1_FLT0_IRQHandler
                0x0800cc24                SAI4_IRQHandler
                0x0800cc24                I2C2_ER_IRQHandler
                0x0800cc24                DMA2_Stream1_IRQHandler
                0x0800cc24                FLASH_IRQHandler
                0x0800cc24                DMA2_Stream4_IRQHandler
                0x0800cc24                USART1_IRQHandler
                0x0800cc24                SPI3_IRQHandler
                0x0800cc24                WAKEUP_PIN_IRQHandler
                0x0800cc24                DMA1_Stream4_IRQHandler
                0x0800cc24                OTG_FS_EP1_IN_IRQHandler
                0x0800cc24                I2C1_ER_IRQHandler
                0x0800cc24                FMC_IRQHandler
                0x0800cc24                FDCAN_CAL_IRQHandler
                0x0800cc24                SWPMI1_IRQHandler
                0x0800cc24                COMP1_IRQHandler
                0x0800cc24                LPTIM1_IRQHandler
                0x0800cc24                I2C4_ER_IRQHandler
                0x0800cc24                DMA2_Stream6_IRQHandler
                0x0800cc24                SAI1_IRQHandler
                0x0800cc24                DMA1_Stream3_IRQHandler
 *fill*         0x0800cc26        0x2 
 .text.malloc   0x0800cc28       0x10 C:/Program Files (x86)/Arm GNU Toolchain arm-none-eabi/13.3 rel1/bin/../lib/gcc/arm-none-eabi/13.3.1/thumb/v7e-m+dp/hard\libc_nano.a(libc_a-malloc.o)
                0x0800cc28                malloc
 .text.sbrk_aligned
                0x0800cc38       0x44 C:/Program Files (x86)/Arm GNU Toolchain arm-none-eabi/13.3 rel1/bin/../lib/gcc/arm-none-eabi/13.3.1/thumb/v7e-m+dp/hard\libc_nano.a(libc_a-mallocr.o)
 .text._malloc_r
                0x0800cc7c      0x100 C:/Program Files (x86)/Arm GNU Toolchain arm-none-eabi/13.3 rel1/bin/../lib/gcc/arm-none-eabi/13.3.1/thumb/v7e-m+dp/hard\libc_nano.a(libc_a-mallocr.o)
                0x0800cc7c                _malloc_r
 .text.__malloc_lock
                0x0800cd7c        0xc C:/Program Files (x86)/Arm GNU Toolchain arm-none-eabi/13.3 rel1/bin/../lib/gcc/arm-none-eabi/13.3.1/thumb/v7e-m+dp/hard\libc_nano.a(libc_a-mlock.o)
                0x0800cd7c                __malloc_lock
 .text.__malloc_unlock
                0x0800cd88        0xc C:/Program Files (x86)/Arm GNU Toolchain arm-none-eabi/13.3 rel1/bin/../lib/gcc/arm-none-eabi/13.3.1/thumb/v7e-m+dp/hard\libc_nano.a(libc_a-mlock.o)
                0x0800cd88                __malloc_unlock
 .text.__cvt    0x0800cd94       0xa8 C:/Program Files (x86)/Arm GNU Toolchain arm-none-eabi/13.3 rel1/bin/../lib/gcc/arm-none-eabi/13.3.1/thumb/v7e-m+dp/hard\libc_nano.a(libc_a-nano-vfprintf_float.o)
                0x0800cd94                __cvt
 .text.__exponent
                0x0800ce3c       0x74 C:/Program Files (x86)/Arm GNU Toolchain arm-none-eabi/13.3 rel1/bin/../lib/gcc/arm-none-eabi/13.3.1/thumb/v7e-m+dp/hard\libc_nano.a(libc_a-nano-vfprintf_float.o)
                0x0800ce3c                __exponent
 .text._printf_float
                0x0800ceb0      0x434 C:/Program Files (x86)/Arm GNU Toolchain arm-none-eabi/13.3 rel1/bin/../lib/gcc/arm-none-eabi/13.3.1/thumb/v7e-m+dp/hard\libc_nano.a(libc_a-nano-vfprintf_float.o)
                0x0800ceb0                _printf_float
 .text._printf_common
                0x0800d2e4       0xda C:/Program Files (x86)/Arm GNU Toolchain arm-none-eabi/13.3 rel1/bin/../lib/gcc/arm-none-eabi/13.3.1/thumb/v7e-m+dp/hard\libc_nano.a(libc_a-nano-vfprintf_i.o)
                0x0800d2e4                _printf_common
 *fill*         0x0800d3be        0x2 
 .text._printf_i
                0x0800d3c0      0x23c C:/Program Files (x86)/Arm GNU Toolchain arm-none-eabi/13.3 rel1/bin/../lib/gcc/arm-none-eabi/13.3.1/thumb/v7e-m+dp/hard\libc_nano.a(libc_a-nano-vfprintf_i.o)
                0x0800d3c0                _printf_i
 .text.std      0x0800d5fc       0x6c C:/Program Files (x86)/Arm GNU Toolchain arm-none-eabi/13.3 rel1/bin/../lib/gcc/arm-none-eabi/13.3.1/thumb/v7e-m+dp/hard\libc_nano.a(libc_a-findfp.o)
 .text.stdio_exit_handler
                0x0800d668       0x18 C:/Program Files (x86)/Arm GNU Toolchain arm-none-eabi/13.3 rel1/bin/../lib/gcc/arm-none-eabi/13.3.1/thumb/v7e-m+dp/hard\libc_nano.a(libc_a-findfp.o)
 .text.cleanup_stdio
                0x0800d680       0x40 C:/Program Files (x86)/Arm GNU Toolchain arm-none-eabi/13.3 rel1/bin/../lib/gcc/arm-none-eabi/13.3.1/thumb/v7e-m+dp/hard\libc_nano.a(libc_a-findfp.o)
 .text.global_stdio_init.part.0
                0x0800d6c0       0x3c C:/Program Files (x86)/Arm GNU Toolchain arm-none-eabi/13.3 rel1/bin/../lib/gcc/arm-none-eabi/13.3.1/thumb/v7e-m+dp/hard\libc_nano.a(libc_a-findfp.o)
 .text.__sfp_lock_acquire
                0x0800d6fc        0xc C:/Program Files (x86)/Arm GNU Toolchain arm-none-eabi/13.3 rel1/bin/../lib/gcc/arm-none-eabi/13.3.1/thumb/v7e-m+dp/hard\libc_nano.a(libc_a-findfp.o)
                0x0800d6fc                __sfp_lock_acquire
 .text.__sfp_lock_release
                0x0800d708        0xc C:/Program Files (x86)/Arm GNU Toolchain arm-none-eabi/13.3 rel1/bin/../lib/gcc/arm-none-eabi/13.3.1/thumb/v7e-m+dp/hard\libc_nano.a(libc_a-findfp.o)
                0x0800d708                __sfp_lock_release
 .text.__sinit  0x0800d714       0x30 C:/Program Files (x86)/Arm GNU Toolchain arm-none-eabi/13.3 rel1/bin/../lib/gcc/arm-none-eabi/13.3.1/thumb/v7e-m+dp/hard\libc_nano.a(libc_a-findfp.o)
                0x0800d714                __sinit
 .text._fwalk_sglue
                0x0800d744       0x3c C:/Program Files (x86)/Arm GNU Toolchain arm-none-eabi/13.3 rel1/bin/../lib/gcc/arm-none-eabi/13.3.1/thumb/v7e-m+dp/hard\libc_nano.a(libc_a-fwalk.o)
                0x0800d744                _fwalk_sglue
 .text.sprintf  0x0800d780       0x44 C:/Program Files (x86)/Arm GNU Toolchain arm-none-eabi/13.3 rel1/bin/../lib/gcc/arm-none-eabi/13.3.1/thumb/v7e-m+dp/hard\libc_nano.a(libc_a-sprintf.o)
                0x0800d780                siprintf
                0x0800d780                sprintf
 .text.__sread  0x0800d7c4       0x22 C:/Program Files (x86)/Arm GNU Toolchain arm-none-eabi/13.3 rel1/bin/../lib/gcc/arm-none-eabi/13.3.1/thumb/v7e-m+dp/hard\libc_nano.a(libc_a-stdio.o)
                0x0800d7c4                __sread
 .text.__swrite
                0x0800d7e6       0x38 C:/Program Files (x86)/Arm GNU Toolchain arm-none-eabi/13.3 rel1/bin/../lib/gcc/arm-none-eabi/13.3.1/thumb/v7e-m+dp/hard\libc_nano.a(libc_a-stdio.o)
                0x0800d7e6                __swrite
 .text.__sseek  0x0800d81e       0x24 C:/Program Files (x86)/Arm GNU Toolchain arm-none-eabi/13.3 rel1/bin/../lib/gcc/arm-none-eabi/13.3.1/thumb/v7e-m+dp/hard\libc_nano.a(libc_a-stdio.o)
                0x0800d81e                __sseek
 .text.__sclose
                0x0800d842        0x8 C:/Program Files (x86)/Arm GNU Toolchain arm-none-eabi/13.3 rel1/bin/../lib/gcc/arm-none-eabi/13.3.1/thumb/v7e-m+dp/hard\libc_nano.a(libc_a-stdio.o)
                0x0800d842                __sclose
 *fill*         0x0800d84a        0x2 
 .text._vsprintf_r
                0x0800d84c       0x2c C:/Program Files (x86)/Arm GNU Toolchain arm-none-eabi/13.3 rel1/bin/../lib/gcc/arm-none-eabi/13.3.1/thumb/v7e-m+dp/hard\libc_nano.a(libc_a-vsprintf.o)
                0x0800d84c                _vsprintf_r
                0x0800d84c                _vsiprintf_r
 .text.vsprintf
                0x0800d878       0x14 C:/Program Files (x86)/Arm GNU Toolchain arm-none-eabi/13.3 rel1/bin/../lib/gcc/arm-none-eabi/13.3.1/thumb/v7e-m+dp/hard\libc_nano.a(libc_a-vsprintf.o)
                0x0800d878                vsiprintf
                0x0800d878                vsprintf
 .text.memset   0x0800d88c       0x10 C:/Program Files (x86)/Arm GNU Toolchain arm-none-eabi/13.3 rel1/bin/../lib/gcc/arm-none-eabi/13.3.1/thumb/v7e-m+dp/hard\libc_nano.a(libc_a-memset.o)
                0x0800d88c                memset
 .text._localeconv_r
                0x0800d89c        0x8 C:/Program Files (x86)/Arm GNU Toolchain arm-none-eabi/13.3 rel1/bin/../lib/gcc/arm-none-eabi/13.3.1/thumb/v7e-m+dp/hard\libc_nano.a(libc_a-localeconv.o)
                0x0800d89c                _localeconv_r
 .text._close_r
                0x0800d8a4       0x20 C:/Program Files (x86)/Arm GNU Toolchain arm-none-eabi/13.3 rel1/bin/../lib/gcc/arm-none-eabi/13.3.1/thumb/v7e-m+dp/hard\libc_nano.a(libc_a-closer.o)
                0x0800d8a4                _close_r
 .text._lseek_r
                0x0800d8c4       0x24 C:/Program Files (x86)/Arm GNU Toolchain arm-none-eabi/13.3 rel1/bin/../lib/gcc/arm-none-eabi/13.3.1/thumb/v7e-m+dp/hard\libc_nano.a(libc_a-lseekr.o)
                0x0800d8c4                _lseek_r
 .text._read_r  0x0800d8e8       0x24 C:/Program Files (x86)/Arm GNU Toolchain arm-none-eabi/13.3 rel1/bin/../lib/gcc/arm-none-eabi/13.3.1/thumb/v7e-m+dp/hard\libc_nano.a(libc_a-readr.o)
                0x0800d8e8                _read_r
 .text._sbrk_r  0x0800d90c       0x20 C:/Program Files (x86)/Arm GNU Toolchain arm-none-eabi/13.3 rel1/bin/../lib/gcc/arm-none-eabi/13.3.1/thumb/v7e-m+dp/hard\libc_nano.a(libc_a-sbrkr.o)
                0x0800d90c                _sbrk_r
 .text._write_r
                0x0800d92c       0x24 C:/Program Files (x86)/Arm GNU Toolchain arm-none-eabi/13.3 rel1/bin/../lib/gcc/arm-none-eabi/13.3.1/thumb/v7e-m+dp/hard\libc_nano.a(libc_a-writer.o)
                0x0800d92c                _write_r
 .text.__errno  0x0800d950        0xc C:/Program Files (x86)/Arm GNU Toolchain arm-none-eabi/13.3 rel1/bin/../lib/gcc/arm-none-eabi/13.3.1/thumb/v7e-m+dp/hard\libc_nano.a(libc_a-errno.o)
                0x0800d950                __errno
 .text.__libc_init_array
                0x0800d95c       0x48 C:/Program Files (x86)/Arm GNU Toolchain arm-none-eabi/13.3 rel1/bin/../lib/gcc/arm-none-eabi/13.3.1/thumb/v7e-m+dp/hard\libc_nano.a(libc_a-init.o)
                0x0800d95c                __libc_init_array
 .text.__retarget_lock_init_recursive
                0x0800d9a4        0x2 C:/Program Files (x86)/Arm GNU Toolchain arm-none-eabi/13.3 rel1/bin/../lib/gcc/arm-none-eabi/13.3.1/thumb/v7e-m+dp/hard\libc_nano.a(libc_a-lock.o)
                0x0800d9a4                __retarget_lock_init_recursive
 .text.__retarget_lock_acquire_recursive
                0x0800d9a6        0x2 C:/Program Files (x86)/Arm GNU Toolchain arm-none-eabi/13.3 rel1/bin/../lib/gcc/arm-none-eabi/13.3.1/thumb/v7e-m+dp/hard\libc_nano.a(libc_a-lock.o)
                0x0800d9a6                __retarget_lock_acquire_recursive
 .text.__retarget_lock_release_recursive
                0x0800d9a8        0x2 C:/Program Files (x86)/Arm GNU Toolchain arm-none-eabi/13.3 rel1/bin/../lib/gcc/arm-none-eabi/13.3.1/thumb/v7e-m+dp/hard\libc_nano.a(libc_a-lock.o)
                0x0800d9a8                __retarget_lock_release_recursive
 .text.strcpy   0x0800d9aa       0x10 C:/Program Files (x86)/Arm GNU Toolchain arm-none-eabi/13.3 rel1/bin/../lib/gcc/arm-none-eabi/13.3.1/thumb/v7e-m+dp/hard\libc_nano.a(libc_a-strcpy.o)
                0x0800d9aa                strcpy
 .text.memcpy   0x0800d9ba       0x1c C:/Program Files (x86)/Arm GNU Toolchain arm-none-eabi/13.3 rel1/bin/../lib/gcc/arm-none-eabi/13.3.1/thumb/v7e-m+dp/hard\libc_nano.a(libc_a-memcpy-stub.o)
                0x0800d9ba                memcpy
 .text.quorem   0x0800d9d6      0x110 C:/Program Files (x86)/Arm GNU Toolchain arm-none-eabi/13.3 rel1/bin/../lib/gcc/arm-none-eabi/13.3.1/thumb/v7e-m+dp/hard\libc_nano.a(libc_a-dtoa.o)
 *fill*         0x0800dae6        0x2 
 .text._dtoa_r  0x0800dae8      0xa9c C:/Program Files (x86)/Arm GNU Toolchain arm-none-eabi/13.3 rel1/bin/../lib/gcc/arm-none-eabi/13.3.1/thumb/v7e-m+dp/hard\libc_nano.a(libc_a-dtoa.o)
                0x0800dae8                _dtoa_r
 .text._free_r  0x0800e584       0x94 C:/Program Files (x86)/Arm GNU Toolchain arm-none-eabi/13.3 rel1/bin/../lib/gcc/arm-none-eabi/13.3.1/thumb/v7e-m+dp/hard\libc_nano.a(libc_a-freer.o)
                0x0800e584                _free_r
 .text._Balloc  0x0800e618       0x80 C:/Program Files (x86)/Arm GNU Toolchain arm-none-eabi/13.3 rel1/bin/../lib/gcc/arm-none-eabi/13.3.1/thumb/v7e-m+dp/hard\libc_nano.a(libc_a-mprec.o)
                0x0800e618                _Balloc
 .text._Bfree   0x0800e698       0x44 C:/Program Files (x86)/Arm GNU Toolchain arm-none-eabi/13.3 rel1/bin/../lib/gcc/arm-none-eabi/13.3.1/thumb/v7e-m+dp/hard\libc_nano.a(libc_a-mprec.o)
                0x0800e698                _Bfree
 .text.__multadd
                0x0800e6dc       0x8c C:/Program Files (x86)/Arm GNU Toolchain arm-none-eabi/13.3 rel1/bin/../lib/gcc/arm-none-eabi/13.3.1/thumb/v7e-m+dp/hard\libc_nano.a(libc_a-mprec.o)
                0x0800e6dc                __multadd
 .text.__hi0bits
                0x0800e768       0x3e C:/Program Files (x86)/Arm GNU Toolchain arm-none-eabi/13.3 rel1/bin/../lib/gcc/arm-none-eabi/13.3.1/thumb/v7e-m+dp/hard\libc_nano.a(libc_a-mprec.o)
                0x0800e768                __hi0bits
 .text.__lo0bits
                0x0800e7a6       0x5a C:/Program Files (x86)/Arm GNU Toolchain arm-none-eabi/13.3 rel1/bin/../lib/gcc/arm-none-eabi/13.3.1/thumb/v7e-m+dp/hard\libc_nano.a(libc_a-mprec.o)
                0x0800e7a6                __lo0bits
 .text.__i2b    0x0800e800       0x2c C:/Program Files (x86)/Arm GNU Toolchain arm-none-eabi/13.3 rel1/bin/../lib/gcc/arm-none-eabi/13.3.1/thumb/v7e-m+dp/hard\libc_nano.a(libc_a-mprec.o)
                0x0800e800                __i2b
 .text.__multiply
                0x0800e82c      0x144 C:/Program Files (x86)/Arm GNU Toolchain arm-none-eabi/13.3 rel1/bin/../lib/gcc/arm-none-eabi/13.3.1/thumb/v7e-m+dp/hard\libc_nano.a(libc_a-mprec.o)
                0x0800e82c                __multiply
 .text.__pow5mult
                0x0800e970       0xb4 C:/Program Files (x86)/Arm GNU Toolchain arm-none-eabi/13.3 rel1/bin/../lib/gcc/arm-none-eabi/13.3.1/thumb/v7e-m+dp/hard\libc_nano.a(libc_a-mprec.o)
                0x0800e970                __pow5mult
 .text.__lshift
                0x0800ea24       0xd8 C:/Program Files (x86)/Arm GNU Toolchain arm-none-eabi/13.3 rel1/bin/../lib/gcc/arm-none-eabi/13.3.1/thumb/v7e-m+dp/hard\libc_nano.a(libc_a-mprec.o)
                0x0800ea24                __lshift
 .text.__mcmp   0x0800eafc       0x36 C:/Program Files (x86)/Arm GNU Toolchain arm-none-eabi/13.3 rel1/bin/../lib/gcc/arm-none-eabi/13.3.1/thumb/v7e-m+dp/hard\libc_nano.a(libc_a-mprec.o)
                0x0800eafc                __mcmp
 *fill*         0x0800eb32        0x2 
 .text.__mdiff  0x0800eb34      0x128 C:/Program Files (x86)/Arm GNU Toolchain arm-none-eabi/13.3 rel1/bin/../lib/gcc/arm-none-eabi/13.3.1/thumb/v7e-m+dp/hard\libc_nano.a(libc_a-mprec.o)
                0x0800eb34                __mdiff
 .text.__d2b    0x0800ec5c       0xb0 C:/Program Files (x86)/Arm GNU Toolchain arm-none-eabi/13.3 rel1/bin/../lib/gcc/arm-none-eabi/13.3.1/thumb/v7e-m+dp/hard\libc_nano.a(libc_a-mprec.o)
                0x0800ec5c                __d2b
 .text.__ssputs_r
                0x0800ed0c       0xb6 C:/Program Files (x86)/Arm GNU Toolchain arm-none-eabi/13.3 rel1/bin/../lib/gcc/arm-none-eabi/13.3.1/thumb/v7e-m+dp/hard\libc_nano.a(libc_a-nano-svfprintf.o)
                0x0800ed0c                __ssputs_r
 *fill*         0x0800edc2        0x2 
 .text._svfprintf_r
                0x0800edc4      0x1f8 C:/Program Files (x86)/Arm GNU Toolchain arm-none-eabi/13.3 rel1/bin/../lib/gcc/arm-none-eabi/13.3.1/thumb/v7e-m+dp/hard\libc_nano.a(libc_a-nano-svfprintf.o)
                0x0800edc4                _svfiprintf_r
                0x0800edc4                _svfprintf_r
 .text.__sfputc_r
                0x0800efbc       0x2e C:/Program Files (x86)/Arm GNU Toolchain arm-none-eabi/13.3 rel1/bin/../lib/gcc/arm-none-eabi/13.3.1/thumb/v7e-m+dp/hard\libc_nano.a(libc_a-nano-vfprintf.o)
 .text.__sfputs_r
                0x0800efea       0x24 C:/Program Files (x86)/Arm GNU Toolchain arm-none-eabi/13.3 rel1/bin/../lib/gcc/arm-none-eabi/13.3.1/thumb/v7e-m+dp/hard\libc_nano.a(libc_a-nano-vfprintf.o)
                0x0800efea                __sfputs_r
 *fill*         0x0800f00e        0x2 
 .text._vfprintf_r
                0x0800f010      0x230 C:/Program Files (x86)/Arm GNU Toolchain arm-none-eabi/13.3 rel1/bin/../lib/gcc/arm-none-eabi/13.3.1/thumb/v7e-m+dp/hard\libc_nano.a(libc_a-nano-vfprintf.o)
                0x0800f010                _vfprintf_r
                0x0800f010                _vfiprintf_r
 .text.__sflush_r
                0x0800f240      0x108 C:/Program Files (x86)/Arm GNU Toolchain arm-none-eabi/13.3 rel1/bin/../lib/gcc/arm-none-eabi/13.3.1/thumb/v7e-m+dp/hard\libc_nano.a(libc_a-fflush.o)
                0x0800f240                __sflush_r
 .text._fflush_r
                0x0800f348       0x50 C:/Program Files (x86)/Arm GNU Toolchain arm-none-eabi/13.3 rel1/bin/../lib/gcc/arm-none-eabi/13.3.1/thumb/v7e-m+dp/hard\libc_nano.a(libc_a-fflush.o)
                0x0800f348                _fflush_r
 .text.__swbuf_r
                0x0800f398       0x7c C:/Program Files (x86)/Arm GNU Toolchain arm-none-eabi/13.3 rel1/bin/../lib/gcc/arm-none-eabi/13.3.1/thumb/v7e-m+dp/hard\libc_nano.a(libc_a-wbuf.o)
                0x0800f398                __swbuf_r
 .text.__swsetup_r
                0x0800f414       0xac C:/Program Files (x86)/Arm GNU Toolchain arm-none-eabi/13.3 rel1/bin/../lib/gcc/arm-none-eabi/13.3.1/thumb/v7e-m+dp/hard\libc_nano.a(libc_a-wsetup.o)
                0x0800f414                __swsetup_r
 .text.memmove  0x0800f4c0       0x34 C:/Program Files (x86)/Arm GNU Toolchain arm-none-eabi/13.3 rel1/bin/../lib/gcc/arm-none-eabi/13.3.1/thumb/v7e-m+dp/hard\libc_nano.a(libc_a-memmove.o)
                0x0800f4c0                memmove
 .text.__assert_func
                0x0800f4f4       0x3c C:/Program Files (x86)/Arm GNU Toolchain arm-none-eabi/13.3 rel1/bin/../lib/gcc/arm-none-eabi/13.3.1/thumb/v7e-m+dp/hard\libc_nano.a(libc_a-assert.o)
                0x0800f4f4                __assert_func
 .text._calloc_r
                0x0800f530       0x28 C:/Program Files (x86)/Arm GNU Toolchain arm-none-eabi/13.3 rel1/bin/../lib/gcc/arm-none-eabi/13.3.1/thumb/v7e-m+dp/hard\libc_nano.a(libc_a-callocr.o)
                0x0800f530                _calloc_r
 .text.__ascii_mbtowc
                0x0800f558       0x24 C:/Program Files (x86)/Arm GNU Toolchain arm-none-eabi/13.3 rel1/bin/../lib/gcc/arm-none-eabi/13.3.1/thumb/v7e-m+dp/hard\libc_nano.a(libc_a-mbtowc_r.o)
                0x0800f558                __ascii_mbtowc
 .text._realloc_r
                0x0800f57c       0x5c C:/Program Files (x86)/Arm GNU Toolchain arm-none-eabi/13.3 rel1/bin/../lib/gcc/arm-none-eabi/13.3.1/thumb/v7e-m+dp/hard\libc_nano.a(libc_a-reallocr.o)
                0x0800f57c                _realloc_r
 .text.__ascii_wctomb
                0x0800f5d8       0x1a C:/Program Files (x86)/Arm GNU Toolchain arm-none-eabi/13.3 rel1/bin/../lib/gcc/arm-none-eabi/13.3.1/thumb/v7e-m+dp/hard\libc_nano.a(libc_a-wctomb_r.o)
                0x0800f5d8                __ascii_wctomb
 *fill*         0x0800f5f2        0x2 
 .text.fprintf  0x0800f5f4       0x24 C:/Program Files (x86)/Arm GNU Toolchain arm-none-eabi/13.3 rel1/bin/../lib/gcc/arm-none-eabi/13.3.1/thumb/v7e-m+dp/hard\libc_nano.a(libc_a-fprintf.o)
                0x0800f5f4                fiprintf
                0x0800f5f4                fprintf
 .text.__swhatbuf_r
                0x0800f618       0x4c C:/Program Files (x86)/Arm GNU Toolchain arm-none-eabi/13.3 rel1/bin/../lib/gcc/arm-none-eabi/13.3.1/thumb/v7e-m+dp/hard\libc_nano.a(libc_a-makebuf.o)
                0x0800f618                __swhatbuf_r
 .text.__smakebuf_r
                0x0800f664       0x78 C:/Program Files (x86)/Arm GNU Toolchain arm-none-eabi/13.3 rel1/bin/../lib/gcc/arm-none-eabi/13.3.1/thumb/v7e-m+dp/hard\libc_nano.a(libc_a-makebuf.o)
                0x0800f664                __smakebuf_r
 .text._fstat_r
                0x0800f6dc       0x24 C:/Program Files (x86)/Arm GNU Toolchain arm-none-eabi/13.3 rel1/bin/../lib/gcc/arm-none-eabi/13.3.1/thumb/v7e-m+dp/hard\libc_nano.a(libc_a-fstatr.o)
                0x0800f6dc                _fstat_r
 .text._isatty_r
                0x0800f700       0x20 C:/Program Files (x86)/Arm GNU Toolchain arm-none-eabi/13.3 rel1/bin/../lib/gcc/arm-none-eabi/13.3.1/thumb/v7e-m+dp/hard\libc_nano.a(libc_a-isattyr.o)
                0x0800f700                _isatty_r
 .text.abort    0x0800f720        0xe C:/Program Files (x86)/Arm GNU Toolchain arm-none-eabi/13.3 rel1/bin/../lib/gcc/arm-none-eabi/13.3.1/thumb/v7e-m+dp/hard\libc_nano.a(libc_a-abort.o)
                0x0800f720                abort
 .text._malloc_usable_size_r
                0x0800f72e       0x10 C:/Program Files (x86)/Arm GNU Toolchain arm-none-eabi/13.3 rel1/bin/../lib/gcc/arm-none-eabi/13.3.1/thumb/v7e-m+dp/hard\libc_nano.a(libc_a-msizer.o)
                0x0800f72e                _malloc_usable_size_r
 .text._raise_r
                0x0800f73e       0x50 C:/Program Files (x86)/Arm GNU Toolchain arm-none-eabi/13.3 rel1/bin/../lib/gcc/arm-none-eabi/13.3.1/thumb/v7e-m+dp/hard\libc_nano.a(libc_a-signal.o)
                0x0800f73e                _raise_r
 *fill*         0x0800f78e        0x2 
 .text.raise    0x0800f790       0x10 C:/Program Files (x86)/Arm GNU Toolchain arm-none-eabi/13.3 rel1/bin/../lib/gcc/arm-none-eabi/13.3.1/thumb/v7e-m+dp/hard\libc_nano.a(libc_a-signal.o)
                0x0800f790                raise
 .text._kill_r  0x0800f7a0       0x24 C:/Program Files (x86)/Arm GNU Toolchain arm-none-eabi/13.3 rel1/bin/../lib/gcc/arm-none-eabi/13.3.1/thumb/v7e-m+dp/hard\libc_nano.a(libc_a-signalr.o)
                0x0800f7a0                _kill_r
 .text._getpid_r
                0x0800f7c4        0x4 C:/Program Files (x86)/Arm GNU Toolchain arm-none-eabi/13.3 rel1/bin/../lib/gcc/arm-none-eabi/13.3.1/thumb/v7e-m+dp/hard\libc_nano.a(libc_a-signalr.o)
                0x0800f7c4                _getpid_r
 .text.__udivmoddi4
                0x0800f7c8      0x2bc C:/Program Files (x86)/Arm GNU Toolchain arm-none-eabi/13.3 rel1/bin/../lib/gcc/arm-none-eabi/13.3.1/thumb/v7e-m+dp/hard\libgcc.a(_udivmoddi4.o)
                0x0800f7c8                __udivmoddi4
 *(.glue_7)
 .glue_7        0x0800fa84        0x0 linker stubs
 *(.glue_7t)
 .glue_7t       0x0800fa84        0x0 linker stubs
 *(.eh_frame)
 .eh_frame      0x0800fa84        0x0 C:/Program Files (x86)/Arm GNU Toolchain arm-none-eabi/13.3 rel1/bin/../lib/gcc/arm-none-eabi/13.3.1/thumb/v7e-m+dp/hard/crtbegin.o
 *(.init)
 .init          0x0800fa84        0x4 C:/Program Files (x86)/Arm GNU Toolchain arm-none-eabi/13.3 rel1/bin/../lib/gcc/arm-none-eabi/13.3.1/thumb/v7e-m+dp/hard/crti.o
                0x0800fa84                _init
 .init          0x0800fa88        0x8 C:/Program Files (x86)/Arm GNU Toolchain arm-none-eabi/13.3 rel1/bin/../lib/gcc/arm-none-eabi/13.3.1/thumb/v7e-m+dp/hard/crtn.o
 *(.fini)
 .fini          0x0800fa90        0x4 C:/Program Files (x86)/Arm GNU Toolchain arm-none-eabi/13.3 rel1/bin/../lib/gcc/arm-none-eabi/13.3.1/thumb/v7e-m+dp/hard/crti.o
                0x0800fa90                _fini
 .fini          0x0800fa94        0x8 C:/Program Files (x86)/Arm GNU Toolchain arm-none-eabi/13.3 rel1/bin/../lib/gcc/arm-none-eabi/13.3.1/thumb/v7e-m+dp/hard/crtn.o
                0x0800fa9c                        . = ALIGN (0x4)
                0x0800fa9c                        _etext = .

.vfp11_veneer   0x0800fa9c        0x0
 .vfp11_veneer  0x0800fa9c        0x0 linker stubs

.v4_bx          0x0800fa9c        0x0
 .v4_bx         0x0800fa9c        0x0 linker stubs

.iplt           0x0800fa9c        0x0
 .iplt          0x0800fa9c        0x0 C:/Program Files (x86)/Arm GNU Toolchain arm-none-eabi/13.3 rel1/bin/../lib/gcc/arm-none-eabi/13.3.1/thumb/v7e-m+dp/hard/crtbegin.o

.rodata         0x0800faa0      0x424
                0x0800faa0                        . = ALIGN (0x4)
 *(.rodata)
 *(.rodata*)
 .rodata.main.str1.4
                0x0800faa0       0x69 build/main.o
                                  0xe (size before relaxing)
 *fill*         0x0800fb09        0x3 
 .rodata.flagBitshiftOffset.0
                0x0800fb0c        0x8 build/stm32h7xx_hal_dma.o
 .rodata.D1CorePrescTable
                0x0800fb14       0x10 build/system_stm32h7xx.o
                0x0800fb14                D1CorePrescTable
 .rodata.sysRender.str1.4
                0x0800fb24       0x12 build/ssys.o
 .rodata.sysError.str1.4
                0x0800fb24       0x10 build/ssys.o
 .rodata.UARTPrescTable
                0x0800fb24       0x18 build/stm32h7xx_hal_uart.o
                0x0800fb24                UARTPrescTable
 .rodata.denominator.0
                0x0800fb3c        0x8 build/stm32h7xx_hal_uart_ex.o
 .rodata.numerator.1
                0x0800fb44        0x8 build/stm32h7xx_hal_uart_ex.o
 .rodata.USBD_FS_ProductStrDescriptor.str1.4
                0x0800fb4c        0x6 build/usbd_desc.o
 .rodata.USBD_FS_ManufacturerStrDescriptor.str1.4
                0x0800fb4c        0xd build/usbd_desc.o
 .rodata.USBD_FS_ConfigStrDescriptor.str1.4
                0x0800fb4c        0xe build/usbd_desc.o
 .rodata.USBD_FS_InterfaceStrDescriptor.str1.4
                0x0800fb4c        0xd build/usbd_desc.o
 .rodata._printf_float.str1.1
                0x0800fb4c      0x173 C:/Program Files (x86)/Arm GNU Toolchain arm-none-eabi/13.3 rel1/bin/../lib/gcc/arm-none-eabi/13.3.1/thumb/v7e-m+dp/hard\libc_nano.a(libc_a-nano-vfprintf_float.o)
                                 0x12 (size before relaxing)
 .rodata._printf_i.str1.1
                0x0800fcbf       0x22 C:/Program Files (x86)/Arm GNU Toolchain arm-none-eabi/13.3 rel1/bin/../lib/gcc/arm-none-eabi/13.3.1/thumb/v7e-m+dp/hard\libc_nano.a(libc_a-nano-vfprintf_i.o)
 .rodata._dtoa_r.str1.1
                0x0800fcbf       0x90 C:/Program Files (x86)/Arm GNU Toolchain arm-none-eabi/13.3 rel1/bin/../lib/gcc/arm-none-eabi/13.3.1/thumb/v7e-m+dp/hard\libc_nano.a(libc_a-dtoa.o)
 .rodata._Balloc.str1.1
                0x0800fcbf       0x71 C:/Program Files (x86)/Arm GNU Toolchain arm-none-eabi/13.3 rel1/bin/../lib/gcc/arm-none-eabi/13.3.1/thumb/v7e-m+dp/hard\libc_nano.a(libc_a-mprec.o)
 .rodata.__multadd.str1.1
                0x0800fcbf       0x11 C:/Program Files (x86)/Arm GNU Toolchain arm-none-eabi/13.3 rel1/bin/../lib/gcc/arm-none-eabi/13.3.1/thumb/v7e-m+dp/hard\libc_nano.a(libc_a-mprec.o)
 *fill*         0x0800fcbf        0x1 
 .rodata.p05.0  0x0800fcc0        0xc C:/Program Files (x86)/Arm GNU Toolchain arm-none-eabi/13.3 rel1/bin/../lib/gcc/arm-none-eabi/13.3.1/thumb/v7e-m+dp/hard\libc_nano.a(libc_a-mprec.o)
 *fill*         0x0800fccc        0x4 
 .rodata.__mprec_bigtens
                0x0800fcd0       0x28 C:/Program Files (x86)/Arm GNU Toolchain arm-none-eabi/13.3 rel1/bin/../lib/gcc/arm-none-eabi/13.3.1/thumb/v7e-m+dp/hard\libc_nano.a(libc_a-mprec.o)
                0x0800fcd0                __mprec_bigtens
 .rodata.__mprec_tens
                0x0800fcf8       0xc8 C:/Program Files (x86)/Arm GNU Toolchain arm-none-eabi/13.3 rel1/bin/../lib/gcc/arm-none-eabi/13.3.1/thumb/v7e-m+dp/hard\libc_nano.a(libc_a-mprec.o)
                0x0800fcf8                __mprec_tens
 .rodata._svfprintf_r.str1.1
                0x0800fdc0       0x11 C:/Program Files (x86)/Arm GNU Toolchain arm-none-eabi/13.3 rel1/bin/../lib/gcc/arm-none-eabi/13.3.1/thumb/v7e-m+dp/hard\libc_nano.a(libc_a-nano-svfprintf.o)
 .rodata._vfprintf_r.str1.1
                0x0800fdc0       0x11 C:/Program Files (x86)/Arm GNU Toolchain arm-none-eabi/13.3 rel1/bin/../lib/gcc/arm-none-eabi/13.3.1/thumb/v7e-m+dp/hard\libc_nano.a(libc_a-nano-vfprintf.o)
 .rodata._setlocale_r.str1.1
                0x0800fdc0        0x9 C:/Program Files (x86)/Arm GNU Toolchain arm-none-eabi/13.3 rel1/bin/../lib/gcc/arm-none-eabi/13.3.1/thumb/v7e-m+dp/hard\libc_nano.a(libc_a-locale.o)
 .rodata.str1.1