ARM GAS  C:\Users\Made\AppData\Local\Temp\ccHsoeQS.s 			page 1


   1              		.cpu cortex-m7
   2              		.arch armv7e-m
   3              		.fpu fpv5-d16
   4              		.eabi_attribute 28, 1
   5              		.eabi_attribute 20, 1
   6              		.eabi_attribute 21, 1
   7              		.eabi_attribute 23, 3
   8              		.eabi_attribute 24, 1
   9              		.eabi_attribute 25, 1
  10              		.eabi_attribute 26, 1
  11              		.eabi_attribute 30, 1
  12              		.eabi_attribute 34, 1
  13              		.eabi_attribute 18, 4
  14              		.file	"usbd_ioreq.c"
  15              		.text
  16              	.Ltext0:
  17              		.cfi_sections	.debug_frame
  18              		.file 1 "Middlewares/ST/STM32_USB_Device_Library/Core/Src/usbd_ioreq.c"
  19              		.section	.text.USBD_CtlSendData,"ax",%progbits
  20              		.align	1
  21              		.global	USBD_CtlSendData
  22              		.syntax unified
  23              		.thumb
  24              		.thumb_func
  26              	USBD_CtlSendData:
  27              	.LVL0:
  28              	.LFB339:
   1:Middlewares/ST/STM32_USB_Device_Library/Core/Src/usbd_ioreq.c **** /**
   2:Middlewares/ST/STM32_USB_Device_Library/Core/Src/usbd_ioreq.c ****   ******************************************************************************
   3:Middlewares/ST/STM32_USB_Device_Library/Core/Src/usbd_ioreq.c ****   * @file    usbd_ioreq.c
   4:Middlewares/ST/STM32_USB_Device_Library/Core/Src/usbd_ioreq.c ****   * @author  MCD Application Team
   5:Middlewares/ST/STM32_USB_Device_Library/Core/Src/usbd_ioreq.c ****   * @brief   This file provides the IO requests APIs for control endpoints.
   6:Middlewares/ST/STM32_USB_Device_Library/Core/Src/usbd_ioreq.c ****   ******************************************************************************
   7:Middlewares/ST/STM32_USB_Device_Library/Core/Src/usbd_ioreq.c ****   * @attention
   8:Middlewares/ST/STM32_USB_Device_Library/Core/Src/usbd_ioreq.c ****   *
   9:Middlewares/ST/STM32_USB_Device_Library/Core/Src/usbd_ioreq.c ****   * Copyright (c) 2015 STMicroelectronics.
  10:Middlewares/ST/STM32_USB_Device_Library/Core/Src/usbd_ioreq.c ****   * All rights reserved.
  11:Middlewares/ST/STM32_USB_Device_Library/Core/Src/usbd_ioreq.c ****   *
  12:Middlewares/ST/STM32_USB_Device_Library/Core/Src/usbd_ioreq.c ****   * This software is licensed under terms that can be found in the LICENSE file
  13:Middlewares/ST/STM32_USB_Device_Library/Core/Src/usbd_ioreq.c ****   * in the root directory of this software component.
  14:Middlewares/ST/STM32_USB_Device_Library/Core/Src/usbd_ioreq.c ****   * If no LICENSE file comes with this software, it is provided AS-IS.
  15:Middlewares/ST/STM32_USB_Device_Library/Core/Src/usbd_ioreq.c ****   *
  16:Middlewares/ST/STM32_USB_Device_Library/Core/Src/usbd_ioreq.c ****   ******************************************************************************
  17:Middlewares/ST/STM32_USB_Device_Library/Core/Src/usbd_ioreq.c ****   */
  18:Middlewares/ST/STM32_USB_Device_Library/Core/Src/usbd_ioreq.c **** 
  19:Middlewares/ST/STM32_USB_Device_Library/Core/Src/usbd_ioreq.c **** /* Includes ------------------------------------------------------------------*/
  20:Middlewares/ST/STM32_USB_Device_Library/Core/Src/usbd_ioreq.c **** #include "usbd_ioreq.h"
  21:Middlewares/ST/STM32_USB_Device_Library/Core/Src/usbd_ioreq.c **** 
  22:Middlewares/ST/STM32_USB_Device_Library/Core/Src/usbd_ioreq.c **** /** @addtogroup STM32_USB_DEVICE_LIBRARY
  23:Middlewares/ST/STM32_USB_Device_Library/Core/Src/usbd_ioreq.c ****   * @{
  24:Middlewares/ST/STM32_USB_Device_Library/Core/Src/usbd_ioreq.c ****   */
  25:Middlewares/ST/STM32_USB_Device_Library/Core/Src/usbd_ioreq.c **** 
  26:Middlewares/ST/STM32_USB_Device_Library/Core/Src/usbd_ioreq.c **** 
  27:Middlewares/ST/STM32_USB_Device_Library/Core/Src/usbd_ioreq.c **** /** @defgroup USBD_IOREQ
  28:Middlewares/ST/STM32_USB_Device_Library/Core/Src/usbd_ioreq.c ****   * @brief control I/O requests module
  29:Middlewares/ST/STM32_USB_Device_Library/Core/Src/usbd_ioreq.c ****   * @{
  30:Middlewares/ST/STM32_USB_Device_Library/Core/Src/usbd_ioreq.c ****   */
ARM GAS  C:\Users\Made\AppData\Local\Temp\ccHsoeQS.s 			page 2


  31:Middlewares/ST/STM32_USB_Device_Library/Core/Src/usbd_ioreq.c **** 
  32:Middlewares/ST/STM32_USB_Device_Library/Core/Src/usbd_ioreq.c **** /** @defgroup USBD_IOREQ_Private_TypesDefinitions
  33:Middlewares/ST/STM32_USB_Device_Library/Core/Src/usbd_ioreq.c ****   * @{
  34:Middlewares/ST/STM32_USB_Device_Library/Core/Src/usbd_ioreq.c ****   */
  35:Middlewares/ST/STM32_USB_Device_Library/Core/Src/usbd_ioreq.c **** /**
  36:Middlewares/ST/STM32_USB_Device_Library/Core/Src/usbd_ioreq.c ****   * @}
  37:Middlewares/ST/STM32_USB_Device_Library/Core/Src/usbd_ioreq.c ****   */
  38:Middlewares/ST/STM32_USB_Device_Library/Core/Src/usbd_ioreq.c **** 
  39:Middlewares/ST/STM32_USB_Device_Library/Core/Src/usbd_ioreq.c **** 
  40:Middlewares/ST/STM32_USB_Device_Library/Core/Src/usbd_ioreq.c **** /** @defgroup USBD_IOREQ_Private_Defines
  41:Middlewares/ST/STM32_USB_Device_Library/Core/Src/usbd_ioreq.c ****   * @{
  42:Middlewares/ST/STM32_USB_Device_Library/Core/Src/usbd_ioreq.c ****   */
  43:Middlewares/ST/STM32_USB_Device_Library/Core/Src/usbd_ioreq.c **** 
  44:Middlewares/ST/STM32_USB_Device_Library/Core/Src/usbd_ioreq.c **** /**
  45:Middlewares/ST/STM32_USB_Device_Library/Core/Src/usbd_ioreq.c ****   * @}
  46:Middlewares/ST/STM32_USB_Device_Library/Core/Src/usbd_ioreq.c ****   */
  47:Middlewares/ST/STM32_USB_Device_Library/Core/Src/usbd_ioreq.c **** 
  48:Middlewares/ST/STM32_USB_Device_Library/Core/Src/usbd_ioreq.c **** 
  49:Middlewares/ST/STM32_USB_Device_Library/Core/Src/usbd_ioreq.c **** /** @defgroup USBD_IOREQ_Private_Macros
  50:Middlewares/ST/STM32_USB_Device_Library/Core/Src/usbd_ioreq.c ****   * @{
  51:Middlewares/ST/STM32_USB_Device_Library/Core/Src/usbd_ioreq.c ****   */
  52:Middlewares/ST/STM32_USB_Device_Library/Core/Src/usbd_ioreq.c **** /**
  53:Middlewares/ST/STM32_USB_Device_Library/Core/Src/usbd_ioreq.c ****   * @}
  54:Middlewares/ST/STM32_USB_Device_Library/Core/Src/usbd_ioreq.c ****   */
  55:Middlewares/ST/STM32_USB_Device_Library/Core/Src/usbd_ioreq.c **** 
  56:Middlewares/ST/STM32_USB_Device_Library/Core/Src/usbd_ioreq.c **** 
  57:Middlewares/ST/STM32_USB_Device_Library/Core/Src/usbd_ioreq.c **** /** @defgroup USBD_IOREQ_Private_Variables
  58:Middlewares/ST/STM32_USB_Device_Library/Core/Src/usbd_ioreq.c ****   * @{
  59:Middlewares/ST/STM32_USB_Device_Library/Core/Src/usbd_ioreq.c ****   */
  60:Middlewares/ST/STM32_USB_Device_Library/Core/Src/usbd_ioreq.c **** 
  61:Middlewares/ST/STM32_USB_Device_Library/Core/Src/usbd_ioreq.c **** /**
  62:Middlewares/ST/STM32_USB_Device_Library/Core/Src/usbd_ioreq.c ****   * @}
  63:Middlewares/ST/STM32_USB_Device_Library/Core/Src/usbd_ioreq.c ****   */
  64:Middlewares/ST/STM32_USB_Device_Library/Core/Src/usbd_ioreq.c **** 
  65:Middlewares/ST/STM32_USB_Device_Library/Core/Src/usbd_ioreq.c **** 
  66:Middlewares/ST/STM32_USB_Device_Library/Core/Src/usbd_ioreq.c **** /** @defgroup USBD_IOREQ_Private_FunctionPrototypes
  67:Middlewares/ST/STM32_USB_Device_Library/Core/Src/usbd_ioreq.c ****   * @{
  68:Middlewares/ST/STM32_USB_Device_Library/Core/Src/usbd_ioreq.c ****   */
  69:Middlewares/ST/STM32_USB_Device_Library/Core/Src/usbd_ioreq.c **** /**
  70:Middlewares/ST/STM32_USB_Device_Library/Core/Src/usbd_ioreq.c ****   * @}
  71:Middlewares/ST/STM32_USB_Device_Library/Core/Src/usbd_ioreq.c ****   */
  72:Middlewares/ST/STM32_USB_Device_Library/Core/Src/usbd_ioreq.c **** 
  73:Middlewares/ST/STM32_USB_Device_Library/Core/Src/usbd_ioreq.c **** 
  74:Middlewares/ST/STM32_USB_Device_Library/Core/Src/usbd_ioreq.c **** /** @defgroup USBD_IOREQ_Private_Functions
  75:Middlewares/ST/STM32_USB_Device_Library/Core/Src/usbd_ioreq.c ****   * @{
  76:Middlewares/ST/STM32_USB_Device_Library/Core/Src/usbd_ioreq.c ****   */
  77:Middlewares/ST/STM32_USB_Device_Library/Core/Src/usbd_ioreq.c **** 
  78:Middlewares/ST/STM32_USB_Device_Library/Core/Src/usbd_ioreq.c **** /**
  79:Middlewares/ST/STM32_USB_Device_Library/Core/Src/usbd_ioreq.c ****   * @brief  USBD_CtlSendData
  80:Middlewares/ST/STM32_USB_Device_Library/Core/Src/usbd_ioreq.c ****   *         send data on the ctl pipe
  81:Middlewares/ST/STM32_USB_Device_Library/Core/Src/usbd_ioreq.c ****   * @param  pdev: device instance
  82:Middlewares/ST/STM32_USB_Device_Library/Core/Src/usbd_ioreq.c ****   * @param  buff: pointer to data buffer
  83:Middlewares/ST/STM32_USB_Device_Library/Core/Src/usbd_ioreq.c ****   * @param  len: length of data to be sent
  84:Middlewares/ST/STM32_USB_Device_Library/Core/Src/usbd_ioreq.c ****   * @retval status
  85:Middlewares/ST/STM32_USB_Device_Library/Core/Src/usbd_ioreq.c ****   */
  86:Middlewares/ST/STM32_USB_Device_Library/Core/Src/usbd_ioreq.c **** USBD_StatusTypeDef USBD_CtlSendData(USBD_HandleTypeDef *pdev,
  87:Middlewares/ST/STM32_USB_Device_Library/Core/Src/usbd_ioreq.c ****                                     uint8_t *pbuf, uint32_t len)
ARM GAS  C:\Users\Made\AppData\Local\Temp\ccHsoeQS.s 			page 3


  88:Middlewares/ST/STM32_USB_Device_Library/Core/Src/usbd_ioreq.c **** {
  29              		.loc 1 88 1 view -0
  30              		.cfi_startproc
  31              		@ args = 0, pretend = 0, frame = 0
  32              		@ frame_needed = 0, uses_anonymous_args = 0
  33              		.loc 1 88 1 is_stmt 0 view .LVU1
  34 0000 08B5     		push	{r3, lr}
  35              	.LCFI0:
  36              		.cfi_def_cfa_offset 8
  37              		.cfi_offset 3, -8
  38              		.cfi_offset 14, -4
  39 0002 1346     		mov	r3, r2
  89:Middlewares/ST/STM32_USB_Device_Library/Core/Src/usbd_ioreq.c ****   /* Set EP0 State */
  90:Middlewares/ST/STM32_USB_Device_Library/Core/Src/usbd_ioreq.c ****   pdev->ep0_state = USBD_EP0_DATA_IN;
  40              		.loc 1 90 3 is_stmt 1 view .LVU2
  41              		.loc 1 90 19 is_stmt 0 view .LVU3
  42 0004 0222     		movs	r2, #2
  43              	.LVL1:
  44              		.loc 1 90 19 view .LVU4
  45 0006 C0F89422 		str	r2, [r0, #660]
  91:Middlewares/ST/STM32_USB_Device_Library/Core/Src/usbd_ioreq.c ****   pdev->ep_in[0].total_length = len;
  46              		.loc 1 91 3 is_stmt 1 view .LVU5
  47              		.loc 1 91 31 is_stmt 0 view .LVU6
  48 000a 8361     		str	r3, [r0, #24]
  92:Middlewares/ST/STM32_USB_Device_Library/Core/Src/usbd_ioreq.c **** 
  93:Middlewares/ST/STM32_USB_Device_Library/Core/Src/usbd_ioreq.c **** #ifdef USBD_AVOID_PACKET_SPLIT_MPS
  94:Middlewares/ST/STM32_USB_Device_Library/Core/Src/usbd_ioreq.c ****   pdev->ep_in[0].rem_length = 0U;
  95:Middlewares/ST/STM32_USB_Device_Library/Core/Src/usbd_ioreq.c **** #else
  96:Middlewares/ST/STM32_USB_Device_Library/Core/Src/usbd_ioreq.c ****   pdev->ep_in[0].rem_length = len;
  49              		.loc 1 96 3 is_stmt 1 view .LVU7
  50              		.loc 1 96 29 is_stmt 0 view .LVU8
  51 000c C361     		str	r3, [r0, #28]
  97:Middlewares/ST/STM32_USB_Device_Library/Core/Src/usbd_ioreq.c **** #endif /* USBD_AVOID_PACKET_SPLIT_MPS */
  98:Middlewares/ST/STM32_USB_Device_Library/Core/Src/usbd_ioreq.c **** 
  99:Middlewares/ST/STM32_USB_Device_Library/Core/Src/usbd_ioreq.c ****   /* Start the transfer */
 100:Middlewares/ST/STM32_USB_Device_Library/Core/Src/usbd_ioreq.c ****   (void)USBD_LL_Transmit(pdev, 0x00U, pbuf, len);
  52              		.loc 1 100 3 is_stmt 1 view .LVU9
  53              		.loc 1 100 9 is_stmt 0 view .LVU10
  54 000e 0A46     		mov	r2, r1
  55 0010 0021     		movs	r1, #0
  56              	.LVL2:
  57              		.loc 1 100 9 view .LVU11
  58 0012 FFF7FEFF 		bl	USBD_LL_Transmit
  59              	.LVL3:
 101:Middlewares/ST/STM32_USB_Device_Library/Core/Src/usbd_ioreq.c **** 
 102:Middlewares/ST/STM32_USB_Device_Library/Core/Src/usbd_ioreq.c ****   return USBD_OK;
  60              		.loc 1 102 3 is_stmt 1 view .LVU12
 103:Middlewares/ST/STM32_USB_Device_Library/Core/Src/usbd_ioreq.c **** }
  61              		.loc 1 103 1 is_stmt 0 view .LVU13
  62 0016 0020     		movs	r0, #0
  63 0018 08BD     		pop	{r3, pc}
  64              		.cfi_endproc
  65              	.LFE339:
  67              		.section	.text.USBD_CtlContinueSendData,"ax",%progbits
  68              		.align	1
  69              		.global	USBD_CtlContinueSendData
  70              		.syntax unified
ARM GAS  C:\Users\Made\AppData\Local\Temp\ccHsoeQS.s 			page 4


  71              		.thumb
  72              		.thumb_func
  74              	USBD_CtlContinueSendData:
  75              	.LVL4:
  76              	.LFB340:
 104:Middlewares/ST/STM32_USB_Device_Library/Core/Src/usbd_ioreq.c **** 
 105:Middlewares/ST/STM32_USB_Device_Library/Core/Src/usbd_ioreq.c **** /**
 106:Middlewares/ST/STM32_USB_Device_Library/Core/Src/usbd_ioreq.c ****   * @brief  USBD_CtlContinueSendData
 107:Middlewares/ST/STM32_USB_Device_Library/Core/Src/usbd_ioreq.c ****   *         continue sending data on the ctl pipe
 108:Middlewares/ST/STM32_USB_Device_Library/Core/Src/usbd_ioreq.c ****   * @param  pdev: device instance
 109:Middlewares/ST/STM32_USB_Device_Library/Core/Src/usbd_ioreq.c ****   * @param  buff: pointer to data buffer
 110:Middlewares/ST/STM32_USB_Device_Library/Core/Src/usbd_ioreq.c ****   * @param  len: length of data to be sent
 111:Middlewares/ST/STM32_USB_Device_Library/Core/Src/usbd_ioreq.c ****   * @retval status
 112:Middlewares/ST/STM32_USB_Device_Library/Core/Src/usbd_ioreq.c ****   */
 113:Middlewares/ST/STM32_USB_Device_Library/Core/Src/usbd_ioreq.c **** USBD_StatusTypeDef USBD_CtlContinueSendData(USBD_HandleTypeDef *pdev,
 114:Middlewares/ST/STM32_USB_Device_Library/Core/Src/usbd_ioreq.c ****                                             uint8_t *pbuf, uint32_t len)
 115:Middlewares/ST/STM32_USB_Device_Library/Core/Src/usbd_ioreq.c **** {
  77              		.loc 1 115 1 is_stmt 1 view -0
  78              		.cfi_startproc
  79              		@ args = 0, pretend = 0, frame = 0
  80              		@ frame_needed = 0, uses_anonymous_args = 0
  81              		.loc 1 115 1 is_stmt 0 view .LVU15
  82 0000 08B5     		push	{r3, lr}
  83              	.LCFI1:
  84              		.cfi_def_cfa_offset 8
  85              		.cfi_offset 3, -8
  86              		.cfi_offset 14, -4
  87 0002 1346     		mov	r3, r2
 116:Middlewares/ST/STM32_USB_Device_Library/Core/Src/usbd_ioreq.c ****   /* Start the next transfer */
 117:Middlewares/ST/STM32_USB_Device_Library/Core/Src/usbd_ioreq.c ****   (void)USBD_LL_Transmit(pdev, 0x00U, pbuf, len);
  88              		.loc 1 117 3 is_stmt 1 view .LVU16
  89              		.loc 1 117 9 is_stmt 0 view .LVU17
  90 0004 0A46     		mov	r2, r1
  91              	.LVL5:
  92              		.loc 1 117 9 view .LVU18
  93 0006 0021     		movs	r1, #0
  94              	.LVL6:
  95              		.loc 1 117 9 view .LVU19
  96 0008 FFF7FEFF 		bl	USBD_LL_Transmit
  97              	.LVL7:
 118:Middlewares/ST/STM32_USB_Device_Library/Core/Src/usbd_ioreq.c **** 
 119:Middlewares/ST/STM32_USB_Device_Library/Core/Src/usbd_ioreq.c ****   return USBD_OK;
  98              		.loc 1 119 3 is_stmt 1 view .LVU20
 120:Middlewares/ST/STM32_USB_Device_Library/Core/Src/usbd_ioreq.c **** }
  99              		.loc 1 120 1 is_stmt 0 view .LVU21
 100 000c 0020     		movs	r0, #0
 101 000e 08BD     		pop	{r3, pc}
 102              		.cfi_endproc
 103              	.LFE340:
 105              		.section	.text.USBD_CtlPrepareRx,"ax",%progbits
 106              		.align	1
 107              		.global	USBD_CtlPrepareRx
 108              		.syntax unified
 109              		.thumb
 110              		.thumb_func
 112              	USBD_CtlPrepareRx:
 113              	.LVL8:
ARM GAS  C:\Users\Made\AppData\Local\Temp\ccHsoeQS.s 			page 5


 114              	.LFB341:
 121:Middlewares/ST/STM32_USB_Device_Library/Core/Src/usbd_ioreq.c **** 
 122:Middlewares/ST/STM32_USB_Device_Library/Core/Src/usbd_ioreq.c **** /**
 123:Middlewares/ST/STM32_USB_Device_Library/Core/Src/usbd_ioreq.c ****   * @brief  USBD_CtlPrepareRx
 124:Middlewares/ST/STM32_USB_Device_Library/Core/Src/usbd_ioreq.c ****   *         receive data on the ctl pipe
 125:Middlewares/ST/STM32_USB_Device_Library/Core/Src/usbd_ioreq.c ****   * @param  pdev: device instance
 126:Middlewares/ST/STM32_USB_Device_Library/Core/Src/usbd_ioreq.c ****   * @param  buff: pointer to data buffer
 127:Middlewares/ST/STM32_USB_Device_Library/Core/Src/usbd_ioreq.c ****   * @param  len: length of data to be received
 128:Middlewares/ST/STM32_USB_Device_Library/Core/Src/usbd_ioreq.c ****   * @retval status
 129:Middlewares/ST/STM32_USB_Device_Library/Core/Src/usbd_ioreq.c ****   */
 130:Middlewares/ST/STM32_USB_Device_Library/Core/Src/usbd_ioreq.c **** USBD_StatusTypeDef USBD_CtlPrepareRx(USBD_HandleTypeDef *pdev,
 131:Middlewares/ST/STM32_USB_Device_Library/Core/Src/usbd_ioreq.c ****                                      uint8_t *pbuf, uint32_t len)
 132:Middlewares/ST/STM32_USB_Device_Library/Core/Src/usbd_ioreq.c **** {
 115              		.loc 1 132 1 is_stmt 1 view -0
 116              		.cfi_startproc
 117              		@ args = 0, pretend = 0, frame = 0
 118              		@ frame_needed = 0, uses_anonymous_args = 0
 119              		.loc 1 132 1 is_stmt 0 view .LVU23
 120 0000 08B5     		push	{r3, lr}
 121              	.LCFI2:
 122              		.cfi_def_cfa_offset 8
 123              		.cfi_offset 3, -8
 124              		.cfi_offset 14, -4
 125 0002 1346     		mov	r3, r2
 133:Middlewares/ST/STM32_USB_Device_Library/Core/Src/usbd_ioreq.c ****   /* Set EP0 State */
 134:Middlewares/ST/STM32_USB_Device_Library/Core/Src/usbd_ioreq.c ****   pdev->ep0_state = USBD_EP0_DATA_OUT;
 126              		.loc 1 134 3 is_stmt 1 view .LVU24
 127              		.loc 1 134 19 is_stmt 0 view .LVU25
 128 0004 0322     		movs	r2, #3
 129              	.LVL9:
 130              		.loc 1 134 19 view .LVU26
 131 0006 C0F89422 		str	r2, [r0, #660]
 135:Middlewares/ST/STM32_USB_Device_Library/Core/Src/usbd_ioreq.c ****   pdev->ep_out[0].total_length = len;
 132              		.loc 1 135 3 is_stmt 1 view .LVU27
 133              		.loc 1 135 32 is_stmt 0 view .LVU28
 134 000a C0F85831 		str	r3, [r0, #344]
 136:Middlewares/ST/STM32_USB_Device_Library/Core/Src/usbd_ioreq.c **** 
 137:Middlewares/ST/STM32_USB_Device_Library/Core/Src/usbd_ioreq.c **** #ifdef USBD_AVOID_PACKET_SPLIT_MPS
 138:Middlewares/ST/STM32_USB_Device_Library/Core/Src/usbd_ioreq.c ****   pdev->ep_out[0].rem_length = 0U;
 139:Middlewares/ST/STM32_USB_Device_Library/Core/Src/usbd_ioreq.c **** #else
 140:Middlewares/ST/STM32_USB_Device_Library/Core/Src/usbd_ioreq.c ****   pdev->ep_out[0].rem_length = len;
 135              		.loc 1 140 3 is_stmt 1 view .LVU29
 136              		.loc 1 140 30 is_stmt 0 view .LVU30
 137 000e C0F85C31 		str	r3, [r0, #348]
 141:Middlewares/ST/STM32_USB_Device_Library/Core/Src/usbd_ioreq.c **** #endif /* USBD_AVOID_PACKET_SPLIT_MPS */
 142:Middlewares/ST/STM32_USB_Device_Library/Core/Src/usbd_ioreq.c **** 
 143:Middlewares/ST/STM32_USB_Device_Library/Core/Src/usbd_ioreq.c ****   /* Start the transfer */
 144:Middlewares/ST/STM32_USB_Device_Library/Core/Src/usbd_ioreq.c ****   (void)USBD_LL_PrepareReceive(pdev, 0U, pbuf, len);
 138              		.loc 1 144 3 is_stmt 1 view .LVU31
 139              		.loc 1 144 9 is_stmt 0 view .LVU32
 140 0012 0A46     		mov	r2, r1
 141 0014 0021     		movs	r1, #0
 142              	.LVL10:
 143              		.loc 1 144 9 view .LVU33
 144 0016 FFF7FEFF 		bl	USBD_LL_PrepareReceive
 145              	.LVL11:
 145:Middlewares/ST/STM32_USB_Device_Library/Core/Src/usbd_ioreq.c **** 
ARM GAS  C:\Users\Made\AppData\Local\Temp\ccHsoeQS.s 			page 6


 146:Middlewares/ST/STM32_USB_Device_Library/Core/Src/usbd_ioreq.c ****   return USBD_OK;
 146              		.loc 1 146 3 is_stmt 1 view .LVU34
 147:Middlewares/ST/STM32_USB_Device_Library/Core/Src/usbd_ioreq.c **** }
 147              		.loc 1 147 1 is_stmt 0 view .LVU35
 148 001a 0020     		movs	r0, #0
 149 001c 08BD     		pop	{r3, pc}
 150              		.cfi_endproc
 151              	.LFE341:
 153              		.section	.text.USBD_CtlContinueRx,"ax",%progbits
 154              		.align	1
 155              		.global	USBD_CtlContinueRx
 156              		.syntax unified
 157              		.thumb
 158              		.thumb_func
 160              	USBD_CtlContinueRx:
 161              	.LVL12:
 162              	.LFB342:
 148:Middlewares/ST/STM32_USB_Device_Library/Core/Src/usbd_ioreq.c **** 
 149:Middlewares/ST/STM32_USB_Device_Library/Core/Src/usbd_ioreq.c **** /**
 150:Middlewares/ST/STM32_USB_Device_Library/Core/Src/usbd_ioreq.c ****   * @brief  USBD_CtlContinueRx
 151:Middlewares/ST/STM32_USB_Device_Library/Core/Src/usbd_ioreq.c ****   *         continue receive data on the ctl pipe
 152:Middlewares/ST/STM32_USB_Device_Library/Core/Src/usbd_ioreq.c ****   * @param  pdev: device instance
 153:Middlewares/ST/STM32_USB_Device_Library/Core/Src/usbd_ioreq.c ****   * @param  buff: pointer to data buffer
 154:Middlewares/ST/STM32_USB_Device_Library/Core/Src/usbd_ioreq.c ****   * @param  len: length of data to be received
 155:Middlewares/ST/STM32_USB_Device_Library/Core/Src/usbd_ioreq.c ****   * @retval status
 156:Middlewares/ST/STM32_USB_Device_Library/Core/Src/usbd_ioreq.c ****   */
 157:Middlewares/ST/STM32_USB_Device_Library/Core/Src/usbd_ioreq.c **** USBD_StatusTypeDef USBD_CtlContinueRx(USBD_HandleTypeDef *pdev,
 158:Middlewares/ST/STM32_USB_Device_Library/Core/Src/usbd_ioreq.c ****                                       uint8_t *pbuf, uint32_t len)
 159:Middlewares/ST/STM32_USB_Device_Library/Core/Src/usbd_ioreq.c **** {
 163              		.loc 1 159 1 is_stmt 1 view -0
 164              		.cfi_startproc
 165              		@ args = 0, pretend = 0, frame = 0
 166              		@ frame_needed = 0, uses_anonymous_args = 0
 167              		.loc 1 159 1 is_stmt 0 view .LVU37
 168 0000 08B5     		push	{r3, lr}
 169              	.LCFI3:
 170              		.cfi_def_cfa_offset 8
 171              		.cfi_offset 3, -8
 172              		.cfi_offset 14, -4
 173 0002 1346     		mov	r3, r2
 160:Middlewares/ST/STM32_USB_Device_Library/Core/Src/usbd_ioreq.c ****   (void)USBD_LL_PrepareReceive(pdev, 0U, pbuf, len);
 174              		.loc 1 160 3 is_stmt 1 view .LVU38
 175              		.loc 1 160 9 is_stmt 0 view .LVU39
 176 0004 0A46     		mov	r2, r1
 177              	.LVL13:
 178              		.loc 1 160 9 view .LVU40
 179 0006 0021     		movs	r1, #0
 180              	.LVL14:
 181              		.loc 1 160 9 view .LVU41
 182 0008 FFF7FEFF 		bl	USBD_LL_PrepareReceive
 183              	.LVL15:
 161:Middlewares/ST/STM32_USB_Device_Library/Core/Src/usbd_ioreq.c **** 
 162:Middlewares/ST/STM32_USB_Device_Library/Core/Src/usbd_ioreq.c ****   return USBD_OK;
 184              		.loc 1 162 3 is_stmt 1 view .LVU42
 163:Middlewares/ST/STM32_USB_Device_Library/Core/Src/usbd_ioreq.c **** }
 185              		.loc 1 163 1 is_stmt 0 view .LVU43
 186 000c 0020     		movs	r0, #0
ARM GAS  C:\Users\Made\AppData\Local\Temp\ccHsoeQS.s 			page 7


 187 000e 08BD     		pop	{r3, pc}
 188              		.cfi_endproc
 189              	.LFE342:
 191              		.section	.text.USBD_CtlSendStatus,"ax",%progbits
 192              		.align	1
 193              		.global	USBD_CtlSendStatus
 194              		.syntax unified
 195              		.thumb
 196              		.thumb_func
 198              	USBD_CtlSendStatus:
 199              	.LVL16:
 200              	.LFB343:
 164:Middlewares/ST/STM32_USB_Device_Library/Core/Src/usbd_ioreq.c **** 
 165:Middlewares/ST/STM32_USB_Device_Library/Core/Src/usbd_ioreq.c **** /**
 166:Middlewares/ST/STM32_USB_Device_Library/Core/Src/usbd_ioreq.c ****   * @brief  USBD_CtlSendStatus
 167:Middlewares/ST/STM32_USB_Device_Library/Core/Src/usbd_ioreq.c ****   *         send zero lzngth packet on the ctl pipe
 168:Middlewares/ST/STM32_USB_Device_Library/Core/Src/usbd_ioreq.c ****   * @param  pdev: device instance
 169:Middlewares/ST/STM32_USB_Device_Library/Core/Src/usbd_ioreq.c ****   * @retval status
 170:Middlewares/ST/STM32_USB_Device_Library/Core/Src/usbd_ioreq.c ****   */
 171:Middlewares/ST/STM32_USB_Device_Library/Core/Src/usbd_ioreq.c **** USBD_StatusTypeDef USBD_CtlSendStatus(USBD_HandleTypeDef *pdev)
 172:Middlewares/ST/STM32_USB_Device_Library/Core/Src/usbd_ioreq.c **** {
 201              		.loc 1 172 1 is_stmt 1 view -0
 202              		.cfi_startproc
 203              		@ args = 0, pretend = 0, frame = 0
 204              		@ frame_needed = 0, uses_anonymous_args = 0
 205              		.loc 1 172 1 is_stmt 0 view .LVU45
 206 0000 08B5     		push	{r3, lr}
 207              	.LCFI4:
 208              		.cfi_def_cfa_offset 8
 209              		.cfi_offset 3, -8
 210              		.cfi_offset 14, -4
 173:Middlewares/ST/STM32_USB_Device_Library/Core/Src/usbd_ioreq.c ****   /* Set EP0 State */
 174:Middlewares/ST/STM32_USB_Device_Library/Core/Src/usbd_ioreq.c ****   pdev->ep0_state = USBD_EP0_STATUS_IN;
 211              		.loc 1 174 3 is_stmt 1 view .LVU46
 212              		.loc 1 174 19 is_stmt 0 view .LVU47
 213 0002 0422     		movs	r2, #4
 214 0004 C0F89422 		str	r2, [r0, #660]
 175:Middlewares/ST/STM32_USB_Device_Library/Core/Src/usbd_ioreq.c **** 
 176:Middlewares/ST/STM32_USB_Device_Library/Core/Src/usbd_ioreq.c ****   /* Start the transfer */
 177:Middlewares/ST/STM32_USB_Device_Library/Core/Src/usbd_ioreq.c ****   (void)USBD_LL_Transmit(pdev, 0x00U, NULL, 0U);
 215              		.loc 1 177 3 is_stmt 1 view .LVU48
 216              		.loc 1 177 9 is_stmt 0 view .LVU49
 217 0008 0023     		movs	r3, #0
 218 000a 1A46     		mov	r2, r3
 219 000c 1946     		mov	r1, r3
 220 000e FFF7FEFF 		bl	USBD_LL_Transmit
 221              	.LVL17:
 178:Middlewares/ST/STM32_USB_Device_Library/Core/Src/usbd_ioreq.c **** 
 179:Middlewares/ST/STM32_USB_Device_Library/Core/Src/usbd_ioreq.c ****   return USBD_OK;
 222              		.loc 1 179 3 is_stmt 1 view .LVU50
 180:Middlewares/ST/STM32_USB_Device_Library/Core/Src/usbd_ioreq.c **** }
 223              		.loc 1 180 1 is_stmt 0 view .LVU51
 224 0012 0020     		movs	r0, #0
 225 0014 08BD     		pop	{r3, pc}
 226              		.cfi_endproc
 227              	.LFE343:
 229              		.section	.text.USBD_CtlReceiveStatus,"ax",%progbits
ARM GAS  C:\Users\Made\AppData\Local\Temp\ccHsoeQS.s 			page 8


 230              		.align	1
 231              		.global	USBD_CtlReceiveStatus
 232              		.syntax unified
 233              		.thumb
 234              		.thumb_func
 236              	USBD_CtlReceiveStatus:
 237              	.LVL18:
 238              	.LFB344:
 181:Middlewares/ST/STM32_USB_Device_Library/Core/Src/usbd_ioreq.c **** 
 182:Middlewares/ST/STM32_USB_Device_Library/Core/Src/usbd_ioreq.c **** /**
 183:Middlewares/ST/STM32_USB_Device_Library/Core/Src/usbd_ioreq.c ****   * @brief  USBD_CtlReceiveStatus
 184:Middlewares/ST/STM32_USB_Device_Library/Core/Src/usbd_ioreq.c ****   *         receive zero lzngth packet on the ctl pipe
 185:Middlewares/ST/STM32_USB_Device_Library/Core/Src/usbd_ioreq.c ****   * @param  pdev: device instance
 186:Middlewares/ST/STM32_USB_Device_Library/Core/Src/usbd_ioreq.c ****   * @retval status
 187:Middlewares/ST/STM32_USB_Device_Library/Core/Src/usbd_ioreq.c ****   */
 188:Middlewares/ST/STM32_USB_Device_Library/Core/Src/usbd_ioreq.c **** USBD_StatusTypeDef USBD_CtlReceiveStatus(USBD_HandleTypeDef *pdev)
 189:Middlewares/ST/STM32_USB_Device_Library/Core/Src/usbd_ioreq.c **** {
 239              		.loc 1 189 1 is_stmt 1 view -0
 240              		.cfi_startproc
 241              		@ args = 0, pretend = 0, frame = 0
 242              		@ frame_needed = 0, uses_anonymous_args = 0
 243              		.loc 1 189 1 is_stmt 0 view .LVU53
 244 0000 08B5     		push	{r3, lr}
 245              	.LCFI5:
 246              		.cfi_def_cfa_offset 8
 247              		.cfi_offset 3, -8
 248              		.cfi_offset 14, -4
 190:Middlewares/ST/STM32_USB_Device_Library/Core/Src/usbd_ioreq.c ****   /* Set EP0 State */
 191:Middlewares/ST/STM32_USB_Device_Library/Core/Src/usbd_ioreq.c ****   pdev->ep0_state = USBD_EP0_STATUS_OUT;
 249              		.loc 1 191 3 is_stmt 1 view .LVU54
 250              		.loc 1 191 19 is_stmt 0 view .LVU55
 251 0002 0522     		movs	r2, #5
 252 0004 C0F89422 		str	r2, [r0, #660]
 192:Middlewares/ST/STM32_USB_Device_Library/Core/Src/usbd_ioreq.c **** 
 193:Middlewares/ST/STM32_USB_Device_Library/Core/Src/usbd_ioreq.c ****   /* Start the transfer */
 194:Middlewares/ST/STM32_USB_Device_Library/Core/Src/usbd_ioreq.c ****   (void)USBD_LL_PrepareReceive(pdev, 0U, NULL, 0U);
 253              		.loc 1 194 3 is_stmt 1 view .LVU56
 254              		.loc 1 194 9 is_stmt 0 view .LVU57
 255 0008 0023     		movs	r3, #0
 256 000a 1A46     		mov	r2, r3
 257 000c 1946     		mov	r1, r3
 258 000e FFF7FEFF 		bl	USBD_LL_PrepareReceive
 259              	.LVL19:
 195:Middlewares/ST/STM32_USB_Device_Library/Core/Src/usbd_ioreq.c **** 
 196:Middlewares/ST/STM32_USB_Device_Library/Core/Src/usbd_ioreq.c ****   return USBD_OK;
 260              		.loc 1 196 3 is_stmt 1 view .LVU58
 197:Middlewares/ST/STM32_USB_Device_Library/Core/Src/usbd_ioreq.c **** }
 261              		.loc 1 197 1 is_stmt 0 view .LVU59
 262 0012 0020     		movs	r0, #0
 263 0014 08BD     		pop	{r3, pc}
 264              		.cfi_endproc
 265              	.LFE344:
 267              		.section	.text.USBD_GetRxCount,"ax",%progbits
 268              		.align	1
 269              		.global	USBD_GetRxCount
 270              		.syntax unified
 271              		.thumb
ARM GAS  C:\Users\Made\AppData\Local\Temp\ccHsoeQS.s 			page 9


 272              		.thumb_func
 274              	USBD_GetRxCount:
 275              	.LVL20:
 276              	.LFB345:
 198:Middlewares/ST/STM32_USB_Device_Library/Core/Src/usbd_ioreq.c **** 
 199:Middlewares/ST/STM32_USB_Device_Library/Core/Src/usbd_ioreq.c **** /**
 200:Middlewares/ST/STM32_USB_Device_Library/Core/Src/usbd_ioreq.c ****   * @brief  USBD_GetRxCount
 201:Middlewares/ST/STM32_USB_Device_Library/Core/Src/usbd_ioreq.c ****   *         returns the received data length
 202:Middlewares/ST/STM32_USB_Device_Library/Core/Src/usbd_ioreq.c ****   * @param  pdev: device instance
 203:Middlewares/ST/STM32_USB_Device_Library/Core/Src/usbd_ioreq.c ****   * @param  ep_addr: endpoint address
 204:Middlewares/ST/STM32_USB_Device_Library/Core/Src/usbd_ioreq.c ****   * @retval Rx Data blength
 205:Middlewares/ST/STM32_USB_Device_Library/Core/Src/usbd_ioreq.c ****   */
 206:Middlewares/ST/STM32_USB_Device_Library/Core/Src/usbd_ioreq.c **** uint32_t USBD_GetRxCount(USBD_HandleTypeDef *pdev, uint8_t ep_addr)
 207:Middlewares/ST/STM32_USB_Device_Library/Core/Src/usbd_ioreq.c **** {
 277              		.loc 1 207 1 is_stmt 1 view -0
 278              		.cfi_startproc
 279              		@ args = 0, pretend = 0, frame = 0
 280              		@ frame_needed = 0, uses_anonymous_args = 0
 281              		.loc 1 207 1 is_stmt 0 view .LVU61
 282 0000 08B5     		push	{r3, lr}
 283              	.LCFI6:
 284              		.cfi_def_cfa_offset 8
 285              		.cfi_offset 3, -8
 286              		.cfi_offset 14, -4
 208:Middlewares/ST/STM32_USB_Device_Library/Core/Src/usbd_ioreq.c ****   return USBD_LL_GetRxDataSize(pdev, ep_addr);
 287              		.loc 1 208 3 is_stmt 1 view .LVU62
 288              		.loc 1 208 10 is_stmt 0 view .LVU63
 289 0002 FFF7FEFF 		bl	USBD_LL_GetRxDataSize
 290              	.LVL21:
 209:Middlewares/ST/STM32_USB_Device_Library/Core/Src/usbd_ioreq.c **** }
 291              		.loc 1 209 1 view .LVU64
 292 0006 08BD     		pop	{r3, pc}
 293              		.cfi_endproc
 294              	.LFE345:
 296              		.text
 297              	.Letext0:
 298              		.file 2 "C:/Program Files (x86)/Arm GNU Toolchain arm-none-eabi/13.3 rel1/arm-none-eabi/include/ma
 299              		.file 3 "C:/Program Files (x86)/Arm GNU Toolchain arm-none-eabi/13.3 rel1/arm-none-eabi/include/sy
 300              		.file 4 "Middlewares/ST/STM32_USB_Device_Library/Core/Inc/usbd_def.h"
 301              		.file 5 "Middlewares/ST/STM32_USB_Device_Library/Core/Inc/usbd_core.h"
ARM GAS  C:\Users\Made\AppData\Local\Temp\ccHsoeQS.s 			page 10


DEFINED SYMBOLS
                            *ABS*:00000000 usbd_ioreq.c
C:\Users\Made\AppData\Local\Temp\ccHsoeQS.s:20     .text.USBD_CtlSendData:00000000 $t
C:\Users\Made\AppData\Local\Temp\ccHsoeQS.s:26     .text.USBD_CtlSendData:00000000 USBD_CtlSendData
C:\Users\Made\AppData\Local\Temp\ccHsoeQS.s:68     .text.USBD_CtlContinueSendData:00000000 $t
C:\Users\Made\AppData\Local\Temp\ccHsoeQS.s:74     .text.USBD_CtlContinueSendData:00000000 USBD_CtlContinueSendData
C:\Users\Made\AppData\Local\Temp\ccHsoeQS.s:106    .text.USBD_CtlPrepareRx:00000000 $t
C:\Users\Made\AppData\Local\Temp\ccHsoeQS.s:112    .text.USBD_CtlPrepareRx:00000000 USBD_CtlPrepareRx
C:\Users\Made\AppData\Local\Temp\ccHsoeQS.s:154    .text.USBD_CtlContinueRx:00000000 $t
C:\Users\Made\AppData\Local\Temp\ccHsoeQS.s:160    .text.USBD_CtlContinueRx:00000000 USBD_CtlContinueRx
C:\Users\Made\AppData\Local\Temp\ccHsoeQS.s:192    .text.USBD_CtlSendStatus:00000000 $t
C:\Users\Made\AppData\Local\Temp\ccHsoeQS.s:198    .text.USBD_CtlSendStatus:00000000 USBD_CtlSendStatus
C:\Users\Made\AppData\Local\Temp\ccHsoeQS.s:230    .text.USBD_CtlReceiveStatus:00000000 $t
C:\Users\Made\AppData\Local\Temp\ccHsoeQS.s:236    .text.USBD_CtlReceiveStatus:00000000 USBD_CtlReceiveStatus
C:\Users\Made\AppData\Local\Temp\ccHsoeQS.s:268    .text.USBD_GetRxCount:00000000 $t
C:\Users\Made\AppData\Local\Temp\ccHsoeQS.s:274    .text.USBD_GetRxCount:00000000 USBD_GetRxCount

UNDEFINED SYMBOLS
USBD_LL_Transmit
USBD_LL_PrepareReceive
USBD_LL_GetRxDataSize
