ARM GAS  C:\Users\Made\AppData\Local\Temp\ccQ1O1sN.s 			page 1


   1              		.cpu cortex-m7
   2              		.arch armv7e-m
   3              		.fpu fpv5-d16
   4              		.eabi_attribute 28, 1
   5              		.eabi_attribute 20, 1
   6              		.eabi_attribute 21, 1
   7              		.eabi_attribute 23, 3
   8              		.eabi_attribute 24, 1
   9              		.eabi_attribute 25, 1
  10              		.eabi_attribute 26, 1
  11              		.eabi_attribute 30, 1
  12              		.eabi_attribute 34, 1
  13              		.eabi_attribute 18, 4
  14              		.file	"usbd_audio_if.c"
  15              		.text
  16              	.Ltext0:
  17              		.cfi_sections	.debug_frame
  18              		.file 1 "USB_DEVICE/App/usbd_audio_if.c"
  19              		.section	.text.AUDIO_Init_FS,"ax",%progbits
  20              		.align	1
  21              		.syntax unified
  22              		.thumb
  23              		.thumb_func
  25              	AUDIO_Init_FS:
  26              	.LVL0:
  27              	.LFB339:
   1:USB_DEVICE/App/usbd_audio_if.c **** /* USER CODE BEGIN Header */
   2:USB_DEVICE/App/usbd_audio_if.c **** /**
   3:USB_DEVICE/App/usbd_audio_if.c ****   ******************************************************************************
   4:USB_DEVICE/App/usbd_audio_if.c ****   * @file           : usbd_audio_if.c
   5:USB_DEVICE/App/usbd_audio_if.c ****   * @version        : v1.0_Cube
   6:USB_DEVICE/App/usbd_audio_if.c ****   * @brief          : Generic media access layer.
   7:USB_DEVICE/App/usbd_audio_if.c ****   ******************************************************************************
   8:USB_DEVICE/App/usbd_audio_if.c ****   * @attention
   9:USB_DEVICE/App/usbd_audio_if.c ****   *
  10:USB_DEVICE/App/usbd_audio_if.c ****   * Copyright (c) 2025 STMicroelectronics.
  11:USB_DEVICE/App/usbd_audio_if.c ****   * All rights reserved.
  12:USB_DEVICE/App/usbd_audio_if.c ****   *
  13:USB_DEVICE/App/usbd_audio_if.c ****   * This software is licensed under terms that can be found in the LICENSE file
  14:USB_DEVICE/App/usbd_audio_if.c ****   * in the root directory of this software component.
  15:USB_DEVICE/App/usbd_audio_if.c ****   * If no LICENSE file comes with this software, it is provided AS-IS.
  16:USB_DEVICE/App/usbd_audio_if.c ****   *
  17:USB_DEVICE/App/usbd_audio_if.c ****   ******************************************************************************
  18:USB_DEVICE/App/usbd_audio_if.c ****   */
  19:USB_DEVICE/App/usbd_audio_if.c ****  /* USER CODE END Header */
  20:USB_DEVICE/App/usbd_audio_if.c **** 
  21:USB_DEVICE/App/usbd_audio_if.c **** /* Includes ------------------------------------------------------------------*/
  22:USB_DEVICE/App/usbd_audio_if.c **** #include "usbd_audio_if.h"
  23:USB_DEVICE/App/usbd_audio_if.c **** 
  24:USB_DEVICE/App/usbd_audio_if.c **** /* USER CODE BEGIN INCLUDE */
  25:USB_DEVICE/App/usbd_audio_if.c **** 
  26:USB_DEVICE/App/usbd_audio_if.c **** /* USER CODE END INCLUDE */
  27:USB_DEVICE/App/usbd_audio_if.c **** 
  28:USB_DEVICE/App/usbd_audio_if.c **** /* Private typedef -----------------------------------------------------------*/
  29:USB_DEVICE/App/usbd_audio_if.c **** /* Private define ------------------------------------------------------------*/
  30:USB_DEVICE/App/usbd_audio_if.c **** /* Private macro -------------------------------------------------------------*/
  31:USB_DEVICE/App/usbd_audio_if.c **** 
ARM GAS  C:\Users\Made\AppData\Local\Temp\ccQ1O1sN.s 			page 2


  32:USB_DEVICE/App/usbd_audio_if.c **** /* USER CODE BEGIN PV */
  33:USB_DEVICE/App/usbd_audio_if.c **** /* Private variables ---------------------------------------------------------*/
  34:USB_DEVICE/App/usbd_audio_if.c **** 
  35:USB_DEVICE/App/usbd_audio_if.c **** /* USER CODE END PV */
  36:USB_DEVICE/App/usbd_audio_if.c **** 
  37:USB_DEVICE/App/usbd_audio_if.c **** /** @addtogroup STM32_USB_OTG_DEVICE_LIBRARY
  38:USB_DEVICE/App/usbd_audio_if.c ****   * @brief Usb device library.
  39:USB_DEVICE/App/usbd_audio_if.c ****   * @{
  40:USB_DEVICE/App/usbd_audio_if.c ****   */
  41:USB_DEVICE/App/usbd_audio_if.c **** 
  42:USB_DEVICE/App/usbd_audio_if.c **** /** @addtogroup USBD_AUDIO_IF
  43:USB_DEVICE/App/usbd_audio_if.c ****   * @{
  44:USB_DEVICE/App/usbd_audio_if.c ****   */
  45:USB_DEVICE/App/usbd_audio_if.c **** 
  46:USB_DEVICE/App/usbd_audio_if.c **** /** @defgroup USBD_AUDIO_IF_Private_TypesDefinitions USBD_AUDIO_IF_Private_TypesDefinitions
  47:USB_DEVICE/App/usbd_audio_if.c ****   * @brief Private types.
  48:USB_DEVICE/App/usbd_audio_if.c ****   * @{
  49:USB_DEVICE/App/usbd_audio_if.c ****   */
  50:USB_DEVICE/App/usbd_audio_if.c **** 
  51:USB_DEVICE/App/usbd_audio_if.c **** /* USER CODE BEGIN PRIVATE_TYPES */
  52:USB_DEVICE/App/usbd_audio_if.c **** 
  53:USB_DEVICE/App/usbd_audio_if.c **** /* USER CODE END PRIVATE_TYPES */
  54:USB_DEVICE/App/usbd_audio_if.c **** 
  55:USB_DEVICE/App/usbd_audio_if.c **** /**
  56:USB_DEVICE/App/usbd_audio_if.c ****   * @}
  57:USB_DEVICE/App/usbd_audio_if.c ****   */
  58:USB_DEVICE/App/usbd_audio_if.c **** 
  59:USB_DEVICE/App/usbd_audio_if.c **** /** @defgroup USBD_AUDIO_IF_Private_Defines USBD_AUDIO_IF_Private_Defines
  60:USB_DEVICE/App/usbd_audio_if.c ****   * @brief Private defines.
  61:USB_DEVICE/App/usbd_audio_if.c ****   * @{
  62:USB_DEVICE/App/usbd_audio_if.c ****   */
  63:USB_DEVICE/App/usbd_audio_if.c **** 
  64:USB_DEVICE/App/usbd_audio_if.c **** /* USER CODE BEGIN PRIVATE_DEFINES */
  65:USB_DEVICE/App/usbd_audio_if.c **** 
  66:USB_DEVICE/App/usbd_audio_if.c **** /* USER CODE END PRIVATE_DEFINES */
  67:USB_DEVICE/App/usbd_audio_if.c **** 
  68:USB_DEVICE/App/usbd_audio_if.c **** /**
  69:USB_DEVICE/App/usbd_audio_if.c ****   * @}
  70:USB_DEVICE/App/usbd_audio_if.c ****   */
  71:USB_DEVICE/App/usbd_audio_if.c **** 
  72:USB_DEVICE/App/usbd_audio_if.c **** /** @defgroup USBD_AUDIO_IF_Private_Macros USBD_AUDIO_IF_Private_Macros
  73:USB_DEVICE/App/usbd_audio_if.c ****   * @brief Private macros.
  74:USB_DEVICE/App/usbd_audio_if.c ****   * @{
  75:USB_DEVICE/App/usbd_audio_if.c ****   */
  76:USB_DEVICE/App/usbd_audio_if.c **** 
  77:USB_DEVICE/App/usbd_audio_if.c **** /* USER CODE BEGIN PRIVATE_MACRO */
  78:USB_DEVICE/App/usbd_audio_if.c **** 
  79:USB_DEVICE/App/usbd_audio_if.c **** /* USER CODE END PRIVATE_MACRO */
  80:USB_DEVICE/App/usbd_audio_if.c **** 
  81:USB_DEVICE/App/usbd_audio_if.c **** /**
  82:USB_DEVICE/App/usbd_audio_if.c ****   * @}
  83:USB_DEVICE/App/usbd_audio_if.c ****   */
  84:USB_DEVICE/App/usbd_audio_if.c **** 
  85:USB_DEVICE/App/usbd_audio_if.c **** /** @defgroup USBD_AUDIO_IF_Private_Variables USBD_AUDIO_IF_Private_Variables
  86:USB_DEVICE/App/usbd_audio_if.c ****   * @brief Private variables.
  87:USB_DEVICE/App/usbd_audio_if.c ****   * @{
  88:USB_DEVICE/App/usbd_audio_if.c ****   */
ARM GAS  C:\Users\Made\AppData\Local\Temp\ccQ1O1sN.s 			page 3


  89:USB_DEVICE/App/usbd_audio_if.c **** 
  90:USB_DEVICE/App/usbd_audio_if.c **** /* USER CODE BEGIN PRIVATE_VARIABLES */
  91:USB_DEVICE/App/usbd_audio_if.c **** 
  92:USB_DEVICE/App/usbd_audio_if.c **** /* USER CODE END PRIVATE_VARIABLES */
  93:USB_DEVICE/App/usbd_audio_if.c **** 
  94:USB_DEVICE/App/usbd_audio_if.c **** /**
  95:USB_DEVICE/App/usbd_audio_if.c ****   * @}
  96:USB_DEVICE/App/usbd_audio_if.c ****   */
  97:USB_DEVICE/App/usbd_audio_if.c **** 
  98:USB_DEVICE/App/usbd_audio_if.c **** /** @defgroup USBD_AUDIO_IF_Exported_Variables USBD_AUDIO_IF_Exported_Variables
  99:USB_DEVICE/App/usbd_audio_if.c ****   * @brief Public variables.
 100:USB_DEVICE/App/usbd_audio_if.c ****   * @{
 101:USB_DEVICE/App/usbd_audio_if.c ****   */
 102:USB_DEVICE/App/usbd_audio_if.c **** 
 103:USB_DEVICE/App/usbd_audio_if.c **** extern USBD_HandleTypeDef hUsbDeviceFS;
 104:USB_DEVICE/App/usbd_audio_if.c **** 
 105:USB_DEVICE/App/usbd_audio_if.c **** /* USER CODE BEGIN EXPORTED_VARIABLES */
 106:USB_DEVICE/App/usbd_audio_if.c **** 
 107:USB_DEVICE/App/usbd_audio_if.c **** /* USER CODE END EXPORTED_VARIABLES */
 108:USB_DEVICE/App/usbd_audio_if.c **** 
 109:USB_DEVICE/App/usbd_audio_if.c **** /**
 110:USB_DEVICE/App/usbd_audio_if.c ****   * @}
 111:USB_DEVICE/App/usbd_audio_if.c ****   */
 112:USB_DEVICE/App/usbd_audio_if.c **** 
 113:USB_DEVICE/App/usbd_audio_if.c **** /** @defgroup USBD_AUDIO_IF_Private_FunctionPrototypes USBD_AUDIO_IF_Private_FunctionPrototypes
 114:USB_DEVICE/App/usbd_audio_if.c ****   * @brief Private functions declaration.
 115:USB_DEVICE/App/usbd_audio_if.c ****   * @{
 116:USB_DEVICE/App/usbd_audio_if.c ****   */
 117:USB_DEVICE/App/usbd_audio_if.c **** 
 118:USB_DEVICE/App/usbd_audio_if.c **** static int8_t AUDIO_Init_FS(uint32_t AudioFreq, uint32_t Volume, uint32_t options);
 119:USB_DEVICE/App/usbd_audio_if.c **** static int8_t AUDIO_DeInit_FS(uint32_t options);
 120:USB_DEVICE/App/usbd_audio_if.c **** static int8_t AUDIO_AudioCmd_FS(uint8_t* pbuf, uint32_t size, uint8_t cmd);
 121:USB_DEVICE/App/usbd_audio_if.c **** static int8_t AUDIO_VolumeCtl_FS(uint8_t vol);
 122:USB_DEVICE/App/usbd_audio_if.c **** static int8_t AUDIO_MuteCtl_FS(uint8_t cmd);
 123:USB_DEVICE/App/usbd_audio_if.c **** static int8_t AUDIO_PeriodicTC_FS(uint8_t *pbuf, uint32_t size, uint8_t cmd);
 124:USB_DEVICE/App/usbd_audio_if.c **** static int8_t AUDIO_GetState_FS(void);
 125:USB_DEVICE/App/usbd_audio_if.c **** 
 126:USB_DEVICE/App/usbd_audio_if.c **** /* USER CODE BEGIN PRIVATE_FUNCTIONS_DECLARATION */
 127:USB_DEVICE/App/usbd_audio_if.c **** 
 128:USB_DEVICE/App/usbd_audio_if.c **** /* USER CODE END PRIVATE_FUNCTIONS_DECLARATION */
 129:USB_DEVICE/App/usbd_audio_if.c **** 
 130:USB_DEVICE/App/usbd_audio_if.c **** /**
 131:USB_DEVICE/App/usbd_audio_if.c ****   * @}
 132:USB_DEVICE/App/usbd_audio_if.c ****   */
 133:USB_DEVICE/App/usbd_audio_if.c **** 
 134:USB_DEVICE/App/usbd_audio_if.c **** USBD_AUDIO_ItfTypeDef USBD_AUDIO_fops_FS =
 135:USB_DEVICE/App/usbd_audio_if.c **** {
 136:USB_DEVICE/App/usbd_audio_if.c ****   AUDIO_Init_FS,
 137:USB_DEVICE/App/usbd_audio_if.c ****   AUDIO_DeInit_FS,
 138:USB_DEVICE/App/usbd_audio_if.c ****   AUDIO_AudioCmd_FS,
 139:USB_DEVICE/App/usbd_audio_if.c ****   AUDIO_VolumeCtl_FS,
 140:USB_DEVICE/App/usbd_audio_if.c ****   AUDIO_MuteCtl_FS,
 141:USB_DEVICE/App/usbd_audio_if.c ****   AUDIO_PeriodicTC_FS,
 142:USB_DEVICE/App/usbd_audio_if.c ****   AUDIO_GetState_FS,
 143:USB_DEVICE/App/usbd_audio_if.c **** };
 144:USB_DEVICE/App/usbd_audio_if.c **** 
 145:USB_DEVICE/App/usbd_audio_if.c **** /* Private functions ---------------------------------------------------------*/
ARM GAS  C:\Users\Made\AppData\Local\Temp\ccQ1O1sN.s 			page 4


 146:USB_DEVICE/App/usbd_audio_if.c **** /**
 147:USB_DEVICE/App/usbd_audio_if.c ****   * @brief  Initializes the AUDIO media low layer over USB FS IP
 148:USB_DEVICE/App/usbd_audio_if.c ****   * @param  AudioFreq: Audio frequency used to play the audio stream.
 149:USB_DEVICE/App/usbd_audio_if.c ****   * @param  Volume: Initial volume level (from 0 (Mute) to 100 (Max))
 150:USB_DEVICE/App/usbd_audio_if.c ****   * @param  options: Reserved for future use
 151:USB_DEVICE/App/usbd_audio_if.c ****   * @retval USBD_OK if all operations are OK else USBD_FAIL
 152:USB_DEVICE/App/usbd_audio_if.c ****   */
 153:USB_DEVICE/App/usbd_audio_if.c **** static int8_t AUDIO_Init_FS(uint32_t AudioFreq, uint32_t Volume, uint32_t options)
 154:USB_DEVICE/App/usbd_audio_if.c **** {
  28              		.loc 1 154 1 view -0
  29              		.cfi_startproc
  30              		@ args = 0, pretend = 0, frame = 0
  31              		@ frame_needed = 0, uses_anonymous_args = 0
  32              		@ link register save eliminated.
 155:USB_DEVICE/App/usbd_audio_if.c ****   /* USER CODE BEGIN 0 */
 156:USB_DEVICE/App/usbd_audio_if.c ****   UNUSED(AudioFreq);
  33              		.loc 1 156 3 view .LVU1
 157:USB_DEVICE/App/usbd_audio_if.c ****   UNUSED(Volume);
  34              		.loc 1 157 3 view .LVU2
 158:USB_DEVICE/App/usbd_audio_if.c ****   UNUSED(options);
  35              		.loc 1 158 3 view .LVU3
 159:USB_DEVICE/App/usbd_audio_if.c ****   return (USBD_OK);
  36              		.loc 1 159 3 view .LVU4
 160:USB_DEVICE/App/usbd_audio_if.c ****   /* USER CODE END 0 */
 161:USB_DEVICE/App/usbd_audio_if.c **** }
  37              		.loc 1 161 1 is_stmt 0 view .LVU5
  38 0000 0020     		movs	r0, #0
  39              	.LVL1:
  40              		.loc 1 161 1 view .LVU6
  41 0002 7047     		bx	lr
  42              		.cfi_endproc
  43              	.LFE339:
  45              		.section	.text.AUDIO_DeInit_FS,"ax",%progbits
  46              		.align	1
  47              		.syntax unified
  48              		.thumb
  49              		.thumb_func
  51              	AUDIO_DeInit_FS:
  52              	.LVL2:
  53              	.LFB340:
 162:USB_DEVICE/App/usbd_audio_if.c **** 
 163:USB_DEVICE/App/usbd_audio_if.c **** /**
 164:USB_DEVICE/App/usbd_audio_if.c ****   * @brief  De-Initializes the AUDIO media low layer
 165:USB_DEVICE/App/usbd_audio_if.c ****   * @param  options: Reserved for future use
 166:USB_DEVICE/App/usbd_audio_if.c ****   * @retval USBD_OK if all operations are OK else USBD_FAIL
 167:USB_DEVICE/App/usbd_audio_if.c ****   */
 168:USB_DEVICE/App/usbd_audio_if.c **** static int8_t AUDIO_DeInit_FS(uint32_t options)
 169:USB_DEVICE/App/usbd_audio_if.c **** {
  54              		.loc 1 169 1 is_stmt 1 view -0
  55              		.cfi_startproc
  56              		@ args = 0, pretend = 0, frame = 0
  57              		@ frame_needed = 0, uses_anonymous_args = 0
  58              		@ link register save eliminated.
 170:USB_DEVICE/App/usbd_audio_if.c ****   /* USER CODE BEGIN 1 */
 171:USB_DEVICE/App/usbd_audio_if.c ****   UNUSED(options);
  59              		.loc 1 171 3 view .LVU8
 172:USB_DEVICE/App/usbd_audio_if.c ****   return (USBD_OK);
ARM GAS  C:\Users\Made\AppData\Local\Temp\ccQ1O1sN.s 			page 5


  60              		.loc 1 172 3 view .LVU9
 173:USB_DEVICE/App/usbd_audio_if.c ****   /* USER CODE END 1 */
 174:USB_DEVICE/App/usbd_audio_if.c **** }
  61              		.loc 1 174 1 is_stmt 0 view .LVU10
  62 0000 0020     		movs	r0, #0
  63              	.LVL3:
  64              		.loc 1 174 1 view .LVU11
  65 0002 7047     		bx	lr
  66              		.cfi_endproc
  67              	.LFE340:
  69              		.section	.text.AUDIO_AudioCmd_FS,"ax",%progbits
  70              		.align	1
  71              		.syntax unified
  72              		.thumb
  73              		.thumb_func
  75              	AUDIO_AudioCmd_FS:
  76              	.LVL4:
  77              	.LFB341:
 175:USB_DEVICE/App/usbd_audio_if.c **** 
 176:USB_DEVICE/App/usbd_audio_if.c **** /**
 177:USB_DEVICE/App/usbd_audio_if.c ****   * @brief  Handles AUDIO command.
 178:USB_DEVICE/App/usbd_audio_if.c ****   * @param  pbuf: Pointer to buffer of data to be sent
 179:USB_DEVICE/App/usbd_audio_if.c ****   * @param  size: Number of data to be sent (in bytes)
 180:USB_DEVICE/App/usbd_audio_if.c ****   * @param  cmd: Command opcode
 181:USB_DEVICE/App/usbd_audio_if.c ****   * @retval USBD_OK if all operations are OK else USBD_FAIL
 182:USB_DEVICE/App/usbd_audio_if.c ****   */
 183:USB_DEVICE/App/usbd_audio_if.c **** static int8_t AUDIO_AudioCmd_FS(uint8_t* pbuf, uint32_t size, uint8_t cmd)
 184:USB_DEVICE/App/usbd_audio_if.c **** {
  78              		.loc 1 184 1 is_stmt 1 view -0
  79              		.cfi_startproc
  80              		@ args = 0, pretend = 0, frame = 0
  81              		@ frame_needed = 0, uses_anonymous_args = 0
  82              		@ link register save eliminated.
 185:USB_DEVICE/App/usbd_audio_if.c ****   /* USER CODE BEGIN 2 */
 186:USB_DEVICE/App/usbd_audio_if.c ****   switch(cmd)
  83              		.loc 1 186 3 view .LVU13
 187:USB_DEVICE/App/usbd_audio_if.c ****   {
 188:USB_DEVICE/App/usbd_audio_if.c ****     case AUDIO_CMD_START:
 189:USB_DEVICE/App/usbd_audio_if.c ****     break;
 190:USB_DEVICE/App/usbd_audio_if.c **** 
 191:USB_DEVICE/App/usbd_audio_if.c ****     case AUDIO_CMD_PLAY:
 192:USB_DEVICE/App/usbd_audio_if.c ****     break;
  84              		.loc 1 192 5 view .LVU14
 193:USB_DEVICE/App/usbd_audio_if.c ****   }
 194:USB_DEVICE/App/usbd_audio_if.c ****   UNUSED(pbuf);
  85              		.loc 1 194 3 view .LVU15
 195:USB_DEVICE/App/usbd_audio_if.c ****   UNUSED(size);
  86              		.loc 1 195 3 view .LVU16
 196:USB_DEVICE/App/usbd_audio_if.c ****   UNUSED(cmd);
  87              		.loc 1 196 3 view .LVU17
 197:USB_DEVICE/App/usbd_audio_if.c ****   return (USBD_OK);
  88              		.loc 1 197 3 view .LVU18
 198:USB_DEVICE/App/usbd_audio_if.c ****   /* USER CODE END 2 */
 199:USB_DEVICE/App/usbd_audio_if.c **** }
  89              		.loc 1 199 1 is_stmt 0 view .LVU19
  90 0000 0020     		movs	r0, #0
  91              	.LVL5:
ARM GAS  C:\Users\Made\AppData\Local\Temp\ccQ1O1sN.s 			page 6


  92              		.loc 1 199 1 view .LVU20
  93 0002 7047     		bx	lr
  94              		.cfi_endproc
  95              	.LFE341:
  97              		.section	.text.AUDIO_VolumeCtl_FS,"ax",%progbits
  98              		.align	1
  99              		.syntax unified
 100              		.thumb
 101              		.thumb_func
 103              	AUDIO_VolumeCtl_FS:
 104              	.LVL6:
 105              	.LFB342:
 200:USB_DEVICE/App/usbd_audio_if.c **** 
 201:USB_DEVICE/App/usbd_audio_if.c **** /**
 202:USB_DEVICE/App/usbd_audio_if.c ****   * @brief  Controls AUDIO Volume.
 203:USB_DEVICE/App/usbd_audio_if.c ****   * @param  vol: volume level (0..100)
 204:USB_DEVICE/App/usbd_audio_if.c ****   * @retval USBD_OK if all operations are OK else USBD_FAIL
 205:USB_DEVICE/App/usbd_audio_if.c ****   */
 206:USB_DEVICE/App/usbd_audio_if.c **** static int8_t AUDIO_VolumeCtl_FS(uint8_t vol)
 207:USB_DEVICE/App/usbd_audio_if.c **** {
 106              		.loc 1 207 1 is_stmt 1 view -0
 107              		.cfi_startproc
 108              		@ args = 0, pretend = 0, frame = 0
 109              		@ frame_needed = 0, uses_anonymous_args = 0
 110              		@ link register save eliminated.
 208:USB_DEVICE/App/usbd_audio_if.c ****   /* USER CODE BEGIN 3 */
 209:USB_DEVICE/App/usbd_audio_if.c ****   UNUSED(vol);
 111              		.loc 1 209 3 view .LVU22
 210:USB_DEVICE/App/usbd_audio_if.c ****   return (USBD_OK);
 112              		.loc 1 210 3 view .LVU23
 211:USB_DEVICE/App/usbd_audio_if.c ****   /* USER CODE END 3 */
 212:USB_DEVICE/App/usbd_audio_if.c **** }
 113              		.loc 1 212 1 is_stmt 0 view .LVU24
 114 0000 0020     		movs	r0, #0
 115              	.LVL7:
 116              		.loc 1 212 1 view .LVU25
 117 0002 7047     		bx	lr
 118              		.cfi_endproc
 119              	.LFE342:
 121              		.section	.text.AUDIO_MuteCtl_FS,"ax",%progbits
 122              		.align	1
 123              		.syntax unified
 124              		.thumb
 125              		.thumb_func
 127              	AUDIO_MuteCtl_FS:
 128              	.LVL8:
 129              	.LFB343:
 213:USB_DEVICE/App/usbd_audio_if.c **** 
 214:USB_DEVICE/App/usbd_audio_if.c **** /**
 215:USB_DEVICE/App/usbd_audio_if.c ****   * @brief  Controls AUDIO Mute.
 216:USB_DEVICE/App/usbd_audio_if.c ****   * @param  cmd: command opcode
 217:USB_DEVICE/App/usbd_audio_if.c ****   * @retval USBD_OK if all operations are OK else USBD_FAIL
 218:USB_DEVICE/App/usbd_audio_if.c ****   */
 219:USB_DEVICE/App/usbd_audio_if.c **** static int8_t AUDIO_MuteCtl_FS(uint8_t cmd)
 220:USB_DEVICE/App/usbd_audio_if.c **** {
 130              		.loc 1 220 1 is_stmt 1 view -0
 131              		.cfi_startproc
ARM GAS  C:\Users\Made\AppData\Local\Temp\ccQ1O1sN.s 			page 7


 132              		@ args = 0, pretend = 0, frame = 0
 133              		@ frame_needed = 0, uses_anonymous_args = 0
 134              		@ link register save eliminated.
 221:USB_DEVICE/App/usbd_audio_if.c ****   /* USER CODE BEGIN 4 */
 222:USB_DEVICE/App/usbd_audio_if.c ****   UNUSED(cmd);
 135              		.loc 1 222 3 view .LVU27
 223:USB_DEVICE/App/usbd_audio_if.c ****   return (USBD_OK);
 136              		.loc 1 223 3 view .LVU28
 224:USB_DEVICE/App/usbd_audio_if.c ****   /* USER CODE END 4 */
 225:USB_DEVICE/App/usbd_audio_if.c **** }
 137              		.loc 1 225 1 is_stmt 0 view .LVU29
 138 0000 0020     		movs	r0, #0
 139              	.LVL9:
 140              		.loc 1 225 1 view .LVU30
 141 0002 7047     		bx	lr
 142              		.cfi_endproc
 143              	.LFE343:
 145              		.section	.text.AUDIO_PeriodicTC_FS,"ax",%progbits
 146              		.align	1
 147              		.syntax unified
 148              		.thumb
 149              		.thumb_func
 151              	AUDIO_PeriodicTC_FS:
 152              	.LVL10:
 153              	.LFB344:
 226:USB_DEVICE/App/usbd_audio_if.c **** 
 227:USB_DEVICE/App/usbd_audio_if.c **** /**
 228:USB_DEVICE/App/usbd_audio_if.c ****   * @brief  AUDIO_PeriodicT_FS
 229:USB_DEVICE/App/usbd_audio_if.c ****   * @param  cmd: Command opcode
 230:USB_DEVICE/App/usbd_audio_if.c ****   * @retval USBD_OK if all operations are OK else USBD_FAIL
 231:USB_DEVICE/App/usbd_audio_if.c ****   */
 232:USB_DEVICE/App/usbd_audio_if.c **** static int8_t AUDIO_PeriodicTC_FS(uint8_t *pbuf, uint32_t size, uint8_t cmd)
 233:USB_DEVICE/App/usbd_audio_if.c **** {
 154              		.loc 1 233 1 is_stmt 1 view -0
 155              		.cfi_startproc
 156              		@ args = 0, pretend = 0, frame = 0
 157              		@ frame_needed = 0, uses_anonymous_args = 0
 158              		@ link register save eliminated.
 234:USB_DEVICE/App/usbd_audio_if.c ****   /* USER CODE BEGIN 5 */
 235:USB_DEVICE/App/usbd_audio_if.c ****   UNUSED(pbuf);
 159              		.loc 1 235 3 view .LVU32
 236:USB_DEVICE/App/usbd_audio_if.c ****   UNUSED(size);
 160              		.loc 1 236 3 view .LVU33
 237:USB_DEVICE/App/usbd_audio_if.c ****   UNUSED(cmd);
 161              		.loc 1 237 3 view .LVU34
 238:USB_DEVICE/App/usbd_audio_if.c ****   return (USBD_OK);
 162              		.loc 1 238 3 view .LVU35
 239:USB_DEVICE/App/usbd_audio_if.c ****   /* USER CODE END 5 */
 240:USB_DEVICE/App/usbd_audio_if.c **** }
 163              		.loc 1 240 1 is_stmt 0 view .LVU36
 164 0000 0020     		movs	r0, #0
 165              	.LVL11:
 166              		.loc 1 240 1 view .LVU37
 167 0002 7047     		bx	lr
 168              		.cfi_endproc
 169              	.LFE344:
 171              		.section	.text.AUDIO_GetState_FS,"ax",%progbits
ARM GAS  C:\Users\Made\AppData\Local\Temp\ccQ1O1sN.s 			page 8


 172              		.align	1
 173              		.syntax unified
 174              		.thumb
 175              		.thumb_func
 177              	AUDIO_GetState_FS:
 178              	.LFB345:
 241:USB_DEVICE/App/usbd_audio_if.c **** 
 242:USB_DEVICE/App/usbd_audio_if.c **** /**
 243:USB_DEVICE/App/usbd_audio_if.c ****   * @brief  Gets AUDIO State.
 244:USB_DEVICE/App/usbd_audio_if.c ****   * @retval USBD_OK if all operations are OK else USBD_FAIL
 245:USB_DEVICE/App/usbd_audio_if.c ****   */
 246:USB_DEVICE/App/usbd_audio_if.c **** static int8_t AUDIO_GetState_FS(void)
 247:USB_DEVICE/App/usbd_audio_if.c **** {
 179              		.loc 1 247 1 is_stmt 1 view -0
 180              		.cfi_startproc
 181              		@ args = 0, pretend = 0, frame = 0
 182              		@ frame_needed = 0, uses_anonymous_args = 0
 183              		@ link register save eliminated.
 248:USB_DEVICE/App/usbd_audio_if.c ****   /* USER CODE BEGIN 6 */
 249:USB_DEVICE/App/usbd_audio_if.c ****   return (USBD_OK);
 184              		.loc 1 249 3 view .LVU39
 250:USB_DEVICE/App/usbd_audio_if.c ****   /* USER CODE END 6 */
 251:USB_DEVICE/App/usbd_audio_if.c **** }
 185              		.loc 1 251 1 is_stmt 0 view .LVU40
 186 0000 0020     		movs	r0, #0
 187 0002 7047     		bx	lr
 188              		.cfi_endproc
 189              	.LFE345:
 191              		.section	.text.TransferComplete_CallBack_FS,"ax",%progbits
 192              		.align	1
 193              		.global	TransferComplete_CallBack_FS
 194              		.syntax unified
 195              		.thumb
 196              		.thumb_func
 198              	TransferComplete_CallBack_FS:
 199              	.LFB346:
 252:USB_DEVICE/App/usbd_audio_if.c **** 
 253:USB_DEVICE/App/usbd_audio_if.c **** /**
 254:USB_DEVICE/App/usbd_audio_if.c ****   * @brief  Manages the DMA full transfer complete event.
 255:USB_DEVICE/App/usbd_audio_if.c ****   * @retval None
 256:USB_DEVICE/App/usbd_audio_if.c ****   */
 257:USB_DEVICE/App/usbd_audio_if.c **** void TransferComplete_CallBack_FS(void)
 258:USB_DEVICE/App/usbd_audio_if.c **** {
 200              		.loc 1 258 1 is_stmt 1 view -0
 201              		.cfi_startproc
 202              		@ args = 0, pretend = 0, frame = 0
 203              		@ frame_needed = 0, uses_anonymous_args = 0
 204 0000 08B5     		push	{r3, lr}
 205              	.LCFI0:
 206              		.cfi_def_cfa_offset 8
 207              		.cfi_offset 3, -8
 208              		.cfi_offset 14, -4
 259:USB_DEVICE/App/usbd_audio_if.c ****   /* USER CODE BEGIN 7 */
 260:USB_DEVICE/App/usbd_audio_if.c ****   USBD_AUDIO_Sync(&hUsbDeviceFS, AUDIO_OFFSET_FULL);
 209              		.loc 1 260 3 view .LVU42
 210 0002 0221     		movs	r1, #2
 211 0004 0148     		ldr	r0, .L10
ARM GAS  C:\Users\Made\AppData\Local\Temp\ccQ1O1sN.s 			page 9


 212 0006 FFF7FEFF 		bl	USBD_AUDIO_Sync
 213              	.LVL12:
 261:USB_DEVICE/App/usbd_audio_if.c ****   /* USER CODE END 7 */
 262:USB_DEVICE/App/usbd_audio_if.c **** }
 214              		.loc 1 262 1 is_stmt 0 view .LVU43
 215 000a 08BD     		pop	{r3, pc}
 216              	.L11:
 217              		.align	2
 218              	.L10:
 219 000c 00000000 		.word	hUsbDeviceFS
 220              		.cfi_endproc
 221              	.LFE346:
 223              		.section	.text.HalfTransfer_CallBack_FS,"ax",%progbits
 224              		.align	1
 225              		.global	HalfTransfer_CallBack_FS
 226              		.syntax unified
 227              		.thumb
 228              		.thumb_func
 230              	HalfTransfer_CallBack_FS:
 231              	.LFB347:
 263:USB_DEVICE/App/usbd_audio_if.c **** 
 264:USB_DEVICE/App/usbd_audio_if.c **** /**
 265:USB_DEVICE/App/usbd_audio_if.c ****   * @brief  Manages the DMA Half transfer complete event.
 266:USB_DEVICE/App/usbd_audio_if.c ****   * @retval None
 267:USB_DEVICE/App/usbd_audio_if.c ****   */
 268:USB_DEVICE/App/usbd_audio_if.c **** void HalfTransfer_CallBack_FS(void)
 269:USB_DEVICE/App/usbd_audio_if.c **** {
 232              		.loc 1 269 1 is_stmt 1 view -0
 233              		.cfi_startproc
 234              		@ args = 0, pretend = 0, frame = 0
 235              		@ frame_needed = 0, uses_anonymous_args = 0
 236 0000 08B5     		push	{r3, lr}
 237              	.LCFI1:
 238              		.cfi_def_cfa_offset 8
 239              		.cfi_offset 3, -8
 240              		.cfi_offset 14, -4
 270:USB_DEVICE/App/usbd_audio_if.c ****   /* USER CODE BEGIN 8 */
 271:USB_DEVICE/App/usbd_audio_if.c ****   USBD_AUDIO_Sync(&hUsbDeviceFS, AUDIO_OFFSET_HALF);
 241              		.loc 1 271 3 view .LVU45
 242 0002 0121     		movs	r1, #1
 243 0004 0148     		ldr	r0, .L14
 244 0006 FFF7FEFF 		bl	USBD_AUDIO_Sync
 245              	.LVL13:
 272:USB_DEVICE/App/usbd_audio_if.c ****   /* USER CODE END 8 */
 273:USB_DEVICE/App/usbd_audio_if.c **** }
 246              		.loc 1 273 1 is_stmt 0 view .LVU46
 247 000a 08BD     		pop	{r3, pc}
 248              	.L15:
 249              		.align	2
 250              	.L14:
 251 000c 00000000 		.word	hUsbDeviceFS
 252              		.cfi_endproc
 253              	.LFE347:
 255              		.global	USBD_AUDIO_fops_FS
 256              		.section	.data.USBD_AUDIO_fops_FS,"aw"
 257              		.align	2
 260              	USBD_AUDIO_fops_FS:
ARM GAS  C:\Users\Made\AppData\Local\Temp\ccQ1O1sN.s 			page 10


 261 0000 00000000 		.word	AUDIO_Init_FS
 262 0004 00000000 		.word	AUDIO_DeInit_FS
 263 0008 00000000 		.word	AUDIO_AudioCmd_FS
 264 000c 00000000 		.word	AUDIO_VolumeCtl_FS
 265 0010 00000000 		.word	AUDIO_MuteCtl_FS
 266 0014 00000000 		.word	AUDIO_PeriodicTC_FS
 267 0018 00000000 		.word	AUDIO_GetState_FS
 268              		.text
 269              	.Letext0:
 270              		.file 2 "C:/Program Files (x86)/Arm GNU Toolchain arm-none-eabi/13.3 rel1/arm-none-eabi/include/ma
 271              		.file 3 "C:/Program Files (x86)/Arm GNU Toolchain arm-none-eabi/13.3 rel1/arm-none-eabi/include/sy
 272              		.file 4 "Middlewares/ST/STM32_USB_Device_Library/Core/Inc/usbd_def.h"
 273              		.file 5 "Middlewares/ST/STM32_USB_Device_Library/Class/AUDIO/Inc/usbd_audio.h"
 274              		.file 6 "USB_DEVICE/App/usbd_audio_if.h"
ARM GAS  C:\Users\Made\AppData\Local\Temp\ccQ1O1sN.s 			page 11


DEFINED SYMBOLS
                            *ABS*:00000000 usbd_audio_if.c
C:\Users\Made\AppData\Local\Temp\ccQ1O1sN.s:20     .text.AUDIO_Init_FS:00000000 $t
C:\Users\Made\AppData\Local\Temp\ccQ1O1sN.s:25     .text.AUDIO_Init_FS:00000000 AUDIO_Init_FS
C:\Users\Made\AppData\Local\Temp\ccQ1O1sN.s:46     .text.AUDIO_DeInit_FS:00000000 $t
C:\Users\Made\AppData\Local\Temp\ccQ1O1sN.s:51     .text.AUDIO_DeInit_FS:00000000 AUDIO_DeInit_FS
C:\Users\Made\AppData\Local\Temp\ccQ1O1sN.s:70     .text.AUDIO_AudioCmd_FS:00000000 $t
C:\Users\Made\AppData\Local\Temp\ccQ1O1sN.s:75     .text.AUDIO_AudioCmd_FS:00000000 AUDIO_AudioCmd_FS
C:\Users\Made\AppData\Local\Temp\ccQ1O1sN.s:98     .text.AUDIO_VolumeCtl_FS:00000000 $t
C:\Users\Made\AppData\Local\Temp\ccQ1O1sN.s:103    .text.AUDIO_VolumeCtl_FS:00000000 AUDIO_VolumeCtl_FS
C:\Users\Made\AppData\Local\Temp\ccQ1O1sN.s:122    .text.AUDIO_MuteCtl_FS:00000000 $t
C:\Users\Made\AppData\Local\Temp\ccQ1O1sN.s:127    .text.AUDIO_MuteCtl_FS:00000000 AUDIO_MuteCtl_FS
C:\Users\Made\AppData\Local\Temp\ccQ1O1sN.s:146    .text.AUDIO_PeriodicTC_FS:00000000 $t
C:\Users\Made\AppData\Local\Temp\ccQ1O1sN.s:151    .text.AUDIO_PeriodicTC_FS:00000000 AUDIO_PeriodicTC_FS
C:\Users\Made\AppData\Local\Temp\ccQ1O1sN.s:172    .text.AUDIO_GetState_FS:00000000 $t
C:\Users\Made\AppData\Local\Temp\ccQ1O1sN.s:177    .text.AUDIO_GetState_FS:00000000 AUDIO_GetState_FS
C:\Users\Made\AppData\Local\Temp\ccQ1O1sN.s:192    .text.TransferComplete_CallBack_FS:00000000 $t
C:\Users\Made\AppData\Local\Temp\ccQ1O1sN.s:198    .text.TransferComplete_CallBack_FS:00000000 TransferComplete_CallBack_FS
C:\Users\Made\AppData\Local\Temp\ccQ1O1sN.s:219    .text.TransferComplete_CallBack_FS:0000000c $d
C:\Users\Made\AppData\Local\Temp\ccQ1O1sN.s:224    .text.HalfTransfer_CallBack_FS:00000000 $t
C:\Users\Made\AppData\Local\Temp\ccQ1O1sN.s:230    .text.HalfTransfer_CallBack_FS:00000000 HalfTransfer_CallBack_FS
C:\Users\Made\AppData\Local\Temp\ccQ1O1sN.s:251    .text.HalfTransfer_CallBack_FS:0000000c $d
C:\Users\Made\AppData\Local\Temp\ccQ1O1sN.s:260    .data.USBD_AUDIO_fops_FS:00000000 USBD_AUDIO_fops_FS
C:\Users\Made\AppData\Local\Temp\ccQ1O1sN.s:257    .data.USBD_AUDIO_fops_FS:00000000 $d

UNDEFINED SYMBOLS
USBD_AUDIO_Sync
hUsbDeviceFS
