ARM GAS  C:\Users\Made\AppData\Local\Temp\cczU4Cwm.s 			page 1


   1              		.cpu cortex-m7
   2              		.arch armv7e-m
   3              		.fpu fpv5-d16
   4              		.eabi_attribute 28, 1
   5              		.eabi_attribute 20, 1
   6              		.eabi_attribute 21, 1
   7              		.eabi_attribute 23, 3
   8              		.eabi_attribute 24, 1
   9              		.eabi_attribute 25, 1
  10              		.eabi_attribute 26, 1
  11              		.eabi_attribute 30, 1
  12              		.eabi_attribute 34, 1
  13              		.eabi_attribute 18, 4
  14              		.file	"usbd_desc.c"
  15              		.text
  16              	.Ltext0:
  17              		.cfi_sections	.debug_frame
  18              		.file 1 "USB_DEVICE/App/usbd_desc.c"
  19              		.section	.text.USBD_FS_DeviceDescriptor,"ax",%progbits
  20              		.align	1
  21              		.global	USBD_FS_DeviceDescriptor
  22              		.syntax unified
  23              		.thumb
  24              		.thumb_func
  26              	USBD_FS_DeviceDescriptor:
  27              	.LVL0:
  28              	.LFB339:
   1:USB_DEVICE/App/usbd_desc.c **** /* USER CODE BEGIN Header */
   2:USB_DEVICE/App/usbd_desc.c **** /**
   3:USB_DEVICE/App/usbd_desc.c ****   ******************************************************************************
   4:USB_DEVICE/App/usbd_desc.c ****   * @file           : App/usbd_desc.c
   5:USB_DEVICE/App/usbd_desc.c ****   * @version        : v1.0_Cube
   6:USB_DEVICE/App/usbd_desc.c ****   * @brief          : This file implements the USB device descriptors.
   7:USB_DEVICE/App/usbd_desc.c ****   ******************************************************************************
   8:USB_DEVICE/App/usbd_desc.c ****   * @attention
   9:USB_DEVICE/App/usbd_desc.c ****   *
  10:USB_DEVICE/App/usbd_desc.c ****   * Copyright (c) 2025 STMicroelectronics.
  11:USB_DEVICE/App/usbd_desc.c ****   * All rights reserved.
  12:USB_DEVICE/App/usbd_desc.c ****   *
  13:USB_DEVICE/App/usbd_desc.c ****   * This software is licensed under terms that can be found in the LICENSE file
  14:USB_DEVICE/App/usbd_desc.c ****   * in the root directory of this software component.
  15:USB_DEVICE/App/usbd_desc.c ****   * If no LICENSE file comes with this software, it is provided AS-IS.
  16:USB_DEVICE/App/usbd_desc.c ****   *
  17:USB_DEVICE/App/usbd_desc.c ****   ******************************************************************************
  18:USB_DEVICE/App/usbd_desc.c ****   */
  19:USB_DEVICE/App/usbd_desc.c **** /* USER CODE END Header */
  20:USB_DEVICE/App/usbd_desc.c **** 
  21:USB_DEVICE/App/usbd_desc.c **** /* Includes ------------------------------------------------------------------*/
  22:USB_DEVICE/App/usbd_desc.c **** #include "usbd_core.h"
  23:USB_DEVICE/App/usbd_desc.c **** #include "usbd_desc.h"
  24:USB_DEVICE/App/usbd_desc.c **** #include "usbd_conf.h"
  25:USB_DEVICE/App/usbd_desc.c **** 
  26:USB_DEVICE/App/usbd_desc.c **** /* USER CODE BEGIN INCLUDE */
  27:USB_DEVICE/App/usbd_desc.c **** 
  28:USB_DEVICE/App/usbd_desc.c **** /* USER CODE END INCLUDE */
  29:USB_DEVICE/App/usbd_desc.c **** 
  30:USB_DEVICE/App/usbd_desc.c **** /* Private typedef -----------------------------------------------------------*/
ARM GAS  C:\Users\Made\AppData\Local\Temp\cczU4Cwm.s 			page 2


  31:USB_DEVICE/App/usbd_desc.c **** /* Private define ------------------------------------------------------------*/
  32:USB_DEVICE/App/usbd_desc.c **** /* Private macro -------------------------------------------------------------*/
  33:USB_DEVICE/App/usbd_desc.c **** 
  34:USB_DEVICE/App/usbd_desc.c **** /* USER CODE BEGIN PV */
  35:USB_DEVICE/App/usbd_desc.c **** /* Private variables ---------------------------------------------------------*/
  36:USB_DEVICE/App/usbd_desc.c **** 
  37:USB_DEVICE/App/usbd_desc.c **** /* USER CODE END PV */
  38:USB_DEVICE/App/usbd_desc.c **** 
  39:USB_DEVICE/App/usbd_desc.c **** /** @addtogroup STM32_USB_OTG_DEVICE_LIBRARY
  40:USB_DEVICE/App/usbd_desc.c ****   * @{
  41:USB_DEVICE/App/usbd_desc.c ****   */
  42:USB_DEVICE/App/usbd_desc.c **** 
  43:USB_DEVICE/App/usbd_desc.c **** /** @addtogroup USBD_DESC
  44:USB_DEVICE/App/usbd_desc.c ****   * @{
  45:USB_DEVICE/App/usbd_desc.c ****   */
  46:USB_DEVICE/App/usbd_desc.c **** 
  47:USB_DEVICE/App/usbd_desc.c **** /** @defgroup USBD_DESC_Private_TypesDefinitions USBD_DESC_Private_TypesDefinitions
  48:USB_DEVICE/App/usbd_desc.c ****   * @brief Private types.
  49:USB_DEVICE/App/usbd_desc.c ****   * @{
  50:USB_DEVICE/App/usbd_desc.c ****   */
  51:USB_DEVICE/App/usbd_desc.c **** 
  52:USB_DEVICE/App/usbd_desc.c **** /* USER CODE BEGIN PRIVATE_TYPES */
  53:USB_DEVICE/App/usbd_desc.c **** 
  54:USB_DEVICE/App/usbd_desc.c **** /* USER CODE END PRIVATE_TYPES */
  55:USB_DEVICE/App/usbd_desc.c **** 
  56:USB_DEVICE/App/usbd_desc.c **** /**
  57:USB_DEVICE/App/usbd_desc.c ****   * @}
  58:USB_DEVICE/App/usbd_desc.c ****   */
  59:USB_DEVICE/App/usbd_desc.c **** 
  60:USB_DEVICE/App/usbd_desc.c **** /** @defgroup USBD_DESC_Private_Defines USBD_DESC_Private_Defines
  61:USB_DEVICE/App/usbd_desc.c ****   * @brief Private defines.
  62:USB_DEVICE/App/usbd_desc.c ****   * @{
  63:USB_DEVICE/App/usbd_desc.c ****   */
  64:USB_DEVICE/App/usbd_desc.c **** 
  65:USB_DEVICE/App/usbd_desc.c **** #define USBD_VID     1155
  66:USB_DEVICE/App/usbd_desc.c **** #define USBD_LANGID_STRING     1033
  67:USB_DEVICE/App/usbd_desc.c **** #define USBD_MANUFACTURER_STRING     "lovro zednik"
  68:USB_DEVICE/App/usbd_desc.c **** #define USBD_PID_FS     22315
  69:USB_DEVICE/App/usbd_desc.c **** #define USBD_PRODUCT_STRING_FS     "synth"
  70:USB_DEVICE/App/usbd_desc.c **** #define USBD_CONFIGURATION_STRING_FS     "synth HID cfg"
  71:USB_DEVICE/App/usbd_desc.c **** #define USBD_INTERFACE_STRING_FS     "synth HID if"
  72:USB_DEVICE/App/usbd_desc.c **** 
  73:USB_DEVICE/App/usbd_desc.c **** #define USB_SIZ_BOS_DESC            0x0C
  74:USB_DEVICE/App/usbd_desc.c **** 
  75:USB_DEVICE/App/usbd_desc.c **** /* USER CODE BEGIN PRIVATE_DEFINES */
  76:USB_DEVICE/App/usbd_desc.c **** 
  77:USB_DEVICE/App/usbd_desc.c **** /* USER CODE END PRIVATE_DEFINES */
  78:USB_DEVICE/App/usbd_desc.c **** 
  79:USB_DEVICE/App/usbd_desc.c **** /**
  80:USB_DEVICE/App/usbd_desc.c ****   * @}
  81:USB_DEVICE/App/usbd_desc.c ****   */
  82:USB_DEVICE/App/usbd_desc.c **** 
  83:USB_DEVICE/App/usbd_desc.c **** /* USER CODE BEGIN 0 */
  84:USB_DEVICE/App/usbd_desc.c **** 
  85:USB_DEVICE/App/usbd_desc.c **** /* USER CODE END 0 */
  86:USB_DEVICE/App/usbd_desc.c **** 
  87:USB_DEVICE/App/usbd_desc.c **** /** @defgroup USBD_DESC_Private_Macros USBD_DESC_Private_Macros
ARM GAS  C:\Users\Made\AppData\Local\Temp\cczU4Cwm.s 			page 3


  88:USB_DEVICE/App/usbd_desc.c ****   * @brief Private macros.
  89:USB_DEVICE/App/usbd_desc.c ****   * @{
  90:USB_DEVICE/App/usbd_desc.c ****   */
  91:USB_DEVICE/App/usbd_desc.c **** 
  92:USB_DEVICE/App/usbd_desc.c **** /* USER CODE BEGIN PRIVATE_MACRO */
  93:USB_DEVICE/App/usbd_desc.c **** 
  94:USB_DEVICE/App/usbd_desc.c **** /* USER CODE END PRIVATE_MACRO */
  95:USB_DEVICE/App/usbd_desc.c **** 
  96:USB_DEVICE/App/usbd_desc.c **** /**
  97:USB_DEVICE/App/usbd_desc.c ****   * @}
  98:USB_DEVICE/App/usbd_desc.c ****   */
  99:USB_DEVICE/App/usbd_desc.c **** 
 100:USB_DEVICE/App/usbd_desc.c **** /** @defgroup USBD_DESC_Private_FunctionPrototypes USBD_DESC_Private_FunctionPrototypes
 101:USB_DEVICE/App/usbd_desc.c ****   * @brief Private functions declaration.
 102:USB_DEVICE/App/usbd_desc.c ****   * @{
 103:USB_DEVICE/App/usbd_desc.c ****   */
 104:USB_DEVICE/App/usbd_desc.c **** 
 105:USB_DEVICE/App/usbd_desc.c **** static void Get_SerialNum(void);
 106:USB_DEVICE/App/usbd_desc.c **** static void IntToUnicode(uint32_t value, uint8_t * pbuf, uint8_t len);
 107:USB_DEVICE/App/usbd_desc.c **** 
 108:USB_DEVICE/App/usbd_desc.c **** /**
 109:USB_DEVICE/App/usbd_desc.c ****   * @}
 110:USB_DEVICE/App/usbd_desc.c ****   */
 111:USB_DEVICE/App/usbd_desc.c **** 
 112:USB_DEVICE/App/usbd_desc.c **** /** @defgroup USBD_DESC_Private_FunctionPrototypes USBD_DESC_Private_FunctionPrototypes
 113:USB_DEVICE/App/usbd_desc.c ****   * @brief Private functions declaration for FS.
 114:USB_DEVICE/App/usbd_desc.c ****   * @{
 115:USB_DEVICE/App/usbd_desc.c ****   */
 116:USB_DEVICE/App/usbd_desc.c **** 
 117:USB_DEVICE/App/usbd_desc.c **** uint8_t * USBD_FS_DeviceDescriptor(USBD_SpeedTypeDef speed, uint16_t *length);
 118:USB_DEVICE/App/usbd_desc.c **** uint8_t * USBD_FS_LangIDStrDescriptor(USBD_SpeedTypeDef speed, uint16_t *length);
 119:USB_DEVICE/App/usbd_desc.c **** uint8_t * USBD_FS_ManufacturerStrDescriptor(USBD_SpeedTypeDef speed, uint16_t *length);
 120:USB_DEVICE/App/usbd_desc.c **** uint8_t * USBD_FS_ProductStrDescriptor(USBD_SpeedTypeDef speed, uint16_t *length);
 121:USB_DEVICE/App/usbd_desc.c **** uint8_t * USBD_FS_SerialStrDescriptor(USBD_SpeedTypeDef speed, uint16_t *length);
 122:USB_DEVICE/App/usbd_desc.c **** uint8_t * USBD_FS_ConfigStrDescriptor(USBD_SpeedTypeDef speed, uint16_t *length);
 123:USB_DEVICE/App/usbd_desc.c **** uint8_t * USBD_FS_InterfaceStrDescriptor(USBD_SpeedTypeDef speed, uint16_t *length);
 124:USB_DEVICE/App/usbd_desc.c **** 
 125:USB_DEVICE/App/usbd_desc.c **** /**
 126:USB_DEVICE/App/usbd_desc.c ****   * @}
 127:USB_DEVICE/App/usbd_desc.c ****   */
 128:USB_DEVICE/App/usbd_desc.c **** 
 129:USB_DEVICE/App/usbd_desc.c **** /** @defgroup USBD_DESC_Private_Variables USBD_DESC_Private_Variables
 130:USB_DEVICE/App/usbd_desc.c ****   * @brief Private variables.
 131:USB_DEVICE/App/usbd_desc.c ****   * @{
 132:USB_DEVICE/App/usbd_desc.c ****   */
 133:USB_DEVICE/App/usbd_desc.c **** 
 134:USB_DEVICE/App/usbd_desc.c **** USBD_DescriptorsTypeDef FS_Desc =
 135:USB_DEVICE/App/usbd_desc.c **** {
 136:USB_DEVICE/App/usbd_desc.c ****   USBD_FS_DeviceDescriptor
 137:USB_DEVICE/App/usbd_desc.c **** , USBD_FS_LangIDStrDescriptor
 138:USB_DEVICE/App/usbd_desc.c **** , USBD_FS_ManufacturerStrDescriptor
 139:USB_DEVICE/App/usbd_desc.c **** , USBD_FS_ProductStrDescriptor
 140:USB_DEVICE/App/usbd_desc.c **** , USBD_FS_SerialStrDescriptor
 141:USB_DEVICE/App/usbd_desc.c **** , USBD_FS_ConfigStrDescriptor
 142:USB_DEVICE/App/usbd_desc.c **** , USBD_FS_InterfaceStrDescriptor
 143:USB_DEVICE/App/usbd_desc.c **** };
 144:USB_DEVICE/App/usbd_desc.c **** 
ARM GAS  C:\Users\Made\AppData\Local\Temp\cczU4Cwm.s 			page 4


 145:USB_DEVICE/App/usbd_desc.c **** #if defined ( __ICCARM__ ) /* IAR Compiler */
 146:USB_DEVICE/App/usbd_desc.c ****   #pragma data_alignment=4
 147:USB_DEVICE/App/usbd_desc.c **** #endif /* defined ( __ICCARM__ ) */
 148:USB_DEVICE/App/usbd_desc.c **** /** USB standard device descriptor. */
 149:USB_DEVICE/App/usbd_desc.c **** __ALIGN_BEGIN uint8_t USBD_FS_DeviceDesc[USB_LEN_DEV_DESC] __ALIGN_END =
 150:USB_DEVICE/App/usbd_desc.c **** {
 151:USB_DEVICE/App/usbd_desc.c ****   0x12,                       /*bLength */
 152:USB_DEVICE/App/usbd_desc.c ****   USB_DESC_TYPE_DEVICE,       /*bDescriptorType*/
 153:USB_DEVICE/App/usbd_desc.c ****   0x00,                       /*bcdUSB */
 154:USB_DEVICE/App/usbd_desc.c ****   0x02,
 155:USB_DEVICE/App/usbd_desc.c ****   0x00,                       /*bDeviceClass*/
 156:USB_DEVICE/App/usbd_desc.c ****   0x00,                       /*bDeviceSubClass*/
 157:USB_DEVICE/App/usbd_desc.c ****   0x00,                       /*bDeviceProtocol*/
 158:USB_DEVICE/App/usbd_desc.c ****   USB_MAX_EP0_SIZE,           /*bMaxPacketSize*/
 159:USB_DEVICE/App/usbd_desc.c ****   LOBYTE(USBD_VID),           /*idVendor*/
 160:USB_DEVICE/App/usbd_desc.c ****   HIBYTE(USBD_VID),           /*idVendor*/
 161:USB_DEVICE/App/usbd_desc.c ****   LOBYTE(USBD_PID_FS),        /*idProduct*/
 162:USB_DEVICE/App/usbd_desc.c ****   HIBYTE(USBD_PID_FS),        /*idProduct*/
 163:USB_DEVICE/App/usbd_desc.c ****   0x00,                       /*bcdDevice rel. 2.00*/
 164:USB_DEVICE/App/usbd_desc.c ****   0x02,
 165:USB_DEVICE/App/usbd_desc.c ****   USBD_IDX_MFC_STR,           /*Index of manufacturer  string*/
 166:USB_DEVICE/App/usbd_desc.c ****   USBD_IDX_PRODUCT_STR,       /*Index of product string*/
 167:USB_DEVICE/App/usbd_desc.c ****   USBD_IDX_SERIAL_STR,        /*Index of serial number string*/
 168:USB_DEVICE/App/usbd_desc.c ****   USBD_MAX_NUM_CONFIGURATION  /*bNumConfigurations*/
 169:USB_DEVICE/App/usbd_desc.c **** };
 170:USB_DEVICE/App/usbd_desc.c **** 
 171:USB_DEVICE/App/usbd_desc.c **** /* USB_DeviceDescriptor */
 172:USB_DEVICE/App/usbd_desc.c **** /** BOS descriptor. */
 173:USB_DEVICE/App/usbd_desc.c **** #if (USBD_LPM_ENABLED == 1)
 174:USB_DEVICE/App/usbd_desc.c **** #if defined ( __ICCARM__ ) /* IAR Compiler */
 175:USB_DEVICE/App/usbd_desc.c ****   #pragma data_alignment=4
 176:USB_DEVICE/App/usbd_desc.c **** #endif /* defined ( __ICCARM__ ) */
 177:USB_DEVICE/App/usbd_desc.c **** __ALIGN_BEGIN uint8_t USBD_FS_BOSDesc[USB_SIZ_BOS_DESC] __ALIGN_END =
 178:USB_DEVICE/App/usbd_desc.c **** {
 179:USB_DEVICE/App/usbd_desc.c ****   0x5,
 180:USB_DEVICE/App/usbd_desc.c ****   USB_DESC_TYPE_BOS,
 181:USB_DEVICE/App/usbd_desc.c ****   0xC,
 182:USB_DEVICE/App/usbd_desc.c ****   0x0,
 183:USB_DEVICE/App/usbd_desc.c ****   0x1,  /* 1 device capability*/
 184:USB_DEVICE/App/usbd_desc.c ****         /* device capability*/
 185:USB_DEVICE/App/usbd_desc.c ****   0x7,
 186:USB_DEVICE/App/usbd_desc.c ****   USB_DEVICE_CAPABITY_TYPE,
 187:USB_DEVICE/App/usbd_desc.c ****   0x2,
 188:USB_DEVICE/App/usbd_desc.c ****   0x2,  /* LPM capability bit set*/
 189:USB_DEVICE/App/usbd_desc.c ****   0x0,
 190:USB_DEVICE/App/usbd_desc.c ****   0x0,
 191:USB_DEVICE/App/usbd_desc.c ****   0x0
 192:USB_DEVICE/App/usbd_desc.c **** };
 193:USB_DEVICE/App/usbd_desc.c **** #endif /* (USBD_LPM_ENABLED == 1) */
 194:USB_DEVICE/App/usbd_desc.c **** 
 195:USB_DEVICE/App/usbd_desc.c **** /**
 196:USB_DEVICE/App/usbd_desc.c ****   * @}
 197:USB_DEVICE/App/usbd_desc.c ****   */
 198:USB_DEVICE/App/usbd_desc.c **** 
 199:USB_DEVICE/App/usbd_desc.c **** /** @defgroup USBD_DESC_Private_Variables USBD_DESC_Private_Variables
 200:USB_DEVICE/App/usbd_desc.c ****   * @brief Private variables.
 201:USB_DEVICE/App/usbd_desc.c ****   * @{
ARM GAS  C:\Users\Made\AppData\Local\Temp\cczU4Cwm.s 			page 5


 202:USB_DEVICE/App/usbd_desc.c ****   */
 203:USB_DEVICE/App/usbd_desc.c **** 
 204:USB_DEVICE/App/usbd_desc.c **** #if defined ( __ICCARM__ ) /* IAR Compiler */
 205:USB_DEVICE/App/usbd_desc.c ****   #pragma data_alignment=4
 206:USB_DEVICE/App/usbd_desc.c **** #endif /* defined ( __ICCARM__ ) */
 207:USB_DEVICE/App/usbd_desc.c **** 
 208:USB_DEVICE/App/usbd_desc.c **** /** USB lang identifier descriptor. */
 209:USB_DEVICE/App/usbd_desc.c **** __ALIGN_BEGIN uint8_t USBD_LangIDDesc[USB_LEN_LANGID_STR_DESC] __ALIGN_END =
 210:USB_DEVICE/App/usbd_desc.c **** {
 211:USB_DEVICE/App/usbd_desc.c ****      USB_LEN_LANGID_STR_DESC,
 212:USB_DEVICE/App/usbd_desc.c ****      USB_DESC_TYPE_STRING,
 213:USB_DEVICE/App/usbd_desc.c ****      LOBYTE(USBD_LANGID_STRING),
 214:USB_DEVICE/App/usbd_desc.c ****      HIBYTE(USBD_LANGID_STRING)
 215:USB_DEVICE/App/usbd_desc.c **** };
 216:USB_DEVICE/App/usbd_desc.c **** 
 217:USB_DEVICE/App/usbd_desc.c **** #if defined ( __ICCARM__ ) /* IAR Compiler */
 218:USB_DEVICE/App/usbd_desc.c ****   #pragma data_alignment=4
 219:USB_DEVICE/App/usbd_desc.c **** #endif /* defined ( __ICCARM__ ) */
 220:USB_DEVICE/App/usbd_desc.c **** /* Internal string descriptor. */
 221:USB_DEVICE/App/usbd_desc.c **** __ALIGN_BEGIN uint8_t USBD_StrDesc[USBD_MAX_STR_DESC_SIZ] __ALIGN_END;
 222:USB_DEVICE/App/usbd_desc.c **** 
 223:USB_DEVICE/App/usbd_desc.c **** #if defined ( __ICCARM__ ) /*!< IAR Compiler */
 224:USB_DEVICE/App/usbd_desc.c ****   #pragma data_alignment=4
 225:USB_DEVICE/App/usbd_desc.c **** #endif
 226:USB_DEVICE/App/usbd_desc.c **** __ALIGN_BEGIN uint8_t USBD_StringSerial[USB_SIZ_STRING_SERIAL] __ALIGN_END = {
 227:USB_DEVICE/App/usbd_desc.c ****   USB_SIZ_STRING_SERIAL,
 228:USB_DEVICE/App/usbd_desc.c ****   USB_DESC_TYPE_STRING,
 229:USB_DEVICE/App/usbd_desc.c **** };
 230:USB_DEVICE/App/usbd_desc.c **** 
 231:USB_DEVICE/App/usbd_desc.c **** /**
 232:USB_DEVICE/App/usbd_desc.c ****   * @}
 233:USB_DEVICE/App/usbd_desc.c ****   */
 234:USB_DEVICE/App/usbd_desc.c **** 
 235:USB_DEVICE/App/usbd_desc.c **** /** @defgroup USBD_DESC_Private_Functions USBD_DESC_Private_Functions
 236:USB_DEVICE/App/usbd_desc.c ****   * @brief Private functions.
 237:USB_DEVICE/App/usbd_desc.c ****   * @{
 238:USB_DEVICE/App/usbd_desc.c ****   */
 239:USB_DEVICE/App/usbd_desc.c **** 
 240:USB_DEVICE/App/usbd_desc.c **** /**
 241:USB_DEVICE/App/usbd_desc.c ****   * @brief  Return the device descriptor
 242:USB_DEVICE/App/usbd_desc.c ****   * @param  speed : Current device speed
 243:USB_DEVICE/App/usbd_desc.c ****   * @param  length : Pointer to data length variable
 244:USB_DEVICE/App/usbd_desc.c ****   * @retval Pointer to descriptor buffer
 245:USB_DEVICE/App/usbd_desc.c ****   */
 246:USB_DEVICE/App/usbd_desc.c **** uint8_t * USBD_FS_DeviceDescriptor(USBD_SpeedTypeDef speed, uint16_t *length)
 247:USB_DEVICE/App/usbd_desc.c **** {
  29              		.loc 1 247 1 view -0
  30              		.cfi_startproc
  31              		@ args = 0, pretend = 0, frame = 0
  32              		@ frame_needed = 0, uses_anonymous_args = 0
  33              		@ link register save eliminated.
 248:USB_DEVICE/App/usbd_desc.c ****   UNUSED(speed);
  34              		.loc 1 248 3 view .LVU1
 249:USB_DEVICE/App/usbd_desc.c ****   *length = sizeof(USBD_FS_DeviceDesc);
  35              		.loc 1 249 3 view .LVU2
  36              		.loc 1 249 11 is_stmt 0 view .LVU3
  37 0000 1223     		movs	r3, #18
ARM GAS  C:\Users\Made\AppData\Local\Temp\cczU4Cwm.s 			page 6


  38 0002 0B80     		strh	r3, [r1]	@ movhi
 250:USB_DEVICE/App/usbd_desc.c ****   return USBD_FS_DeviceDesc;
  39              		.loc 1 250 3 is_stmt 1 view .LVU4
 251:USB_DEVICE/App/usbd_desc.c **** }
  40              		.loc 1 251 1 is_stmt 0 view .LVU5
  41 0004 0048     		ldr	r0, .L2
  42              	.LVL1:
  43              		.loc 1 251 1 view .LVU6
  44 0006 7047     		bx	lr
  45              	.L3:
  46              		.align	2
  47              	.L2:
  48 0008 00000000 		.word	USBD_FS_DeviceDesc
  49              		.cfi_endproc
  50              	.LFE339:
  52              		.section	.text.USBD_FS_LangIDStrDescriptor,"ax",%progbits
  53              		.align	1
  54              		.global	USBD_FS_LangIDStrDescriptor
  55              		.syntax unified
  56              		.thumb
  57              		.thumb_func
  59              	USBD_FS_LangIDStrDescriptor:
  60              	.LVL2:
  61              	.LFB340:
 252:USB_DEVICE/App/usbd_desc.c **** 
 253:USB_DEVICE/App/usbd_desc.c **** /**
 254:USB_DEVICE/App/usbd_desc.c ****   * @brief  Return the LangID string descriptor
 255:USB_DEVICE/App/usbd_desc.c ****   * @param  speed : Current device speed
 256:USB_DEVICE/App/usbd_desc.c ****   * @param  length : Pointer to data length variable
 257:USB_DEVICE/App/usbd_desc.c ****   * @retval Pointer to descriptor buffer
 258:USB_DEVICE/App/usbd_desc.c ****   */
 259:USB_DEVICE/App/usbd_desc.c **** uint8_t * USBD_FS_LangIDStrDescriptor(USBD_SpeedTypeDef speed, uint16_t *length)
 260:USB_DEVICE/App/usbd_desc.c **** {
  62              		.loc 1 260 1 is_stmt 1 view -0
  63              		.cfi_startproc
  64              		@ args = 0, pretend = 0, frame = 0
  65              		@ frame_needed = 0, uses_anonymous_args = 0
  66              		@ link register save eliminated.
 261:USB_DEVICE/App/usbd_desc.c ****   UNUSED(speed);
  67              		.loc 1 261 3 view .LVU8
 262:USB_DEVICE/App/usbd_desc.c ****   *length = sizeof(USBD_LangIDDesc);
  68              		.loc 1 262 3 view .LVU9
  69              		.loc 1 262 11 is_stmt 0 view .LVU10
  70 0000 0423     		movs	r3, #4
  71 0002 0B80     		strh	r3, [r1]	@ movhi
 263:USB_DEVICE/App/usbd_desc.c ****   return USBD_LangIDDesc;
  72              		.loc 1 263 3 is_stmt 1 view .LVU11
 264:USB_DEVICE/App/usbd_desc.c **** }
  73              		.loc 1 264 1 is_stmt 0 view .LVU12
  74 0004 0048     		ldr	r0, .L5
  75              	.LVL3:
  76              		.loc 1 264 1 view .LVU13
  77 0006 7047     		bx	lr
  78              	.L6:
  79              		.align	2
  80              	.L5:
  81 0008 00000000 		.word	USBD_LangIDDesc
ARM GAS  C:\Users\Made\AppData\Local\Temp\cczU4Cwm.s 			page 7


  82              		.cfi_endproc
  83              	.LFE340:
  85              		.section	.text.IntToUnicode,"ax",%progbits
  86              		.align	1
  87              		.syntax unified
  88              		.thumb
  89              		.thumb_func
  91              	IntToUnicode:
  92              	.LVL4:
  93              	.LFB347:
 265:USB_DEVICE/App/usbd_desc.c **** 
 266:USB_DEVICE/App/usbd_desc.c **** /**
 267:USB_DEVICE/App/usbd_desc.c ****   * @brief  Return the product string descriptor
 268:USB_DEVICE/App/usbd_desc.c ****   * @param  speed : Current device speed
 269:USB_DEVICE/App/usbd_desc.c ****   * @param  length : Pointer to data length variable
 270:USB_DEVICE/App/usbd_desc.c ****   * @retval Pointer to descriptor buffer
 271:USB_DEVICE/App/usbd_desc.c ****   */
 272:USB_DEVICE/App/usbd_desc.c **** uint8_t * USBD_FS_ProductStrDescriptor(USBD_SpeedTypeDef speed, uint16_t *length)
 273:USB_DEVICE/App/usbd_desc.c **** {
 274:USB_DEVICE/App/usbd_desc.c ****   if(speed == 0)
 275:USB_DEVICE/App/usbd_desc.c ****   {
 276:USB_DEVICE/App/usbd_desc.c ****     USBD_GetString((uint8_t *)USBD_PRODUCT_STRING_FS, USBD_StrDesc, length);
 277:USB_DEVICE/App/usbd_desc.c ****   }
 278:USB_DEVICE/App/usbd_desc.c ****   else
 279:USB_DEVICE/App/usbd_desc.c ****   {
 280:USB_DEVICE/App/usbd_desc.c ****     USBD_GetString((uint8_t *)USBD_PRODUCT_STRING_FS, USBD_StrDesc, length);
 281:USB_DEVICE/App/usbd_desc.c ****   }
 282:USB_DEVICE/App/usbd_desc.c ****   return USBD_StrDesc;
 283:USB_DEVICE/App/usbd_desc.c **** }
 284:USB_DEVICE/App/usbd_desc.c **** 
 285:USB_DEVICE/App/usbd_desc.c **** /**
 286:USB_DEVICE/App/usbd_desc.c ****   * @brief  Return the manufacturer string descriptor
 287:USB_DEVICE/App/usbd_desc.c ****   * @param  speed : Current device speed
 288:USB_DEVICE/App/usbd_desc.c ****   * @param  length : Pointer to data length variable
 289:USB_DEVICE/App/usbd_desc.c ****   * @retval Pointer to descriptor buffer
 290:USB_DEVICE/App/usbd_desc.c ****   */
 291:USB_DEVICE/App/usbd_desc.c **** uint8_t * USBD_FS_ManufacturerStrDescriptor(USBD_SpeedTypeDef speed, uint16_t *length)
 292:USB_DEVICE/App/usbd_desc.c **** {
 293:USB_DEVICE/App/usbd_desc.c ****   UNUSED(speed);
 294:USB_DEVICE/App/usbd_desc.c ****   USBD_GetString((uint8_t *)USBD_MANUFACTURER_STRING, USBD_StrDesc, length);
 295:USB_DEVICE/App/usbd_desc.c ****   return USBD_StrDesc;
 296:USB_DEVICE/App/usbd_desc.c **** }
 297:USB_DEVICE/App/usbd_desc.c **** 
 298:USB_DEVICE/App/usbd_desc.c **** /**
 299:USB_DEVICE/App/usbd_desc.c ****   * @brief  Return the serial number string descriptor
 300:USB_DEVICE/App/usbd_desc.c ****   * @param  speed : Current device speed
 301:USB_DEVICE/App/usbd_desc.c ****   * @param  length : Pointer to data length variable
 302:USB_DEVICE/App/usbd_desc.c ****   * @retval Pointer to descriptor buffer
 303:USB_DEVICE/App/usbd_desc.c ****   */
 304:USB_DEVICE/App/usbd_desc.c **** uint8_t * USBD_FS_SerialStrDescriptor(USBD_SpeedTypeDef speed, uint16_t *length)
 305:USB_DEVICE/App/usbd_desc.c **** {
 306:USB_DEVICE/App/usbd_desc.c ****   UNUSED(speed);
 307:USB_DEVICE/App/usbd_desc.c ****   *length = USB_SIZ_STRING_SERIAL;
 308:USB_DEVICE/App/usbd_desc.c **** 
 309:USB_DEVICE/App/usbd_desc.c ****   /* Update the serial number string descriptor with the data from the unique
 310:USB_DEVICE/App/usbd_desc.c ****    * ID */
 311:USB_DEVICE/App/usbd_desc.c ****   Get_SerialNum();
ARM GAS  C:\Users\Made\AppData\Local\Temp\cczU4Cwm.s 			page 8


 312:USB_DEVICE/App/usbd_desc.c ****   /* USER CODE BEGIN USBD_FS_SerialStrDescriptor */
 313:USB_DEVICE/App/usbd_desc.c **** 
 314:USB_DEVICE/App/usbd_desc.c ****   /* USER CODE END USBD_FS_SerialStrDescriptor */
 315:USB_DEVICE/App/usbd_desc.c ****   return (uint8_t *) USBD_StringSerial;
 316:USB_DEVICE/App/usbd_desc.c **** }
 317:USB_DEVICE/App/usbd_desc.c **** 
 318:USB_DEVICE/App/usbd_desc.c **** /**
 319:USB_DEVICE/App/usbd_desc.c ****   * @brief  Return the configuration string descriptor
 320:USB_DEVICE/App/usbd_desc.c ****   * @param  speed : Current device speed
 321:USB_DEVICE/App/usbd_desc.c ****   * @param  length : Pointer to data length variable
 322:USB_DEVICE/App/usbd_desc.c ****   * @retval Pointer to descriptor buffer
 323:USB_DEVICE/App/usbd_desc.c ****   */
 324:USB_DEVICE/App/usbd_desc.c **** uint8_t * USBD_FS_ConfigStrDescriptor(USBD_SpeedTypeDef speed, uint16_t *length)
 325:USB_DEVICE/App/usbd_desc.c **** {
 326:USB_DEVICE/App/usbd_desc.c ****   if(speed == USBD_SPEED_HIGH)
 327:USB_DEVICE/App/usbd_desc.c ****   {
 328:USB_DEVICE/App/usbd_desc.c ****     USBD_GetString((uint8_t *)USBD_CONFIGURATION_STRING_FS, USBD_StrDesc, length);
 329:USB_DEVICE/App/usbd_desc.c ****   }
 330:USB_DEVICE/App/usbd_desc.c ****   else
 331:USB_DEVICE/App/usbd_desc.c ****   {
 332:USB_DEVICE/App/usbd_desc.c ****     USBD_GetString((uint8_t *)USBD_CONFIGURATION_STRING_FS, USBD_StrDesc, length);
 333:USB_DEVICE/App/usbd_desc.c ****   }
 334:USB_DEVICE/App/usbd_desc.c ****   return USBD_StrDesc;
 335:USB_DEVICE/App/usbd_desc.c **** }
 336:USB_DEVICE/App/usbd_desc.c **** 
 337:USB_DEVICE/App/usbd_desc.c **** /**
 338:USB_DEVICE/App/usbd_desc.c ****   * @brief  Return the interface string descriptor
 339:USB_DEVICE/App/usbd_desc.c ****   * @param  speed : Current device speed
 340:USB_DEVICE/App/usbd_desc.c ****   * @param  length : Pointer to data length variable
 341:USB_DEVICE/App/usbd_desc.c ****   * @retval Pointer to descriptor buffer
 342:USB_DEVICE/App/usbd_desc.c ****   */
 343:USB_DEVICE/App/usbd_desc.c **** uint8_t * USBD_FS_InterfaceStrDescriptor(USBD_SpeedTypeDef speed, uint16_t *length)
 344:USB_DEVICE/App/usbd_desc.c **** {
 345:USB_DEVICE/App/usbd_desc.c ****   if(speed == 0)
 346:USB_DEVICE/App/usbd_desc.c ****   {
 347:USB_DEVICE/App/usbd_desc.c ****     USBD_GetString((uint8_t *)USBD_INTERFACE_STRING_FS, USBD_StrDesc, length);
 348:USB_DEVICE/App/usbd_desc.c ****   }
 349:USB_DEVICE/App/usbd_desc.c ****   else
 350:USB_DEVICE/App/usbd_desc.c ****   {
 351:USB_DEVICE/App/usbd_desc.c ****     USBD_GetString((uint8_t *)USBD_INTERFACE_STRING_FS, USBD_StrDesc, length);
 352:USB_DEVICE/App/usbd_desc.c ****   }
 353:USB_DEVICE/App/usbd_desc.c ****   return USBD_StrDesc;
 354:USB_DEVICE/App/usbd_desc.c **** }
 355:USB_DEVICE/App/usbd_desc.c **** 
 356:USB_DEVICE/App/usbd_desc.c **** /**
 357:USB_DEVICE/App/usbd_desc.c ****   * @brief  Create the serial number string descriptor
 358:USB_DEVICE/App/usbd_desc.c ****   * @param  None
 359:USB_DEVICE/App/usbd_desc.c ****   * @retval None
 360:USB_DEVICE/App/usbd_desc.c ****   */
 361:USB_DEVICE/App/usbd_desc.c **** static void Get_SerialNum(void)
 362:USB_DEVICE/App/usbd_desc.c **** {
 363:USB_DEVICE/App/usbd_desc.c ****   uint32_t deviceserial0;
 364:USB_DEVICE/App/usbd_desc.c ****   uint32_t deviceserial1;
 365:USB_DEVICE/App/usbd_desc.c ****   uint32_t deviceserial2;
 366:USB_DEVICE/App/usbd_desc.c **** 
 367:USB_DEVICE/App/usbd_desc.c ****   deviceserial0 = *(uint32_t *) DEVICE_ID1;
 368:USB_DEVICE/App/usbd_desc.c ****   deviceserial1 = *(uint32_t *) DEVICE_ID2;
ARM GAS  C:\Users\Made\AppData\Local\Temp\cczU4Cwm.s 			page 9


 369:USB_DEVICE/App/usbd_desc.c ****   deviceserial2 = *(uint32_t *) DEVICE_ID3;
 370:USB_DEVICE/App/usbd_desc.c **** 
 371:USB_DEVICE/App/usbd_desc.c ****   deviceserial0 += deviceserial2;
 372:USB_DEVICE/App/usbd_desc.c **** 
 373:USB_DEVICE/App/usbd_desc.c ****   if (deviceserial0 != 0)
 374:USB_DEVICE/App/usbd_desc.c ****   {
 375:USB_DEVICE/App/usbd_desc.c ****     IntToUnicode(deviceserial0, &USBD_StringSerial[2], 8);
 376:USB_DEVICE/App/usbd_desc.c ****     IntToUnicode(deviceserial1, &USBD_StringSerial[18], 4);
 377:USB_DEVICE/App/usbd_desc.c ****   }
 378:USB_DEVICE/App/usbd_desc.c **** }
 379:USB_DEVICE/App/usbd_desc.c **** 
 380:USB_DEVICE/App/usbd_desc.c **** /**
 381:USB_DEVICE/App/usbd_desc.c ****   * @brief  Convert Hex 32Bits value into char
 382:USB_DEVICE/App/usbd_desc.c ****   * @param  value: value to convert
 383:USB_DEVICE/App/usbd_desc.c ****   * @param  pbuf: pointer to the buffer
 384:USB_DEVICE/App/usbd_desc.c ****   * @param  len: buffer length
 385:USB_DEVICE/App/usbd_desc.c ****   * @retval None
 386:USB_DEVICE/App/usbd_desc.c ****   */
 387:USB_DEVICE/App/usbd_desc.c **** static void IntToUnicode(uint32_t value, uint8_t * pbuf, uint8_t len)
 388:USB_DEVICE/App/usbd_desc.c **** {
  94              		.loc 1 388 1 is_stmt 1 view -0
  95              		.cfi_startproc
  96              		@ args = 0, pretend = 0, frame = 0
  97              		@ frame_needed = 0, uses_anonymous_args = 0
 389:USB_DEVICE/App/usbd_desc.c ****   uint8_t idx = 0;
  98              		.loc 1 389 3 view .LVU15
 390:USB_DEVICE/App/usbd_desc.c **** 
 391:USB_DEVICE/App/usbd_desc.c ****   for (idx = 0; idx < len; idx++)
  99              		.loc 1 391 3 view .LVU16
 100              		.loc 1 391 12 is_stmt 0 view .LVU17
 101 0000 0023     		movs	r3, #0
 102              	.LVL5:
 103              		.loc 1 391 21 is_stmt 1 discriminator 1 view .LVU18
 104 0002 9342     		cmp	r3, r2
 105 0004 1ED2     		bcs	.L15
 388:USB_DEVICE/App/usbd_desc.c ****   uint8_t idx = 0;
 106              		.loc 1 388 1 is_stmt 0 view .LVU19
 107 0006 00B5     		push	{lr}
 108              	.LCFI0:
 109              		.cfi_def_cfa_offset 4
 110              		.cfi_offset 14, -4
 111 0008 10E0     		b	.L11
 112              	.L9:
 392:USB_DEVICE/App/usbd_desc.c ****   {
 393:USB_DEVICE/App/usbd_desc.c ****     if (((value >> 28)) < 0xA)
 394:USB_DEVICE/App/usbd_desc.c ****     {
 395:USB_DEVICE/App/usbd_desc.c ****       pbuf[2 * idx] = (value >> 28) + '0';
 396:USB_DEVICE/App/usbd_desc.c ****     }
 397:USB_DEVICE/App/usbd_desc.c ****     else
 398:USB_DEVICE/App/usbd_desc.c ****     {
 399:USB_DEVICE/App/usbd_desc.c ****       pbuf[2 * idx] = (value >> 28) + 'A' - 10;
 113              		.loc 1 399 7 is_stmt 1 view .LVU20
 114              		.loc 1 399 43 is_stmt 0 view .LVU21
 115 000a 0CF1370C 		add	ip, ip, #55
 116              		.loc 1 399 21 view .LVU22
 117 000e 01F813C0 		strb	ip, [r1, r3, lsl #1]
 118              	.L10:
ARM GAS  C:\Users\Made\AppData\Local\Temp\cczU4Cwm.s 			page 10


 400:USB_DEVICE/App/usbd_desc.c ****     }
 401:USB_DEVICE/App/usbd_desc.c **** 
 402:USB_DEVICE/App/usbd_desc.c ****     value = value << 4;
 119              		.loc 1 402 5 is_stmt 1 view .LVU23
 120              		.loc 1 402 11 is_stmt 0 view .LVU24
 121 0012 0001     		lsls	r0, r0, #4
 122              	.LVL6:
 403:USB_DEVICE/App/usbd_desc.c **** 
 404:USB_DEVICE/App/usbd_desc.c ****     pbuf[2 * idx + 1] = 0;
 123              		.loc 1 404 5 is_stmt 1 view .LVU25
 124              		.loc 1 404 12 is_stmt 0 view .LVU26
 125 0014 4FEA430C 		lsl	ip, r3, #1
 126              		.loc 1 404 9 view .LVU27
 127 0018 0CF1010C 		add	ip, ip, #1
 128              		.loc 1 404 23 view .LVU28
 129 001c 4FF0000E 		mov	lr, #0
 130 0020 01F80CE0 		strb	lr, [r1, ip]
 391:USB_DEVICE/App/usbd_desc.c ****   {
 131              		.loc 1 391 31 is_stmt 1 discriminator 2 view .LVU29
 132 0024 0133     		adds	r3, r3, #1
 133              	.LVL7:
 391:USB_DEVICE/App/usbd_desc.c ****   {
 134              		.loc 1 391 31 is_stmt 0 discriminator 2 view .LVU30
 135 0026 DBB2     		uxtb	r3, r3
 136              	.LVL8:
 391:USB_DEVICE/App/usbd_desc.c ****   {
 137              		.loc 1 391 21 is_stmt 1 discriminator 1 view .LVU31
 138 0028 9342     		cmp	r3, r2
 139 002a 09D2     		bcs	.L16
 140              	.L11:
 393:USB_DEVICE/App/usbd_desc.c ****     {
 141              		.loc 1 393 5 view .LVU32
 393:USB_DEVICE/App/usbd_desc.c ****     {
 142              		.loc 1 393 17 is_stmt 0 view .LVU33
 143 002c 4FEA107C 		lsr	ip, r0, #28
 393:USB_DEVICE/App/usbd_desc.c ****     {
 144              		.loc 1 393 8 view .LVU34
 145 0030 B0F1204F 		cmp	r0, #-1610612736
 146 0034 E9D2     		bcs	.L9
 395:USB_DEVICE/App/usbd_desc.c ****     }
 147              		.loc 1 395 7 is_stmt 1 view .LVU35
 395:USB_DEVICE/App/usbd_desc.c ****     }
 148              		.loc 1 395 37 is_stmt 0 view .LVU36
 149 0036 0CF1300C 		add	ip, ip, #48
 395:USB_DEVICE/App/usbd_desc.c ****     }
 150              		.loc 1 395 21 view .LVU37
 151 003a 01F813C0 		strb	ip, [r1, r3, lsl #1]
 152 003e E8E7     		b	.L10
 153              	.L16:
 405:USB_DEVICE/App/usbd_desc.c ****   }
 406:USB_DEVICE/App/usbd_desc.c **** }
 154              		.loc 1 406 1 view .LVU38
 155 0040 5DF804FB 		ldr	pc, [sp], #4
 156              	.L15:
 157              	.LCFI1:
 158              		.cfi_def_cfa_offset 0
 159              		.cfi_restore 14
ARM GAS  C:\Users\Made\AppData\Local\Temp\cczU4Cwm.s 			page 11


 160              		.loc 1 406 1 view .LVU39
 161 0044 7047     		bx	lr
 162              		.cfi_endproc
 163              	.LFE347:
 165              		.section	.text.Get_SerialNum,"ax",%progbits
 166              		.align	1
 167              		.syntax unified
 168              		.thumb
 169              		.thumb_func
 171              	Get_SerialNum:
 172              	.LFB346:
 362:USB_DEVICE/App/usbd_desc.c ****   uint32_t deviceserial0;
 173              		.loc 1 362 1 is_stmt 1 view -0
 174              		.cfi_startproc
 175              		@ args = 0, pretend = 0, frame = 0
 176              		@ frame_needed = 0, uses_anonymous_args = 0
 177 0000 38B5     		push	{r3, r4, r5, lr}
 178              	.LCFI2:
 179              		.cfi_def_cfa_offset 16
 180              		.cfi_offset 3, -16
 181              		.cfi_offset 4, -12
 182              		.cfi_offset 5, -8
 183              		.cfi_offset 14, -4
 363:USB_DEVICE/App/usbd_desc.c ****   uint32_t deviceserial1;
 184              		.loc 1 363 3 view .LVU41
 364:USB_DEVICE/App/usbd_desc.c ****   uint32_t deviceserial2;
 185              		.loc 1 364 3 view .LVU42
 365:USB_DEVICE/App/usbd_desc.c **** 
 186              		.loc 1 365 3 view .LVU43
 367:USB_DEVICE/App/usbd_desc.c ****   deviceserial1 = *(uint32_t *) DEVICE_ID2;
 187              		.loc 1 367 3 view .LVU44
 367:USB_DEVICE/App/usbd_desc.c ****   deviceserial1 = *(uint32_t *) DEVICE_ID2;
 188              		.loc 1 367 17 is_stmt 0 view .LVU45
 189 0002 0B4B     		ldr	r3, .L21
 190 0004 D3F80008 		ldr	r0, [r3, #2048]
 191              	.LVL9:
 368:USB_DEVICE/App/usbd_desc.c ****   deviceserial2 = *(uint32_t *) DEVICE_ID3;
 192              		.loc 1 368 3 is_stmt 1 view .LVU46
 368:USB_DEVICE/App/usbd_desc.c ****   deviceserial2 = *(uint32_t *) DEVICE_ID3;
 193              		.loc 1 368 17 is_stmt 0 view .LVU47
 194 0008 D3F80448 		ldr	r4, [r3, #2052]
 195              	.LVL10:
 369:USB_DEVICE/App/usbd_desc.c **** 
 196              		.loc 1 369 3 is_stmt 1 view .LVU48
 369:USB_DEVICE/App/usbd_desc.c **** 
 197              		.loc 1 369 17 is_stmt 0 view .LVU49
 198 000c D3F80838 		ldr	r3, [r3, #2056]
 199              	.LVL11:
 371:USB_DEVICE/App/usbd_desc.c **** 
 200              		.loc 1 371 3 is_stmt 1 view .LVU50
 373:USB_DEVICE/App/usbd_desc.c ****   {
 201              		.loc 1 373 3 view .LVU51
 373:USB_DEVICE/App/usbd_desc.c ****   {
 202              		.loc 1 373 6 is_stmt 0 view .LVU52
 203 0010 C018     		adds	r0, r0, r3
 204              	.LVL12:
 373:USB_DEVICE/App/usbd_desc.c ****   {
ARM GAS  C:\Users\Made\AppData\Local\Temp\cczU4Cwm.s 			page 12


 205              		.loc 1 373 6 view .LVU53
 206 0012 00D1     		bne	.L20
 207              	.LVL13:
 208              	.L17:
 378:USB_DEVICE/App/usbd_desc.c **** 
 209              		.loc 1 378 1 view .LVU54
 210 0014 38BD     		pop	{r3, r4, r5, pc}
 211              	.LVL14:
 212              	.L20:
 375:USB_DEVICE/App/usbd_desc.c ****     IntToUnicode(deviceserial1, &USBD_StringSerial[18], 4);
 213              		.loc 1 375 5 is_stmt 1 view .LVU55
 214 0016 074D     		ldr	r5, .L21+4
 215 0018 0822     		movs	r2, #8
 216 001a 2946     		mov	r1, r5
 217 001c FFF7FEFF 		bl	IntToUnicode
 218              	.LVL15:
 376:USB_DEVICE/App/usbd_desc.c ****   }
 219              		.loc 1 376 5 view .LVU56
 220 0020 0422     		movs	r2, #4
 221 0022 05F11001 		add	r1, r5, #16
 222 0026 2046     		mov	r0, r4
 223 0028 FFF7FEFF 		bl	IntToUnicode
 224              	.LVL16:
 378:USB_DEVICE/App/usbd_desc.c **** 
 225              		.loc 1 378 1 is_stmt 0 view .LVU57
 226 002c F2E7     		b	.L17
 227              	.L22:
 228 002e 00BF     		.align	2
 229              	.L21:
 230 0030 00E0F11F 		.word	535945216
 231 0034 02000000 		.word	USBD_StringSerial+2
 232              		.cfi_endproc
 233              	.LFE346:
 235              		.section	.text.USBD_FS_SerialStrDescriptor,"ax",%progbits
 236              		.align	1
 237              		.global	USBD_FS_SerialStrDescriptor
 238              		.syntax unified
 239              		.thumb
 240              		.thumb_func
 242              	USBD_FS_SerialStrDescriptor:
 243              	.LVL17:
 244              	.LFB343:
 305:USB_DEVICE/App/usbd_desc.c ****   UNUSED(speed);
 245              		.loc 1 305 1 is_stmt 1 view -0
 246              		.cfi_startproc
 247              		@ args = 0, pretend = 0, frame = 0
 248              		@ frame_needed = 0, uses_anonymous_args = 0
 305:USB_DEVICE/App/usbd_desc.c ****   UNUSED(speed);
 249              		.loc 1 305 1 is_stmt 0 view .LVU59
 250 0000 08B5     		push	{r3, lr}
 251              	.LCFI3:
 252              		.cfi_def_cfa_offset 8
 253              		.cfi_offset 3, -8
 254              		.cfi_offset 14, -4
 306:USB_DEVICE/App/usbd_desc.c ****   *length = USB_SIZ_STRING_SERIAL;
 255              		.loc 1 306 3 is_stmt 1 view .LVU60
 307:USB_DEVICE/App/usbd_desc.c **** 
ARM GAS  C:\Users\Made\AppData\Local\Temp\cczU4Cwm.s 			page 13


 256              		.loc 1 307 3 view .LVU61
 307:USB_DEVICE/App/usbd_desc.c **** 
 257              		.loc 1 307 11 is_stmt 0 view .LVU62
 258 0002 1A23     		movs	r3, #26
 259 0004 0B80     		strh	r3, [r1]	@ movhi
 311:USB_DEVICE/App/usbd_desc.c ****   /* USER CODE BEGIN USBD_FS_SerialStrDescriptor */
 260              		.loc 1 311 3 is_stmt 1 view .LVU63
 261 0006 FFF7FEFF 		bl	Get_SerialNum
 262              	.LVL18:
 315:USB_DEVICE/App/usbd_desc.c **** }
 263              		.loc 1 315 3 view .LVU64
 316:USB_DEVICE/App/usbd_desc.c **** 
 264              		.loc 1 316 1 is_stmt 0 view .LVU65
 265 000a 0148     		ldr	r0, .L25
 266 000c 08BD     		pop	{r3, pc}
 267              	.L26:
 268 000e 00BF     		.align	2
 269              	.L25:
 270 0010 00000000 		.word	USBD_StringSerial
 271              		.cfi_endproc
 272              	.LFE343:
 274              		.section	.rodata.USBD_FS_ProductStrDescriptor.str1.4,"aMS",%progbits,1
 275              		.align	2
 276              	.LC0:
 277 0000 73796E74 		.ascii	"synth\000"
 277      6800
 278              		.section	.text.USBD_FS_ProductStrDescriptor,"ax",%progbits
 279              		.align	1
 280              		.global	USBD_FS_ProductStrDescriptor
 281              		.syntax unified
 282              		.thumb
 283              		.thumb_func
 285              	USBD_FS_ProductStrDescriptor:
 286              	.LVL19:
 287              	.LFB341:
 273:USB_DEVICE/App/usbd_desc.c ****   if(speed == 0)
 288              		.loc 1 273 1 is_stmt 1 view -0
 289              		.cfi_startproc
 290              		@ args = 0, pretend = 0, frame = 0
 291              		@ frame_needed = 0, uses_anonymous_args = 0
 273:USB_DEVICE/App/usbd_desc.c ****   if(speed == 0)
 292              		.loc 1 273 1 is_stmt 0 view .LVU67
 293 0000 08B5     		push	{r3, lr}
 294              	.LCFI4:
 295              		.cfi_def_cfa_offset 8
 296              		.cfi_offset 3, -8
 297              		.cfi_offset 14, -4
 298 0002 0A46     		mov	r2, r1
 274:USB_DEVICE/App/usbd_desc.c ****   {
 299              		.loc 1 274 3 is_stmt 1 view .LVU68
 274:USB_DEVICE/App/usbd_desc.c ****   {
 300              		.loc 1 274 5 is_stmt 0 view .LVU69
 301 0004 28B9     		cbnz	r0, .L28
 276:USB_DEVICE/App/usbd_desc.c ****   }
 302              		.loc 1 276 5 is_stmt 1 view .LVU70
 303 0006 0549     		ldr	r1, .L31
 304              	.LVL20:
ARM GAS  C:\Users\Made\AppData\Local\Temp\cczU4Cwm.s 			page 14


 276:USB_DEVICE/App/usbd_desc.c ****   }
 305              		.loc 1 276 5 is_stmt 0 view .LVU71
 306 0008 0548     		ldr	r0, .L31+4
 307              	.LVL21:
 276:USB_DEVICE/App/usbd_desc.c ****   }
 308              		.loc 1 276 5 view .LVU72
 309 000a FFF7FEFF 		bl	USBD_GetString
 310              	.LVL22:
 311              	.L29:
 282:USB_DEVICE/App/usbd_desc.c **** }
 312              		.loc 1 282 3 is_stmt 1 view .LVU73
 283:USB_DEVICE/App/usbd_desc.c **** 
 313              		.loc 1 283 1 is_stmt 0 view .LVU74
 314 000e 0348     		ldr	r0, .L31
 315 0010 08BD     		pop	{r3, pc}
 316              	.LVL23:
 317              	.L28:
 280:USB_DEVICE/App/usbd_desc.c ****   }
 318              		.loc 1 280 5 is_stmt 1 view .LVU75
 319 0012 0249     		ldr	r1, .L31
 320              	.LVL24:
 280:USB_DEVICE/App/usbd_desc.c ****   }
 321              		.loc 1 280 5 is_stmt 0 view .LVU76
 322 0014 0248     		ldr	r0, .L31+4
 323              	.LVL25:
 280:USB_DEVICE/App/usbd_desc.c ****   }
 324              		.loc 1 280 5 view .LVU77
 325 0016 FFF7FEFF 		bl	USBD_GetString
 326              	.LVL26:
 280:USB_DEVICE/App/usbd_desc.c ****   }
 327              		.loc 1 280 5 view .LVU78
 328 001a F8E7     		b	.L29
 329              	.L32:
 330              		.align	2
 331              	.L31:
 332 001c 00000000 		.word	USBD_StrDesc
 333 0020 00000000 		.word	.LC0
 334              		.cfi_endproc
 335              	.LFE341:
 337              		.section	.rodata.USBD_FS_ManufacturerStrDescriptor.str1.4,"aMS",%progbits,1
 338              		.align	2
 339              	.LC1:
 340 0000 6C6F7672 		.ascii	"lovro zednik\000"
 340      6F207A65 
 340      646E696B 
 340      00
 341              		.section	.text.USBD_FS_ManufacturerStrDescriptor,"ax",%progbits
 342              		.align	1
 343              		.global	USBD_FS_ManufacturerStrDescriptor
 344              		.syntax unified
 345              		.thumb
 346              		.thumb_func
 348              	USBD_FS_ManufacturerStrDescriptor:
 349              	.LVL27:
 350              	.LFB342:
 292:USB_DEVICE/App/usbd_desc.c ****   UNUSED(speed);
 351              		.loc 1 292 1 is_stmt 1 view -0
ARM GAS  C:\Users\Made\AppData\Local\Temp\cczU4Cwm.s 			page 15


 352              		.cfi_startproc
 353              		@ args = 0, pretend = 0, frame = 0
 354              		@ frame_needed = 0, uses_anonymous_args = 0
 292:USB_DEVICE/App/usbd_desc.c ****   UNUSED(speed);
 355              		.loc 1 292 1 is_stmt 0 view .LVU80
 356 0000 10B5     		push	{r4, lr}
 357              	.LCFI5:
 358              		.cfi_def_cfa_offset 8
 359              		.cfi_offset 4, -8
 360              		.cfi_offset 14, -4
 361 0002 0A46     		mov	r2, r1
 293:USB_DEVICE/App/usbd_desc.c ****   USBD_GetString((uint8_t *)USBD_MANUFACTURER_STRING, USBD_StrDesc, length);
 362              		.loc 1 293 3 is_stmt 1 view .LVU81
 294:USB_DEVICE/App/usbd_desc.c ****   return USBD_StrDesc;
 363              		.loc 1 294 3 view .LVU82
 364 0004 034C     		ldr	r4, .L35
 365 0006 2146     		mov	r1, r4
 366              	.LVL28:
 294:USB_DEVICE/App/usbd_desc.c ****   return USBD_StrDesc;
 367              		.loc 1 294 3 is_stmt 0 view .LVU83
 368 0008 0348     		ldr	r0, .L35+4
 369              	.LVL29:
 294:USB_DEVICE/App/usbd_desc.c ****   return USBD_StrDesc;
 370              		.loc 1 294 3 view .LVU84
 371 000a FFF7FEFF 		bl	USBD_GetString
 372              	.LVL30:
 295:USB_DEVICE/App/usbd_desc.c **** }
 373              		.loc 1 295 3 is_stmt 1 view .LVU85
 296:USB_DEVICE/App/usbd_desc.c **** 
 374              		.loc 1 296 1 is_stmt 0 view .LVU86
 375 000e 2046     		mov	r0, r4
 376 0010 10BD     		pop	{r4, pc}
 377              	.L36:
 378 0012 00BF     		.align	2
 379              	.L35:
 380 0014 00000000 		.word	USBD_StrDesc
 381 0018 00000000 		.word	.LC1
 382              		.cfi_endproc
 383              	.LFE342:
 385              		.section	.rodata.USBD_FS_ConfigStrDescriptor.str1.4,"aMS",%progbits,1
 386              		.align	2
 387              	.LC2:
 388 0000 73796E74 		.ascii	"synth HID cfg\000"
 388      68204849 
 388      44206366 
 388      6700
 389              		.section	.text.USBD_FS_ConfigStrDescriptor,"ax",%progbits
 390              		.align	1
 391              		.global	USBD_FS_ConfigStrDescriptor
 392              		.syntax unified
 393              		.thumb
 394              		.thumb_func
 396              	USBD_FS_ConfigStrDescriptor:
 397              	.LVL31:
 398              	.LFB344:
 325:USB_DEVICE/App/usbd_desc.c ****   if(speed == USBD_SPEED_HIGH)
 399              		.loc 1 325 1 is_stmt 1 view -0
ARM GAS  C:\Users\Made\AppData\Local\Temp\cczU4Cwm.s 			page 16


 400              		.cfi_startproc
 401              		@ args = 0, pretend = 0, frame = 0
 402              		@ frame_needed = 0, uses_anonymous_args = 0
 325:USB_DEVICE/App/usbd_desc.c ****   if(speed == USBD_SPEED_HIGH)
 403              		.loc 1 325 1 is_stmt 0 view .LVU88
 404 0000 08B5     		push	{r3, lr}
 405              	.LCFI6:
 406              		.cfi_def_cfa_offset 8
 407              		.cfi_offset 3, -8
 408              		.cfi_offset 14, -4
 409 0002 0A46     		mov	r2, r1
 326:USB_DEVICE/App/usbd_desc.c ****   {
 410              		.loc 1 326 3 is_stmt 1 view .LVU89
 326:USB_DEVICE/App/usbd_desc.c ****   {
 411              		.loc 1 326 5 is_stmt 0 view .LVU90
 412 0004 28B9     		cbnz	r0, .L38
 328:USB_DEVICE/App/usbd_desc.c ****   }
 413              		.loc 1 328 5 is_stmt 1 view .LVU91
 414 0006 0549     		ldr	r1, .L41
 415              	.LVL32:
 328:USB_DEVICE/App/usbd_desc.c ****   }
 416              		.loc 1 328 5 is_stmt 0 view .LVU92
 417 0008 0548     		ldr	r0, .L41+4
 418              	.LVL33:
 328:USB_DEVICE/App/usbd_desc.c ****   }
 419              		.loc 1 328 5 view .LVU93
 420 000a FFF7FEFF 		bl	USBD_GetString
 421              	.LVL34:
 422              	.L39:
 334:USB_DEVICE/App/usbd_desc.c **** }
 423              		.loc 1 334 3 is_stmt 1 view .LVU94
 335:USB_DEVICE/App/usbd_desc.c **** 
 424              		.loc 1 335 1 is_stmt 0 view .LVU95
 425 000e 0348     		ldr	r0, .L41
 426 0010 08BD     		pop	{r3, pc}
 427              	.LVL35:
 428              	.L38:
 332:USB_DEVICE/App/usbd_desc.c ****   }
 429              		.loc 1 332 5 is_stmt 1 view .LVU96
 430 0012 0249     		ldr	r1, .L41
 431              	.LVL36:
 332:USB_DEVICE/App/usbd_desc.c ****   }
 432              		.loc 1 332 5 is_stmt 0 view .LVU97
 433 0014 0248     		ldr	r0, .L41+4
 434              	.LVL37:
 332:USB_DEVICE/App/usbd_desc.c ****   }
 435              		.loc 1 332 5 view .LVU98
 436 0016 FFF7FEFF 		bl	USBD_GetString
 437              	.LVL38:
 332:USB_DEVICE/App/usbd_desc.c ****   }
 438              		.loc 1 332 5 view .LVU99
 439 001a F8E7     		b	.L39
 440              	.L42:
 441              		.align	2
 442              	.L41:
 443 001c 00000000 		.word	USBD_StrDesc
 444 0020 00000000 		.word	.LC2
ARM GAS  C:\Users\Made\AppData\Local\Temp\cczU4Cwm.s 			page 17


 445              		.cfi_endproc
 446              	.LFE344:
 448              		.section	.rodata.USBD_FS_InterfaceStrDescriptor.str1.4,"aMS",%progbits,1
 449              		.align	2
 450              	.LC3:
 451 0000 73796E74 		.ascii	"synth HID if\000"
 451      68204849 
 451      44206966 
 451      00
 452              		.section	.text.USBD_FS_InterfaceStrDescriptor,"ax",%progbits
 453              		.align	1
 454              		.global	USBD_FS_InterfaceStrDescriptor
 455              		.syntax unified
 456              		.thumb
 457              		.thumb_func
 459              	USBD_FS_InterfaceStrDescriptor:
 460              	.LVL39:
 461              	.LFB345:
 344:USB_DEVICE/App/usbd_desc.c ****   if(speed == 0)
 462              		.loc 1 344 1 is_stmt 1 view -0
 463              		.cfi_startproc
 464              		@ args = 0, pretend = 0, frame = 0
 465              		@ frame_needed = 0, uses_anonymous_args = 0
 344:USB_DEVICE/App/usbd_desc.c ****   if(speed == 0)
 466              		.loc 1 344 1 is_stmt 0 view .LVU101
 467 0000 08B5     		push	{r3, lr}
 468              	.LCFI7:
 469              		.cfi_def_cfa_offset 8
 470              		.cfi_offset 3, -8
 471              		.cfi_offset 14, -4
 472 0002 0A46     		mov	r2, r1
 345:USB_DEVICE/App/usbd_desc.c ****   {
 473              		.loc 1 345 3 is_stmt 1 view .LVU102
 345:USB_DEVICE/App/usbd_desc.c ****   {
 474              		.loc 1 345 5 is_stmt 0 view .LVU103
 475 0004 28B9     		cbnz	r0, .L44
 347:USB_DEVICE/App/usbd_desc.c ****   }
 476              		.loc 1 347 5 is_stmt 1 view .LVU104
 477 0006 0549     		ldr	r1, .L47
 478              	.LVL40:
 347:USB_DEVICE/App/usbd_desc.c ****   }
 479              		.loc 1 347 5 is_stmt 0 view .LVU105
 480 0008 0548     		ldr	r0, .L47+4
 481              	.LVL41:
 347:USB_DEVICE/App/usbd_desc.c ****   }
 482              		.loc 1 347 5 view .LVU106
 483 000a FFF7FEFF 		bl	USBD_GetString
 484              	.LVL42:
 485              	.L45:
 353:USB_DEVICE/App/usbd_desc.c **** }
 486              		.loc 1 353 3 is_stmt 1 view .LVU107
 354:USB_DEVICE/App/usbd_desc.c **** 
 487              		.loc 1 354 1 is_stmt 0 view .LVU108
 488 000e 0348     		ldr	r0, .L47
 489 0010 08BD     		pop	{r3, pc}
 490              	.LVL43:
 491              	.L44:
ARM GAS  C:\Users\Made\AppData\Local\Temp\cczU4Cwm.s 			page 18


 351:USB_DEVICE/App/usbd_desc.c ****   }
 492              		.loc 1 351 5 is_stmt 1 view .LVU109
 493 0012 0249     		ldr	r1, .L47
 494              	.LVL44:
 351:USB_DEVICE/App/usbd_desc.c ****   }
 495              		.loc 1 351 5 is_stmt 0 view .LVU110
 496 0014 0248     		ldr	r0, .L47+4
 497              	.LVL45:
 351:USB_DEVICE/App/usbd_desc.c ****   }
 498              		.loc 1 351 5 view .LVU111
 499 0016 FFF7FEFF 		bl	USBD_GetString
 500              	.LVL46:
 351:USB_DEVICE/App/usbd_desc.c ****   }
 501              		.loc 1 351 5 view .LVU112
 502 001a F8E7     		b	.L45
 503              	.L48:
 504              		.align	2
 505              	.L47:
 506 001c 00000000 		.word	USBD_StrDesc
 507 0020 00000000 		.word	.LC3
 508              		.cfi_endproc
 509              	.LFE345:
 511              		.global	USBD_StringSerial
 512              		.section	.data.USBD_StringSerial,"aw"
 513              		.align	2
 516              	USBD_StringSerial:
 517 0000 1A0300   		.ascii	"\032\003\000"
 518 0003 00000000 		.space	23
 518      00000000 
 518      00000000 
 518      00000000 
 518      00000000 
 519              		.global	USBD_StrDesc
 520              		.section	.bss.USBD_StrDesc,"aw",%nobits
 521              		.align	2
 524              	USBD_StrDesc:
 525 0000 00000000 		.space	512
 525      00000000 
 525      00000000 
 525      00000000 
 525      00000000 
 526              		.global	USBD_LangIDDesc
 527              		.section	.data.USBD_LangIDDesc,"aw"
 528              		.align	2
 531              	USBD_LangIDDesc:
 532 0000 04030904 		.ascii	"\004\003\011\004"
 533              		.global	USBD_FS_BOSDesc
 534              		.section	.data.USBD_FS_BOSDesc,"aw"
 535              		.align	2
 538              	USBD_FS_BOSDesc:
 539 0000 050F0C00 		.ascii	"\005\017\014\000\001\007\020\002\002\000\000\000"
 539      01071002 
 539      02000000 
 540              		.global	USBD_FS_DeviceDesc
 541              		.section	.data.USBD_FS_DeviceDesc,"aw"
 542              		.align	2
 545              	USBD_FS_DeviceDesc:
ARM GAS  C:\Users\Made\AppData\Local\Temp\cczU4Cwm.s 			page 19


 546 0000 12010002 		.ascii	"\022\001\000\002\000\000\000@\203\004+W\000\002\001"
 546      00000040 
 546      83042B57 
 546      000201
 547 000f 020301   		.ascii	"\002\003\001"
 548              		.global	FS_Desc
 549              		.section	.data.FS_Desc,"aw"
 550              		.align	2
 553              	FS_Desc:
 554 0000 00000000 		.word	USBD_FS_DeviceDescriptor
 555 0004 00000000 		.word	USBD_FS_LangIDStrDescriptor
 556 0008 00000000 		.word	USBD_FS_ManufacturerStrDescriptor
 557 000c 00000000 		.word	USBD_FS_ProductStrDescriptor
 558 0010 00000000 		.word	USBD_FS_SerialStrDescriptor
 559 0014 00000000 		.word	USBD_FS_ConfigStrDescriptor
 560 0018 00000000 		.word	USBD_FS_InterfaceStrDescriptor
 561 001c 00000000 		.space	4
 562              		.text
 563              	.Letext0:
 564              		.file 2 "C:/Program Files (x86)/Arm GNU Toolchain arm-none-eabi/13.3 rel1/arm-none-eabi/include/ma
 565              		.file 3 "C:/Program Files (x86)/Arm GNU Toolchain arm-none-eabi/13.3 rel1/arm-none-eabi/include/sy
 566              		.file 4 "Middlewares/ST/STM32_USB_Device_Library/Core/Inc/usbd_def.h"
 567              		.file 5 "USB_DEVICE/App/usbd_desc.h"
 568              		.file 6 "Middlewares/ST/STM32_USB_Device_Library/Core/Inc/usbd_ctlreq.h"
ARM GAS  C:\Users\Made\AppData\Local\Temp\cczU4Cwm.s 			page 20


DEFINED SYMBOLS
                            *ABS*:00000000 usbd_desc.c
C:\Users\Made\AppData\Local\Temp\cczU4Cwm.s:20     .text.USBD_FS_DeviceDescriptor:00000000 $t
C:\Users\Made\AppData\Local\Temp\cczU4Cwm.s:26     .text.USBD_FS_DeviceDescriptor:00000000 USBD_FS_DeviceDescriptor
C:\Users\Made\AppData\Local\Temp\cczU4Cwm.s:48     .text.USBD_FS_DeviceDescriptor:00000008 $d
C:\Users\Made\AppData\Local\Temp\cczU4Cwm.s:545    .data.USBD_FS_DeviceDesc:00000000 USBD_FS_DeviceDesc
C:\Users\Made\AppData\Local\Temp\cczU4Cwm.s:53     .text.USBD_FS_LangIDStrDescriptor:00000000 $t
C:\Users\Made\AppData\Local\Temp\cczU4Cwm.s:59     .text.USBD_FS_LangIDStrDescriptor:00000000 USBD_FS_LangIDStrDescriptor
C:\Users\Made\AppData\Local\Temp\cczU4Cwm.s:81     .text.USBD_FS_LangIDStrDescriptor:00000008 $d
C:\Users\Made\AppData\Local\Temp\cczU4Cwm.s:531    .data.USBD_LangIDDesc:00000000 USBD_LangIDDesc
C:\Users\Made\AppData\Local\Temp\cczU4Cwm.s:86     .text.IntToUnicode:00000000 $t
C:\Users\Made\AppData\Local\Temp\cczU4Cwm.s:91     .text.IntToUnicode:00000000 IntToUnicode
C:\Users\Made\AppData\Local\Temp\cczU4Cwm.s:166    .text.Get_SerialNum:00000000 $t
C:\Users\Made\AppData\Local\Temp\cczU4Cwm.s:171    .text.Get_SerialNum:00000000 Get_SerialNum
C:\Users\Made\AppData\Local\Temp\cczU4Cwm.s:230    .text.Get_SerialNum:00000030 $d
C:\Users\Made\AppData\Local\Temp\cczU4Cwm.s:516    .data.USBD_StringSerial:00000000 USBD_StringSerial
C:\Users\Made\AppData\Local\Temp\cczU4Cwm.s:236    .text.USBD_FS_SerialStrDescriptor:00000000 $t
C:\Users\Made\AppData\Local\Temp\cczU4Cwm.s:242    .text.USBD_FS_SerialStrDescriptor:00000000 USBD_FS_SerialStrDescriptor
C:\Users\Made\AppData\Local\Temp\cczU4Cwm.s:270    .text.USBD_FS_SerialStrDescriptor:00000010 $d
C:\Users\Made\AppData\Local\Temp\cczU4Cwm.s:275    .rodata.USBD_FS_ProductStrDescriptor.str1.4:00000000 $d
C:\Users\Made\AppData\Local\Temp\cczU4Cwm.s:279    .text.USBD_FS_ProductStrDescriptor:00000000 $t
C:\Users\Made\AppData\Local\Temp\cczU4Cwm.s:285    .text.USBD_FS_ProductStrDescriptor:00000000 USBD_FS_ProductStrDescriptor
C:\Users\Made\AppData\Local\Temp\cczU4Cwm.s:332    .text.USBD_FS_ProductStrDescriptor:0000001c $d
C:\Users\Made\AppData\Local\Temp\cczU4Cwm.s:524    .bss.USBD_StrDesc:00000000 USBD_StrDesc
C:\Users\Made\AppData\Local\Temp\cczU4Cwm.s:338    .rodata.USBD_FS_ManufacturerStrDescriptor.str1.4:00000000 $d
C:\Users\Made\AppData\Local\Temp\cczU4Cwm.s:342    .text.USBD_FS_ManufacturerStrDescriptor:00000000 $t
C:\Users\Made\AppData\Local\Temp\cczU4Cwm.s:348    .text.USBD_FS_ManufacturerStrDescriptor:00000000 USBD_FS_ManufacturerStrDescriptor
C:\Users\Made\AppData\Local\Temp\cczU4Cwm.s:380    .text.USBD_FS_ManufacturerStrDescriptor:00000014 $d
C:\Users\Made\AppData\Local\Temp\cczU4Cwm.s:386    .rodata.USBD_FS_ConfigStrDescriptor.str1.4:00000000 $d
C:\Users\Made\AppData\Local\Temp\cczU4Cwm.s:390    .text.USBD_FS_ConfigStrDescriptor:00000000 $t
C:\Users\Made\AppData\Local\Temp\cczU4Cwm.s:396    .text.USBD_FS_ConfigStrDescriptor:00000000 USBD_FS_ConfigStrDescriptor
C:\Users\Made\AppData\Local\Temp\cczU4Cwm.s:443    .text.USBD_FS_ConfigStrDescriptor:0000001c $d
C:\Users\Made\AppData\Local\Temp\cczU4Cwm.s:449    .rodata.USBD_FS_InterfaceStrDescriptor.str1.4:00000000 $d
C:\Users\Made\AppData\Local\Temp\cczU4Cwm.s:453    .text.USBD_FS_InterfaceStrDescriptor:00000000 $t
C:\Users\Made\AppData\Local\Temp\cczU4Cwm.s:459    .text.USBD_FS_InterfaceStrDescriptor:00000000 USBD_FS_InterfaceStrDescriptor
C:\Users\Made\AppData\Local\Temp\cczU4Cwm.s:506    .text.USBD_FS_InterfaceStrDescriptor:0000001c $d
C:\Users\Made\AppData\Local\Temp\cczU4Cwm.s:513    .data.USBD_StringSerial:00000000 $d
C:\Users\Made\AppData\Local\Temp\cczU4Cwm.s:521    .bss.USBD_StrDesc:00000000 $d
C:\Users\Made\AppData\Local\Temp\cczU4Cwm.s:528    .data.USBD_LangIDDesc:00000000 $d
C:\Users\Made\AppData\Local\Temp\cczU4Cwm.s:538    .data.USBD_FS_BOSDesc:00000000 USBD_FS_BOSDesc
C:\Users\Made\AppData\Local\Temp\cczU4Cwm.s:535    .data.USBD_FS_BOSDesc:00000000 $d
C:\Users\Made\AppData\Local\Temp\cczU4Cwm.s:542    .data.USBD_FS_DeviceDesc:00000000 $d
C:\Users\Made\AppData\Local\Temp\cczU4Cwm.s:553    .data.FS_Desc:00000000 FS_Desc
C:\Users\Made\AppData\Local\Temp\cczU4Cwm.s:550    .data.FS_Desc:00000000 $d

UNDEFINED SYMBOLS
USBD_GetString
